2026-05-18 14:35:20.799 [info] To enable debug logging, run "GitLens: Enable Debug Logging" or "Developer: Set Log Level..." from the Command Palette
2026-05-18 14:35:20.799 [info]    [            1] GitLens v17.12.2  activating in Code - OSS (1.119.0) on the desktop; mode=production,language='en', logLevel='info', defaultDateLocale='null' (code-oss|someValue.machineId|someValue.sessionId)
2026-05-18 14:35:20.799 [info]    [            1] GitLens v17.12.2 activated [173ms]
2026-05-18 14:35:20.799 [info]    [   6e →    6f] GlCliGitProvider.findGit Git (2.54.0) found in /usr/bin/git [198ms]
2026-05-18 14:35:20.799 [info]    [   6e →    95] GlCliGitProvider.repositorySearch(/home/amar/Code) searching (depth=1)...
2026-05-18 14:35:20.800 [error]   [GIT          ] [/home/amar/Code] git rev-parse --show-toplevel --git-dir --git-common-dir --show-superproject-working-tree · not a git repository (or any of the parent directories): .git [114ms]
2026-05-18 14:35:20.845 [info]    [GIT      14ms] [/home/amar/Code/CAN] git rev-parse --show-toplevel --git-dir --git-common-dir --show-superproject-working-tree [14ms]
2026-05-18 14:35:20.860 [info]    [   6e →    95] GlCliGitProvider.repositorySearch(/home/amar/Code) found repository in '/home/amar/Code/CAN'
2026-05-18 14:35:20.901 [info]    [IPC          ] Server started on http://127.0.0.1:33859
2026-05-18 14:35:20.902 [info]    [GIT      35ms] [/home/amar/Code/batcheck] git rev-parse --show-toplevel --git-dir --git-common-dir --show-superproject-working-tree [35ms]
2026-05-18 14:35:20.963 [info]    [   6e →    95] GlCliGitProvider.repositorySearch(/home/amar/Code) found repository in '/home/amar/Code/batcheck'
2026-05-18 14:35:20.979 [info]    [GIT      14ms] [/home/amar/Code/first-contributions] git rev-parse --show-toplevel --git-dir --git-common-dir --show-superproject-working-tree [14ms]
2026-05-18 14:35:20.980 [info]    [   6e →    95] GlCliGitProvider.repositorySearch(/home/amar/Code) found repository in '/home/amar/Code/first-contributions'
2026-05-18 14:35:20.995 [info]    [GIT      13ms] [/home/amar/Code/helotui] git rev-parse --show-toplevel --git-dir --git-common-dir --show-superproject-working-tree [13ms]
2026-05-18 14:35:21.002 [info]    [   6e →    95] GlCliGitProvider.repositorySearch(/home/amar/Code) found repository in '/home/amar/Code/helotui'
2026-05-18 14:35:21.218 [error]   [GIT          ] [/home/amar/Code/summa] git rev-parse --show-toplevel --git-dir --git-common-dir --show-superproject-working-tree · not a git repository (or any of the parent directories): .git [60ms]
2026-05-18 14:35:21.406 [info]    [GIT      27ms] [/home/amar/Code/CAN] git remote -v [27ms]
2026-05-18 14:35:21.422 [info]    [GIT      12ms] [/home/amar/Code/CAN] git config --get -f /home/amar/Code/CAN/.git/gk/config gk.defaultRemote [12ms]
2026-05-18 14:35:21.563 [info]    [GIT       9ms] [/home/amar/Code/batcheck] git remote -v [9ms]
2026-05-18 14:35:21.587 [info]    [GIT      23ms] [/home/amar/Code/batcheck] git config --get -f /home/amar/Code/batcheck/.git/gk/config gk.defaultRemote [23ms]
2026-05-18 14:35:21.831 [info]    [GIT      49ms] [/home/amar/Code/first-contributions] git remote -v [49ms]
2026-05-18 14:35:21.874 [info]    [GIT      41ms] [/home/amar/Code/first-contributions] git config --get -f /home/amar/Code/first-contributions/.git/gk/config gk.defaultRemote [41ms]
2026-05-18 14:35:21.937 [info]    [GIT      39ms] [/home/amar/Code/helotui] git remote -v [39ms]
2026-05-18 14:35:22.014 [info]    [GIT      54ms] [/home/amar/Code/helotui] git config --get -f /home/amar/Code/helotui/.git/gk/config gk.defaultRemote [54ms]
2026-05-18 14:35:56.152 [info]    [GIT      28ms] [/home/amar/Code/batcheck] git rev-list --max-parents=0 HEAD -- [28ms]
2026-05-18 14:35:56.153 [info]    [GIT      29ms] [/home/amar/Code/CAN] git rev-list --max-parents=0 HEAD -- [29ms]
2026-05-18 14:35:56.154 [info]    [GIT      29ms] [/home/amar/Code/helotui] git rev-list --max-parents=0 HEAD -- [29ms]
2026-05-18 14:35:56.176 [info]    [GIT      52ms] [/home/amar/Code/first-contributions] git rev-list --max-parents=0 HEAD -- [52ms]
2026-05-18 14:35:56.181 [info]    [  17c →   17d] LocalSharedGkStorageLocationProvider.load Using shared GK path: /home/amar/.local/share/gk
2026-05-18 14:35:59.222 [error]   [GIT          ] [/home/amar/Code/summa/TNEB] git rev-parse --show-toplevel --git-dir --git-common-dir --show-superproject-working-tree · not a git repository (or any of the parent directories): .git [30ms]
2026-05-18 14:37:51.522 [info]    [GIT      21ms] [/home/amar/Code/helotui] git for-each-ref --format=%1E%(HEAD)%1D%(refname)%1D%(upstream)%1D%(upstream:track)%1D%(objectname)%1D%(committerdate:iso8601)%1D%(worktreepath)%1D refs/heads/ refs/remotes/ [21ms]
2026-05-18 14:37:51.523 [info]    [GIT      10ms] [/home/amar/Code/helotui] git config --get-regex -f /home/amar/Code/helotui/.git/gk/config ^branch\..*\.gk-(last-(accessed|modified)|disposition)$ [10ms]
2026-05-18 14:37:51.535 [error]   [GIT          ] [/home/amar/Code/helotui] git rev-parse --abbrev-ref --symbolic-full-name @ @{u} -- · bad revision '@' [9ms]
2026-05-18 14:37:51.545 [info]    [GIT       9ms] [/home/amar/Code/helotui] git symbolic-ref --short HEAD [9ms]
2026-05-18 14:37:51.555 [info]    [GIT       9ms] [/home/amar/Code/helotui] git log -n1 --format=%ct -- [9ms]
2026-05-18 14:37:51.572 [info]    [GIT      12ms] [/home/amar/Code/helotui] git config --get -f /home/amar/Code/helotui/.git/gk/config branch.master.gk-last-accessed [12ms]
2026-05-18 14:37:51.589 [info]    [GIT      12ms] [/home/amar/Code/helotui] git config -f /home/amar/Code/helotui/.git/gk/config branch.master.gk-last-accessed 2026-05-18T09:07:51.558Z [12ms]
2026-05-18 14:45:07.481 [error]   [GIT          ] [/home/amar/Code/summa/TNEB] git rev-parse --show-toplevel --git-dir --git-common-dir --show-superproject-working-tree · not a git repository (or any of the parent directories): .git [94ms]
2026-05-18 21:16:42.275 [error]   [GIT          ] [/home/amar/Code/goman] git rev-parse --show-toplevel --git-dir --git-common-dir --show-superproject-working-tree · not a git repository (or any of the parent directories): .git [9ms]
2026-05-18 21:18:57.405 [error]   [GIT          ] [/home/amar/Code/goman] git rev-parse --show-toplevel --git-dir --git-common-dir --show-superproject-working-tree · not a git repository (or any of the parent directories): .git [28ms]
2026-05-18 21:39:18.117 [info]    [ 5bd4 →  5bd5] GlCliGitProvider.repositorySearch(/home/amar/Code) searching (depth=1)...
2026-05-18 21:39:18.128 [error]   [GIT          ] [/home/amar/Code] git rev-parse --show-toplevel --git-dir --git-common-dir --show-superproject-working-tree · not a git repository (or any of the parent directories): .git [10ms]
2026-05-18 21:39:18.147 [info]    [GIT      13ms] [/home/amar/Code/CAN] git rev-parse --show-toplevel --git-dir --git-common-dir --show-superproject-working-tree [13ms]
2026-05-18 21:39:18.150 [info]    [ 5bd4 →  5bd5] GlCliGitProvider.repositorySearch(/home/amar/Code) found repository in '/home/amar/Code/CAN'; skipping - already open
2026-05-18 21:39:18.164 [info]    [GIT      13ms] [/home/amar/Code/batcheck] git rev-parse --show-toplevel --git-dir --git-common-dir --show-superproject-working-tree [13ms]
2026-05-18 21:39:18.165 [info]    [ 5bd4 →  5bd5] GlCliGitProvider.repositorySearch(/home/amar/Code) found repository in '/home/amar/Code/batcheck'; skipping - already open
2026-05-18 21:39:18.178 [info]    [GIT      12ms] [/home/amar/Code/first-contributions] git rev-parse --show-toplevel --git-dir --git-common-dir --show-superproject-working-tree [12ms]
2026-05-18 21:39:18.180 [info]    [ 5bd4 →  5bd5] GlCliGitProvider.repositorySearch(/home/amar/Code) found repository in '/home/amar/Code/first-contributions'; skipping - already open
2026-05-18 21:39:18.194 [info]    [GIT      13ms] [/home/amar/Code/helotui] git rev-parse --show-toplevel --git-dir --git-common-dir --show-superproject-working-tree [13ms]
2026-05-18 21:39:18.196 [info]    [ 5bd4 →  5bd5] GlCliGitProvider.repositorySearch(/home/amar/Code) found repository in '/home/amar/Code/helotui'; skipping - already open
2026-05-18 21:39:18.209 [info]    [GIT      12ms] [/home/amar/Code/http] git rev-parse --show-toplevel --git-dir --git-common-dir --show-superproject-working-tree [12ms]
2026-05-18 21:39:18.212 [info]    [ 5bd4 →  5bd5] GlCliGitProvider.repositorySearch(/home/amar/Code) found repository in '/home/amar/Code/http'
2026-05-18 21:39:18.251 [info]    [GIT       9ms] [/home/amar/Code/http] git remote -v [9ms]
2026-05-18 21:39:18.302 [info]    [GIT      48ms] [/home/amar/Code/http] git config --get-regex ^branch\..*\.gk- [48ms]
2026-05-18 21:39:18.326 [info]    [GIT      22ms] [/home/amar/Code/http] git config --get -f /home/amar/Code/http/.git/gk/config gk.defaultRemote [22ms]
2026-05-18 21:39:23.233 [info]    [GIT      10ms] [/home/amar/Code/http] git rev-list --max-parents=0 HEAD -- [10ms]
2026-05-18 21:40:12.913 [info]    [GIT      10ms] [/home/amar/Code/http] git ls-files -- main.go [10ms]
2026-05-18 21:41:13.729 [info]    [GIT      14ms] [/home/amar/Code/http] git ls-files -- main.go [14ms]
2026-05-18 21:41:48.236 [info]    [GIT      18ms] [/home/amar/Code/http] git for-each-ref --format=%1E%(HEAD)%1D%(refname)%1D%(upstream)%1D%(upstream:track)%1D%(objectname)%1D%(committerdate:iso8601)%1D%(worktreepath)%1D refs/heads/ refs/remotes/ [18ms]
2026-05-18 21:41:48.237 [info]    [GIT       8ms] [/home/amar/Code/http] git config --get-regex -f /home/amar/Code/http/.git/gk/config ^branch\..*\.gk-(last-(accessed|modified)|disposition)$ [8ms]
2026-05-18 21:41:48.250 [error]   [GIT          ] [/home/amar/Code/http] git rev-parse --abbrev-ref --symbolic-full-name @ @{u} -- · bad revision '@' [11ms]
2026-05-18 21:41:48.262 [info]    [GIT      12ms] [/home/amar/Code/http] git symbolic-ref --short HEAD [12ms]
2026-05-18 21:41:48.275 [info]    [GIT      11ms] [/home/amar/Code/http] git log -n1 --format=%ct -- [11ms]
2026-05-18 21:41:48.285 [info]    [GIT       9ms] [/home/amar/Code/http] git config --get -f /home/amar/Code/http/.git/gk/config branch.master.gk-last-accessed [9ms]
2026-05-18 21:41:48.295 [info]    [GIT       8ms] [/home/amar/Code/http] git config -f /home/amar/Code/http/.git/gk/config branch.master.gk-last-accessed 2026-05-18T16:11:48.276Z [8ms]
2026-05-18 21:42:16.554 [info]    [GIT      15ms] [/home/amar/Code/http] git ls-files -- main.go [15ms]
2026-05-18 21:48:51.654 [info]    [GIT      15ms] [/home/amar/Code/http] git ls-files -- main.go [15ms]
2026-05-18 21:53:09.595 [info]    [GIT      14ms] [/home/amar/Code/http] git ls-files -- main.go [14ms]
2026-05-18 21:56:18.832 [info]    [GIT      14ms] [/home/amar/Code/http] git ls-files -- main.go [14ms]
2026-05-18 21:57:29.931 [info]    [GIT      10ms] [/home/amar/Code/http] git ls-files -- main.go [10ms]
2026-05-18 21:58:45.703 [info]    [GIT       9ms] [/home/amar/Code/http] git ls-files -- main.go [9ms]
2026-05-18 21:59:48.403 [info]    [GIT      13ms] [/home/amar/Code/http] git ls-files -- main.go [13ms]
2026-05-18 22:00:59.187 [info]    [GIT      10ms] [/home/amar/Code/http] git ls-files -- main.go [10ms]
2026-05-18 22:01:59.487 [info]    [GIT      10ms] [/home/amar/Code/http] git ls-files -- main.go [10ms]
2026-05-18 22:03:01.141 [info]    [GIT      14ms] [/home/amar/Code/http] git ls-files -- main.go [14ms]
2026-05-18 22:15:02.562 [info]    [GIT      11ms] [/home/amar/Code/http] git ls-files -- main.go [11ms]
2026-05-18 22:31:24.137 [info]    [GIT      15ms] [/home/amar/Code/http] git for-each-ref --format=%1E%(HEAD)%1D%(refname)%1D%(upstream)%1D%(upstream:track)%1D%(objectname)%1D%(committerdate:iso8601)%1D%(worktreepath)%1D refs/heads/ refs/remotes/ [15ms]
2026-05-18 22:31:24.142 [info]    [GIT      19ms] [/home/amar/Code/http] git rev-parse --show-toplevel --git-dir --git-common-dir --show-superproject-working-tree [19ms]
2026-05-18 22:31:24.153 [info]    [GIT      10ms] [/home/amar/Code/http] git config --get-regex -f /home/amar/Code/http/.git/gk/config ^branch\..*\.gk-(last-(accessed|modified)|disposition)$ [10ms]
2026-05-18 22:31:24.165 [info]    [GIT       9ms] [/home/amar/Code/http] git config --get -f /home/amar/Code/http/.git/gk/config branch.master.gk-last-accessed [9ms]
2026-05-18 22:31:24.177 [info]    [GIT      10ms] [/home/amar/Code/http] git config -f /home/amar/Code/http/.git/gk/config branch.master.gk-last-accessed 2026-05-18T17:01:24.156Z [10ms]
2026-05-18 22:31:24.187 [info]    [GIT       9ms] [/home/amar/Code/http] git config --get -f /home/amar/Code/http/.git/gk/config branch.master.gk-last-modified [9ms]
2026-05-18 22:31:24.197 [info]    [GIT       8ms] [/home/amar/Code/http] git config -f /home/amar/Code/http/.git/gk/config branch.master.gk-last-modified 2026-05-18T17:01:24.156Z [8ms]
2026-05-18 22:31:33.915 [info]    [GIT      15ms] [/home/amar/Code/http] git ls-files -- main.go [15ms]
2026-05-18 22:31:33.931 [info]    [GIT      10ms] [/home/amar/Code/http] git config --get-regex ^user\.(name|email)$ [10ms]
2026-05-18 22:31:33.944 [info]    [GIT      12ms] [/home/amar/Code/http] git check-mailmap Amar Keshav <amarkeshav14@gmail.com> [12ms]
2026-05-18 22:31:33.966 [info]    [GIT:→1       ] (spawn) [/home/amar/Code/http] git blame --root --incremental --encoding=utf-8 -- main.go · starting...
2026-05-18 22:31:33.978 [info]    [GIT:←1   27ms] (spawn) [/home/amar/Code/http] git blame --root --incremental --encoding=utf-8 -- main.go [27ms]
2026-05-18 22:31:34.023 [info]    [GIT:→2       ] (spawn) [/home/amar/Code/http] git blame --root --incremental --encoding=utf-8 HEAD -- main.go · starting...
2026-05-18 22:31:34.024 [info]    [GIT      41ms] [/home/amar/Code/http] git show --textconv HEAD:./main.go -- [41ms]
2026-05-18 22:31:34.028 [info]    [GIT:←2   13ms] (spawn) [/home/amar/Code/http] git blame --root --incremental --encoding=utf-8 HEAD -- main.go [13ms]
2026-05-18 22:31:34.109 [info]    [GIT      15ms] [/home/amar/Code/http] git remote -v [15ms]
2026-05-18 22:31:34.122 [info]    [GIT      11ms] [/home/amar/Code/http] git config --get -f /home/amar/Code/http/.git/gk/config gk.defaultRemote [11ms]
2026-05-18 22:31:34.144 [info]    [GIT      11ms] [/home/amar/Code/http] git status --porcelain=v2 --branch -u --find-renames -- [11ms]
2026-05-18 22:31:34.158 [info]    [GIT      12ms] [/home/amar/Code/http] git log --format=%x1E%H%x1D -n2 -L249,249:main.go [12ms]
2026-05-18 22:31:34.170 [info]    [GIT      10ms] [/home/amar/Code/http] git rev-parse --verify --end-of-options c692211cda0a30dcbfdf8e6f13145861757de712^^{commit} [10ms]
2026-05-18 22:31:34.312 [info]    [GIT      15ms] [/home/amar/Code/http] git status --porcelain=v2 --branch -u --find-renames -- [15ms]
2026-05-18 22:31:34.326 [info]    [GIT      12ms] [/home/amar/Code/http] git log --format=%x1E%H%x1D -n2 -L249,249:main.go [12ms]
2026-05-18 22:31:34.338 [info]    [GIT      11ms] [/home/amar/Code/http] git rev-parse --verify --end-of-options c692211cda0a30dcbfdf8e6f13145861757de712^^{commit} [11ms]
2026-05-18 22:31:34.382 [info]    [GIT      15ms] [/home/amar/Code/http] git status --porcelain=v2 --branch -u --find-renames -- [15ms]
2026-05-18 22:31:34.397 [info]    [GIT      13ms] [/home/amar/Code/http] git log --format=%x1E%H%x1D -n2 -L249,249:main.go [13ms] (waiting)
2026-05-18 22:31:34.397 [info]    [GIT      14ms] [/home/amar/Code/http] git log --format=%x1E%H%x1D -n2 -L249,249:main.go [14ms]
2026-05-18 22:31:34.413 [info]    [GIT      15ms] [/home/amar/Code/http] git rev-parse --verify --end-of-options c692211cda0a30dcbfdf8e6f13145861757de712^^{commit} [15ms]
2026-05-18 22:31:34.536 [info]    [GIT      12ms] [/home/amar/Code/http] git status --porcelain=v2 --branch -u --find-renames -- [12ms]
2026-05-18 22:31:34.549 [info]    [GIT      12ms] [/home/amar/Code/http] git log --format=%x1E%H%x1D -n2 -L249,249:main.go [12ms]
2026-05-18 22:31:34.563 [info]    [GIT      13ms] [/home/amar/Code/http] git rev-parse --verify --end-of-options c692211cda0a30dcbfdf8e6f13145861757de712^^{commit} [13ms]
2026-05-18 22:31:34.583 [info]    [GIT      12ms] [/home/amar/Code/http] git status --porcelain=v2 --branch -u --find-renames -- [12ms]
2026-05-18 22:31:34.594 [info]    [GIT       9ms] [/home/amar/Code/http] git log --format=%x1E%H%x1D -n2 -L249,249:main.go [9ms]
2026-05-18 22:31:34.605 [info]    [GIT      10ms] [/home/amar/Code/http] git rev-parse --verify --end-of-options c692211cda0a30dcbfdf8e6f13145861757de712^^{commit} [10ms]
2026-05-18 22:31:34.746 [info]    [GIT      13ms] [/home/amar/Code/http] git status --porcelain=v2 --branch -u --find-renames -- [13ms]
2026-05-18 22:31:34.760 [info]    [GIT      13ms] [/home/amar/Code/http] git log --format=%x1E%H%x1D -n2 -L249,249:main.go [13ms]
2026-05-18 22:31:34.774 [info]    [GIT      13ms] [/home/amar/Code/http] git rev-parse --verify --end-of-options c692211cda0a30dcbfdf8e6f13145861757de712^^{commit} [13ms]
2026-05-18 22:31:34.794 [info]    [GIT      11ms] [/home/amar/Code/http] git status --porcelain=v2 --branch -u --find-renames -- [11ms]
2026-05-18 22:31:34.805 [info]    [GIT      10ms] [/home/amar/Code/http] git log --format=%x1E%H%x1D -n2 -L249,249:main.go [10ms]
2026-05-18 22:31:34.817 [info]    [GIT      10ms] [/home/amar/Code/http] git rev-parse --verify --end-of-options c692211cda0a30dcbfdf8e6f13145861757de712^^{commit} [10ms]
2026-05-18 22:31:34.895 [info]    [GIT      11ms] [/home/amar/Code/http] git status --porcelain=v2 --branch -u --find-renames -- [11ms]
2026-05-18 22:31:34.907 [info]    [GIT      11ms] [/home/amar/Code/http] git log --format=%x1E%H%x1D -n2 -L249,249:main.go [11ms]
2026-05-18 22:31:34.919 [info]    [GIT      11ms] [/home/amar/Code/http] git rev-parse --verify --end-of-options c692211cda0a30dcbfdf8e6f13145861757de712^^{commit} [11ms]
2026-05-18 22:31:34.945 [info]    [GIT      12ms] [/home/amar/Code/http] git status --porcelain=v2 --branch -u --find-renames -- [12ms]
2026-05-18 22:31:34.958 [info]    [GIT      12ms] [/home/amar/Code/http] git log --format=%x1E%H%x1D -n2 -L249,249:main.go [12ms]
2026-05-18 22:31:34.978 [info]    [GIT      18ms] [/home/amar/Code/http] git rev-parse --verify --end-of-options c692211cda0a30dcbfdf8e6f13145861757de712^^{commit} [18ms]
2026-05-18 22:31:35.924 [info]    [GIT      13ms] [/home/amar/Code/http] git status --porcelain=v2 --branch -u --find-renames -- [13ms]
2026-05-18 22:31:35.938 [info]    [GIT      12ms] [/home/amar/Code/http] git log --format=%x1E%H%x1D -n2 -L249,249:main.go [12ms]
2026-05-18 22:31:35.949 [info]    [GIT      10ms] [/home/amar/Code/http] git rev-parse --verify --end-of-options c692211cda0a30dcbfdf8e6f13145861757de712^^{commit} [10ms]
2026-05-18 22:31:35.968 [info]    [GIT      11ms] [/home/amar/Code/http] git status --porcelain=v2 --branch -u --find-renames -- [11ms]
2026-05-18 22:31:35.980 [info]    [GIT      10ms] [/home/amar/Code/http] git log --format=%x1E%H%x1D -n2 -L249,249:main.go [10ms]
2026-05-18 22:31:35.991 [info]    [GIT      10ms] [/home/amar/Code/http] git rev-parse --verify --end-of-options c692211cda0a30dcbfdf8e6f13145861757de712^^{commit} [10ms]
2026-05-18 22:31:36.078 [info]    [GIT      13ms] [/home/amar/Code/http] git status --porcelain=v2 --branch -u --find-renames -- [13ms]
2026-05-18 22:31:36.091 [info]    [GIT      12ms] [/home/amar/Code/http] git log --format=%x1E%H%x1D -n2 -L249,249:main.go [12ms]
2026-05-18 22:31:36.104 [info]    [GIT      12ms] [/home/amar/Code/http] git rev-parse --verify --end-of-options c692211cda0a30dcbfdf8e6f13145861757de712^^{commit} [12ms]
2026-05-18 22:31:36.140 [info]    [GIT      13ms] [/home/amar/Code/http] git status --porcelain=v2 --branch -u --find-renames -- [13ms]
2026-05-18 22:31:36.153 [info]    [GIT      11ms] [/home/amar/Code/http] git log --format=%x1E%H%x1D -n2 -L249,249:main.go [11ms] (waiting)
2026-05-18 22:31:36.153 [info]    [GIT      12ms] [/home/amar/Code/http] git log --format=%x1E%H%x1D -n2 -L249,249:main.go [12ms]
2026-05-18 22:31:36.164 [info]    [GIT      10ms] [/home/amar/Code/http] git rev-parse --verify --end-of-options c692211cda0a30dcbfdf8e6f13145861757de712^^{commit} [10ms]
2026-05-18 22:31:36.458 [info]    [GIT      11ms] [/home/amar/Code/http] git status --porcelain=v2 --branch -u --find-renames -- [11ms]
2026-05-18 22:31:36.469 [info]    [GIT      10ms] [/home/amar/Code/http] git log --format=%x1E%H%x1D -n2 -L249,249:main.go [10ms]
2026-05-18 22:31:36.480 [info]    [GIT      10ms] [/home/amar/Code/http] git rev-parse --verify --end-of-options c692211cda0a30dcbfdf8e6f13145861757de712^^{commit} [10ms]
2026-05-18 22:31:36.512 [info]    [GIT      14ms] [/home/amar/Code/http] git status --porcelain=v2 --branch -u --find-renames -- [14ms]
2026-05-18 22:31:36.527 [info]    [GIT      13ms] [/home/amar/Code/http] git log --format=%x1E%H%x1D -n2 -L249,249:main.go [13ms]
2026-05-18 22:31:36.541 [info]    [GIT      13ms] [/home/amar/Code/http] git rev-parse --verify --end-of-options c692211cda0a30dcbfdf8e6f13145861757de712^^{commit} [13ms]
2026-05-18 22:31:37.489 [info]    [GIT      13ms] [/home/amar/Code/http] git status --porcelain=v2 --branch -u --find-renames -- [13ms]
2026-05-18 22:31:37.502 [info]    [GIT      12ms] [/home/amar/Code/http] git log --format=%x1E%H%x1D -n2 -L249,249:main.go [12ms]
2026-05-18 22:31:37.514 [info]    [GIT      11ms] [/home/amar/Code/http] git rev-parse --verify --end-of-options c692211cda0a30dcbfdf8e6f13145861757de712^^{commit} [11ms]
2026-05-18 22:31:37.532 [info]    [GIT      11ms] [/home/amar/Code/http] git status --porcelain=v2 --branch -u --find-renames -- [11ms]
2026-05-18 22:31:37.544 [info]    [GIT      12ms] [/home/amar/Code/http] git log --format=%x1E%H%x1D -n2 -L249,249:main.go [12ms]
2026-05-18 22:31:37.555 [info]    [GIT      10ms] [/home/amar/Code/http] git rev-parse --verify --end-of-options c692211cda0a30dcbfdf8e6f13145861757de712^^{commit} [10ms]
2026-05-18 22:31:38.958 [info]    [GIT      12ms] [/home/amar/Code/http] git status --porcelain=v2 --branch -u --find-renames -- [12ms]
2026-05-18 22:31:38.968 [info]    [GIT       9ms] [/home/amar/Code/http] git log --format=%x1E%H%x1D -n2 -L249,249:main.go [9ms]
2026-05-18 22:31:38.982 [info]    [GIT      13ms] [/home/amar/Code/http] git rev-parse --verify --end-of-options c692211cda0a30dcbfdf8e6f13145861757de712^^{commit} [13ms]
2026-05-18 22:31:39.027 [info]    [GIT      16ms] [/home/amar/Code/http] git status --porcelain=v2 --branch -u --find-renames -- [16ms]
2026-05-18 22:31:39.040 [info]    [GIT      12ms] [/home/amar/Code/http] git log --format=%x1E%H%x1D -n2 -L249,249:main.go [12ms] (waiting)
2026-05-18 22:31:39.040 [info]    [GIT      12ms] [/home/amar/Code/http] git log --format=%x1E%H%x1D -n2 -L249,249:main.go [12ms]
2026-05-18 22:31:39.054 [info]    [GIT      13ms] [/home/amar/Code/http] git rev-parse --verify --end-of-options c692211cda0a30dcbfdf8e6f13145861757de712^^{commit} [13ms]
2026-05-18 22:31:39.998 [info]    [GIT      13ms] [/home/amar/Code/http] git status --porcelain=v2 --branch -u --find-renames -- [13ms]
2026-05-18 22:31:40.010 [info]    [GIT      11ms] [/home/amar/Code/http] git log --format=%x1E%H%x1D -n2 -L249,249:main.go [11ms]
2026-05-18 22:31:40.030 [info]    [GIT      18ms] [/home/amar/Code/http] git rev-parse --verify --end-of-options c692211cda0a30dcbfdf8e6f13145861757de712^^{commit} [18ms]
2026-05-18 22:31:40.044 [info]    [GIT      10ms] [/home/amar/Code/http] git status --porcelain=v2 --branch -u --find-renames -- [10ms]
2026-05-18 22:31:40.061 [info]    [GIT      16ms] [/home/amar/Code/http] git log --format=%x1E%H%x1D -n2 -L249,249:main.go [16ms]
2026-05-18 22:31:40.073 [info]    [GIT      11ms] [/home/amar/Code/http] git rev-parse --verify --end-of-options c692211cda0a30dcbfdf8e6f13145861757de712^^{commit} [11ms]
2026-05-18 22:31:40.298 [info]    [GIT      17ms] [/home/amar/Code/http] git status --porcelain=v2 --branch -u --find-renames -- [17ms]
2026-05-18 22:31:40.313 [info]    [GIT      14ms] [/home/amar/Code/http] git log --format=%x1E%H%x1D -n2 -L249,249:main.go [14ms]
2026-05-18 22:31:40.328 [info]    [GIT      14ms] [/home/amar/Code/http] git rev-parse --verify --end-of-options c692211cda0a30dcbfdf8e6f13145861757de712^^{commit} [14ms]
2026-05-18 22:31:40.361 [info]    [GIT      14ms] [/home/amar/Code/http] git status --porcelain=v2 --branch -u --find-renames -- [14ms]
2026-05-18 22:31:40.373 [info]    [GIT      10ms] [/home/amar/Code/http] git log --format=%x1E%H%x1D -n2 -L249,249:main.go [10ms] (waiting)
2026-05-18 22:31:40.373 [info]    [GIT      10ms] [/home/amar/Code/http] git log --format=%x1E%H%x1D -n2 -L249,249:main.go [10ms]
2026-05-18 22:31:40.384 [info]    [GIT      10ms] [/home/amar/Code/http] git rev-parse --verify --end-of-options c692211cda0a30dcbfdf8e6f13145861757de712^^{commit} [10ms]
2026-05-18 22:31:41.152 [info]    [GIT      14ms] [/home/amar/Code/http] git status --porcelain=v2 --branch -u --find-renames -- [14ms]
2026-05-18 22:31:41.166 [info]    [GIT      13ms] [/home/amar/Code/http] git log --format=%x1E%H%x1D -n2 -L249,249:main.go [13ms]
2026-05-18 22:31:41.181 [info]    [GIT      14ms] [/home/amar/Code/http] git rev-parse --verify --end-of-options c692211cda0a30dcbfdf8e6f13145861757de712^^{commit} [14ms]
2026-05-18 22:31:41.196 [info]    [GIT      12ms] [/home/amar/Code/http] git status --porcelain=v2 --branch -u --find-renames -- [12ms]
2026-05-18 22:31:41.208 [info]    [GIT      10ms] [/home/amar/Code/http] git log --format=%x1E%H%x1D -n2 -L249,249:main.go [10ms]
2026-05-18 22:31:41.219 [info]    [GIT      11ms] [/home/amar/Code/http] git rev-parse --verify --end-of-options c692211cda0a30dcbfdf8e6f13145861757de712^^{commit} [11ms]
2026-05-18 22:31:41.307 [info]    [GIT      11ms] [/home/amar/Code/http] git status --porcelain=v2 --branch -u --find-renames -- [11ms]
2026-05-18 22:31:41.320 [info]    [GIT      12ms] [/home/amar/Code/http] git log --format=%x1E%H%x1D -n2 -L249,249:main.go [12ms]
2026-05-18 22:31:41.335 [info]    [GIT      14ms] [/home/amar/Code/http] git rev-parse --verify --end-of-options c692211cda0a30dcbfdf8e6f13145861757de712^^{commit} [14ms]
2026-05-18 22:31:41.360 [info]    [GIT      14ms] [/home/amar/Code/http] git status --porcelain=v2 --branch -u --find-renames -- [14ms]
2026-05-18 22:31:41.371 [info]    [GIT      10ms] [/home/amar/Code/http] git log --format=%x1E%H%x1D -n2 -L249,249:main.go [10ms]
2026-05-18 22:31:41.382 [info]    [GIT      10ms] [/home/amar/Code/http] git rev-parse --verify --end-of-options c692211cda0a30dcbfdf8e6f13145861757de712^^{commit} [10ms]
2026-05-18 22:31:42.310 [info]    [GIT      13ms] [/home/amar/Code/http] git status --porcelain=v2 --branch -u --find-renames -- [13ms]
2026-05-18 22:31:42.323 [info]    [GIT      12ms] [/home/amar/Code/http] git log --format=%x1E%H%x1D -n2 -L249,249:main.go [12ms]
2026-05-18 22:31:42.338 [info]    [GIT      14ms] [/home/amar/Code/http] git rev-parse --verify --end-of-options c692211cda0a30dcbfdf8e6f13145861757de712^^{commit} [14ms]
2026-05-18 22:31:42.363 [info]    [GIT      13ms] [/home/amar/Code/http] git status --porcelain=v2 --branch -u --find-renames -- [13ms]
2026-05-18 22:31:42.373 [info]    [GIT      10ms] [/home/amar/Code/http] git log --format=%x1E%H%x1D -n2 -L249,249:main.go [10ms]
2026-05-18 22:31:42.385 [info]    [GIT      10ms] [/home/amar/Code/http] git rev-parse --verify --end-of-options c692211cda0a30dcbfdf8e6f13145861757de712^^{commit} [10ms]
2026-05-18 22:31:42.997 [info]    [GIT      11ms] [/home/amar/Code/http] git status --porcelain=v2 --branch -u --find-renames -- [11ms]
2026-05-18 22:31:43.012 [info]    [GIT      14ms] [/home/amar/Code/http] git log --format=%x1E%H%x1D -n2 -L249,249:main.go [14ms]
2026-05-18 22:31:43.028 [info]    [GIT      16ms] [/home/amar/Code/http] git rev-parse --verify --end-of-options c692211cda0a30dcbfdf8e6f13145861757de712^^{commit} [16ms]
2026-05-18 22:31:43.050 [info]    [GIT      13ms] [/home/amar/Code/http] git status --porcelain=v2 --branch -u --find-renames -- [13ms]
2026-05-18 22:31:43.065 [info]    [GIT      13ms] [/home/amar/Code/http] git log --format=%x1E%H%x1D -n2 -L249,249:main.go [13ms]
2026-05-18 22:31:43.087 [info]    [GIT      21ms] [/home/amar/Code/http] git rev-parse --verify --end-of-options c692211cda0a30dcbfdf8e6f13145861757de712^^{commit} [21ms]
2026-05-18 22:31:43.125 [info]    [GIT      14ms] [/home/amar/Code/http] git status --porcelain=v2 --branch -u --find-renames -- [14ms]
2026-05-18 22:31:43.143 [info]    [GIT      16ms] [/home/amar/Code/http] git log --format=%x1E%H%x1D -n2 -L249,249:main.go [16ms]
2026-05-18 22:31:43.157 [info]    [GIT      13ms] [/home/amar/Code/http] git rev-parse --verify --end-of-options c692211cda0a30dcbfdf8e6f13145861757de712^^{commit} [13ms]
2026-05-18 22:31:43.173 [info]    [GIT      11ms] [/home/amar/Code/http] git status --porcelain=v2 --branch -u --find-renames -- [11ms]
2026-05-18 22:31:43.184 [info]    [GIT      10ms] [/home/amar/Code/http] git log --format=%x1E%H%x1D -n2 -L249,249:main.go [10ms]
2026-05-18 22:31:43.198 [info]    [GIT      13ms] [/home/amar/Code/http] git rev-parse --verify --end-of-options c692211cda0a30dcbfdf8e6f13145861757de712^^{commit} [13ms]
2026-05-18 22:31:43.258 [info]    [GIT      13ms] [/home/amar/Code/http] git status --porcelain=v2 --branch -u --find-renames -- [13ms]
2026-05-18 22:31:43.272 [info]    [GIT      13ms] [/home/amar/Code/http] git log --format=%x1E%H%x1D -n2 -L249,249:main.go [13ms]
2026-05-18 22:31:43.285 [info]    [GIT      12ms] [/home/amar/Code/http] git rev-parse --verify --end-of-options c692211cda0a30dcbfdf8e6f13145861757de712^^{commit} [12ms]
2026-05-18 22:31:43.310 [info]    [GIT      15ms] [/home/amar/Code/http] git status --porcelain=v2 --branch -u --find-renames -- [15ms]
2026-05-18 22:31:43.320 [info]    [GIT       9ms] [/home/amar/Code/http] git log --format=%x1E%H%x1D -n2 -L249,249:main.go [9ms]
2026-05-18 22:31:43.330 [info]    [GIT       9ms] [/home/amar/Code/http] git rev-parse --verify --end-of-options c692211cda0a30dcbfdf8e6f13145861757de712^^{commit} [9ms]
2026-05-18 22:31:44.305 [info]    [GIT      17ms] [/home/amar/Code/http] git status --porcelain=v2 --branch -u --find-renames -- [17ms]
2026-05-18 22:31:44.320 [info]    [GIT      13ms] [/home/amar/Code/http] git log --format=%x1E%H%x1D -n2 -L249,249:main.go [13ms]
2026-05-18 22:31:44.343 [info]    [GIT      23ms] [/home/amar/Code/http] git rev-parse --verify --end-of-options c692211cda0a30dcbfdf8e6f13145861757de712^^{commit} [23ms]
2026-05-18 22:31:44.347 [info]    [GIT      13ms] [/home/amar/Code/http] git status --porcelain=v2 --branch -u --find-renames -- [13ms]
2026-05-18 22:31:44.361 [info]    [GIT      12ms] [/home/amar/Code/http] git log --format=%x1E%H%x1D -n2 -L249,249:main.go [12ms]
2026-05-18 22:31:44.372 [info]    [GIT      10ms] [/home/amar/Code/http] git rev-parse --verify --end-of-options c692211cda0a30dcbfdf8e6f13145861757de712^^{commit} [10ms]
2026-05-18 22:31:44.711 [info]    [GIT      74ms] [/home/amar/Code/http] git log --format=%x1E%H%x1D%aN%x1D%aE%x1D%at%x1D%cN%x1D%cE%x1D%ct%x1D%P%x1D%D%x1D%B%x1D --numstat --raw -M --use-mailmap -m --no-min-parents -n1 c692211cda0a30dcbfdf8e6f13145861757de712 -- [74ms]
2026-05-18 22:31:44.715 [info]    [GIT      87ms] [/home/amar/Code/http] git log --format=%x1E%H%x1D --summary -n1 c692211cda0a30dcbfdf8e6f13145861757de712^ -- main.go [87ms]
2026-05-18 22:31:44.809 [info]    [GIT      23ms] [/home/amar/Code/http] git status --porcelain=v2 --branch -u --find-renames -- [23ms]
2026-05-18 22:31:44.830 [info]    [GIT      18ms] [/home/amar/Code/http] git log --format=%x1E%H%x1D -n2 -L249,249:main.go [18ms] (waiting)
2026-05-18 22:31:44.830 [info]    [GIT      19ms] [/home/amar/Code/http] git log --format=%x1E%H%x1D -n2 -L249,249:main.go [19ms]
2026-05-18 22:31:44.847 [info]    [GIT      15ms] [/home/amar/Code/http] git rev-parse --verify --end-of-options c692211cda0a30dcbfdf8e6f13145861757de712^^{commit} [15ms]
2026-05-18 22:31:45.651 [info]    [GIT      15ms] [/home/amar/Code/http] git status --porcelain=v2 --branch -u --find-renames -- [15ms]
2026-05-18 22:31:45.664 [info]    [GIT      12ms] [/home/amar/Code/http] git log --format=%x1E%H%x1D -n2 -L249,249:main.go [12ms]
2026-05-18 22:31:45.676 [info]    [GIT      11ms] [/home/amar/Code/http] git rev-parse --verify --end-of-options c692211cda0a30dcbfdf8e6f13145861757de712^^{commit} [11ms]
2026-05-18 22:31:45.696 [info]    [GIT      12ms] [/home/amar/Code/http] git status --porcelain=v2 --branch -u --find-renames -- [12ms]
2026-05-18 22:31:45.709 [info]    [GIT      12ms] [/home/amar/Code/http] git log --format=%x1E%H%x1D -n2 -L249,249:main.go [12ms]
2026-05-18 22:31:45.723 [info]    [GIT      13ms] [/home/amar/Code/http] git rev-parse --verify --end-of-options c692211cda0a30dcbfdf8e6f13145861757de712^^{commit} [13ms]
2026-05-18 22:31:46.523 [info]    [GIT      16ms] [/home/amar/Code/http] git status --porcelain=v2 --branch -u --find-renames -- [16ms]
2026-05-18 22:31:46.541 [info]    [GIT      16ms] [/home/amar/Code/http] git log --format=%x1E%H%x1D -n2 -L249,249:main.go [16ms]
2026-05-18 22:31:46.554 [info]    [GIT      12ms] [/home/amar/Code/http] git rev-parse --verify --end-of-options c692211cda0a30dcbfdf8e6f13145861757de712^^{commit} [12ms]
2026-05-18 22:31:46.583 [info]    [GIT      12ms] [/home/amar/Code/http] git status --porcelain=v2 --branch -u --find-renames -- [12ms]
2026-05-18 22:31:46.596 [info]    [GIT      12ms] [/home/amar/Code/http] git log --format=%x1E%H%x1D -n2 -L249,249:main.go [12ms] (waiting)
2026-05-18 22:31:46.596 [info]    [GIT      12ms] [/home/amar/Code/http] git log --format=%x1E%H%x1D -n2 -L249,249:main.go [12ms]
2026-05-18 22:31:46.608 [info]    [GIT      10ms] [/home/amar/Code/http] git rev-parse --verify --end-of-options c692211cda0a30dcbfdf8e6f13145861757de712^^{commit} [10ms]
2026-05-18 22:31:47.256 [info]    [GIT      14ms] [/home/amar/Code/http] git status --porcelain=v2 --branch -u --find-renames -- [14ms]
2026-05-18 22:31:47.269 [info]    [GIT      12ms] [/home/amar/Code/http] git log --format=%x1E%H%x1D -n2 -L249,249:main.go [12ms]
2026-05-18 22:31:47.281 [info]    [GIT      11ms] [/home/amar/Code/http] git rev-parse --verify --end-of-options c692211cda0a30dcbfdf8e6f13145861757de712^^{commit} [11ms]
2026-05-18 22:31:47.302 [info]    [GIT      12ms] [/home/amar/Code/http] git status --porcelain=v2 --branch -u --find-renames -- [12ms]
2026-05-18 22:31:47.314 [info]    [GIT      12ms] [/home/amar/Code/http] git log --format=%x1E%H%x1D -n2 -L249,249:main.go [12ms]
2026-05-18 22:31:47.326 [info]    [GIT      11ms] [/home/amar/Code/http] git rev-parse --verify --end-of-options c692211cda0a30dcbfdf8e6f13145861757de712^^{commit} [11ms]
2026-05-18 22:31:47.430 [info]    [GIT      11ms] [/home/amar/Code/http] git status --porcelain=v2 --branch -u --find-renames -- [11ms]
2026-05-18 22:31:47.444 [info]    [GIT      13ms] [/home/amar/Code/http] git log --format=%x1E%H%x1D -n2 -L249,249:main.go [13ms]
2026-05-18 22:31:47.455 [info]    [GIT      10ms] [/home/amar/Code/http] git rev-parse --verify --end-of-options c692211cda0a30dcbfdf8e6f13145861757de712^^{commit} [10ms]
2026-05-18 22:31:47.485 [info]    [GIT      14ms] [/home/amar/Code/http] git status --porcelain=v2 --branch -u --find-renames -- [14ms]
2026-05-18 22:31:47.499 [info]    [GIT      12ms] [/home/amar/Code/http] git log --format=%x1E%H%x1D -n2 -L249,249:main.go [12ms]
2026-05-18 22:31:47.512 [info]    [GIT      13ms] [/home/amar/Code/http] git rev-parse --verify --end-of-options c692211cda0a30dcbfdf8e6f13145861757de712^^{commit} [13ms]
2026-05-18 22:31:47.828 [info]    [GIT      13ms] [/home/amar/Code/http] git status --porcelain=v2 --branch -u --find-renames -- [13ms]
2026-05-18 22:31:47.845 [info]    [GIT      16ms] [/home/amar/Code/http] git log --format=%x1E%H%x1D -n2 -L249,249:main.go [16ms]
2026-05-18 22:31:47.861 [info]    [GIT      14ms] [/home/amar/Code/http] git rev-parse --verify --end-of-options c692211cda0a30dcbfdf8e6f13145861757de712^^{commit} [14ms]
2026-05-18 22:31:47.883 [info]    [GIT      14ms] [/home/amar/Code/http] git status --porcelain=v2 --branch -u --find-renames -- [14ms]
2026-05-18 22:31:47.898 [info]    [GIT      13ms] [/home/amar/Code/http] git log --format=%x1E%H%x1D -n2 -L249,249:main.go [13ms]
2026-05-18 22:31:47.909 [info]    [GIT      11ms] [/home/amar/Code/http] git rev-parse --verify --end-of-options c692211cda0a30dcbfdf8e6f13145861757de712^^{commit} [11ms]
2026-05-18 22:31:48.001 [info]    [GIT      11ms] [/home/amar/Code/http] git status --porcelain=v2 --branch -u --find-renames -- [11ms]
2026-05-18 22:31:48.017 [info]    [GIT      14ms] [/home/amar/Code/http] git log --format=%x1E%H%x1D -n2 -L249,249:main.go [14ms]
2026-05-18 22:31:48.028 [info]    [GIT      11ms] [/home/amar/Code/http] git rev-parse --verify --end-of-options c692211cda0a30dcbfdf8e6f13145861757de712^^{commit} [11ms]
2026-05-18 22:31:48.051 [info]    [GIT      11ms] [/home/amar/Code/http] git status --porcelain=v2 --branch -u --find-renames -- [11ms]
2026-05-18 22:31:48.064 [info]    [GIT      13ms] [/home/amar/Code/http] git log --format=%x1E%H%x1D -n2 -L249,249:main.go [13ms]
2026-05-18 22:31:48.079 [info]    [GIT      13ms] [/home/amar/Code/http] git rev-parse --verify --end-of-options c692211cda0a30dcbfdf8e6f13145861757de712^^{commit} [13ms]
2026-05-18 22:31:49.039 [info]    [GIT      23ms] [/home/amar/Code/http] git status --porcelain=v2 --branch -u --find-renames -- [23ms]
2026-05-18 22:31:49.056 [info]    [GIT      16ms] [/home/amar/Code/http] git log --format=%x1E%H%x1D -n2 -L249,249:main.go [16ms]
2026-05-18 22:31:49.092 [info]    [GIT      35ms] [/home/amar/Code/http] git rev-parse --verify --end-of-options c692211cda0a30dcbfdf8e6f13145861757de712^^{commit} [35ms]
2026-05-18 22:31:49.097 [info]    [GIT      22ms] [/home/amar/Code/http] git status --porcelain=v2 --branch -u --find-renames -- [22ms]
2026-05-18 22:31:49.117 [info]    [GIT      19ms] [/home/amar/Code/http] git log --format=%x1E%H%x1D -n2 -L249,249:main.go [19ms]
2026-05-18 22:31:49.134 [info]    [GIT      15ms] [/home/amar/Code/http] git rev-parse --verify --end-of-options c692211cda0a30dcbfdf8e6f13145861757de712^^{commit} [15ms]
2026-05-18 22:31:50.774 [info]    [GIT      26ms] [/home/amar/Code/http] git status --porcelain=v2 --branch -u --find-renames -- [26ms]
2026-05-18 22:31:50.787 [info]    [GIT      11ms] [/home/amar/Code/http] git log --format=%x1E%H%x1D -n2 -L249,249:main.go [11ms] (waiting)
2026-05-18 22:31:50.787 [info]    [GIT      11ms] [/home/amar/Code/http] git log --format=%x1E%H%x1D -n2 -L249,249:main.go [11ms]
2026-05-18 22:31:50.799 [info]    [GIT      11ms] [/home/amar/Code/http] git rev-parse --verify --end-of-options c692211cda0a30dcbfdf8e6f13145861757de712^^{commit} [11ms]
2026-05-18 22:31:50.827 [info]    [GIT      12ms] [/home/amar/Code/http] git status --porcelain=v2 --branch -u --find-renames -- [12ms]
2026-05-18 22:31:50.842 [info]    [GIT      13ms] [/home/amar/Code/http] git log --format=%x1E%H%x1D -n2 -L249,249:main.go [13ms] (waiting)
2026-05-18 22:31:50.842 [info]    [GIT      14ms] [/home/amar/Code/http] git log --format=%x1E%H%x1D -n2 -L249,249:main.go [14ms]
2026-05-18 22:31:50.854 [info]    [GIT      11ms] [/home/amar/Code/http] git rev-parse --verify --end-of-options c692211cda0a30dcbfdf8e6f13145861757de712^^{commit} [11ms]
2026-05-18 22:31:51.683 [info]    [GIT      15ms] [/home/amar/Code/http] git status --porcelain=v2 --branch -u --find-renames -- [15ms]
2026-05-18 22:31:51.697 [info]    [GIT      12ms] [/home/amar/Code/http] git log --format=%x1E%H%x1D -n2 -L249,249:main.go [12ms]
2026-05-18 22:31:51.709 [info]    [GIT      11ms] [/home/amar/Code/http] git rev-parse --verify --end-of-options c692211cda0a30dcbfdf8e6f13145861757de712^^{commit} [11ms]
2026-05-18 22:31:51.731 [info]    [GIT      10ms] [/home/amar/Code/http] git status --porcelain=v2 --branch -u --find-renames -- [10ms]
2026-05-18 22:31:51.742 [info]    [GIT      10ms] [/home/amar/Code/http] git log --format=%x1E%H%x1D -n2 -L249,249:main.go [10ms]
2026-05-18 22:31:51.756 [info]    [GIT      13ms] [/home/amar/Code/http] git rev-parse --verify --end-of-options c692211cda0a30dcbfdf8e6f13145861757de712^^{commit} [13ms]
2026-05-18 22:31:51.832 [info]    [GIT      16ms] [/home/amar/Code/http] git status --porcelain=v2 --branch -u --find-renames -- [16ms]
2026-05-18 22:31:51.847 [info]    [GIT      14ms] [/home/amar/Code/http] git log --format=%x1E%H%x1D -n2 -L249,249:main.go [14ms]
2026-05-18 22:31:51.860 [info]    [GIT      12ms] [/home/amar/Code/http] git rev-parse --verify --end-of-options c692211cda0a30dcbfdf8e6f13145861757de712^^{commit} [12ms]
2026-05-18 22:31:51.873 [info]    [GIT       9ms] [/home/amar/Code/http] git status --porcelain=v2 --branch -u --find-renames -- [9ms]
2026-05-18 22:31:51.883 [info]    [GIT      10ms] [/home/amar/Code/http] git log --format=%x1E%H%x1D -n2 -L249,249:main.go [10ms]
2026-05-18 22:31:51.897 [info]    [GIT      12ms] [/home/amar/Code/http] git rev-parse --verify --end-of-options c692211cda0a30dcbfdf8e6f13145861757de712^^{commit} [12ms]
2026-05-18 22:31:52.168 [info]    [GIT      13ms] [/home/amar/Code/http] git status --porcelain=v2 --branch -u --find-renames -- [13ms]
2026-05-18 22:31:52.183 [info]    [GIT      14ms] [/home/amar/Code/http] git log --format=%x1E%H%x1D -n2 -L249,249:main.go [14ms]
2026-05-18 22:31:52.194 [info]    [GIT      10ms] [/home/amar/Code/http] git rev-parse --verify --end-of-options c692211cda0a30dcbfdf8e6f13145861757de712^^{commit} [10ms]
2026-05-18 22:31:52.214 [info]    [GIT      10ms] [/home/amar/Code/http] git status --porcelain=v2 --branch -u --find-renames -- [10ms]
2026-05-18 22:31:52.225 [info]    [GIT      11ms] [/home/amar/Code/http] git log --format=%x1E%H%x1D -n2 -L249,249:main.go [11ms]
2026-05-18 22:31:52.236 [info]    [GIT       9ms] [/home/amar/Code/http] git rev-parse --verify --end-of-options c692211cda0a30dcbfdf8e6f13145861757de712^^{commit} [9ms]
2026-05-18 22:31:52.510 [info]    [GIT      13ms] [/home/amar/Code/http] git status --porcelain=v2 --branch -u --find-renames -- [13ms]
2026-05-18 22:31:52.524 [info]    [GIT      13ms] [/home/amar/Code/http] git log --format=%x1E%H%x1D -n2 -L249,249:main.go [13ms]
2026-05-18 22:31:52.537 [info]    [GIT      12ms] [/home/amar/Code/http] git rev-parse --verify --end-of-options c692211cda0a30dcbfdf8e6f13145861757de712^^{commit} [12ms]
2026-05-18 22:31:52.556 [info]    [GIT      11ms] [/home/amar/Code/http] git status --porcelain=v2 --branch -u --find-renames -- [11ms]
2026-05-18 22:31:52.569 [info]    [GIT      12ms] [/home/amar/Code/http] git log --format=%x1E%H%x1D -n2 -L249,249:main.go [12ms]
2026-05-18 22:31:52.581 [info]    [GIT      11ms] [/home/amar/Code/http] git rev-parse --verify --end-of-options c692211cda0a30dcbfdf8e6f13145861757de712^^{commit} [11ms]
2026-05-18 22:31:52.712 [info]    [GIT      12ms] [/home/amar/Code/http] git status --porcelain=v2 --branch -u --find-renames -- [12ms]
2026-05-18 22:31:52.725 [info]    [GIT      12ms] [/home/amar/Code/http] git log --format=%x1E%H%x1D -n2 -L249,249:main.go [12ms]
2026-05-18 22:31:52.738 [info]    [GIT      11ms] [/home/amar/Code/http] git rev-parse --verify --end-of-options c692211cda0a30dcbfdf8e6f13145861757de712^^{commit} [11ms]
2026-05-18 22:31:52.761 [info]    [GIT      13ms] [/home/amar/Code/http] git status --porcelain=v2 --branch -u --find-renames -- [13ms]
2026-05-18 22:31:52.772 [info]    [GIT      10ms] [/home/amar/Code/http] git log --format=%x1E%H%x1D -n2 -L249,249:main.go [10ms]
2026-05-18 22:31:52.783 [info]    [GIT      10ms] [/home/amar/Code/http] git rev-parse --verify --end-of-options c692211cda0a30dcbfdf8e6f13145861757de712^^{commit} [10ms]
2026-05-18 22:31:53.015 [info]    [GIT      12ms] [/home/amar/Code/http] git status --porcelain=v2 --branch -u --find-renames -- [12ms]
2026-05-18 22:31:53.029 [info]    [GIT      13ms] [/home/amar/Code/http] git log --format=%x1E%H%x1D -n2 -L249,249:main.go [13ms]
2026-05-18 22:31:53.043 [info]    [GIT      13ms] [/home/amar/Code/http] git rev-parse --verify --end-of-options c692211cda0a30dcbfdf8e6f13145861757de712^^{commit} [13ms]
2026-05-18 22:31:53.066 [info]    [GIT      11ms] [/home/amar/Code/http] git status --porcelain=v2 --branch -u --find-renames -- [11ms]
2026-05-18 22:31:53.077 [info]    [GIT       9ms] [/home/amar/Code/http] git log --format=%x1E%H%x1D -n2 -L249,249:main.go [9ms]
2026-05-18 22:31:53.087 [info]    [GIT       9ms] [/home/amar/Code/http] git rev-parse --verify --end-of-options c692211cda0a30dcbfdf8e6f13145861757de712^^{commit} [9ms]
2026-05-18 22:31:53.244 [info]    [GIT      17ms] [/home/amar/Code/http] git status --porcelain=v2 --branch -u --find-renames -- [17ms]
2026-05-18 22:31:53.259 [info]    [GIT      14ms] [/home/amar/Code/http] git log --format=%x1E%H%x1D -n2 -L249,249:main.go [14ms]
2026-05-18 22:31:53.271 [info]    [GIT      11ms] [/home/amar/Code/http] git rev-parse --verify --end-of-options c692211cda0a30dcbfdf8e6f13145861757de712^^{commit} [11ms]
2026-05-18 22:31:53.288 [info]    [GIT      12ms] [/home/amar/Code/http] git status --porcelain=v2 --branch -u --find-renames -- [12ms]
2026-05-18 22:31:53.300 [info]    [GIT      10ms] [/home/amar/Code/http] git log --format=%x1E%H%x1D -n2 -L249,249:main.go [10ms]
2026-05-18 22:31:53.311 [info]    [GIT      10ms] [/home/amar/Code/http] git rev-parse --verify --end-of-options c692211cda0a30dcbfdf8e6f13145861757de712^^{commit} [10ms]
2026-05-18 22:31:53.879 [info]    [GIT      13ms] [/home/amar/Code/http] git status --porcelain=v2 --branch -u --find-renames -- [13ms]
2026-05-18 22:31:53.895 [info]    [GIT      15ms] [/home/amar/Code/http] git log --format=%x1E%H%x1D -n2 -L249,249:main.go [15ms]
2026-05-18 22:31:53.908 [info]    [GIT      12ms] [/home/amar/Code/http] git rev-parse --verify --end-of-options c692211cda0a30dcbfdf8e6f13145861757de712^^{commit} [12ms]
2026-05-18 22:31:53.928 [info]    [GIT      12ms] [/home/amar/Code/http] git status --porcelain=v2 --branch -u --find-renames -- [12ms]
2026-05-18 22:31:53.940 [info]    [GIT      11ms] [/home/amar/Code/http] git log --format=%x1E%H%x1D -n2 -L249,249:main.go [11ms]
2026-05-18 22:31:53.949 [info]    [GIT       8ms] [/home/amar/Code/http] git rev-parse --verify --end-of-options c692211cda0a30dcbfdf8e6f13145861757de712^^{commit} [8ms]
2026-05-18 22:31:53.998 [info]    [GIT      11ms] [/home/amar/Code/http] git status --porcelain=v2 --branch -u --find-renames -- [11ms]
2026-05-18 22:31:54.012 [info]    [GIT      13ms] [/home/amar/Code/http] git log --format=%x1E%H%x1D -n2 -L249,249:main.go [13ms]
2026-05-18 22:31:54.025 [info]    [GIT      12ms] [/home/amar/Code/http] git rev-parse --verify --end-of-options c692211cda0a30dcbfdf8e6f13145861757de712^^{commit} [12ms]
2026-05-18 22:31:54.049 [info]    [GIT      11ms] [/home/amar/Code/http] git status --porcelain=v2 --branch -u --find-renames -- [11ms]
2026-05-18 22:31:54.061 [info]    [GIT      11ms] [/home/amar/Code/http] git log --format=%x1E%H%x1D -n2 -L249,249:main.go [11ms]
2026-05-18 22:31:54.073 [info]    [GIT      11ms] [/home/amar/Code/http] git rev-parse --verify --end-of-options c692211cda0a30dcbfdf8e6f13145861757de712^^{commit} [11ms]
2026-05-18 22:31:54.607 [info]    [GIT      10ms] [/home/amar/Code/http] git status --porcelain=v2 --branch -u --find-renames -- [10ms]
2026-05-18 22:31:54.619 [info]    [GIT      11ms] [/home/amar/Code/http] git log --format=%x1E%H%x1D -n2 -L249,249:main.go [11ms]
2026-05-18 22:31:54.631 [info]    [GIT      11ms] [/home/amar/Code/http] git rev-parse --verify --end-of-options c692211cda0a30dcbfdf8e6f13145861757de712^^{commit} [11ms]
2026-05-18 22:31:54.656 [info]    [GIT      12ms] [/home/amar/Code/http] git status --porcelain=v2 --branch -u --find-renames -- [12ms]
2026-05-18 22:31:54.666 [info]    [GIT       9ms] [/home/amar/Code/http] git log --format=%x1E%H%x1D -n2 -L249,249:main.go [9ms]
2026-05-18 22:31:54.677 [info]    [GIT      11ms] [/home/amar/Code/http] git rev-parse --verify --end-of-options c692211cda0a30dcbfdf8e6f13145861757de712^^{commit} [11ms]
2026-05-18 22:31:54.735 [info]    [GIT      11ms] [/home/amar/Code/http] git status --porcelain=v2 --branch -u --find-renames -- [11ms]
2026-05-18 22:31:54.747 [info]    [GIT      11ms] [/home/amar/Code/http] git log --format=%x1E%H%x1D -n2 -L249,249:main.go [11ms]
2026-05-18 22:31:54.760 [info]    [GIT      11ms] [/home/amar/Code/http] git rev-parse --verify --end-of-options c692211cda0a30dcbfdf8e6f13145861757de712^^{commit} [11ms]
2026-05-18 22:31:54.791 [info]    [GIT      16ms] [/home/amar/Code/http] git status --porcelain=v2 --branch -u --find-renames -- [16ms]
2026-05-18 22:31:54.809 [info]    [GIT      16ms] [/home/amar/Code/http] git log --format=%x1E%H%x1D -n2 -L249,249:main.go [16ms]
2026-05-18 22:31:54.825 [info]    [GIT      16ms] [/home/amar/Code/http] git rev-parse --verify --end-of-options c692211cda0a30dcbfdf8e6f13145861757de712^^{commit} [16ms]
2026-05-18 22:31:55.765 [info]    [GIT      15ms] [/home/amar/Code/http] git status --porcelain=v2 --branch -u --find-renames -- [15ms]
2026-05-18 22:31:55.779 [info]    [GIT      12ms] [/home/amar/Code/http] git log --format=%x1E%H%x1D -n2 -L249,249:main.go [12ms]
2026-05-18 22:31:55.790 [info]    [GIT      11ms] [/home/amar/Code/http] git rev-parse --verify --end-of-options c692211cda0a30dcbfdf8e6f13145861757de712^^{commit} [11ms]
2026-05-18 22:31:55.804 [info]    [GIT       9ms] [/home/amar/Code/http] git status --porcelain=v2 --branch -u --find-renames -- [9ms]
2026-05-18 22:31:55.816 [info]    [GIT      11ms] [/home/amar/Code/http] git log --format=%x1E%H%x1D -n2 -L249,249:main.go [11ms]
2026-05-18 22:31:55.826 [info]    [GIT       9ms] [/home/amar/Code/http] git rev-parse --verify --end-of-options c692211cda0a30dcbfdf8e6f13145861757de712^^{commit} [9ms]
2026-05-18 22:31:56.396 [info]    [GIT      12ms] [/home/amar/Code/http] git status --porcelain=v2 --branch -u --find-renames -- [12ms]
2026-05-18 22:31:56.411 [info]    [GIT      14ms] [/home/amar/Code/http] git log --format=%x1E%H%x1D -n2 -L249,249:main.go [14ms]
2026-05-18 22:31:56.424 [info]    [GIT      12ms] [/home/amar/Code/http] git rev-parse --verify --end-of-options c692211cda0a30dcbfdf8e6f13145861757de712^^{commit} [12ms]
2026-05-18 22:31:56.459 [info]    [GIT      12ms] [/home/amar/Code/http] git status --porcelain=v2 --branch -u --find-renames -- [12ms]
2026-05-18 22:31:56.475 [info]    [GIT      14ms] [/home/amar/Code/http] git log --format=%x1E%H%x1D -n2 -L249,249:main.go [14ms] (waiting)
2026-05-18 22:31:56.475 [info]    [GIT      14ms] [/home/amar/Code/http] git log --format=%x1E%H%x1D -n2 -L249,249:main.go [14ms]
2026-05-18 22:31:56.488 [info]    [GIT      12ms] [/home/amar/Code/http] git rev-parse --verify --end-of-options c692211cda0a30dcbfdf8e6f13145861757de712^^{commit} [12ms]
2026-05-18 22:31:56.659 [info]    [GIT      14ms] [/home/amar/Code/http] git status --porcelain=v2 --branch -u --find-renames -- [14ms]
2026-05-18 22:31:56.674 [info]    [GIT      14ms] [/home/amar/Code/http] git log --format=%x1E%H%x1D -n2 -L249,249:main.go [14ms] (waiting)
2026-05-18 22:31:56.674 [info]    [GIT      14ms] [/home/amar/Code/http] git log --format=%x1E%H%x1D -n2 -L249,249:main.go [14ms]
2026-05-18 22:31:56.688 [info]    [GIT      13ms] [/home/amar/Code/http] git rev-parse --verify --end-of-options c692211cda0a30dcbfdf8e6f13145861757de712^^{commit} [13ms]
2026-05-18 22:31:56.709 [info]    [GIT      13ms] [/home/amar/Code/http] git status --porcelain=v2 --branch -u --find-renames -- [13ms]
2026-05-18 22:31:56.722 [info]    [GIT      11ms] [/home/amar/Code/http] git log --format=%x1E%H%x1D -n2 -L249,249:main.go [11ms]
2026-05-18 22:31:56.734 [info]    [GIT      11ms] [/home/amar/Code/http] git rev-parse --verify --end-of-options c692211cda0a30dcbfdf8e6f13145861757de712^^{commit} [11ms]
2026-05-18 22:31:57.678 [info]    [GIT      13ms] [/home/amar/Code/http] git status --porcelain=v2 --branch -u --find-renames -- [13ms]
2026-05-18 22:31:57.690 [info]    [GIT      12ms] [/home/amar/Code/http] git log --format=%x1E%H%x1D -n2 -L249,249:main.go [12ms]
2026-05-18 22:31:57.702 [info]    [GIT      10ms] [/home/amar/Code/http] git rev-parse --verify --end-of-options c692211cda0a30dcbfdf8e6f13145861757de712^^{commit} [10ms]
2026-05-18 22:31:57.725 [info]    [GIT      10ms] [/home/amar/Code/http] git status --porcelain=v2 --branch -u --find-renames -- [10ms]
2026-05-18 22:31:57.737 [info]    [GIT      11ms] [/home/amar/Code/http] git log --format=%x1E%H%x1D -n2 -L249,249:main.go [11ms]
2026-05-18 22:31:57.747 [info]    [GIT       9ms] [/home/amar/Code/http] git rev-parse --verify --end-of-options c692211cda0a30dcbfdf8e6f13145861757de712^^{commit} [9ms]
2026-05-18 22:31:57.934 [info]    [GIT      19ms] [/home/amar/Code/http] git status --porcelain=v2 --branch -u --find-renames -- [19ms]
2026-05-18 22:31:57.946 [info]    [GIT      11ms] [/home/amar/Code/http] git log --format=%x1E%H%x1D -n2 -L249,249:main.go [11ms]
2026-05-18 22:31:57.955 [info]    [GIT       8ms] [/home/amar/Code/http] git rev-parse --verify --end-of-options c692211cda0a30dcbfdf8e6f13145861757de712^^{commit} [8ms]
2026-05-18 22:31:57.994 [info]    [GIT      11ms] [/home/amar/Code/http] git status --porcelain=v2 --branch -u --find-renames -- [11ms]
2026-05-18 22:31:58.008 [info]    [GIT      13ms] [/home/amar/Code/http] git log --format=%x1E%H%x1D -n2 -L249,249:main.go [13ms] (waiting)
2026-05-18 22:31:58.008 [info]    [GIT      13ms] [/home/amar/Code/http] git log --format=%x1E%H%x1D -n2 -L249,249:main.go [13ms]
2026-05-18 22:31:58.021 [info]    [GIT      12ms] [/home/amar/Code/http] git rev-parse --verify --end-of-options c692211cda0a30dcbfdf8e6f13145861757de712^^{commit} [12ms]
2026-05-18 22:31:58.100 [info]    [GIT      13ms] [/home/amar/Code/http] git status --porcelain=v2 --branch -u --find-renames -- [13ms]
2026-05-18 22:31:58.113 [info]    [GIT      12ms] [/home/amar/Code/http] git log --format=%x1E%H%x1D -n2 -L249,249:main.go [12ms]
2026-05-18 22:31:58.125 [info]    [GIT      11ms] [/home/amar/Code/http] git rev-parse --verify --end-of-options c692211cda0a30dcbfdf8e6f13145861757de712^^{commit} [11ms]
2026-05-18 22:31:58.145 [info]    [GIT      11ms] [/home/amar/Code/http] git status --porcelain=v2 --branch -u --find-renames -- [11ms]
2026-05-18 22:31:58.158 [info]    [GIT      12ms] [/home/amar/Code/http] git log --format=%x1E%H%x1D -n2 -L249,249:main.go [12ms]
2026-05-18 22:31:58.186 [info]    [GIT      27ms] [/home/amar/Code/http] git rev-parse --verify --end-of-options c692211cda0a30dcbfdf8e6f13145861757de712^^{commit} [27ms]
2026-05-18 22:31:58.351 [info]    [GIT      12ms] [/home/amar/Code/http] git status --porcelain=v2 --branch -u --find-renames -- [12ms]
2026-05-18 22:31:58.365 [info]    [GIT      13ms] [/home/amar/Code/http] git log --format=%x1E%H%x1D -n2 -L249,249:main.go [13ms]
2026-05-18 22:31:58.381 [info]    [GIT      15ms] [/home/amar/Code/http] git rev-parse --verify --end-of-options c692211cda0a30dcbfdf8e6f13145861757de712^^{commit} [15ms]
2026-05-18 22:31:58.400 [info]    [GIT      10ms] [/home/amar/Code/http] git status --porcelain=v2 --branch -u --find-renames -- [10ms]
2026-05-18 22:31:58.413 [info]    [GIT      12ms] [/home/amar/Code/http] git log --format=%x1E%H%x1D -n2 -L249,249:main.go [12ms]
2026-05-18 22:31:58.423 [info]    [GIT      10ms] [/home/amar/Code/http] git rev-parse --verify --end-of-options c692211cda0a30dcbfdf8e6f13145861757de712^^{commit} [10ms]
2026-05-18 22:31:58.572 [info]    [GIT      14ms] [/home/amar/Code/http] git status --porcelain=v2 --branch -u --find-renames -- [14ms]
2026-05-18 22:31:58.586 [info]    [GIT      13ms] [/home/amar/Code/http] git log --format=%x1E%H%x1D -n2 -L249,249:main.go [13ms]
2026-05-18 22:31:58.598 [info]    [GIT      11ms] [/home/amar/Code/http] git rev-parse --verify --end-of-options c692211cda0a30dcbfdf8e6f13145861757de712^^{commit} [11ms]
2026-05-18 22:31:58.620 [info]    [GIT      12ms] [/home/amar/Code/http] git status --porcelain=v2 --branch -u --find-renames -- [12ms]
2026-05-18 22:31:58.632 [info]    [GIT      12ms] [/home/amar/Code/http] git log --format=%x1E%H%x1D -n2 -L249,249:main.go [12ms]
2026-05-18 22:31:58.643 [info]    [GIT      10ms] [/home/amar/Code/http] git rev-parse --verify --end-of-options c692211cda0a30dcbfdf8e6f13145861757de712^^{commit} [10ms]
2026-05-18 22:31:59.497 [info]    [GIT      11ms] [/home/amar/Code/http] git status --porcelain=v2 --branch -u --find-renames -- [11ms]
2026-05-18 22:31:59.509 [info]    [GIT      10ms] [/home/amar/Code/http] git log --format=%x1E%H%x1D -n2 -L249,249:main.go [10ms]
2026-05-18 22:31:59.522 [info]    [GIT      12ms] [/home/amar/Code/http] git rev-parse --verify --end-of-options c692211cda0a30dcbfdf8e6f13145861757de712^^{commit} [12ms]
2026-05-18 22:31:59.543 [info]    [GIT       9ms] [/home/amar/Code/http] git status --porcelain=v2 --branch -u --find-renames -- [9ms]
2026-05-18 22:31:59.553 [info]    [GIT      10ms] [/home/amar/Code/http] git log --format=%x1E%H%x1D -n2 -L249,249:main.go [10ms]
2026-05-18 22:31:59.562 [info]    [GIT       8ms] [/home/amar/Code/http] git rev-parse --verify --end-of-options c692211cda0a30dcbfdf8e6f13145861757de712^^{commit} [8ms]
2026-05-18 22:32:00.519 [info]    [GIT      11ms] [/home/amar/Code/http] git status --porcelain=v2 --branch -u --find-renames -- [11ms]
2026-05-18 22:32:00.532 [info]    [GIT      12ms] [/home/amar/Code/http] git log --format=%x1E%H%x1D -n2 -L249,249:main.go [12ms]
2026-05-18 22:32:00.543 [info]    [GIT      10ms] [/home/amar/Code/http] git rev-parse --verify --end-of-options c692211cda0a30dcbfdf8e6f13145861757de712^^{commit} [10ms]
2026-05-18 22:32:00.568 [info]    [GIT      12ms] [/home/amar/Code/http] git status --porcelain=v2 --branch -u --find-renames -- [12ms]
2026-05-18 22:32:00.581 [info]    [GIT      11ms] [/home/amar/Code/http] git log --format=%x1E%H%x1D -n2 -L249,249:main.go [11ms]
2026-05-18 22:32:00.591 [info]    [GIT      10ms] [/home/amar/Code/http] git rev-parse --verify --end-of-options c692211cda0a30dcbfdf8e6f13145861757de712^^{commit} [10ms]
2026-05-18 22:32:01.566 [info]    [GIT      12ms] [/home/amar/Code/http] git status --porcelain=v2 --branch -u --find-renames -- [12ms]
2026-05-18 22:32:01.593 [info]    [GIT      26ms] [/home/amar/Code/http] git log --format=%x1E%H%x1D -n2 -L249,249:main.go [26ms]
2026-05-18 22:32:01.605 [info]    [GIT      11ms] [/home/amar/Code/http] git rev-parse --verify --end-of-options c692211cda0a30dcbfdf8e6f13145861757de712^^{commit} [11ms]
2026-05-18 22:32:01.632 [info]    [GIT      13ms] [/home/amar/Code/http] git status --porcelain=v2 --branch -u --find-renames -- [13ms]
2026-05-18 22:32:01.644 [info]    [GIT      11ms] [/home/amar/Code/http] git log --format=%x1E%H%x1D -n2 -L249,249:main.go [11ms] (waiting)
2026-05-18 22:32:01.644 [info]    [GIT      11ms] [/home/amar/Code/http] git log --format=%x1E%H%x1D -n2 -L249,249:main.go [11ms]
2026-05-18 22:32:01.678 [info]    [GIT      34ms] [/home/amar/Code/http] git rev-parse --verify --end-of-options c692211cda0a30dcbfdf8e6f13145861757de712^^{commit} [34ms]
2026-05-18 22:32:02.592 [info]    [GIT      13ms] [/home/amar/Code/http] git status --porcelain=v2 --branch -u --find-renames -- [13ms]
2026-05-18 22:32:02.605 [info]    [GIT      12ms] [/home/amar/Code/http] git log --format=%x1E%H%x1D -n2 -L249,249:main.go [12ms]
2026-05-18 22:32:02.615 [info]    [GIT       9ms] [/home/amar/Code/http] git rev-parse --verify --end-of-options c692211cda0a30dcbfdf8e6f13145861757de712^^{commit} [9ms]
2026-05-18 22:32:02.635 [info]    [GIT       9ms] [/home/amar/Code/http] git status --porcelain=v2 --branch -u --find-renames -- [9ms]
2026-05-18 22:32:02.647 [info]    [GIT      10ms] [/home/amar/Code/http] git log --format=%x1E%H%x1D -n2 -L249,249:main.go [10ms]
2026-05-18 22:32:02.657 [info]    [GIT      10ms] [/home/amar/Code/http] git rev-parse --verify --end-of-options c692211cda0a30dcbfdf8e6f13145861757de712^^{commit} [10ms]
2026-05-18 22:32:07.107 [info]    [GIT      16ms] [/home/amar/Code/http] git status --porcelain=v2 --branch -u --find-renames -- [16ms]
2026-05-18 22:32:07.121 [info]    [GIT      13ms] [/home/amar/Code/http] git log --format=%x1E%H%x1D -n2 -L249,249:main.go [13ms]
2026-05-18 22:32:07.148 [info]    [GIT      26ms] [/home/amar/Code/http] git rev-parse --verify --end-of-options c692211cda0a30dcbfdf8e6f13145861757de712^^{commit} [26ms]
2026-05-18 22:32:07.150 [info]    [GIT      13ms] [/home/amar/Code/http] git status --porcelain=v2 --branch -u --find-renames -- [13ms]
2026-05-18 22:32:07.162 [info]    [GIT      10ms] [/home/amar/Code/http] git log --format=%x1E%H%x1D -n2 -L249,249:main.go [10ms]
2026-05-18 22:32:07.184 [info]    [GIT      21ms] [/home/amar/Code/http] git rev-parse --verify --end-of-options c692211cda0a30dcbfdf8e6f13145861757de712^^{commit} [21ms]
2026-05-18 22:32:07.185 [info]    [GIT      10ms] [/home/amar/Code/http] git status --porcelain=v2 --branch -u --find-renames -- [10ms]
2026-05-18 22:32:07.195 [info]    [GIT       9ms] [/home/amar/Code/http] git log --format=%x1E%H%x1D -n2 -L249,249:main.go [9ms]
2026-05-18 22:32:07.207 [info]    [GIT      11ms] [/home/amar/Code/http] git rev-parse --verify --end-of-options c692211cda0a30dcbfdf8e6f13145861757de712^^{commit} [11ms]
2026-05-18 22:32:07.232 [info]    [GIT      13ms] [/home/amar/Code/http] git status --porcelain=v2 --branch -u --find-renames -- [13ms]
2026-05-18 22:32:07.244 [info]    [GIT      12ms] [/home/amar/Code/http] git log --format=%x1E%H%x1D -n2 -L249,249:main.go [12ms]
2026-05-18 22:32:07.264 [info]    [GIT      19ms] [/home/amar/Code/http] git rev-parse --verify --end-of-options c692211cda0a30dcbfdf8e6f13145861757de712^^{commit} [19ms]
2026-05-18 22:32:08.124 [info]    [GIT      13ms] [/home/amar/Code/http] git status --porcelain=v2 --branch -u --find-renames -- [13ms]
2026-05-18 22:32:08.139 [info]    [GIT      14ms] [/home/amar/Code/http] git log --format=%x1E%H%x1D -n2 -L249,249:main.go [14ms]
2026-05-18 22:32:08.153 [info]    [GIT      13ms] [/home/amar/Code/http] git rev-parse --verify --end-of-options c692211cda0a30dcbfdf8e6f13145861757de712^^{commit} [13ms]
2026-05-18 22:32:08.268 [info]    [GIT      13ms] [/home/amar/Code/http] git status --porcelain=v2 --branch -u --find-renames -- [13ms]
2026-05-18 22:32:08.285 [info]    [GIT      16ms] [/home/amar/Code/http] git log --format=%x1E%H%x1D -n2 -L249,249:main.go [16ms]
2026-05-18 22:32:08.300 [info]    [GIT      14ms] [/home/amar/Code/http] git rev-parse --verify --end-of-options c692211cda0a30dcbfdf8e6f13145861757de712^^{commit} [14ms]
2026-05-18 22:32:11.065 [info]    [GIT      12ms] [/home/amar/Code/http] git status --porcelain=v2 --branch -u --find-renames -- [12ms]
2026-05-18 22:32:11.077 [info]    [GIT      11ms] [/home/amar/Code/http] git log --format=%x1E%H%x1D -n2 -L249,249:main.go [11ms]
2026-05-18 22:32:11.088 [info]    [GIT      10ms] [/home/amar/Code/http] git rev-parse --verify --end-of-options c692211cda0a30dcbfdf8e6f13145861757de712^^{commit} [10ms]
2026-05-18 22:32:11.128 [info]    [GIT      12ms] [/home/amar/Code/http] git status --porcelain=v2 --branch -u --find-renames -- [12ms]
2026-05-18 22:32:11.138 [info]    [GIT       9ms] [/home/amar/Code/http] git log --format=%x1E%H%x1D -n2 -L249,249:main.go [9ms] (waiting)
2026-05-18 22:32:11.138 [info]    [GIT       9ms] [/home/amar/Code/http] git log --format=%x1E%H%x1D -n2 -L249,249:main.go [9ms]
2026-05-18 22:32:11.150 [info]    [GIT      11ms] [/home/amar/Code/http] git rev-parse --verify --end-of-options c692211cda0a30dcbfdf8e6f13145861757de712^^{commit} [11ms]
2026-05-18 22:32:11.234 [info]    [GIT      15ms] [/home/amar/Code/http] git status --porcelain=v2 --branch -u --find-renames -- [15ms]
2026-05-18 22:32:11.249 [info]    [GIT      14ms] [/home/amar/Code/http] git log --format=%x1E%H%x1D -n2 -L249,249:main.go [14ms]
2026-05-18 22:32:11.261 [info]    [GIT      11ms] [/home/amar/Code/http] git rev-parse --verify --end-of-options c692211cda0a30dcbfdf8e6f13145861757de712^^{commit} [11ms]
2026-05-18 22:32:11.278 [info]    [GIT      11ms] [/home/amar/Code/http] git status --porcelain=v2 --branch -u --find-renames -- [11ms]
2026-05-18 22:32:11.290 [info]    [GIT      10ms] [/home/amar/Code/http] git log --format=%x1E%H%x1D -n2 -L249,249:main.go [10ms]
2026-05-18 22:32:11.303 [info]    [GIT      12ms] [/home/amar/Code/http] git rev-parse --verify --end-of-options c692211cda0a30dcbfdf8e6f13145861757de712^^{commit} [12ms]
2026-05-18 22:32:11.402 [info]    [GIT      14ms] [/home/amar/Code/http] git status --porcelain=v2 --branch -u --find-renames -- [14ms]
2026-05-18 22:32:11.418 [info]    [GIT      15ms] [/home/amar/Code/http] git log --format=%x1E%H%x1D -n2 -L249,249:main.go [15ms]
2026-05-18 22:32:11.430 [info]    [GIT      11ms] [/home/amar/Code/http] git rev-parse --verify --end-of-options c692211cda0a30dcbfdf8e6f13145861757de712^^{commit} [11ms]
2026-05-18 22:32:11.448 [info]    [GIT      11ms] [/home/amar/Code/http] git status --porcelain=v2 --branch -u --find-renames -- [11ms]
2026-05-18 22:32:11.464 [info]    [GIT      14ms] [/home/amar/Code/http] git log --format=%x1E%H%x1D -n2 -L249,249:main.go [14ms]
2026-05-18 22:32:11.475 [info]    [GIT      10ms] [/home/amar/Code/http] git rev-parse --verify --end-of-options c692211cda0a30dcbfdf8e6f13145861757de712^^{commit} [10ms]
2026-05-18 22:32:11.537 [info]    [GIT      11ms] [/home/amar/Code/http] git status --porcelain=v2 --branch -u --find-renames -- [11ms]
2026-05-18 22:32:11.549 [info]    [GIT      12ms] [/home/amar/Code/http] git log --format=%x1E%H%x1D -n2 -L249,249:main.go [12ms]
2026-05-18 22:32:11.561 [info]    [GIT      11ms] [/home/amar/Code/http] git rev-parse --verify --end-of-options c692211cda0a30dcbfdf8e6f13145861757de712^^{commit} [11ms]
2026-05-18 22:32:11.586 [info]    [GIT       9ms] [/home/amar/Code/http] git status --porcelain=v2 --branch -u --find-renames -- [9ms]
2026-05-18 22:32:11.597 [info]    [GIT      11ms] [/home/amar/Code/http] git log --format=%x1E%H%x1D -n2 -L249,249:main.go [11ms]
2026-05-18 22:32:11.606 [info]    [GIT       8ms] [/home/amar/Code/http] git rev-parse --verify --end-of-options c692211cda0a30dcbfdf8e6f13145861757de712^^{commit} [8ms]
2026-05-18 22:32:12.567 [info]    [GIT      11ms] [/home/amar/Code/http] git status --porcelain=v2 --branch -u --find-renames -- [11ms]
2026-05-18 22:32:12.579 [info]    [GIT      11ms] [/home/amar/Code/http] git log --format=%x1E%H%x1D -n2 -L249,249:main.go [11ms]
2026-05-18 22:32:12.591 [info]    [GIT      11ms] [/home/amar/Code/http] git rev-parse --verify --end-of-options c692211cda0a30dcbfdf8e6f13145861757de712^^{commit} [11ms]
2026-05-18 22:32:12.616 [info]    [GIT      12ms] [/home/amar/Code/http] git status --porcelain=v2 --branch -u --find-renames -- [12ms]
2026-05-18 22:32:12.628 [info]    [GIT      11ms] [/home/amar/Code/http] git log --format=%x1E%H%x1D -n2 -L249,249:main.go [11ms]
2026-05-18 22:32:12.640 [info]    [GIT      11ms] [/home/amar/Code/http] git rev-parse --verify --end-of-options c692211cda0a30dcbfdf8e6f13145861757de712^^{commit} [11ms]
2026-05-18 22:32:18.593 [info]    [GIT      12ms] [/home/amar/Code/http] git status --porcelain=v2 --branch -u --find-renames -- [12ms]
2026-05-18 22:32:18.605 [info]    [GIT      11ms] [/home/amar/Code/http] git log --format=%x1E%H%x1D -n2 -L249,249:main.go [11ms] (waiting)
2026-05-18 22:32:18.605 [info]    [GIT      11ms] [/home/amar/Code/http] git log --format=%x1E%H%x1D -n2 -L249,249:main.go [11ms]
2026-05-18 22:32:18.618 [info]    [GIT      12ms] [/home/amar/Code/http] git rev-parse --verify --end-of-options c692211cda0a30dcbfdf8e6f13145861757de712^^{commit} [12ms]
2026-05-18 22:32:18.702 [info]    [GIT      19ms] [/home/amar/Code/http] git status --porcelain=v2 --branch -u --find-renames -- [19ms]
2026-05-18 22:32:18.716 [info]    [GIT      13ms] [/home/amar/Code/http] git log --format=%x1E%H%x1D -n2 -L249,249:main.go [13ms]
2026-05-18 22:32:18.728 [info]    [GIT      11ms] [/home/amar/Code/http] git rev-parse --verify --end-of-options c692211cda0a30dcbfdf8e6f13145861757de712^^{commit} [11ms]
2026-05-18 22:32:18.747 [info]    [GIT      13ms] [/home/amar/Code/http] git status --porcelain=v2 --branch -u --find-renames -- [13ms]
2026-05-18 22:32:18.761 [info]    [GIT      12ms] [/home/amar/Code/http] git log --format=%x1E%H%x1D -n2 -L249,249:main.go [12ms]
2026-05-18 22:32:18.773 [info]    [GIT      11ms] [/home/amar/Code/http] git rev-parse --verify --end-of-options c692211cda0a30dcbfdf8e6f13145861757de712^^{commit} [11ms]
2026-05-18 22:32:18.827 [info]    [GIT      14ms] [/home/amar/Code/http] git status --porcelain=v2 --branch -u --find-renames -- [14ms]
2026-05-18 22:32:18.842 [info]    [GIT      14ms] [/home/amar/Code/http] git log --format=%x1E%H%x1D -n2 -L249,249:main.go [14ms]
2026-05-18 22:32:18.856 [info]    [GIT      13ms] [/home/amar/Code/http] git rev-parse --verify --end-of-options c692211cda0a30dcbfdf8e6f13145861757de712^^{commit} [13ms]
2026-05-18 22:32:18.876 [info]    [GIT      14ms] [/home/amar/Code/http] git status --porcelain=v2 --branch -u --find-renames -- [14ms]
2026-05-18 22:32:18.890 [info]    [GIT      13ms] [/home/amar/Code/http] git log --format=%x1E%H%x1D -n2 -L249,249:main.go [13ms]
2026-05-18 22:32:18.901 [info]    [GIT      11ms] [/home/amar/Code/http] git rev-parse --verify --end-of-options c692211cda0a30dcbfdf8e6f13145861757de712^^{commit} [11ms]
2026-05-18 22:32:19.228 [info]    [GIT      12ms] [/home/amar/Code/http] git status --porcelain=v2 --branch -u --find-renames -- [12ms]
2026-05-18 22:32:19.244 [info]    [GIT      15ms] [/home/amar/Code/http] git log --format=%x1E%H%x1D -n2 -L249,249:main.go [15ms]
2026-05-18 22:32:19.277 [info]    [GIT      32ms] [/home/amar/Code/http] git rev-parse --verify --end-of-options c692211cda0a30dcbfdf8e6f13145861757de712^^{commit} [32ms]
2026-05-18 22:32:19.279 [info]    [GIT      14ms] [/home/amar/Code/http] git status --porcelain=v2 --branch -u --find-renames -- [14ms]
2026-05-18 22:32:19.294 [info]    [GIT      14ms] [/home/amar/Code/http] git log --format=%x1E%H%x1D -n2 -L249,249:main.go [14ms]
2026-05-18 22:32:19.307 [info]    [GIT      12ms] [/home/amar/Code/http] git rev-parse --verify --end-of-options c692211cda0a30dcbfdf8e6f13145861757de712^^{commit} [12ms]
2026-05-18 22:32:20.256 [info]    [GIT      15ms] [/home/amar/Code/http] git status --porcelain=v2 --branch -u --find-renames -- [15ms]
2026-05-18 22:32:20.269 [info]    [GIT      12ms] [/home/amar/Code/http] git log --format=%x1E%H%x1D -n2 -L249,249:main.go [12ms]
2026-05-18 22:32:20.281 [info]    [GIT      11ms] [/home/amar/Code/http] git rev-parse --verify --end-of-options c692211cda0a30dcbfdf8e6f13145861757de712^^{commit} [11ms]
2026-05-18 22:32:20.299 [info]    [GIT      12ms] [/home/amar/Code/http] git status --porcelain=v2 --branch -u --find-renames -- [12ms]
2026-05-18 22:32:20.311 [info]    [GIT      11ms] [/home/amar/Code/http] git log --format=%x1E%H%x1D -n2 -L249,249:main.go [11ms]
2026-05-18 22:32:20.321 [info]    [GIT       9ms] [/home/amar/Code/http] git rev-parse --verify --end-of-options c692211cda0a30dcbfdf8e6f13145861757de712^^{commit} [9ms]
2026-05-18 22:32:21.826 [info]    [GIT      12ms] [/home/amar/Code/http] git status --porcelain=v2 --branch -u --find-renames -- [12ms]
2026-05-18 22:32:21.840 [info]    [GIT      13ms] [/home/amar/Code/http] git log --format=%x1E%H%x1D -n2 -L249,249:main.go [13ms]
2026-05-18 22:32:21.855 [info]    [GIT      14ms] [/home/amar/Code/http] git rev-parse --verify --end-of-options c692211cda0a30dcbfdf8e6f13145861757de712^^{commit} [14ms]
2026-05-18 22:32:21.890 [info]    [GIT      13ms] [/home/amar/Code/http] git status --porcelain=v2 --branch -u --find-renames -- [13ms]
2026-05-18 22:32:21.904 [info]    [GIT      12ms] [/home/amar/Code/http] git log --format=%x1E%H%x1D -n2 -L249,249:main.go [12ms] (waiting)
2026-05-18 22:32:21.904 [info]    [GIT      12ms] [/home/amar/Code/http] git log --format=%x1E%H%x1D -n2 -L249,249:main.go [12ms]
2026-05-18 22:32:21.916 [info]    [GIT      11ms] [/home/amar/Code/http] git rev-parse --verify --end-of-options c692211cda0a30dcbfdf8e6f13145861757de712^^{commit} [11ms]
2026-05-18 22:32:22.295 [info]    [GIT      10ms] [/home/amar/Code/http] git status --porcelain=v2 --branch -u --find-renames -- [10ms]
2026-05-18 22:32:22.308 [info]    [GIT      13ms] [/home/amar/Code/http] git log --format=%x1E%H%x1D -n2 -L249,249:main.go [13ms]
2026-05-18 22:32:22.325 [info]    [GIT      15ms] [/home/amar/Code/http] git rev-parse --verify --end-of-options c692211cda0a30dcbfdf8e6f13145861757de712^^{commit} [15ms]
2026-05-18 22:32:22.349 [info]    [GIT      13ms] [/home/amar/Code/http] git status --porcelain=v2 --branch -u --find-renames -- [13ms]
2026-05-18 22:32:22.363 [info]    [GIT      13ms] [/home/amar/Code/http] git log --format=%x1E%H%x1D -n2 -L249,249:main.go [13ms]
2026-05-18 22:32:22.375 [info]    [GIT      11ms] [/home/amar/Code/http] git rev-parse --verify --end-of-options c692211cda0a30dcbfdf8e6f13145861757de712^^{commit} [11ms]
2026-05-18 22:32:22.476 [info]    [GIT      31ms] [/home/amar/Code/http] git status --porcelain=v2 --branch -u --find-renames -- [31ms]
2026-05-18 22:32:22.523 [info]    [GIT      42ms] [/home/amar/Code/http] git log --format=%x1E%H%x1D -n2 -L249,249:main.go [42ms]
2026-05-18 22:32:22.538 [info]    [GIT      14ms] [/home/amar/Code/http] git rev-parse --verify --end-of-options c692211cda0a30dcbfdf8e6f13145861757de712^^{commit} [14ms]
2026-05-18 22:32:22.538 [info]    [GIT      33ms] [/home/amar/Code/http] git status --porcelain=v2 --branch -u --find-renames -- [33ms]
2026-05-18 22:32:22.554 [info]    [GIT      15ms] [/home/amar/Code/http] git log --format=%x1E%H%x1D -n2 -L249,249:main.go [15ms]
2026-05-18 22:32:22.567 [info]    [GIT      12ms] [/home/amar/Code/http] git rev-parse --verify --end-of-options c692211cda0a30dcbfdf8e6f13145861757de712^^{commit} [12ms]
2026-05-18 22:32:22.854 [info]    [GIT      14ms] [/home/amar/Code/http] git status --porcelain=v2 --branch -u --find-renames -- [14ms]
2026-05-18 22:32:22.865 [info]    [GIT      10ms] [/home/amar/Code/http] git log --format=%x1E%H%x1D -n2 -L249,249:main.go [10ms]
2026-05-18 22:32:22.877 [info]    [GIT      12ms] [/home/amar/Code/http] git rev-parse --verify --end-of-options c692211cda0a30dcbfdf8e6f13145861757de712^^{commit} [12ms]
2026-05-18 22:32:22.901 [info]    [GIT      12ms] [/home/amar/Code/http] git status --porcelain=v2 --branch -u --find-renames -- [12ms]
2026-05-18 22:32:22.914 [info]    [GIT      11ms] [/home/amar/Code/http] git log --format=%x1E%H%x1D -n2 -L249,249:main.go [11ms]
2026-05-18 22:32:22.925 [info]    [GIT      11ms] [/home/amar/Code/http] git rev-parse --verify --end-of-options c692211cda0a30dcbfdf8e6f13145861757de712^^{commit} [11ms]
2026-05-18 22:32:22.994 [info]    [GIT      12ms] [/home/amar/Code/http] git status --porcelain=v2 --branch -u --find-renames -- [12ms]
2026-05-18 22:32:23.008 [info]    [GIT      13ms] [/home/amar/Code/http] git log --format=%x1E%H%x1D -n2 -L249,249:main.go [13ms]
2026-05-18 22:32:23.021 [info]    [GIT      12ms] [/home/amar/Code/http] git rev-parse --verify --end-of-options c692211cda0a30dcbfdf8e6f13145861757de712^^{commit} [12ms]
2026-05-18 22:32:23.042 [info]    [GIT      12ms] [/home/amar/Code/http] git status --porcelain=v2 --branch -u --find-renames -- [12ms]
2026-05-18 22:32:23.057 [info]    [GIT      13ms] [/home/amar/Code/http] git log --format=%x1E%H%x1D -n2 -L249,249:main.go [13ms]
2026-05-18 22:32:23.069 [info]    [GIT      11ms] [/home/amar/Code/http] git rev-parse --verify --end-of-options c692211cda0a30dcbfdf8e6f13145861757de712^^{commit} [11ms]
2026-05-18 22:32:24.020 [info]    [GIT      14ms] [/home/amar/Code/http] git status --porcelain=v2 --branch -u --find-renames -- [14ms]
2026-05-18 22:32:24.032 [info]    [GIT      11ms] [/home/amar/Code/http] git log --format=%x1E%H%x1D -n2 -L249,249:main.go [11ms]
2026-05-18 22:32:24.045 [info]    [GIT      12ms] [/home/amar/Code/http] git rev-parse --verify --end-of-options c692211cda0a30dcbfdf8e6f13145861757de712^^{commit} [12ms]
2026-05-18 22:32:24.070 [info]    [GIT      13ms] [/home/amar/Code/http] git status --porcelain=v2 --branch -u --find-renames -- [13ms]
2026-05-18 22:32:24.082 [info]    [GIT      11ms] [/home/amar/Code/http] git log --format=%x1E%H%x1D -n2 -L249,249:main.go [11ms]
2026-05-18 22:32:24.095 [info]    [GIT      11ms] [/home/amar/Code/http] git rev-parse --verify --end-of-options c692211cda0a30dcbfdf8e6f13145861757de712^^{commit} [11ms]
2026-05-18 22:32:24.534 [info]    [GIT      11ms] [/home/amar/Code/http] git status --porcelain=v2 --branch -u --find-renames -- [11ms]
2026-05-18 22:32:24.546 [info]    [GIT      11ms] [/home/amar/Code/http] git log --format=%x1E%H%x1D -n2 -L249,249:main.go [11ms]
2026-05-18 22:32:24.560 [info]    [GIT      13ms] [/home/amar/Code/http] git rev-parse --verify --end-of-options c692211cda0a30dcbfdf8e6f13145861757de712^^{commit} [13ms]
2026-05-18 22:32:25.529 [info]    [GIT      19ms] [/home/amar/Code/http] git status --porcelain=v2 --branch -u --find-renames -- [19ms]
2026-05-18 22:32:25.538 [info]    [GIT      16ms] [/home/amar/Code/http] git diff --no-ext-diff --minimal -U0 -M --diff-filter=M -- main.go [16ms]
2026-05-18 22:32:25.550 [info]    [GIT      20ms] [/home/amar/Code/http] git log --format=%x1E%H%x1D -n2 -L1,1:main.go [20ms]
2026-05-18 22:32:25.561 [info]    [GIT      21ms] [/home/amar/Code/http] git status --porcelain=v2 --branch -u --find-renames -- [21ms]
2026-05-18 22:32:25.569 [info]    [GIT      18ms] [/home/amar/Code/http] git rev-parse --verify --end-of-options c692211cda0a30dcbfdf8e6f13145861757de712^^{commit} [18ms]
2026-05-18 22:32:25.574 [error]   [GIT          ] [/home/amar/Code/http] git log --format=%x1E%H%x1D -n2 -L252,252:main.go · file main.go has only 250 lines [12ms]
2026-05-18 22:32:25.584 [info]    [GIT       9ms] [/home/amar/Code/http] git log --format=%x1E%H%x1D -n2 -L250,250:main.go [9ms]
2026-05-18 22:32:25.595 [info]    [GIT      10ms] [/home/amar/Code/http] git rev-parse --verify --end-of-options c692211cda0a30dcbfdf8e6f13145861757de712^^{commit} [10ms]
2026-05-18 22:36:55.705 [info]    [GIT      16ms] [/home/amar/Code/http] git for-each-ref --format=%1E%(HEAD)%1D%(refname)%1D%(upstream)%1D%(upstream:track)%1D%(objectname)%1D%(committerdate:iso8601)%1D%(worktreepath)%1D refs/heads/ refs/remotes/ [16ms]
2026-05-18 22:36:55.710 [info]    [GIT      21ms] [/home/amar/Code/http] git rev-parse --show-toplevel --git-dir --git-common-dir --show-superproject-working-tree [21ms]
2026-05-18 22:36:55.721 [info]    [GIT       9ms] [/home/amar/Code/http] git config --get-regex -f /home/amar/Code/http/.git/gk/config ^branch\..*\.gk-(last-(accessed|modified)|disposition)$ [9ms]
2026-05-18 22:36:55.730 [info]    [GIT       7ms] [/home/amar/Code/http] git config --get -f /home/amar/Code/http/.git/gk/config branch.master.gk-last-accessed [7ms]
2026-05-18 22:36:55.740 [info]    [GIT       7ms] [/home/amar/Code/http] git config -f /home/amar/Code/http/.git/gk/config branch.master.gk-last-accessed 2026-05-18T17:06:55.722Z [7ms]
2026-05-18 22:36:55.750 [info]    [GIT       9ms] [/home/amar/Code/http] git config --get -f /home/amar/Code/http/.git/gk/config branch.master.gk-last-modified [9ms]
2026-05-18 22:36:55.761 [info]    [GIT       9ms] [/home/amar/Code/http] git config -f /home/amar/Code/http/.git/gk/config branch.master.gk-last-modified 2026-05-18T17:06:55.722Z [9ms]
2026-05-18 22:58:56.874 [info]    [GIT       9ms] [/home/amar/Code/http] git ls-files -- Readme.md [9ms]
2026-05-18 23:00:50.305 [info]    [GIT      10ms] [/home/amar/Code/http] git ls-files -- Readme.md [10ms]
2026-05-18 23:02:22.686 [info]    [GIT      11ms] [/home/amar/Code/http] git ls-files -- Readme.md [11ms]
2026-05-18 23:03:07.160 [info]    [GIT      10ms] [/home/amar/Code/http] git ls-files -- Readme.md [10ms]
2026-05-18 23:04:19.156 [info]    [GIT      11ms] [/home/amar/Code/http] git ls-files -- Readme.md [11ms]
2026-05-18 23:05:32.859 [info]    [GIT       9ms] [/home/amar/Code/http] git ls-files -- Readme.md [9ms]
2026-05-18 23:06:50.798 [info]    [GIT      11ms] [/home/amar/Code/http] git ls-files -- Readme.md [11ms]
2026-05-18 23:07:58.407 [info]    [GIT      10ms] [/home/amar/Code/http] git ls-files -- Readme.md [10ms]
2026-05-18 23:09:38.082 [info]    [GIT      13ms] [/home/amar/Code/http] git ls-files -- Readme.md [13ms]
2026-05-18 23:10:30.440 [info]    [GIT      10ms] [/home/amar/Code/http] git ls-files -- Readme.md [10ms]
2026-05-18 23:12:31.783 [info]    [GIT      11ms] [/home/amar/Code/http] git ls-files -- Readme.md [11ms]
2026-05-18 23:13:31.888 [info]    [GIT      10ms] [/home/amar/Code/http] git ls-files -- Readme.md [10ms]
2026-05-18 23:14:33.847 [info]    [GIT      11ms] [/home/amar/Code/http] git ls-files -- Readme.md [11ms]
2026-05-18 23:15:44.140 [info]    [GIT      10ms] [/home/amar/Code/http] git ls-files -- Readme.md [10ms]
2026-05-18 23:30:42.360 [info]    [GIT      16ms] [/home/amar/Code/http] git for-each-ref --format=%1E%(HEAD)%1D%(refname)%1D%(upstream)%1D%(upstream:track)%1D%(objectname)%1D%(committerdate:iso8601)%1D%(worktreepath)%1D refs/heads/ refs/remotes/ [16ms]
2026-05-18 23:30:42.365 [info]    [GIT      21ms] [/home/amar/Code/http] git rev-parse --show-toplevel --git-dir --git-common-dir --show-superproject-working-tree [21ms]
2026-05-18 23:30:42.376 [info]    [GIT      10ms] [/home/amar/Code/http] git config --get-regex -f /home/amar/Code/http/.git/gk/config ^branch\..*\.gk-(last-(accessed|modified)|disposition)$ [10ms]
2026-05-18 23:30:42.390 [info]    [GIT      12ms] [/home/amar/Code/http] git config --get -f /home/amar/Code/http/.git/gk/config branch.master.gk-last-accessed [12ms]
2026-05-18 23:30:42.406 [info]    [GIT      13ms] [/home/amar/Code/http] git config -f /home/amar/Code/http/.git/gk/config branch.master.gk-last-accessed 2026-05-18T18:00:42.377Z [13ms]
2026-05-18 23:30:42.416 [info]    [GIT       9ms] [/home/amar/Code/http] git config --get -f /home/amar/Code/http/.git/gk/config branch.master.gk-last-modified [9ms]
2026-05-18 23:30:42.428 [info]    [GIT      10ms] [/home/amar/Code/http] git config -f /home/amar/Code/http/.git/gk/config branch.master.gk-last-modified 2026-05-18T18:00:42.377Z [10ms]
2026-05-18 23:32:29.165 [info]    [GIT      11ms] [/home/amar/Code/http] git ls-files -- Readme.md [11ms]
2026-05-18 23:32:29.182 [info]    [GIT      13ms] [/home/amar/Code/http] git config --get-regex ^user\.(name|email)$ [13ms]
2026-05-18 23:32:29.192 [info]    [GIT      10ms] [/home/amar/Code/http] git check-mailmap Amar Keshav <amarkeshav14@gmail.com> [10ms]
2026-05-18 23:32:29.206 [info]    [GIT:→3       ] (spawn) [/home/amar/Code/http] git blame --root --incremental --encoding=utf-8 -- Readme.md · starting...
2026-05-18 23:32:29.211 [info]    [GIT:←3   17ms] (spawn) [/home/amar/Code/http] git blame --root --incremental --encoding=utf-8 -- Readme.md [17ms]
2026-05-18 23:32:29.235 [info]    [GIT:→4       ] (spawn) [/home/amar/Code/http] git blame --root --incremental --encoding=utf-8 HEAD -- Readme.md · starting...
2026-05-18 23:32:29.235 [info]    [GIT      22ms] [/home/amar/Code/http] git show --textconv HEAD:./Readme.md -- [22ms]
2026-05-18 23:32:29.240 [info]    [GIT:←4   12ms] (spawn) [/home/amar/Code/http] git blame --root --incremental --encoding=utf-8 HEAD -- Readme.md [12ms]
2026-05-18 23:32:29.251 [info]    [GIT      10ms] [/home/amar/Code/http] git remote -v [10ms]
2026-05-18 23:32:29.263 [info]    [GIT      11ms] [/home/amar/Code/http] git config --get -f /home/amar/Code/http/.git/gk/config gk.defaultRemote [11ms]
2026-05-18 23:32:29.281 [info]    [GIT      13ms] [/home/amar/Code/http] git status --porcelain=v2 --branch -u --find-renames -- [13ms]
2026-05-18 23:32:29.296 [info]    [GIT      14ms] [/home/amar/Code/http] git log --format=%x1E%H%x1D -n2 -L11,11:Readme.md [14ms]
2026-05-18 23:32:29.310 [info]    [GIT      13ms] [/home/amar/Code/http] git rev-parse --verify --end-of-options 85c74c9060e7eef582e811a86991cea7042acae9^^{commit} [13ms]
2026-05-18 23:32:29.504 [info]    [GIT      18ms] [/home/amar/Code/http] git log --format=%x1E%H%x1D --summary -n1 85c74c9060e7eef582e811a86991cea7042acae9^ -- Readme.md [18ms]
2026-05-18 23:32:29.507 [info]    [GIT      12ms] [/home/amar/Code/http] git log --format=%x1E%H%x1D%aN%x1D%aE%x1D%at%x1D%cN%x1D%cE%x1D%ct%x1D%P%x1D%D%x1D%B%x1D --numstat --raw -M --use-mailmap -m --no-min-parents -n1 85c74c9060e7eef582e811a86991cea7042acae9 -- [12ms]
2026-05-18 23:32:30.460 [info]    [GIT      11ms] [/home/amar/Code/http] git status --porcelain=v2 --branch -u --find-renames -- [11ms]
2026-05-18 23:32:30.472 [info]    [GIT      10ms] [/home/amar/Code/http] git log --format=%x1E%H%x1D -n2 -L11,11:Readme.md [10ms] (waiting)
2026-05-18 23:32:30.472 [info]    [GIT      10ms] [/home/amar/Code/http] git log --format=%x1E%H%x1D -n2 -L11,11:Readme.md [10ms]
2026-05-18 23:32:31.445 [info]    [GIT      17ms] [/home/amar/Code/http] git status --porcelain=v2 --branch -u --find-renames -- [17ms]
2026-05-18 23:32:31.462 [info]    [GIT      16ms] [/home/amar/Code/http] git log --format=%x1E%H%x1D -n2 -L11,11:Readme.md [16ms] (waiting)
2026-05-18 23:32:31.463 [info]    [GIT      16ms] [/home/amar/Code/http] git log --format=%x1E%H%x1D -n2 -L11,11:Readme.md [16ms]
2026-05-18 23:33:40.708 [info]    [GIT      12ms] [/home/amar/Code/http] git status --porcelain=v2 --branch -u --find-renames -- [12ms]
2026-05-18 23:33:40.722 [info]    [GIT      12ms] [/home/amar/Code/http] git log --format=%x1E%H%x1D -n2 -L11,11:Readme.md [12ms] (waiting)
2026-05-18 23:33:40.722 [info]    [GIT      12ms] [/home/amar/Code/http] git log --format=%x1E%H%x1D -n2 -L11,11:Readme.md [12ms]
2026-05-18 23:33:40.899 [info]    [GIT      13ms] [/home/amar/Code/http] git ls-files -- Readme.md [13ms]
2026-05-18 23:33:41.685 [info]    [GIT      14ms] [/home/amar/Code/http] git status --porcelain=v2 --branch -u --find-renames -- [14ms]
2026-05-18 23:33:41.699 [info]    [GIT      12ms] [/home/amar/Code/http] git log --format=%x1E%H%x1D -n2 -L11,11:Readme.md [12ms]
2026-05-18 23:33:41.726 [info]    [GIT       9ms] [/home/amar/Code/http] git status --porcelain=v2 --branch -u --find-renames -- [9ms]
2026-05-18 23:33:41.736 [info]    [GIT      10ms] [/home/amar/Code/http] git log --format=%x1E%H%x1D -n2 -L11,11:Readme.md [10ms]
2026-05-18 23:33:47.952 [info]    [GIT      18ms] [/home/amar/Code/http] git status --porcelain=v2 --branch -u --find-renames -- [18ms]
2026-05-18 23:33:47.965 [info]    [GIT      12ms] [/home/amar/Code/http] git log --format=%x1E%H%x1D -n2 -L11,11:Readme.md [12ms]
2026-05-18 23:33:50.662 [info]    [GIT      10ms] [/home/amar/Code/http] git status --porcelain=v2 --branch -u --find-renames -- [10ms]
2026-05-18 23:33:50.678 [info]    [GIT      14ms] [/home/amar/Code/http] git log --format=%x1E%H%x1D -n2 -L11,11:Readme.md [14ms]
2026-05-18 23:34:18.906 [info]    [GIT      13ms] [/home/amar/Code/http] git status --porcelain=v2 --branch -u --find-renames -- [13ms]
2026-05-18 23:34:18.921 [info]    [GIT      13ms] [/home/amar/Code/http] git log --format=%x1E%H%x1D -n2 -L11,11:Readme.md [13ms]
2026-05-18 23:34:20.664 [info]    [GIT      16ms] [/home/amar/Code/http] git status --porcelain=v2 --branch -u --find-renames -- [16ms]
2026-05-18 23:34:20.678 [info]    [GIT      12ms] [/home/amar/Code/http] git log --format=%x1E%H%x1D -n2 -L11,11:Readme.md [12ms]
2026-05-18 23:34:20.734 [info]    [GIT      16ms] [/home/amar/Code/http] git status --porcelain=v2 --branch -u --find-renames -- [16ms]
2026-05-18 23:34:20.746 [info]    [GIT      11ms] [/home/amar/Code/http] git log --format=%x1E%H%x1D -n2 -L11,11:Readme.md [11ms] (waiting)
2026-05-18 23:34:20.746 [info]    [GIT      12ms] [/home/amar/Code/http] git log --format=%x1E%H%x1D -n2 -L11,11:Readme.md [12ms]
2026-05-18 23:34:21.689 [info]    [GIT      14ms] [/home/amar/Code/http] git status --porcelain=v2 --branch -u --find-renames -- [14ms]
2026-05-18 23:34:21.702 [info]    [GIT      12ms] [/home/amar/Code/http] git log --format=%x1E%H%x1D -n2 -L11,11:Readme.md [12ms]
2026-05-18 23:34:21.735 [info]    [GIT      12ms] [/home/amar/Code/http] git status --porcelain=v2 --branch -u --find-renames -- [12ms]
2026-05-18 23:34:21.747 [info]    [GIT      10ms] [/home/amar/Code/http] git log --format=%x1E%H%x1D -n2 -L11,11:Readme.md [10ms]
2026-05-18 23:34:27.360 [info]    [GIT      14ms] [/home/amar/Code/http] git status --porcelain=v2 --branch -u --find-renames -- [14ms]
2026-05-18 23:34:27.372 [info]    [GIT      11ms] [/home/amar/Code/http] git log --format=%x1E%H%x1D -n2 -L11,11:Readme.md [11ms]
2026-05-18 23:34:59.080 [info]    [GIT      15ms] [/home/amar/Code/http] git cat-file commit 85c74c9060e7eef582e811a86991cea7042acae9 [15ms]
2026-05-18 23:35:00.607 [info]    [GIT      11ms] [/home/amar/Code/http] git remote -v [11ms]
2026-05-18 23:37:29.191 [info]    [GIT      20ms] [/home/amar/Code/http] git for-each-ref --format=%1E%(HEAD)%1D%(refname)%1D%(upstream)%1D%(upstream:track)%1D%(objectname)%1D%(committerdate:iso8601)%1D%(worktreepath)%1D refs/heads/ refs/remotes/ [20ms]
2026-05-18 23:37:29.195 [info]    [GIT      24ms] [/home/amar/Code/http] git rev-parse --show-toplevel --git-dir --git-common-dir --show-superproject-working-tree [24ms]
2026-05-18 23:37:29.208 [info]    [GIT      11ms] [/home/amar/Code/http] git config --get-regex -f /home/amar/Code/http/.git/gk/config ^branch\..*\.gk-(last-(accessed|modified)|disposition)$ [11ms]
2026-05-18 23:37:29.218 [info]    [GIT       9ms] [/home/amar/Code/http] git config --get -f /home/amar/Code/http/.git/gk/config branch.master.gk-last-accessed [9ms]
2026-05-18 23:37:29.230 [info]    [GIT      10ms] [/home/amar/Code/http] git config -f /home/amar/Code/http/.git/gk/config branch.master.gk-last-accessed 2026-05-18T18:07:29.208Z [10ms]
2026-05-18 23:37:29.244 [info]    [GIT      12ms] [/home/amar/Code/http] git config --get -f /home/amar/Code/http/.git/gk/config branch.master.gk-last-modified [12ms]
2026-05-18 23:37:29.265 [info]    [GIT      17ms] [/home/amar/Code/http] git config -f /home/amar/Code/http/.git/gk/config branch.master.gk-last-modified 2026-05-18T18:07:29.208Z [17ms]
