2026-05-18 01:19:55.667 [info] Reading sessions from keychain...
2026-05-18 01:19:55.667 [info] Getting sessions for all scopes...
2026-05-18 01:19:55.667 [info] Got 0 sessions for ...
2026-05-18 01:19:55.667 [info] Getting sessions for all scopes...
2026-05-18 01:19:55.667 [info] Got 0 sessions for ...
2026-05-18 01:19:55.667 [info] Getting sessions for all scopes...
2026-05-18 01:19:55.667 [info] Got 0 sessions for ...
2026-05-18 01:19:55.667 [info] Getting sessions for all scopes...
2026-05-18 01:19:55.667 [info] Got 0 sessions for ...
2026-05-18 01:19:57.509 [info] Getting sessions for read:user,repo,user:email...
2026-05-18 01:19:57.510 [info] Got 0 sessions for read:user,repo,user:email...
2026-05-18 01:19:57.836 [info] Getting sessions for read:user,repo,user:email,workflow...
2026-05-18 01:19:57.836 [info] Got 0 sessions for read:user,repo,user:email,workflow...
2026-05-18 01:19:58.118 [info] Getting sessions for read:user,repo,user:email...
2026-05-18 01:19:58.118 [info] Got 0 sessions for read:user,repo,user:email...
2026-05-18 01:19:58.121 [info] Getting sessions for all scopes...
2026-05-18 01:19:58.121 [info] Got 0 sessions for ...
2026-05-18 01:19:58.200 [info] Getting sessions for read:user,repo,user:email,workflow...
2026-05-18 01:19:58.200 [info] Got 0 sessions for read:user,repo,user:email,workflow...
2026-05-18 01:19:58.382 [info] Getting sessions for read:user,repo,user:email...
2026-05-18 01:19:58.382 [info] Got 0 sessions for read:user,repo,user:email...
2026-05-18 01:19:58.526 [info] Getting sessions for read:user,repo,user:email...
2026-05-18 01:19:58.526 [info] Got 0 sessions for read:user,repo,user:email...
2026-05-18 01:19:58.559 [info] Getting sessions for read:user,repo,user:email...
2026-05-18 01:19:58.559 [info] Got 0 sessions for read:user,repo,user:email...
