2026-05-18 01:30:31.623 [warning] Dir "/home/amar/Code/.pixi/envs" is not watchable (directory does not exist)
2026-05-18 01:30:31.957 [info] Starting Environment refresh
2026-05-18 01:30:31.957 [info] Searching for interpreters in posix paths locator
2026-05-18 01:30:31.970 [info] Searching for pyenv environments
2026-05-18 01:30:31.970 [info] Searching for conda environments
2026-05-18 01:30:31.971 [info] Searching for global virtual environments
2026-05-18 01:30:31.971 [info] Searching for custom virtual environments
2026-05-18 01:30:31.998 [info] pyenv is not installed
2026-05-18 01:30:31.998 [info] Finished searching for pyenv environments: 40 milliseconds
2026-05-18 01:30:31.999 [info] Finished searching for custom virtual envs: 39 milliseconds
2026-05-18 01:30:32.011 [info] > conda info --json
2026-05-18 01:30:32.027 [info] > hatch env show --json
2026-05-18 01:30:32.027 [info] cwd: .
2026-05-18 01:30:32.096 [info] > pyenv which python
2026-05-18 01:30:32.096 [info] cwd: .
2026-05-18 01:30:32.097 [info] Finished searching for global virtual envs: 137 milliseconds
2026-05-18 01:30:32.423 [info] Found: /bin/python --> /bin/python3.14
2026-05-18 01:30:32.482 [info] Found: /bin/python3 --> /bin/python3.14
2026-05-18 01:30:32.488 [info] Found: /bin/python3.14 --> /bin/python3.14
2026-05-18 01:30:32.560 [info] Found: /sbin/python --> /sbin/python3.14
2026-05-18 01:30:32.561 [info] Found: /sbin/python3 --> /sbin/python3.14
2026-05-18 01:30:32.562 [info] Found: /sbin/python3.14 --> /sbin/python3.14
2026-05-18 01:30:32.588 [info] Found: /usr/bin/python --> /usr/bin/python3.14
2026-05-18 01:30:32.589 [info] Found: /usr/bin/python3 --> /usr/bin/python3.14
2026-05-18 01:30:32.589 [info] Found: /usr/bin/python3.14 --> /usr/bin/python3.14
2026-05-18 01:30:32.677 [info] Found: /usr/sbin/python --> /usr/sbin/python3.14
2026-05-18 01:30:32.678 [info] Found: /usr/sbin/python3 --> /usr/sbin/python3.14
2026-05-18 01:30:32.678 [info] Found: /usr/sbin/python3.14 --> /usr/sbin/python3.14
2026-05-18 01:30:32.724 [info] > /bin/python -I ~/.vscode-oss/extensions/ms-python.python-2026.4.0-universal/python_files/get_output_via_markers.py ~/.vscode-oss/extensions/ms-python.python-2026.4.0-universal/python_files/interpreterInfo.py
2026-05-18 01:30:32.752 [info] > /sbin/python -I ~/.vscode-oss/extensions/ms-python.python-2026.4.0-universal/python_files/get_output_via_markers.py ~/.vscode-oss/extensions/ms-python.python-2026.4.0-universal/python_files/interpreterInfo.py
2026-05-18 01:30:32.771 [info] Finished searching for interpreters in posix paths locator: 816 milliseconds
2026-05-18 01:30:32.790 [info] Environments refresh paths discovered (event): 836 milliseconds
2026-05-18 01:30:32.790 [info] Environments refresh paths discovered: 836 milliseconds
2026-05-18 01:30:32.850 [info] > /usr/bin/python -I ~/.vscode-oss/extensions/ms-python.python-2026.4.0-universal/python_files/get_output_via_markers.py ~/.vscode-oss/extensions/ms-python.python-2026.4.0-universal/python_files/interpreterInfo.py
2026-05-18 01:30:32.867 [info] > /usr/sbin/python -I ~/.vscode-oss/extensions/ms-python.python-2026.4.0-universal/python_files/get_output_via_markers.py ~/.vscode-oss/extensions/ms-python.python-2026.4.0-universal/python_files/interpreterInfo.py
2026-05-18 01:30:32.945 [info] Environments refresh finished (event): 991 milliseconds
2026-05-18 01:30:32.964 [info] Environment refresh took 1010 milliseconds
2026-05-18 01:30:32.972 [info] Python interpreter path: /bin/python
2026-05-18 01:30:35.285 [info] Starting Jedi language server for Code.
