2026-05-18 01:19:57.462 [error] [        186ms] [/home/amar/Code] git rev-parse --show-toplevel --git-dir --git-common-dir --show-superproject-working-tree • FAILED
Error: fatal: not a git repository (or any of the parent directories): .git
2026-05-18 01:19:57.507 [info] [         32ms] [/home/amar/Code/CAN] git rev-parse --show-toplevel --git-dir --git-common-dir --show-superproject-working-tree • completed
2026-05-18 01:19:57.624 [info] [         34ms] [/home/amar/Code/batcheck] git rev-parse --show-toplevel --git-dir --git-common-dir --show-superproject-working-tree • completed
2026-05-18 01:19:57.677 [info] [         27ms] [/home/amar/Code/first-contributions] git rev-parse --show-toplevel --git-dir --git-common-dir --show-superproject-working-tree • completed
2026-05-18 01:19:57.864 [info] [         53ms] [/home/amar/Code/helotui] git rev-parse --show-toplevel --git-dir --git-common-dir --show-superproject-working-tree • completed
2026-05-18 01:19:58.014 [info] [        115ms] [/home/amar/Code/CAN] git ls-files -- main.c • completed
2026-05-18 01:19:58.084 [info] [         62ms] [/home/amar/Code/CAN] git config --get-regex ^user\.(name|email)$ • completed
2026-05-18 01:19:58.151 [info] [         66ms] [/home/amar/Code/CAN] git check-mailmap Amar Keshav <amarkeshav14@gmail.com> • completed
2026-05-18 01:19:58.154 [info] [         92ms] [/home/amar/Code/CAN] git rev-parse --show-toplevel --git-dir --git-common-dir --show-superproject-working-tree • completed
2026-05-18 01:19:58.178 [info] [→1           ] (spawn) [/home/amar/Code/CAN] git blame --root --incremental --encoding=utf-8 -- main.c • starting...
2026-05-18 01:19:58.241 [info] [←1       71ms] (spawn) [/home/amar/Code/CAN] git blame --root --incremental --encoding=utf-8 -- main.c • completed
2026-05-18 01:19:58.291 [info] [→2           ] (spawn) [/home/amar/Code/CAN] git blame --root --incremental --encoding=utf-8 HEAD -- main.c • starting...
2026-05-18 01:19:58.304 [info] [         58ms] [/home/amar/Code/CAN] git show --textconv HEAD:./main.c -- • completed
2026-05-18 01:19:58.308 [info] [        115ms] [/home/amar/Code/CAN] git remote -v • completed
2026-05-18 01:19:58.326 [info] [←2       42ms] (spawn) [/home/amar/Code/CAN] git blame --root --incremental --encoding=utf-8 HEAD -- main.c • completed
2026-05-18 01:19:58.332 [info] [         15ms] [/home/amar/Code/CAN] git config --get -f /home/amar/Code/CAN/.git/gk/config gk.defaultRemote • completed
2026-05-18 01:19:58.370 [info] [         31ms] [/home/amar/Code/CAN] git status --porcelain=v2 --branch -u --find-renames -- • completed
2026-05-18 01:19:58.444 [info] [         72ms] [/home/amar/Code/CAN] git log --format=%x1E%H%x1D -n2 -L2,2:main.c • completed
2026-05-18 01:19:58.466 [info] [         19ms] [/home/amar/Code/CAN] git rev-parse --verify --end-of-options 24919d7b0fe1ec41175941d59f657c95f5f08970^^{commit} • completed
2026-05-18 01:19:58.496 [info] [         38ms] [/home/amar/Code/batcheck] git remote -v • completed
2026-05-18 01:19:58.528 [info] [         11ms] [/home/amar/Code/batcheck] git config --get -f /home/amar/Code/batcheck/.git/gk/config gk.defaultRemote • completed
2026-05-18 01:19:58.558 [info] [         19ms] [/home/amar/Code/first-contributions] git remote -v • completed
2026-05-18 01:19:58.584 [info] [         14ms] [/home/amar/Code/helotui] git remote -v • completed
2026-05-18 01:19:58.585 [info] [         25ms] [/home/amar/Code/first-contributions] git config --get -f /home/amar/Code/first-contributions/.git/gk/config gk.defaultRemote • completed
2026-05-18 01:19:58.607 [info] [         20ms] [/home/amar/Code/helotui] git config --get -f /home/amar/Code/helotui/.git/gk/config gk.defaultRemote • completed
2026-05-18 01:20:10.990 [error] [         13ms] [/home/amar/Code/summa] git rev-parse --show-toplevel --git-dir --git-common-dir --show-superproject-working-tree • FAILED
Error: fatal: not a git repository (or any of the parent directories): .git
2026-05-18 01:20:32.927 [info] [         26ms] [/home/amar/Code/batcheck] git rev-list --max-parents=0 HEAD -- • completed
2026-05-18 01:20:32.928 [info] [         27ms] [/home/amar/Code/CAN] git rev-list --max-parents=0 HEAD -- • completed
2026-05-18 01:20:32.928 [info] [         27ms] [/home/amar/Code/helotui] git rev-list --max-parents=0 HEAD -- • completed
2026-05-18 01:20:32.940 [info] [         39ms] [/home/amar/Code/first-contributions] git rev-list --max-parents=0 HEAD -- • completed
2026-05-18 01:22:27.909 [info] [         17ms] [/home/amar/Code/helotui] git for-each-ref --format=%1E%(HEAD)%1D%(refname)%1D%(upstream)%1D%(upstream:track)%1D%(objectname)%1D%(committerdate:iso8601)%1D%(worktreepath)%1D refs/heads/ refs/remotes/ • completed
2026-05-18 01:22:27.911 [info] [          9ms] [/home/amar/Code/helotui] git config --get-regex -f /home/amar/Code/helotui/.git/gk/config ^branch\..*\.gk-(last-(accessed|modified)|disposition)$ • completed
2026-05-18 01:22:27.924 [error] [         10ms] [/home/amar/Code/helotui] git rev-parse --abbrev-ref --symbolic-full-name @ @{u} -- • FAILED
Error: fatal: bad revision '@'
2026-05-18 01:22:27.934 [info] [          9ms] [/home/amar/Code/helotui] git symbolic-ref --short HEAD • completed
2026-05-18 01:22:27.943 [info] [          8ms] [/home/amar/Code/helotui] git log -n1 --format=%ct -- • completed
2026-05-18 01:22:27.955 [info] [          9ms] [/home/amar/Code/helotui] git config --get -f /home/amar/Code/helotui/.git/gk/config branch.master.gk-last-accessed • completed
2026-05-18 01:22:27.968 [info] [         10ms] [/home/amar/Code/helotui] git config -f /home/amar/Code/helotui/.git/gk/config branch.master.gk-last-accessed 2026-05-17T19:52:27.945Z • completed
2026-05-18 01:29:48.464 [error] [         13ms] [/home/amar/Code/summa] git rev-parse --show-toplevel --git-dir --git-common-dir --show-superproject-working-tree • FAILED
Error: fatal: not a git repository (or any of the parent directories): .git
