2026-05-18 01:19:57.462 [info] To enable debug logging, run "GitLens: Enable Debug Logging" or "Developer: Set Log Level..." from the Command Palette
2026-05-18 01:19:57.462 [info]    [            1] GitLens v17.12.2  activating in Code - OSS (1.119.0) on the desktop; mode=production,language='en', logLevel='info', defaultDateLocale='null' (code-oss|someValue.machineId|someValue.sessionId)
2026-05-18 01:19:57.462 [warning] [            1] GitLens v17.12.2 activated [269ms]
2026-05-18 01:19:57.462 [info]    [   6e →    6f] GlCliGitProvider.findGit Git (2.54.0) found in /usr/bin/git [370ms]
2026-05-18 01:19:57.462 [info]    [   6e →    98] GlCliGitProvider.repositorySearch(/home/amar/Code) searching (depth=1)...
2026-05-18 01:19:57.462 [error]   [GIT          ] [/home/amar/Code] git rev-parse --show-toplevel --git-dir --git-common-dir --show-superproject-working-tree · not a git repository (or any of the parent directories): .git [186ms]
2026-05-18 01:19:57.504 [info]    [IPC          ] Server started on http://127.0.0.1:43817
2026-05-18 01:19:57.507 [info]    [GIT      32ms] [/home/amar/Code/CAN] git rev-parse --show-toplevel --git-dir --git-common-dir --show-superproject-working-tree [32ms]
2026-05-18 01:19:57.579 [info]    [   6e →    98] GlCliGitProvider.repositorySearch(/home/amar/Code) found repository in '/home/amar/Code/CAN'
2026-05-18 01:19:57.624 [info]    [GIT      34ms] [/home/amar/Code/batcheck] git rev-parse --show-toplevel --git-dir --git-common-dir --show-superproject-working-tree [34ms]
2026-05-18 01:19:57.647 [info]    [   6e →    98] GlCliGitProvider.repositorySearch(/home/amar/Code) found repository in '/home/amar/Code/batcheck'
2026-05-18 01:19:57.677 [info]    [GIT      27ms] [/home/amar/Code/first-contributions] git rev-parse --show-toplevel --git-dir --git-common-dir --show-superproject-working-tree [27ms]
2026-05-18 01:19:57.808 [info]    [   6e →    98] GlCliGitProvider.repositorySearch(/home/amar/Code) found repository in '/home/amar/Code/first-contributions'
2026-05-18 01:19:57.863 [info]    [GIT      53ms] [/home/amar/Code/helotui] git rev-parse --show-toplevel --git-dir --git-common-dir --show-superproject-working-tree [53ms]
2026-05-18 01:19:57.887 [info]    [   6e →    98] GlCliGitProvider.repositorySearch(/home/amar/Code) found repository in '/home/amar/Code/helotui'
2026-05-18 01:19:58.014 [info]    [GIT     115ms] [/home/amar/Code/CAN] git ls-files -- main.c [115ms]
2026-05-18 01:19:58.084 [info]    [GIT      62ms] [/home/amar/Code/CAN] git config --get-regex ^user\.(name|email)$ [62ms]
2026-05-18 01:19:58.151 [info]    [GIT      66ms] [/home/amar/Code/CAN] git check-mailmap Amar Keshav <amarkeshav14@gmail.com> [66ms]
2026-05-18 01:19:58.154 [info]    [GIT      92ms] [/home/amar/Code/CAN] git rev-parse --show-toplevel --git-dir --git-common-dir --show-superproject-working-tree [92ms]
2026-05-18 01:19:58.178 [info]    [GIT:→1       ] (spawn) [/home/amar/Code/CAN] git blame --root --incremental --encoding=utf-8 -- main.c · starting...
2026-05-18 01:19:58.241 [info]    [GIT:←1   71ms] (spawn) [/home/amar/Code/CAN] git blame --root --incremental --encoding=utf-8 -- main.c [71ms]
2026-05-18 01:19:58.291 [info]    [GIT:→2       ] (spawn) [/home/amar/Code/CAN] git blame --root --incremental --encoding=utf-8 HEAD -- main.c · starting...
2026-05-18 01:19:58.304 [info]    [GIT      58ms] [/home/amar/Code/CAN] git show --textconv HEAD:./main.c -- [58ms]
2026-05-18 01:19:58.308 [info]    [GIT     115ms] [/home/amar/Code/CAN] git remote -v [115ms]
2026-05-18 01:19:58.315 [warning] [   73 →    74] GitProviderService.getOrOpenRepository(e=Uri(file:///home/amar/Code/CAN), t={"detectNested":true}) returned GlRepository(/home/amar/Code/CAN|1) [*1666ms] (slow)
2026-05-18 01:19:58.325 [info]    [GIT:←2   42ms] (spawn) [/home/amar/Code/CAN] git blame --root --incremental --encoding=utf-8 HEAD -- main.c [42ms]
2026-05-18 01:19:58.332 [info]    [GIT      15ms] [/home/amar/Code/CAN] git config --get -f /home/amar/Code/CAN/.git/gk/config gk.defaultRemote [15ms]
2026-05-18 01:19:58.370 [info]    [GIT      31ms] [/home/amar/Code/CAN] git status --porcelain=v2 --branch -u --find-renames -- [31ms]
2026-05-18 01:19:58.444 [info]    [GIT      72ms] [/home/amar/Code/CAN] git log --format=%x1E%H%x1D -n2 -L2,2:main.c [72ms]
2026-05-18 01:19:58.466 [info]    [GIT      19ms] [/home/amar/Code/CAN] git rev-parse --verify --end-of-options 24919d7b0fe1ec41175941d59f657c95f5f08970^^{commit} [19ms]
2026-05-18 01:19:58.496 [info]    [GIT      38ms] [/home/amar/Code/batcheck] git remote -v [38ms]
2026-05-18 01:19:58.528 [info]    [GIT      11ms] [/home/amar/Code/batcheck] git config --get -f /home/amar/Code/batcheck/.git/gk/config gk.defaultRemote [11ms]
2026-05-18 01:19:58.558 [info]    [GIT      19ms] [/home/amar/Code/first-contributions] git remote -v [19ms]
2026-05-18 01:19:58.584 [info]    [GIT      14ms] [/home/amar/Code/helotui] git remote -v [14ms]
2026-05-18 01:19:58.585 [info]    [GIT      25ms] [/home/amar/Code/first-contributions] git config --get -f /home/amar/Code/first-contributions/.git/gk/config gk.defaultRemote [25ms]
2026-05-18 01:19:58.603 [warning] [    c →     d] ServerConnection.fetch(url=https://configs.gitkraken.dev/gitlens/product.json, options=undefined) completed [*2096ms] (slow)
2026-05-18 01:19:58.603 [warning] [    b →     c] ServerConnection.fetchGkConfig(path=product.json, options=undefined) completed [*2096ms] (slow)
2026-05-18 01:19:58.607 [info]    [GIT      20ms] [/home/amar/Code/helotui] git config --get -f /home/amar/Code/helotui/.git/gk/config gk.defaultRemote [20ms]
2026-05-18 01:20:10.990 [error]   [GIT          ] [/home/amar/Code/summa] git rev-parse --show-toplevel --git-dir --git-common-dir --show-superproject-working-tree · not a git repository (or any of the parent directories): .git [13ms]
2026-05-18 01:20:32.927 [info]    [GIT      26ms] [/home/amar/Code/batcheck] git rev-list --max-parents=0 HEAD -- [26ms]
2026-05-18 01:20:32.928 [info]    [GIT      27ms] [/home/amar/Code/CAN] git rev-list --max-parents=0 HEAD -- [27ms]
2026-05-18 01:20:32.928 [info]    [GIT      27ms] [/home/amar/Code/helotui] git rev-list --max-parents=0 HEAD -- [27ms]
2026-05-18 01:20:32.940 [info]    [GIT      39ms] [/home/amar/Code/first-contributions] git rev-list --max-parents=0 HEAD -- [39ms]
2026-05-18 01:20:32.944 [info]    [  2ce →   2cf] LocalSharedGkStorageLocationProvider.load Using shared GK path: /home/amar/.local/share/gk
2026-05-18 01:22:27.909 [info]    [GIT      17ms] [/home/amar/Code/helotui] git for-each-ref --format=%1E%(HEAD)%1D%(refname)%1D%(upstream)%1D%(upstream:track)%1D%(objectname)%1D%(committerdate:iso8601)%1D%(worktreepath)%1D refs/heads/ refs/remotes/ [17ms]
2026-05-18 01:22:27.911 [info]    [GIT       9ms] [/home/amar/Code/helotui] git config --get-regex -f /home/amar/Code/helotui/.git/gk/config ^branch\..*\.gk-(last-(accessed|modified)|disposition)$ [9ms]
2026-05-18 01:22:27.923 [error]   [GIT          ] [/home/amar/Code/helotui] git rev-parse --abbrev-ref --symbolic-full-name @ @{u} -- · bad revision '@' [10ms]
2026-05-18 01:22:27.934 [info]    [GIT       9ms] [/home/amar/Code/helotui] git symbolic-ref --short HEAD [9ms]
2026-05-18 01:22:27.943 [info]    [GIT       8ms] [/home/amar/Code/helotui] git log -n1 --format=%ct -- [8ms]
2026-05-18 01:22:27.955 [info]    [GIT       9ms] [/home/amar/Code/helotui] git config --get -f /home/amar/Code/helotui/.git/gk/config branch.master.gk-last-accessed [9ms]
2026-05-18 01:22:27.968 [info]    [GIT      10ms] [/home/amar/Code/helotui] git config -f /home/amar/Code/helotui/.git/gk/config branch.master.gk-last-accessed 2026-05-17T19:52:27.945Z [10ms]
2026-05-18 01:29:48.464 [error]   [GIT          ] [/home/amar/Code/summa] git rev-parse --show-toplevel --git-dir --git-common-dir --show-superproject-working-tree · not a git repository (or any of the parent directories): .git [13ms]
