2026-05-20 14:05:45.711 [info] Reading sessions from keychain...
2026-05-20 14:05:45.711 [info] Getting sessions for all scopes...
2026-05-20 14:05:45.711 [info] Got 0 sessions for ...
2026-05-20 14:05:45.711 [info] Getting sessions for all scopes...
2026-05-20 14:05:45.711 [info] Got 0 sessions for ...
2026-05-20 14:05:45.711 [info] Getting sessions for all scopes...
2026-05-20 14:05:45.711 [info] Got 0 sessions for ...
2026-05-20 14:05:47.427 [info] Getting sessions for read:user,repo,user:email...
2026-05-20 14:05:47.427 [info] Got 0 sessions for read:user,repo,user:email...
2026-05-20 14:05:47.664 [info] Getting sessions for read:user,repo,user:email...
2026-05-20 14:05:47.664 [info] Got 0 sessions for read:user,repo,user:email...
2026-05-20 14:05:48.026 [info] Getting sessions for read:user,repo,user:email,workflow...
2026-05-20 14:05:48.026 [info] Got 0 sessions for read:user,repo,user:email,workflow...
2026-05-20 14:05:48.027 [info] Getting sessions for read:user,repo,user:email...
2026-05-20 14:05:48.027 [info] Got 0 sessions for read:user,repo,user:email...
2026-05-20 14:05:48.218 [info] Getting sessions for all scopes...
2026-05-20 14:05:48.218 [info] Got 0 sessions for ...
2026-05-20 14:05:48.223 [info] Getting sessions for read:user,repo,user:email...
2026-05-20 14:05:48.223 [info] Got 0 sessions for read:user,repo,user:email...
2026-05-20 14:05:48.295 [info] Getting sessions for read:user,repo,user:email...
2026-05-20 14:05:48.295 [info] Got 0 sessions for read:user,repo,user:email...
2026-05-20 14:05:48.475 [info] Getting sessions for read:user,repo,user:email...
2026-05-20 14:05:48.475 [info] Got 0 sessions for read:user,repo,user:email...
2026-05-20 14:05:48.763 [info] Getting sessions for read:user,repo,user:email,workflow...
2026-05-20 14:05:48.764 [info] Got 0 sessions for read:user,repo,user:email,workflow...
2026-05-20 14:05:48.832 [info] Getting sessions for read:user,repo,user:email...
2026-05-20 14:05:48.832 [info] Got 0 sessions for read:user,repo,user:email...
2026-05-20 14:05:49.149 [info] Getting sessions for read:user,repo,user:email,workflow...
2026-05-20 14:05:49.149 [info] Got 0 sessions for read:user,repo,user:email,workflow...
