2026-05-15 23:32:24.237 [error] [        160ms] [/home/amar/Code] git rev-parse --show-toplevel --git-dir --git-common-dir --show-superproject-working-tree • FAILED
Error: fatal: not a git repository (or any of the parent directories): .git
2026-05-15 23:32:24.276 [info] [         30ms] [/home/amar/Code/batcheck] git rev-parse --show-toplevel --git-dir --git-common-dir --show-superproject-working-tree • completed
2026-05-15 23:32:24.450 [info] [         65ms] [/home/amar/Code/first-contributions] git rev-parse --show-toplevel --git-dir --git-common-dir --show-superproject-working-tree • completed
2026-05-15 23:32:24.553 [info] [         37ms] [/home/amar/Code/helotui] git rev-parse --show-toplevel --git-dir --git-common-dir --show-superproject-working-tree • completed
2026-05-15 23:32:24.788 [error] [         24ms] [/home/amar/Code/apitry] git rev-parse --show-toplevel --git-dir --git-common-dir --show-superproject-working-tree • FAILED
Error: fatal: not a git repository (or any of the parent directories): .git
2026-05-15 23:32:24.888 [info] [         93ms] [/home/amar/Code/batcheck] git remote -v • completed
2026-05-15 23:32:24.967 [info] [         46ms] [/home/amar/Code/batcheck] git config --get -f /home/amar/Code/batcheck/.git/gk/config gk.defaultRemote • completed
2026-05-15 23:32:25.057 [info] [         61ms] [/home/amar/Code/first-contributions] git remote -v • completed
2026-05-15 23:32:25.105 [info] [         36ms] [/home/amar/Code/first-contributions] git config --get -f /home/amar/Code/first-contributions/.git/gk/config gk.defaultRemote • completed
2026-05-15 23:32:25.202 [info] [         77ms] [/home/amar/Code/helotui] git remote -v • completed
2026-05-15 23:32:25.268 [info] [          9ms] [/home/amar/Code/helotui] git config --get-regex ^branch\..*\.gk- • completed
2026-05-15 23:32:25.276 [info] [          7ms] [/home/amar/Code/helotui] git config --get -f /home/amar/Code/helotui/.git/gk/config gk.defaultRemote • completed
2026-05-15 23:32:49.828 [error] [         11ms] [/home/amar/Code/CAN] git rev-parse --show-toplevel --git-dir --git-common-dir --show-superproject-working-tree • FAILED
Error: fatal: not a git repository (or any of the parent directories): .git
2026-05-15 23:32:59.723 [info] [         23ms] [/home/amar/Code/batcheck] git rev-list --max-parents=0 HEAD -- • completed
2026-05-15 23:32:59.725 [info] [         25ms] [/home/amar/Code/helotui] git rev-list --max-parents=0 HEAD -- • completed
2026-05-15 23:32:59.761 [info] [         60ms] [/home/amar/Code/first-contributions] git rev-list --max-parents=0 HEAD -- • completed
2026-05-15 23:32:59.769 [info] [         19ms] [/home/amar/Code/batcheck] git remote -v • completed
2026-05-15 23:34:54.710 [info] [         16ms] [/home/amar/Code/helotui] git for-each-ref --format=%1E%(HEAD)%1D%(refname)%1D%(upstream)%1D%(upstream:track)%1D%(objectname)%1D%(committerdate:iso8601)%1D%(worktreepath)%1D refs/heads/ refs/remotes/ • completed
2026-05-15 23:34:54.711 [info] [          8ms] [/home/amar/Code/helotui] git config --get-regex -f /home/amar/Code/helotui/.git/gk/config ^branch\..*\.gk-(last-(accessed|modified)|disposition)$ • completed
2026-05-15 23:34:54.722 [error] [          8ms] [/home/amar/Code/helotui] git rev-parse --abbrev-ref --symbolic-full-name @ @{u} -- • FAILED
Error: fatal: bad revision '@'
2026-05-15 23:34:54.732 [info] [          9ms] [/home/amar/Code/helotui] git symbolic-ref --short HEAD • completed
2026-05-15 23:34:54.742 [info] [          8ms] [/home/amar/Code/helotui] git log -n1 --format=%ct -- • completed
2026-05-15 23:34:54.752 [info] [          8ms] [/home/amar/Code/helotui] git config --get -f /home/amar/Code/helotui/.git/gk/config branch.master.gk-last-accessed • completed
2026-05-15 23:34:54.764 [info] [          9ms] [/home/amar/Code/helotui] git config -f /home/amar/Code/helotui/.git/gk/config branch.master.gk-last-accessed 2026-05-15T18:04:54.744Z • completed
2026-05-15 23:47:07.327 [error] [         14ms] [/home/amar/Code/CAN] git rev-parse --show-toplevel --git-dir --git-common-dir --show-superproject-working-tree • FAILED
Error: fatal: not a git repository (or any of the parent directories): .git
2026-05-15 23:50:21.108 [error] [         12ms] [/home/amar/Code/CAN] git rev-parse --show-toplevel --git-dir --git-common-dir --show-superproject-working-tree • FAILED
Error: fatal: not a git repository (or any of the parent directories): .git
2026-05-16 00:08:12.837 [error] [         12ms] [/home/amar/Code] git rev-parse --show-toplevel --git-dir --git-common-dir --show-superproject-working-tree • FAILED
Error: fatal: not a git repository (or any of the parent directories): .git
2026-05-16 00:08:12.858 [info] [         13ms] [/home/amar/Code/CAN] git rev-parse --show-toplevel --git-dir --git-common-dir --show-superproject-working-tree • completed
2026-05-16 00:08:12.878 [info] [         14ms] [/home/amar/Code/batcheck] git rev-parse --show-toplevel --git-dir --git-common-dir --show-superproject-working-tree • completed
2026-05-16 00:08:12.894 [info] [         14ms] [/home/amar/Code/first-contributions] git rev-parse --show-toplevel --git-dir --git-common-dir --show-superproject-working-tree • completed
2026-05-16 00:08:12.933 [info] [         36ms] [/home/amar/Code/helotui] git rev-parse --show-toplevel --git-dir --git-common-dir --show-superproject-working-tree • completed
2026-05-16 00:08:13.016 [info] [         17ms] [/home/amar/Code/CAN] git remote -v • completed
2026-05-16 00:08:13.048 [info] [         10ms] [/home/amar/Code/CAN] git config --get-regex ^branch\..*\.gk- • completed
2026-05-16 00:08:13.059 [info] [         10ms] [/home/amar/Code/CAN] git config --get -f /home/amar/Code/CAN/.git/gk/config gk.defaultRemote • completed
2026-05-16 00:08:47.961 [info] [         10ms] [/home/amar/Code/CAN] git rev-list --max-parents=0 HEAD -- • completed
2026-05-16 00:10:42.958 [info] [         15ms] [/home/amar/Code/CAN] git for-each-ref --format=%1E%(HEAD)%1D%(refname)%1D%(upstream)%1D%(upstream:track)%1D%(objectname)%1D%(committerdate:iso8601)%1D%(worktreepath)%1D refs/heads/ refs/remotes/ • completed
2026-05-16 00:10:42.959 [info] [          7ms] [/home/amar/Code/CAN] git config --get-regex -f /home/amar/Code/CAN/.git/gk/config ^branch\..*\.gk-(last-(accessed|modified)|disposition)$ • completed
2026-05-16 00:10:42.970 [error] [          9ms] [/home/amar/Code/CAN] git rev-parse --abbrev-ref --symbolic-full-name @ @{u} -- • FAILED
Error: fatal: bad revision '@'
2026-05-16 00:10:42.979 [info] [          9ms] [/home/amar/Code/CAN] git symbolic-ref --short HEAD • completed
2026-05-16 00:10:42.987 [info] [          7ms] [/home/amar/Code/CAN] git log -n1 --format=%ct -- • completed
2026-05-16 00:10:42.995 [info] [          7ms] [/home/amar/Code/CAN] git config --get -f /home/amar/Code/CAN/.git/gk/config branch.master.gk-last-accessed • completed
2026-05-16 00:10:43.006 [info] [          9ms] [/home/amar/Code/CAN] git config -f /home/amar/Code/CAN/.git/gk/config branch.master.gk-last-accessed 2026-05-15T18:40:42.987Z • completed
2026-05-16 00:11:19.729 [info] [          9ms] [/home/amar/Code/CAN] git ls-files -- .gitignore • completed
2026-05-16 00:13:02.801 [info] [          8ms] [/home/amar/Code/CAN] git ls-files -- main.c • completed
2026-05-16 00:13:02.816 [info] [→1           ] (spawn) [/home/amar/Code/CAN] git blame --root --incremental --encoding=utf-8 -- main.c • starting...
2026-05-16 00:13:02.821 [info] [←1       13ms] (spawn) [/home/amar/Code/CAN] git blame --root --incremental --encoding=utf-8 -- main.c • completed
2026-05-16 00:13:02.847 [info] [→2           ] (spawn) [/home/amar/Code/CAN] git blame --root --incremental --encoding=utf-8 HEAD -- main.c • starting...
2026-05-16 00:13:02.848 [info] [         25ms] [/home/amar/Code/CAN] git show --textconv HEAD:./main.c -- • completed
2026-05-16 00:13:02.852 [info] [←2       11ms] (spawn) [/home/amar/Code/CAN] git blame --root --incremental --encoding=utf-8 HEAD -- main.c • completed
2026-05-16 00:14:15.329 [info] [          9ms] [/home/amar/Code/CAN] git config --get -f /home/amar/Code/CAN/.git/gk/config branch.master.gk-last-accessed • completed
2026-05-16 00:14:15.339 [info] [          9ms] [/home/amar/Code/CAN] git config --get -f /home/amar/Code/CAN/.git/gk/config branch.master.gk-last-modified • completed
2026-05-16 00:14:15.349 [info] [          8ms] [/home/amar/Code/CAN] git config -f /home/amar/Code/CAN/.git/gk/config branch.master.gk-last-modified 2026-05-15T18:44:15.319Z • completed
2026-05-16 00:15:42.466 [info] [         17ms] [/home/amar/Code/CAN] git ls-files -- main.c • completed
2026-05-16 00:17:18.423 [info] [         12ms] [/home/amar/Code/CAN] git ls-files -- main.c • completed
2026-05-16 00:18:11.090 [info] [         10ms] [/home/amar/Code/CAN] git ls-files -- main.c • completed
2026-05-16 00:18:13.895 [info] [         13ms] [/home/amar/Code/CAN] git show --textconv HEAD:./main.c -- • completed
2026-05-16 00:19:05.309 [info] [         10ms] [/home/amar/Code/CAN] git ls-files -- main.c • completed
2026-05-16 00:20:52.025 [info] [         13ms] [/home/amar/Code/CAN] git ls-files -- main.c • completed
2026-05-16 00:21:52.164 [info] [         10ms] [/home/amar/Code/CAN] git ls-files -- main.c • completed
2026-05-16 00:22:13.038 [info] [         11ms] [] git status --porcelain=v2 --branch -u --find-renames -- • completed
2026-05-16 00:22:13.063 [info] [         22ms] [] git log --format=%x1E%H%x1D -n2 -L1,1:/main.c • completed
2026-05-16 00:22:13.068 [info] [         16ms] [] git diff --no-ext-diff --minimal -U0 -M --diff-filter=M -- /home/amar/Code/CAN/main.c • completed
2026-05-16 00:22:13.095 [error] [         25ms] [] git diff --no-ext-diff --minimal -U0 -M --diff-filter=M --staged -- /home/amar/Code/CAN/main.c • FAILED
Error: error: unknown option `staged'
usage: git diff --no-index [<options>] <path> <path> [<pathspec>...]

Diff output format options
    -p, --patch           generate patch
    -s, --no-patch        suppress diff output
    -u                    generate patch
    -U, --unified[=<n>]   generate diffs with <n> lines context
    -W, --[no-]function-context
                          generate diffs with <n> lines context
    --raw                 generate the diff in raw format
    --patch-with-raw      synonym for '-p --raw'
    --patch-with-stat     synonym for '-p --stat'
    --numstat             machine friendly --stat
    --shortstat           output only the last line of --stat
    -X, --dirstat[=<param1>,<param2>...]
                          output the distribution of relative amount of changes for each sub-directory
    --cumulative          synonym for --dirstat=cumulative
    --dirstat-by-file[=<param1>,<param2>...]
                          synonym for --dirstat=files,<param1>,<param2>...
    --check               warn if changes introduce conflict markers or whitespace errors
    --summary             condensed summary such as creations, renames and mode changes
    --name-only           show only names of changed files
    --name-status         show only names and status of changed files
    --stat[=<width>[,<name-width>[,<count>]]]
                          generate diffstat
    --stat-width <width>  generate diffstat with a given width
    --stat-name-width <width>
                          generate diffstat with a given name width
    --stat-graph-width <width>
                          generate diffstat with a given graph width
    --stat-count <count>  generate diffstat with limited lines
    --[no-]compact-summary
                          generate compact summary in diffstat
    --binary              output a binary diff that can be applied
    --[no-]full-index     show full pre- and post-image object names on the "index" lines
    --[no-]color[=<when>] show colored diff
    --ws-error-highlight <kind>
                          highlight whitespace errors in the 'context', 'old' or 'new' lines in the diff
    -z                    do not munge pathnames and use NULs as output field terminators in --raw or --numstat
    --[no-]abbrev[=<n>]   use <n> digits to display object names
    --src-prefix <prefix> show the given source prefix instead of "a/"
    --dst-prefix <prefix> show the given destination prefix instead of "b/"
    --line-prefix <prefix>
                          prepend an additional prefix to every line of output
    --no-prefix           do not show any source or destination prefix
    --default-prefix      use default prefixes a/ and b/
    --inter-hunk-context <n>
                          show context between diff hunks up to the specified number of lines
    --output-indicator-new <char>
                          specify the character to indicate a new line instead of '+'
    --output-indicator-old <char>
                          specify the character to indicate an old line instead of '-'
    --output-indicator-context <char>
                          specify the character to indicate a context instead of ' '

Diff rename options
    -B, --break-rewrites[=<n>[/<m>]]
                          break complete rewrite changes into pairs of delete and create
    -M, --find-renames[=<n>]
                          detect renames
    -D, --irreversible-delete
                          omit the preimage for deletes
    -C, --find-copies[=<n>]
                          detect copies
    --[no-]find-copies-harder
                          use unmodified files as source to find copies
    --no-renames          disable rename detection
    --[no-]rename-empty   use empty blobs as rename source
    --[no-]follow         continue listing the history of a file beyond renames
    -l <n>                prevent rename/copy detection if the number of rename/copy targets exceeds given limit

Diff algorithm options
    --minimal             produce the smallest possible diff
    -w, --ignore-all-space
                          ignore whitespace when comparing lines
    -b, --ignore-space-change
                          ignore changes in amount of whitespace
    --ignore-space-at-eol ignore changes in whitespace at EOL
    --ignore-cr-at-eol    ignore carrier-return at the end of line
    --ignore-blank-lines  ignore changes whose lines are all blank
    -I, --[no-]ignore-matching-lines <regex>
                          ignore changes whose all lines match <regex>
    --[no-]indent-heuristic
                          heuristic to shift diff hunk boundaries for easy reading
    --patience            generate diff using the "patience diff" algorithm
    --histogram           generate diff using the "histogram diff" algorithm
    --diff-algorithm <algorithm>
                          choose a diff algorithm
    --anchored <text>     generate diff using the "anchored diff" algorithm
    --word-diff[=<mode>]  show word diff, using <mode> to delimit changed words
    --word-diff-regex <regex>
                          use <regex> to decide what a word is
    --color-words[=<regex>]
                          equivalent to --word-diff=color --word-diff-regex=<regex>
    --[no-]color-moved[=<mode>]
                          moved lines of code are colored differently
    --[no-]color-moved-ws <mode>
                          how white spaces are ignored in --color-moved

Other diff options
    --[no-]relative[=<prefix>]
                          when run from subdir, exclude changes outside and show relative paths
    -a, --[no-]text       treat all files as text
    -R                    swap two inputs, reverse the diff
    --[no-]exit-code      exit with 1 if there were differences, 0 otherwise
    --[no-]quiet          disable all output of the program
    --[no-]ext-diff       allow an external diff helper to be executed
    --[no-]textconv       run external text conversion filters when comparing binary files
    --ignore-submodules[=<when>]
                          ignore changes to submodules in the diff generation
    --submodule[=<format>]
                          specify how differences in submodules are shown
    --ita-invisible-in-index
                          hide 'git add -N' entries from the index
    --ita-visible-in-index
                          treat 'git add -N' entries as real in the index
    -S <string>           look for differences that change the number of occurrences of the specified string
    -G <regex>            look for differences that change the number of occurrences of the specified regex
    --pickaxe-all         show all changes in the changeset with -S or -G
    --pickaxe-regex       treat <string> in -S as extended POSIX regular expression
    -O <file>             control the order in which files appear in the output
    --rotate-to <path>    show the change in the specified path first
    --skip-to <path>      skip the output to the specified path
    --find-object <object-id>
                          look for differences that change the number of occurrences of the specified object
    --diff-filter [(A|C|D|M|R|T|U|X|B)...[*]]
                          select files by diff type
    --max-depth <depth>   maximum tree depth to recurse
    --output <file>       output to a specific file
2026-05-16 00:22:13.884 [info] [         13ms] [] git status --porcelain=v2 --branch -u --find-renames -- • completed
2026-05-16 00:22:13.896 [info] [         10ms] [] git log --format=%x1E%H%x1D -n2 -L1,1:/main.c • completed
2026-05-16 00:22:52.626 [info] [         13ms] [/home/amar/Code/CAN] git ls-files -- main.c • completed
2026-05-16 00:23:29.807 [info] [→3           ] (spawn) [/home/amar/Code/CAN] git blame --root --incremental --encoding=utf-8 -- main.c • starting...
2026-05-16 00:23:29.810 [info] [←3       13ms] (spawn) [/home/amar/Code/CAN] git blame --root --incremental --encoding=utf-8 -- main.c • completed
2026-05-16 00:23:29.827 [info] [→4           ] (spawn) [/home/amar/Code/CAN] git blame --root --incremental --encoding=utf-8 HEAD -- main.c • starting...
2026-05-16 00:23:29.831 [info] [         20ms] [/home/amar/Code/CAN] git show --textconv HEAD:./main.c -- • completed
2026-05-16 00:23:29.832 [info] [←4       11ms] (spawn) [/home/amar/Code/CAN] git blame --root --incremental --encoding=utf-8 HEAD -- main.c • completed
2026-05-16 00:23:32.685 [info] [         22ms] [] git cat-file commit 24919d7b0fe1ec41175941d59f657c95f5f08970 • completed
2026-05-16 00:23:32.685 [info] [         23ms] [] git log --format=%x1E%H%x1D --summary -n1 24919d7b0fe1ec41175941d59f657c95f5f08970^ -- main.c • completed
2026-05-16 00:23:32.691 [info] [         15ms] [] git log --format=%x1E%H%x1D%aN%x1D%aE%x1D%at%x1D%cN%x1D%cE%x1D%ct%x1D%P%x1D%D%x1D%B%x1D --numstat --raw -M --use-mailmap -m --no-min-parents -n1 24919d7b0fe1ec41175941d59f657c95f5f08970 -- • completed
2026-05-16 00:23:53.968 [info] [         14ms] [/home/amar/Code/CAN] git ls-files -- main.c • completed
2026-05-16 00:25:21.455 [info] [         10ms] [/home/amar/Code/CAN] git ls-files -- main.c • completed
2026-05-16 00:26:52.494 [info] [         10ms] [/home/amar/Code/CAN] git ls-files -- main.c • completed
2026-05-16 00:28:11.033 [info] [         10ms] [/home/amar/Code/CAN] git ls-files -- main.c • completed
2026-05-16 00:28:28.684 [info] [          9ms] [/home/amar/Code/CAN] git show --textconv HEAD:./main.c -- • completed
2026-05-16 00:28:37.982 [info] [         12ms] [/home/amar/Code/CAN] git show --textconv HEAD:./main.c -- • completed
2026-05-16 00:29:04.605 [info] [         19ms] [] git cat-file commit 24919d7b0fe1ec41175941d59f657c95f5f08970 • completed
2026-05-16 00:29:04.608 [info] [         13ms] [] git log --format=%x1E%H%x1D%aN%x1D%aE%x1D%at%x1D%cN%x1D%cE%x1D%ct%x1D%P%x1D%D%x1D%B%x1D --numstat --raw -M --use-mailmap -m --no-min-parents -n1 24919d7b0fe1ec41175941d59f657c95f5f08970 -- • completed
2026-05-16 00:30:20.281 [info] [          8ms] [/home/amar/Code/CAN] git ls-files -- main.c • completed
2026-05-16 00:30:21.053 [info] [         12ms] [/home/amar/Code/CAN] git show --textconv HEAD:./main.c -- • completed
2026-05-16 00:30:26.405 [info] [         11ms] [/home/amar/Code/CAN] git show --textconv HEAD:./main.c -- • completed
2026-05-16 00:30:31.989 [info] [         11ms] [/home/amar/Code/CAN] git show --textconv HEAD:./main.c -- • completed
2026-05-16 00:30:37.174 [info] [          9ms] [/home/amar/Code/CAN] git show --textconv HEAD:./main.c -- • completed
2026-05-16 00:30:47.897 [info] [         13ms] [/home/amar/Code/CAN] git show --textconv HEAD:./main.c -- • completed
2026-05-16 00:30:51.333 [info] [         12ms] [/home/amar/Code/CAN] git show --textconv HEAD:./main.c -- • completed
2026-05-16 00:30:52.340 [info] [          9ms] [/home/amar/Code/CAN] git show --textconv HEAD:./main.c -- • completed
2026-05-16 00:30:54.203 [info] [         10ms] [/home/amar/Code/CAN] git show --textconv HEAD:./main.c -- • completed
2026-05-16 00:30:56.230 [info] [         14ms] [/home/amar/Code/CAN] git show --textconv HEAD:./main.c -- • completed
2026-05-16 00:30:59.298 [info] [          9ms] [/home/amar/Code/CAN] git show --textconv HEAD:./main.c -- • completed
2026-05-16 00:31:03.050 [info] [         12ms] [/home/amar/Code/CAN] git show --textconv HEAD:./main.c -- • completed
2026-05-16 00:31:10.992 [info] [         12ms] [/home/amar/Code/CAN] git show --textconv HEAD:./main.c -- • completed
2026-05-16 00:31:13.471 [info] [         14ms] [/home/amar/Code/CAN] git show --textconv HEAD:./main.c -- • completed
2026-05-16 00:31:16.757 [info] [         13ms] [/home/amar/Code/CAN] git show --textconv HEAD:./main.c -- • completed
2026-05-16 00:31:20.523 [info] [         13ms] [/home/amar/Code/CAN] git ls-files -- main.c • completed
2026-05-16 00:31:21.305 [info] [         15ms] [/home/amar/Code/CAN] git show --textconv HEAD:./main.c -- • completed
2026-05-16 00:31:28.300 [info] [         11ms] [/home/amar/Code/CAN] git show --textconv HEAD:./main.c -- • completed
2026-05-16 00:31:30.605 [info] [         11ms] [/home/amar/Code/CAN] git show --textconv HEAD:./main.c -- • completed
2026-05-16 00:31:33.374 [info] [         12ms] [/home/amar/Code/CAN] git show --textconv HEAD:./main.c -- • completed
2026-05-16 00:31:35.656 [info] [         12ms] [/home/amar/Code/CAN] git show --textconv HEAD:./main.c -- • completed
2026-05-16 00:31:36.992 [info] [         15ms] [/home/amar/Code/CAN] git show --textconv HEAD:./main.c -- • completed
2026-05-16 00:31:42.584 [info] [         15ms] [/home/amar/Code/CAN] git show --textconv HEAD:./main.c -- • completed
2026-05-16 00:31:44.817 [info] [         10ms] [/home/amar/Code/CAN] git show --textconv HEAD:./main.c -- • completed
2026-05-16 00:31:46.469 [info] [         11ms] [/home/amar/Code/CAN] git show --textconv HEAD:./main.c -- • completed
2026-05-16 00:31:49.557 [info] [         11ms] [/home/amar/Code/CAN] git show --textconv HEAD:./main.c -- • completed
2026-05-16 00:31:55.243 [info] [         15ms] [/home/amar/Code/CAN] git show --textconv HEAD:./main.c -- • completed
2026-05-16 00:31:57.676 [info] [          9ms] [/home/amar/Code/CAN] git show --textconv HEAD:./main.c -- • completed
2026-05-16 00:32:01.355 [info] [         10ms] [/home/amar/Code/CAN] git show --textconv HEAD:./main.c -- • completed
2026-05-16 00:32:07.134 [info] [         11ms] [/home/amar/Code/CAN] git show --textconv HEAD:./main.c -- • completed
2026-05-16 00:32:20.986 [info] [         12ms] [/home/amar/Code/CAN] git ls-files -- main.c • completed
2026-05-16 00:32:20.999 [info] [         11ms] [/home/amar/Code/CAN] git show --textconv HEAD:./main.c -- • completed
2026-05-16 00:32:22.363 [info] [         11ms] [/home/amar/Code/CAN] git show --textconv HEAD:./main.c -- • completed
2026-05-16 00:32:25.127 [info] [         11ms] [/home/amar/Code/CAN] git show --textconv HEAD:./main.c -- • completed
2026-05-16 00:32:31.516 [info] [         12ms] [/home/amar/Code/CAN] git show --textconv HEAD:./main.c -- • completed
2026-05-16 00:32:39.520 [info] [         12ms] [/home/amar/Code/CAN] git show --textconv HEAD:./main.c -- • completed
2026-05-16 00:32:41.122 [info] [         12ms] [/home/amar/Code/CAN] git show --textconv HEAD:./main.c -- • completed
2026-05-16 00:32:44.549 [info] [         11ms] [/home/amar/Code/CAN] git show --textconv HEAD:./main.c -- • completed
2026-05-16 00:32:47.148 [info] [         10ms] [/home/amar/Code/CAN] git show --textconv HEAD:./main.c -- • completed
2026-05-16 00:32:49.364 [info] [         13ms] [/home/amar/Code/CAN] git show --textconv HEAD:./main.c -- • completed
2026-05-16 00:32:52.819 [info] [         10ms] [/home/amar/Code/CAN] git show --textconv HEAD:./main.c -- • completed
2026-05-16 00:32:57.862 [info] [         12ms] [/home/amar/Code/CAN] git show --textconv HEAD:./main.c -- • completed
2026-05-16 00:32:59.183 [info] [         14ms] [/home/amar/Code/CAN] git show --textconv HEAD:./main.c -- • completed
2026-05-16 00:33:07.346 [info] [         12ms] [/home/amar/Code/CAN] git show --textconv HEAD:./main.c -- • completed
2026-05-16 00:33:07.678 [info] [         17ms] [] git cat-file commit 24919d7b0fe1ec41175941d59f657c95f5f08970 • completed
2026-05-16 00:33:07.682 [info] [         11ms] [] git log --format=%x1E%H%x1D%aN%x1D%aE%x1D%at%x1D%cN%x1D%cE%x1D%ct%x1D%P%x1D%D%x1D%B%x1D --numstat --raw -M --use-mailmap -m --no-min-parents -n1 24919d7b0fe1ec41175941d59f657c95f5f08970 -- • completed
2026-05-16 00:33:13.350 [info] [         11ms] [/home/amar/Code/CAN] git show --textconv HEAD:./main.c -- • completed
2026-05-16 00:33:21.456 [info] [         11ms] [/home/amar/Code/CAN] git ls-files -- main.c • completed
2026-05-16 00:33:22.228 [info] [         10ms] [/home/amar/Code/CAN] git show --textconv HEAD:./main.c -- • completed
2026-05-16 00:33:23.935 [info] [         11ms] [/home/amar/Code/CAN] git show --textconv HEAD:./main.c -- • completed
2026-05-16 00:33:30.670 [info] [→5           ] (spawn) [/home/amar/Code/CAN] git blame --root --incremental --encoding=utf-8 -- main.c • starting...
2026-05-16 00:33:30.674 [info] [←5       11ms] (spawn) [/home/amar/Code/CAN] git blame --root --incremental --encoding=utf-8 -- main.c • completed
2026-05-16 00:33:30.692 [info] [→6           ] (spawn) [/home/amar/Code/CAN] git blame --root --incremental --encoding=utf-8 HEAD -- main.c • starting...
2026-05-16 00:33:30.692 [info] [         17ms] [/home/amar/Code/CAN] git show --textconv HEAD:./main.c -- • completed
2026-05-16 00:33:30.696 [info] [←6       10ms] (spawn) [/home/amar/Code/CAN] git blame --root --incremental --encoding=utf-8 HEAD -- main.c • completed
2026-05-16 00:34:37.709 [info] [         11ms] [/home/amar/Code/CAN] git ls-files -- main.c • completed
2026-05-16 00:35:45.981 [info] [          9ms] [/home/amar/Code/CAN] git ls-files -- main.c • completed
2026-05-16 00:36:46.226 [info] [         12ms] [/home/amar/Code/CAN] git ls-files -- main.c • completed
2026-05-16 00:37:19.000 [info] [         20ms] [] git status --porcelain=v2 --branch -u --find-renames -- • completed
2026-05-16 00:37:19.012 [info] [         11ms] [] git log --format=%x1E%H%x1D -n2 -L1,1:/main.c • completed
2026-05-16 00:37:19.018 [info] [         26ms] [] git diff --no-ext-diff --minimal -U0 -M --diff-filter=M -- /home/amar/Code/CAN/main.c • completed
2026-05-16 00:37:19.030 [error] [         11ms] [] git diff --no-ext-diff --minimal -U0 -M --diff-filter=M --staged -- /home/amar/Code/CAN/main.c • FAILED
Error: error: unknown option `staged'
usage: git diff --no-index [<options>] <path> <path> [<pathspec>...]

Diff output format options
    -p, --patch           generate patch
    -s, --no-patch        suppress diff output
    -u                    generate patch
    -U, --unified[=<n>]   generate diffs with <n> lines context
    -W, --[no-]function-context
                          generate diffs with <n> lines context
    --raw                 generate the diff in raw format
    --patch-with-raw      synonym for '-p --raw'
    --patch-with-stat     synonym for '-p --stat'
    --numstat             machine friendly --stat
    --shortstat           output only the last line of --stat
    -X, --dirstat[=<param1>,<param2>...]
                          output the distribution of relative amount of changes for each sub-directory
    --cumulative          synonym for --dirstat=cumulative
    --dirstat-by-file[=<param1>,<param2>...]
                          synonym for --dirstat=files,<param1>,<param2>...
    --check               warn if changes introduce conflict markers or whitespace errors
    --summary             condensed summary such as creations, renames and mode changes
    --name-only           show only names of changed files
    --name-status         show only names and status of changed files
    --stat[=<width>[,<name-width>[,<count>]]]
                          generate diffstat
    --stat-width <width>  generate diffstat with a given width
    --stat-name-width <width>
                          generate diffstat with a given name width
    --stat-graph-width <width>
                          generate diffstat with a given graph width
    --stat-count <count>  generate diffstat with limited lines
    --[no-]compact-summary
                          generate compact summary in diffstat
    --binary              output a binary diff that can be applied
    --[no-]full-index     show full pre- and post-image object names on the "index" lines
    --[no-]color[=<when>] show colored diff
    --ws-error-highlight <kind>
                          highlight whitespace errors in the 'context', 'old' or 'new' lines in the diff
    -z                    do not munge pathnames and use NULs as output field terminators in --raw or --numstat
    --[no-]abbrev[=<n>]   use <n> digits to display object names
    --src-prefix <prefix> show the given source prefix instead of "a/"
    --dst-prefix <prefix> show the given destination prefix instead of "b/"
    --line-prefix <prefix>
                          prepend an additional prefix to every line of output
    --no-prefix           do not show any source or destination prefix
    --default-prefix      use default prefixes a/ and b/
    --inter-hunk-context <n>
                          show context between diff hunks up to the specified number of lines
    --output-indicator-new <char>
                          specify the character to indicate a new line instead of '+'
    --output-indicator-old <char>
                          specify the character to indicate an old line instead of '-'
    --output-indicator-context <char>
                          specify the character to indicate a context instead of ' '

Diff rename options
    -B, --break-rewrites[=<n>[/<m>]]
                          break complete rewrite changes into pairs of delete and create
    -M, --find-renames[=<n>]
                          detect renames
    -D, --irreversible-delete
                          omit the preimage for deletes
    -C, --find-copies[=<n>]
                          detect copies
    --[no-]find-copies-harder
                          use unmodified files as source to find copies
    --no-renames          disable rename detection
    --[no-]rename-empty   use empty blobs as rename source
    --[no-]follow         continue listing the history of a file beyond renames
    -l <n>                prevent rename/copy detection if the number of rename/copy targets exceeds given limit

Diff algorithm options
    --minimal             produce the smallest possible diff
    -w, --ignore-all-space
                          ignore whitespace when comparing lines
    -b, --ignore-space-change
                          ignore changes in amount of whitespace
    --ignore-space-at-eol ignore changes in whitespace at EOL
    --ignore-cr-at-eol    ignore carrier-return at the end of line
    --ignore-blank-lines  ignore changes whose lines are all blank
    -I, --[no-]ignore-matching-lines <regex>
                          ignore changes whose all lines match <regex>
    --[no-]indent-heuristic
                          heuristic to shift diff hunk boundaries for easy reading
    --patience            generate diff using the "patience diff" algorithm
    --histogram           generate diff using the "histogram diff" algorithm
    --diff-algorithm <algorithm>
                          choose a diff algorithm
    --anchored <text>     generate diff using the "anchored diff" algorithm
    --word-diff[=<mode>]  show word diff, using <mode> to delimit changed words
    --word-diff-regex <regex>
                          use <regex> to decide what a word is
    --color-words[=<regex>]
                          equivalent to --word-diff=color --word-diff-regex=<regex>
    --[no-]color-moved[=<mode>]
                          moved lines of code are colored differently
    --[no-]color-moved-ws <mode>
                          how white spaces are ignored in --color-moved

Other diff options
    --[no-]relative[=<prefix>]
                          when run from subdir, exclude changes outside and show relative paths
    -a, --[no-]text       treat all files as text
    -R                    swap two inputs, reverse the diff
    --[no-]exit-code      exit with 1 if there were differences, 0 otherwise
    --[no-]quiet          disable all output of the program
    --[no-]ext-diff       allow an external diff helper to be executed
    --[no-]textconv       run external text conversion filters when comparing binary files
    --ignore-submodules[=<when>]
                          ignore changes to submodules in the diff generation
    --submodule[=<format>]
                          specify how differences in submodules are shown
    --ita-invisible-in-index
                          hide 'git add -N' entries from the index
    --ita-visible-in-index
                          treat 'git add -N' entries as real in the index
    -S <string>           look for differences that change the number of occurrences of the specified string
    -G <regex>            look for differences that change the number of occurrences of the specified regex
    --pickaxe-all         show all changes in the changeset with -S or -G
    --pickaxe-regex       treat <string> in -S as extended POSIX regular expression
    -O <file>             control the order in which files appear in the output
    --rotate-to <path>    show the change in the specified path first
    --skip-to <path>      skip the output to the specified path
    --find-object <object-id>
                          look for differences that change the number of occurrences of the specified object
    --diff-filter [(A|C|D|M|R|T|U|X|B)...[*]]
                          select files by diff type
    --max-depth <depth>   maximum tree depth to recurse
    --output <file>       output to a specific file
2026-05-16 00:37:48.392 [info] [         11ms] [/home/amar/Code/CAN] git ls-files -- main.c • completed
2026-05-16 00:38:12.746 [info] [         10ms] [] git status --porcelain=v2 --branch -u --find-renames -- • completed
2026-05-16 00:38:12.758 [info] [         11ms] [] git log --format=%x1E%H%x1D -n2 -L1,1:/main.c • completed
2026-05-16 00:38:15.781 [info] [         14ms] [] git status --porcelain=v2 --branch -u --find-renames -- • completed
2026-05-16 00:38:15.792 [info] [         10ms] [] git log --format=%x1E%H%x1D -n2 -L1,1:/main.c • completed
2026-05-16 00:38:16.929 [info] [         14ms] [] git status --porcelain=v2 --branch -u --find-renames -- • completed
2026-05-16 00:38:16.939 [info] [          9ms] [] git log --format=%x1E%H%x1D -n2 -L1,1:/main.c • completed
2026-05-16 00:38:31.540 [info] [         12ms] [/home/amar/Code/CAN] git ls-files -- main.c • completed
2026-05-16 00:38:33.345 [info] [         11ms] [/home/amar/Code/CAN] git show --textconv HEAD:./main.c -- • completed
2026-05-16 00:39:38.361 [info] [         10ms] [/home/amar/Code/CAN] git ls-files -- main.c • completed
2026-05-16 00:41:03.784 [info] [         11ms] [/home/amar/Code/CAN] git ls-files -- main.c • completed
2026-05-16 00:41:37.318 [info] [         13ms] [/home/amar/Code/CAN] git ls-files -- main.c • completed
2026-05-16 00:42:23.174 [info] [         12ms] [/home/amar/Code/CAN] git ls-files -- main.c • completed
2026-05-16 00:44:32.188 [info] [         10ms] [/home/amar/Code/CAN] git ls-files -- main.c • completed
2026-05-16 00:44:33.590 [info] [→7           ] (spawn) [/home/amar/Code/CAN] git blame --root --incremental --encoding=utf-8 -- main.c • starting...
2026-05-16 00:44:33.597 [info] [←7       16ms] (spawn) [/home/amar/Code/CAN] git blame --root --incremental --encoding=utf-8 -- main.c • completed
2026-05-16 00:44:33.627 [info] [→8           ] (spawn) [/home/amar/Code/CAN] git blame --root --incremental --encoding=utf-8 HEAD -- main.c • starting...
2026-05-16 00:44:33.628 [info] [         30ms] [/home/amar/Code/CAN] git show --textconv HEAD:./main.c -- • completed
2026-05-16 00:44:33.634 [info] [←8       17ms] (spawn) [/home/amar/Code/CAN] git blame --root --incremental --encoding=utf-8 HEAD -- main.c • completed
2026-05-16 00:45:18.596 [info] [         10ms] [/home/amar/Code/CAN] git ls-files -- main.c • completed
2026-05-16 00:46:23.298 [info] [         14ms] [/home/amar/Code/CAN] git ls-files -- main.c • completed
2026-05-16 00:47:27.903 [info] [         11ms] [/home/amar/Code/CAN] git ls-files -- main.c • completed
2026-05-16 00:48:31.829 [info] [         12ms] [/home/amar/Code/CAN] git ls-files -- main.c • completed
2026-05-16 00:50:08.209 [info] [         12ms] [/home/amar/Code/CAN] git ls-files -- main.c • completed
2026-05-16 00:50:08.973 [info] [          9ms] [/home/amar/Code/CAN] git show --textconv HEAD:./main.c -- • completed
