2026-05-15 23:31:34.022 [info] Extension host with pid 15663 started
2026-05-15 23:31:34.022 [info] Skipping acquiring lock for /home/amar/.config/Code - OSS/User/workspaceStorage/9fe9b1eb08cf6a010c004d962a7740a8.
2026-05-15 23:31:34.059 [info] ExtensionService#_doActivateExtension vscode.github-authentication, startup: false, activationEvent: 'onAuthenticationRequest:github'
2026-05-15 23:31:34.116 [info] ExtensionService#_doActivateExtension vscode.emmet, startup: false, activationEvent: 'onLanguage'
2026-05-15 23:31:34.197 [info] ExtensionService#_doActivateExtension vscode.git-base, startup: true, activationEvent: '*', root cause: vscode.git
2026-05-15 23:31:34.203 [info] ExtensionService#_doActivateExtension oderwat.indent-rainbow, startup: true, activationEvent: '*'
2026-05-15 23:31:34.378 [info] ExtensionService#_doActivateExtension vscode.git, startup: true, activationEvent: '*'
2026-05-15 23:31:34.544 [info] ExtensionService#_doActivateExtension vscode.github, startup: true, activationEvent: '*'
2026-05-15 23:31:34.727 [info] Eager extensions activated
2026-05-15 23:31:34.795 [info] ExtensionService#_doActivateExtension vscode.debug-auto-launch, startup: false, activationEvent: 'onStartupFinished'
2026-05-15 23:31:34.803 [info] ExtensionService#_doActivateExtension vscode.merge-conflict, startup: false, activationEvent: 'onStartupFinished'
2026-05-15 23:31:34.853 [info] ExtensionService#_doActivateExtension aaron-bond.better-comments, startup: false, activationEvent: 'onStartupFinished'
2026-05-15 23:31:34.864 [info] ExtensionService#_doActivateExtension eamodio.gitlens, startup: false, activationEvent: 'onStartupFinished'
2026-05-15 23:31:35.153 [info] ExtensionService#_doActivateExtension esbenp.prettier-vscode, startup: false, activationEvent: 'onStartupFinished'
2026-05-15 23:31:35.158 [info] ExtensionService#_doActivateExtension formulahendry.code-runner, startup: false, activationEvent: 'onStartupFinished'
2026-05-15 23:31:35.197 [info] ExtensionService#_doActivateExtension vadimcn.vscode-lldb, startup: false, activationEvent: 'onStartupFinished', root cause: franneck94.vscode-c-cpp-config
2026-05-15 23:31:35.234 [info] ExtensionService#_doActivateExtension ritwickdey.LiveServer, startup: false, activationEvent: 'onStartupFinished'
2026-05-15 23:31:35.247 [info] ExtensionService#_doActivateExtension usernamehw.errorlens, startup: false, activationEvent: 'onStartupFinished'
2026-05-15 23:31:35.258 [info] ExtensionService#_doActivateExtension vscode-icons-team.vscode-icons, startup: false, activationEvent: 'onStartupFinished'
2026-05-15 23:31:35.921 [info] ExtensionService#_doActivateExtension franneck94.vscode-c-cpp-config, startup: false, activationEvent: 'onStartupFinished'
2026-05-15 23:32:08.328 [info] Extension host terminating: received terminate message from renderer
2026-05-15 23:32:08.358 [error] An error occurred when disposing the subscriptions for extension 'eamodio.gitlens':
2026-05-15 23:32:08.372 [error] Error: Channel has been closed
	at r (file:///usr/lib/code/out/vs/workbench/api/node/extensionHostProcess.js:510:3935)
	at Object.info (file:///usr/lib/code/out/vs/workbench/api/node/extensionHostProcess.js:510:4305)
	at Logger.info (/home/amar/.vscode-oss/extensions/eamodio.gitlens-17.12.2-universal/dist/gitlens.js:1567:71824)
	at GkCliIntegrationProvider.stop (/home/amar/.vscode-oss/extensions/eamodio.gitlens-17.12.2-universal/dist/gitlens.js:2534:44628)
	at GkCliIntegrationProvider.dispose (/home/amar/.vscode-oss/extensions/eamodio.gitlens-17.12.2-universal/dist/gitlens.js:2534:42544)
	at /home/amar/.vscode-oss/extensions/eamodio.gitlens-17.12.2-universal/dist/gitlens.js:2449:60456
	at Array.forEach (<anonymous>)
	at Object.dispose (/home/amar/.vscode-oss/extensions/eamodio.gitlens-17.12.2-universal/dist/gitlens.js:2449:60437)
	at En (file:///usr/lib/code/out/vs/workbench/api/node/extensionHostProcess.js:401:736)
	at i_._fn (file:///usr/lib/code/out/vs/workbench/api/node/extensionHostProcess.js:507:18391)
	at i_.dispose (file:///usr/lib/code/out/vs/workbench/api/node/extensionHostProcess.js:401:1248)
	at _P._deactivate (file:///usr/lib/code/out/vs/workbench/api/node/extensionHostProcess.js:507:14708)
	at file:///usr/lib/code/out/vs/workbench/api/node/extensionHostProcess.js:507:12010
	at Array.map (<anonymous>)
	at _P._deactivateAll (file:///usr/lib/code/out/vs/workbench/api/node/extensionHostProcess.js:507:11998)
	at _P.terminate (file:///usr/lib/code/out/vs/workbench/api/node/extensionHostProcess.js:507:12349)
	at i.terminate (file:///usr/lib/code/out/vs/workbench/api/node/extensionHostProcess.js:509:1072)
	at Qs (file:///usr/lib/code/out/vs/workbench/api/node/extensionHostProcess.js:806:11700)
	at up.value (file:///usr/lib/code/out/vs/workbench/api/node/extensionHostProcess.js:806:9847)
	at E._deliver (file:///usr/lib/code/out/vs/workbench/api/node/extensionHostProcess.js:403:3244)
	at E.fire (file:///usr/lib/code/out/vs/workbench/api/node/extensionHostProcess.js:403:3562)
	at ls.fire (file:///usr/lib/code/out/vs/workbench/api/node/extensionHostProcess.js:405:8437)
	at MessagePortMain.<anonymous> (file:///usr/lib/code/out/vs/workbench/api/node/extensionHostProcess.js:806:8082)
	at MessagePortMain.emit (node:events:519:28)
	at MessagePortMain._internalPort.emit (node:electron/js2c/utility_init:2:2959)
	at Object.callbackTrampoline (node:internal/async_hooks:130:17)
2026-05-15 23:32:08.378 [info] Extension host with pid 15663 exiting with code 0
