2026-05-23 19:13:06.403 [info] [main] Log level: Info
2026-05-23 19:13:06.403 [info] [main] Validating found git in: "git"
2026-05-23 19:13:06.403 [info] [main] Using git "2.54.0" from "git"
2026-05-23 19:13:06.403 [info] [Model][doInitialScan] Initial repository scan started
2026-05-23 19:13:06.403 [info] > git rev-parse --show-toplevel [9ms]
2026-05-23 19:13:06.403 [info] fatal: not a git repository (or any of the parent directories): .git
2026-05-23 19:13:06.403 [info] > git rev-parse --show-toplevel [10ms]
2026-05-23 19:13:06.408 [info] > git rev-parse --git-dir --git-common-dir --show-superproject-working-tree [6ms]
2026-05-23 19:13:07.205 [info] [Model][openRepository] Opened repository (path): /home/amar/Code/inflate
2026-05-23 19:13:07.205 [info] [Model][openRepository] Opened repository (real path): /home/amar/Code/inflate
2026-05-23 19:13:07.205 [info] [Model][openRepository] Opened repository (kind): repository
2026-05-23 19:13:07.290 [info] > git config --get --local core.virtualfilesystem [73ms]
2026-05-23 19:13:07.291 [warning] [Git][config] git config failed: Failed to execute git
2026-05-23 19:13:07.709 [info] > git rev-parse --show-toplevel [450ms]
2026-05-23 19:13:07.709 [info] fatal: not a git repository (or any of the parent directories): .git
2026-05-23 19:13:07.710 [info] > git config --get commit.template [474ms]
2026-05-23 19:13:07.881 [info] > git rev-parse --show-toplevel [119ms]
2026-05-23 19:13:07.898 [info] > git for-each-ref --format=%(refname)%00%(upstream:short)%00%(objectname)%00%(upstream:track)%00%(upstream:remotename)%00%(upstream:remoteref) refs/heads/master refs/remotes/master [65ms]
2026-05-23 19:13:07.899 [warning] [Git][getBranch] No such branch: master
2026-05-23 19:13:07.967 [info] > git status -z -uall [58ms]
2026-05-23 19:13:07.969 [info] > git for-each-ref --sort -committerdate --format %(refname)%00%(objectname)%00%(*objectname) [50ms]
2026-05-23 19:13:07.994 [info] > git rev-parse --git-dir --git-common-dir --show-superproject-working-tree [100ms]
2026-05-23 19:13:08.008 [info] > git check-ignore -v -z --stdin [44ms]
2026-05-23 19:13:08.010 [info] > git for-each-ref --format=%(refname)%00%(upstream:short)%00%(objectname)%00%(upstream:track)%00%(upstream:remotename)%00%(upstream:remoteref) refs/heads/master refs/remotes/master [23ms]
2026-05-23 19:13:08.010 [warning] [Git][getBranch] No such branch: master
2026-05-23 19:13:08.010 [error] [GitHistoryProvider][resolveHEADMergeBase] Failed to resolve merge base for master: Error: No such branch: master.
2026-05-23 19:13:08.016 [info] > git config --get commit.template [10ms]
2026-05-23 19:13:08.031 [info] > git for-each-ref --format=%(refname)%00%(upstream:short)%00%(objectname)%00%(upstream:track)%00%(upstream:remotename)%00%(upstream:remoteref) refs/heads/master refs/remotes/master [4ms]
2026-05-23 19:13:08.032 [warning] [Git][getBranch] No such branch: master
2026-05-23 19:13:08.079 [info] [Model][openRepository] Opened repository (path): /home/amar/Code/CAN
2026-05-23 19:13:08.079 [info] [Model][openRepository] Opened repository (real path): /home/amar/Code/CAN
2026-05-23 19:13:08.080 [info] [Model][openRepository] Opened repository (kind): repository
2026-05-23 19:13:08.115 [info] > git status -z -uall [76ms]
2026-05-23 19:13:08.116 [info] > git fetch [38ms]
2026-05-23 19:13:08.127 [info] > git for-each-ref --sort -committerdate --format %(refname)%00%(objectname)%00%(*objectname) [78ms]
2026-05-23 19:13:08.170 [info] > git config --get --local core.virtualfilesystem [44ms]
2026-05-23 19:13:08.170 [warning] [Git][config] git config failed: Failed to execute git
2026-05-23 19:13:08.171 [info] > git rev-parse --show-toplevel [58ms]
2026-05-23 19:13:08.171 [info] fatal: not a git repository (or any of the parent directories): .git
2026-05-23 19:13:08.172 [info] > git config --get commit.template [67ms]
2026-05-23 19:13:08.172 [info] > git config --get --local core.virtualfilesystem [81ms]
2026-05-23 19:13:08.172 [warning] [Git][config] git config failed: Failed to execute git
2026-05-23 19:13:08.203 [info] > git config --get commit.template [36ms]
2026-05-23 19:13:08.228 [info] [Git][getRemotes] No remotes found in the git config file
2026-05-23 19:13:08.230 [info] > git rev-parse --show-toplevel [31ms]
2026-05-23 19:13:08.230 [info] fatal: not a git repository (or any of the parent directories): .git
2026-05-23 19:13:08.305 [info] [Git][getRemotes] No remotes found in the git config file
2026-05-23 19:13:08.316 [info] > git for-each-ref --format=%(refname)%00%(upstream:short)%00%(objectname)%00%(upstream:track)%00%(upstream:remotename)%00%(upstream:remoteref) refs/heads/master refs/remotes/master [89ms]
2026-05-23 19:13:08.365 [info] > git for-each-ref --format=%(refname)%00%(upstream:short)%00%(objectname)%00%(upstream:track)%00%(upstream:remotename)%00%(upstream:remoteref) refs/heads/master refs/remotes/master [36ms]
2026-05-23 19:13:08.376 [info] > git rev-parse --show-toplevel [62ms]
2026-05-23 19:13:08.376 [info] > git for-each-ref --format=%(refname)%00%(upstream:short)%00%(objectname)%00%(upstream:track)%00%(upstream:remotename)%00%(upstream:remoteref) refs/heads/master refs/remotes/master [71ms]
2026-05-23 19:13:08.400 [info] > git config --get --local branch.master.vscode-merge-base [25ms]
2026-05-23 19:13:08.401 [warning] [Git][config] git config failed: Failed to execute git
2026-05-23 19:13:08.411 [info] > git config --get commit.template [47ms]
2026-05-23 19:13:08.422 [info] > git reflog master --grep-reflog=branch: Created from *. [12ms]
2026-05-23 19:13:08.424 [info] > git rev-parse --git-dir --git-common-dir --show-superproject-working-tree [27ms]
2026-05-23 19:13:08.434 [info] [Git][getRemotes] No remotes found in the git config file
2026-05-23 19:13:08.439 [info] > git for-each-ref --format=%(refname)%00%(upstream:short)%00%(objectname)%00%(upstream:track)%00%(upstream:remotename)%00%(upstream:remoteref) refs/heads/master refs/remotes/master [5ms]
2026-05-23 19:13:08.480 [info] > git status -z -uall [33ms]
2026-05-23 19:13:08.483 [info] > git for-each-ref --sort -committerdate --format %(refname)%00%(objectname)%00%(*objectname) [27ms]
2026-05-23 19:13:08.569 [info] [Model][openRepository] Opened repository (path): /home/amar/Code/batcheck
2026-05-23 19:13:08.569 [info] [Model][openRepository] Opened repository (real path): /home/amar/Code/batcheck
2026-05-23 19:13:08.569 [info] [Model][openRepository] Opened repository (kind): repository
2026-05-23 19:13:08.616 [info] > git rev-parse --show-toplevel [13ms]
2026-05-23 19:13:08.617 [info] > git config --get commit.template [23ms]
2026-05-23 19:13:08.617 [info] > git config --get --local core.virtualfilesystem [36ms]
2026-05-23 19:13:08.617 [warning] [Git][config] git config failed: Failed to execute git
2026-05-23 19:13:08.660 [info] > git for-each-ref --format=%(refname)%00%(upstream:short)%00%(objectname)%00%(upstream:track)%00%(upstream:remotename)%00%(upstream:remoteref) refs/heads/master refs/remotes/master [8ms]
2026-05-23 19:13:08.661 [info] > git rev-parse --git-dir --git-common-dir --show-superproject-working-tree [19ms]
2026-05-23 19:13:08.707 [info] > git status -z -uall [8ms]
2026-05-23 19:13:08.711 [info] > git for-each-ref --sort -committerdate --format %(refname)%00%(objectname)%00%(*objectname) [5ms]
2026-05-23 19:13:08.737 [info] > git for-each-ref --format=%(refname)%00%(upstream:short)%00%(objectname)%00%(upstream:track)%00%(upstream:remotename)%00%(upstream:remoteref) refs/heads/master refs/remotes/master [13ms]
2026-05-23 19:13:08.748 [info] > git config --get commit.template [11ms]
2026-05-23 19:13:08.775 [info] > git config --get --local branch.master.vscode-merge-base [30ms]
2026-05-23 19:13:08.805 [info] > git for-each-ref --format=%(refname)%00%(upstream:short)%00%(objectname)%00%(upstream:track)%00%(upstream:remotename)%00%(upstream:remoteref) refs/heads/master refs/remotes/master [11ms]
2026-05-23 19:13:08.806 [info] > git for-each-ref --format=%(refname)%00%(upstream:short)%00%(objectname)%00%(upstream:track)%00%(upstream:remotename)%00%(upstream:remoteref) refs/heads/origin/master refs/remotes/origin/master [22ms]
2026-05-23 19:13:08.820 [info] > git check-ignore -v -z --stdin [16ms]
2026-05-23 19:13:08.823 [info] > git merge-base refs/heads/master refs/remotes/origin/master [6ms]
2026-05-23 19:13:08.854 [info] > git status -z -uall [12ms]
2026-05-23 19:13:08.855 [info] > git diff --raw --numstat --diff-filter=ADMR -z --find-renames=50% 8a879742d4dac74892d24b9fae776d408c4a1750...refs/remotes/origin/master -- [22ms]
2026-05-23 19:13:08.858 [info] > git for-each-ref --sort -committerdate --format %(refname)%00%(objectname)%00%(*objectname) [6ms]
2026-05-23 19:13:08.962 [info] [Model][openRepository] Opened repository (path): /home/amar/Code/first-contributions
2026-05-23 19:13:08.962 [info] [Model][openRepository] Opened repository (real path): /home/amar/Code/first-contributions
2026-05-23 19:13:08.962 [info] [Model][openRepository] Opened repository (kind): repository
2026-05-23 19:13:09.023 [info] > git rev-parse --show-toplevel [30ms]
2026-05-23 19:13:09.024 [info] fatal: not a git repository (or any of the parent directories): .git
2026-05-23 19:13:09.024 [info] > git config --get commit.template [40ms]
2026-05-23 19:13:09.025 [info] > git config --get --local core.virtualfilesystem [52ms]
2026-05-23 19:13:09.025 [warning] [Git][config] git config failed: Failed to execute git
2026-05-23 19:13:09.102 [info] > git rev-parse --show-toplevel [25ms]
2026-05-23 19:13:09.118 [info] > git for-each-ref --format=%(refname)%00%(upstream:short)%00%(objectname)%00%(upstream:track)%00%(upstream:remotename)%00%(upstream:remoteref) refs/heads/amar refs/remotes/amar [19ms]
2026-05-23 19:13:09.124 [info] > git rev-parse --git-dir --git-common-dir --show-superproject-working-tree [8ms]
2026-05-23 19:13:09.165 [info] > git status -z -uall [27ms]
2026-05-23 19:13:09.168 [info] > git for-each-ref --sort -committerdate --format %(refname)%00%(objectname)%00%(*objectname) [19ms]
2026-05-23 19:13:09.250 [info] > git for-each-ref --format=%(refname)%00%(upstream:short)%00%(objectname)%00%(upstream:track)%00%(upstream:remotename)%00%(upstream:remoteref) refs/heads/amar refs/remotes/amar [60ms]
2026-05-23 19:13:09.293 [info] > git config --get --local branch.amar.vscode-merge-base [32ms]
2026-05-23 19:13:09.304 [info] > git config --get commit.template [65ms]
2026-05-23 19:13:09.320 [info] > git for-each-ref --format=%(refname)%00%(upstream:short)%00%(objectname)%00%(upstream:track)%00%(upstream:remotename)%00%(upstream:remoteref) refs/heads/origin/main refs/remotes/origin/main [17ms]
2026-05-23 19:13:09.358 [info] [Model][openRepository] Opened repository (path): /home/amar/Code/helotui
2026-05-23 19:13:09.358 [info] [Model][openRepository] Opened repository (real path): /home/amar/Code/helotui
2026-05-23 19:13:09.358 [info] [Model][openRepository] Opened repository (kind): repository
2026-05-23 19:13:09.399 [info] > git fetch [42ms]
2026-05-23 19:13:09.410 [info] > git merge-base refs/heads/amar refs/remotes/origin/amar [80ms]
2026-05-23 19:13:09.463 [info] > git diff --raw --numstat --diff-filter=ADMR -z --find-renames=50% 2c3c1f1979d0459a43d31f3424d0f4a2bf354246...refs/remotes/origin/amar -- [44ms]
2026-05-23 19:13:09.464 [info] > git config --get --local core.virtualfilesystem [55ms]
2026-05-23 19:13:09.464 [warning] [Git][config] git config failed: Failed to execute git
2026-05-23 19:13:09.464 [info] > git rev-parse --show-toplevel [68ms]
2026-05-23 19:13:09.464 [info] > git config --get commit.template [77ms]
2026-05-23 19:13:09.465 [info] > git for-each-ref --format=%(refname)%00%(upstream:short)%00%(objectname)%00%(upstream:track)%00%(upstream:remotename)%00%(upstream:remoteref) refs/heads/amar refs/remotes/amar [87ms]
2026-05-23 19:13:09.465 [info] > git config --get --local core.virtualfilesystem [97ms]
2026-05-23 19:13:09.465 [warning] [Git][config] git config failed: Failed to execute git
2026-05-23 19:13:09.487 [info] > git config --get commit.template [29ms]
2026-05-23 19:13:09.496 [info] [Git][getRemotes] No remotes found in the git config file
2026-05-23 19:13:09.509 [info] [Git][getRemotes] No remotes found in the git config file
2026-05-23 19:13:09.525 [info] > git for-each-ref --format=%(refname)%00%(upstream:short)%00%(objectname)%00%(upstream:track)%00%(upstream:remotename)%00%(upstream:remoteref) refs/heads/master refs/remotes/master [30ms]
2026-05-23 19:13:09.525 [warning] [Git][getBranch] No such branch: master
2026-05-23 19:13:09.537 [info] > git rev-parse --git-dir --git-common-dir --show-superproject-working-tree [51ms]
2026-05-23 19:13:09.568 [info] > git status -z -uall [19ms]
2026-05-23 19:13:09.569 [info] > git for-each-ref --format=%(refname)%00%(upstream:short)%00%(objectname)%00%(upstream:track)%00%(upstream:remotename)%00%(upstream:remoteref) refs/heads/master refs/remotes/master [35ms]
2026-05-23 19:13:09.570 [warning] [Git][getBranch] No such branch: master
2026-05-23 19:13:09.570 [error] [GitHistoryProvider][resolveHEADMergeBase] Failed to resolve merge base for master: Error: No such branch: master.
2026-05-23 19:13:09.571 [info] > git for-each-ref --format=%(refname)%00%(upstream:short)%00%(objectname)%00%(upstream:track)%00%(upstream:remotename)%00%(upstream:remoteref) refs/heads/master refs/remotes/master [63ms]
2026-05-23 19:13:09.571 [warning] [Git][getBranch] No such branch: master
2026-05-23 19:13:09.584 [info] > git config --get commit.template [16ms]
2026-05-23 19:13:09.584 [info] > git for-each-ref --sort -committerdate --format %(refname)%00%(objectname)%00%(*objectname) [27ms]
2026-05-23 19:13:09.683 [info] [Git][getRemotes] No remotes found in the git config file
2026-05-23 19:13:09.699 [info] > git check-ignore -v -z --stdin [26ms]
2026-05-23 19:13:09.701 [info] > git for-each-ref --format=%(refname)%00%(upstream:short)%00%(objectname)%00%(upstream:track)%00%(upstream:remotename)%00%(upstream:remoteref) refs/heads/master refs/remotes/master [18ms]
2026-05-23 19:13:09.701 [warning] [Git][getBranch] No such branch: master
2026-05-23 19:13:09.729 [info] [Model][openRepository] Opened repository (path): /home/amar/Code/http
2026-05-23 19:13:09.729 [info] [Model][openRepository] Opened repository (real path): /home/amar/Code/http
2026-05-23 19:13:09.729 [info] [Model][openRepository] Opened repository (kind): repository
2026-05-23 19:13:09.755 [info] > git status -z -uall [47ms]
2026-05-23 19:13:09.755 [info] > git for-each-ref --sort -committerdate --format %(refname)%00%(objectname)%00%(*objectname) [40ms]
2026-05-23 19:13:09.770 [info] > git rev-parse --show-toplevel [16ms]
2026-05-23 19:13:09.770 [info] fatal: not a git repository (or any of the parent directories): .git
2026-05-23 19:13:09.770 [info] > git config --get commit.template [24ms]
2026-05-23 19:13:09.770 [info] > git config --get --local core.virtualfilesystem [33ms]
2026-05-23 19:13:09.770 [warning] [Git][config] git config failed: Failed to execute git
2026-05-23 19:13:09.795 [info] > git rev-parse --show-toplevel [9ms]
2026-05-23 19:13:09.795 [info] fatal: not a git repository (or any of the parent directories): .git
2026-05-23 19:13:09.803 [info] > git for-each-ref --format=%(refname)%00%(upstream:short)%00%(objectname)%00%(upstream:track)%00%(upstream:remotename)%00%(upstream:remoteref) refs/heads/master refs/remotes/master [10ms]
2026-05-23 19:13:09.812 [info] > git rev-parse --show-toplevel [10ms]
2026-05-23 19:13:09.812 [info] fatal: not a git repository (or any of the parent directories): .git
2026-05-23 19:13:09.813 [info] [Model][doInitialScan] Initial repository scan completed - repositories (6), closed repositories (0), parent repositories (0), unsafe repositories (0)
2026-05-23 19:13:09.845 [info] > git show --textconv :main.cpp [21ms]
2026-05-23 19:13:09.861 [info] > git rev-parse --show-toplevel [18ms]
2026-05-23 19:13:09.861 [info] fatal: not a git repository (or any of the parent directories): .git
2026-05-23 19:13:09.861 [info] > git ls-files --stage -- main.cpp [28ms]
2026-05-23 19:13:09.893 [info] > git status -z -uall [14ms]
2026-05-23 19:13:09.894 [info] > git hash-object -t tree /dev/null [25ms]
2026-05-23 19:13:09.894 [warning] [GitFileSystemProvider][stat] File not found - git:/home/amar/Code/inflate/main.cpp.git?%7B%22path%22%3A%22%2Fhome%2Famar%2FCode%2Finflate%2Fmain.cpp%22%2C%22ref%22%3A%22%22%7D
2026-05-23 19:13:09.900 [info] > git hash-object -t tree /dev/null [48ms]
2026-05-23 19:13:09.900 [warning] [GitFileSystemProvider][readFile] File not found - git:/home/amar/Code/inflate/main.cpp.git?%7B%22path%22%3A%22%2Fhome%2Famar%2FCode%2Finflate%2Fmain.cpp%22%2C%22ref%22%3A%22%22%7D
2026-05-23 19:13:09.903 [info] > git rev-parse --show-toplevel [12ms]
2026-05-23 19:13:09.903 [info] fatal: not a git repository (or any of the parent directories): .git
2026-05-23 19:13:09.904 [info] > git for-each-ref --sort -committerdate --format %(refname)%00%(objectname)%00%(*objectname) [18ms]
2026-05-23 19:13:09.944 [info] > git for-each-ref --format=%(refname)%00%(upstream:short)%00%(objectname)%00%(upstream:track)%00%(upstream:remotename)%00%(upstream:remoteref) refs/heads/master refs/remotes/master [25ms]
2026-05-23 19:13:09.956 [info] > git config --get --local branch.master.vscode-merge-base [4ms]
2026-05-23 19:13:09.964 [info] > git config --get commit.template [21ms]
2026-05-23 19:13:09.964 [info] > git rev-parse --show-toplevel [28ms]
2026-05-23 19:13:09.964 [info] fatal: not a git repository (or any of the parent directories): .git
2026-05-23 19:13:09.988 [info] > git rev-parse --show-toplevel [16ms]
2026-05-23 19:13:09.988 [info] fatal: not a git repository (or any of the parent directories): .git
2026-05-23 19:13:09.988 [info] > git for-each-ref --format=%(refname)%00%(upstream:short)%00%(objectname)%00%(upstream:track)%00%(upstream:remotename)%00%(upstream:remoteref) refs/heads/origin/master refs/remotes/origin/master [25ms]
2026-05-23 19:13:09.998 [info] > git for-each-ref --format=%(refname)%00%(upstream:short)%00%(objectname)%00%(upstream:track)%00%(upstream:remotename)%00%(upstream:remoteref) refs/heads/master refs/remotes/master [12ms]
2026-05-23 19:13:10.007 [info] > git merge-base refs/heads/master refs/remotes/origin/master [11ms]
2026-05-23 19:13:10.043 [info] > git diff --raw --numstat --diff-filter=ADMR -z --find-renames=50% 0b6eb6b7a253c89e0ffce6da3ca6171a38da9a69...refs/remotes/origin/master -- [29ms]
2026-05-23 19:13:10.060 [info] > git status -z -uall [8ms]
2026-05-23 19:13:10.063 [info] > git for-each-ref --sort -committerdate --format %(refname)%00%(objectname)%00%(*objectname) [5ms]
2026-05-23 19:13:11.751 [info] > git fetch [4547ms]
2026-05-23 19:13:11.767 [info] > git config --get commit.template [8ms]
2026-05-23 19:13:11.770 [info] > git for-each-ref --format=%(refname)%00%(upstream:short)%00%(objectname)%00%(upstream:track)%00%(upstream:remotename)%00%(upstream:remoteref) refs/heads/master refs/remotes/master [3ms]
2026-05-23 19:13:11.770 [warning] [Git][getBranch] No such branch: master
2026-05-23 19:13:11.784 [info] > git status -z -uall [7ms]
2026-05-23 19:13:11.785 [info] > git for-each-ref --sort -committerdate --format %(refname)%00%(objectname)%00%(*objectname) [2ms]
2026-05-23 19:13:13.363 [info] > git rev-parse --show-toplevel [4ms]
2026-05-23 19:13:13.364 [info] fatal: not a git repository (or any of the parent directories): .git
2026-05-23 19:13:13.396 [info] > git fetch [4435ms]
2026-05-23 19:13:13.408 [info] > git fetch [4840ms]
2026-05-23 19:13:13.420 [info] > git config --get commit.template [13ms]
2026-05-23 19:13:13.432 [info] > git config --get commit.template [13ms]
2026-05-23 19:13:13.442 [info] > git for-each-ref --format=%(refname)%00%(upstream:short)%00%(objectname)%00%(upstream:track)%00%(upstream:remotename)%00%(upstream:remoteref) refs/heads/amar refs/remotes/amar [12ms]
2026-05-23 19:13:13.461 [info] > git status -z -uall [11ms]
2026-05-23 19:13:13.462 [info] > git for-each-ref --format=%(refname)%00%(upstream:short)%00%(objectname)%00%(upstream:track)%00%(upstream:remotename)%00%(upstream:remoteref) refs/heads/master refs/remotes/master [22ms]
2026-05-23 19:13:13.468 [info] > git for-each-ref --sort -committerdate --format %(refname)%00%(objectname)%00%(*objectname) [9ms]
2026-05-23 19:13:13.491 [info] > git status -z -uall [10ms]
2026-05-23 19:13:13.494 [info] > git for-each-ref --sort -committerdate --format %(refname)%00%(objectname)%00%(*objectname) [4ms]
2026-05-23 19:13:14.444 [info] > git fetch [4716ms]
2026-05-23 19:13:14.458 [info] > git config --get commit.template [2ms]
2026-05-23 19:13:14.470 [info] > git for-each-ref --format=%(refname)%00%(upstream:short)%00%(objectname)%00%(upstream:track)%00%(upstream:remotename)%00%(upstream:remoteref) refs/heads/master refs/remotes/master [3ms]
2026-05-23 19:13:14.491 [info] > git status -z -uall [10ms]
2026-05-23 19:13:14.493 [info] > git for-each-ref --sort -committerdate --format %(refname)%00%(objectname)%00%(*objectname) [4ms]
2026-05-23 19:13:29.260 [info] > git check-ignore -v -z --stdin [42ms]
2026-05-23 19:13:29.260 [info] > git check-ignore -v -z --stdin [34ms]
2026-05-23 19:13:29.261 [info] > git check-ignore -v -z --stdin [28ms]
2026-05-23 19:13:29.261 [info] > git check-ignore -v -z --stdin [18ms]
2026-05-23 19:13:29.261 [info] > git check-ignore -v -z --stdin [11ms]
2026-05-23 19:13:29.261 [info] > git check-ignore -v -z --stdin [4ms]
2026-05-23 19:13:53.808 [info] > git config --get commit.template [11ms]
2026-05-23 19:13:53.810 [info] > git for-each-ref --format=%(refname)%00%(upstream:short)%00%(objectname)%00%(upstream:track)%00%(upstream:remotename)%00%(upstream:remoteref) refs/heads/master refs/remotes/master [3ms]
2026-05-23 19:13:53.810 [warning] [Git][getBranch] No such branch: master
2026-05-23 19:13:53.827 [info] > git status -z -uall [11ms]
2026-05-23 19:13:53.829 [info] > git for-each-ref --sort -committerdate --format %(refname)%00%(objectname)%00%(*objectname) [4ms]
2026-05-23 19:14:02.829 [info] > git rev-parse --show-toplevel [6ms]
2026-05-23 19:14:02.829 [info] fatal: not a git repository (or any of the parent directories): .git
2026-05-23 19:16:08.396 [info] > git fetch [8ms]
2026-05-23 19:16:08.416 [info] [Git][getRemotes] No remotes found in the git config file
2026-05-23 19:16:08.418 [info] > git config --get commit.template [11ms]
2026-05-23 19:16:08.419 [info] > git for-each-ref --format=%(refname)%00%(upstream:short)%00%(objectname)%00%(upstream:track)%00%(upstream:remotename)%00%(upstream:remoteref) refs/heads/master refs/remotes/master [4ms]
2026-05-23 19:16:08.434 [info] > git status -z -uall [9ms]
2026-05-23 19:16:08.436 [info] > git for-each-ref --sort -committerdate --format %(refname)%00%(objectname)%00%(*objectname) [3ms]
2026-05-23 19:16:09.487 [info] [Git][getRemotes] No remotes found in the git config file
2026-05-23 19:16:09.489 [info] > git config --get commit.template [9ms]
2026-05-23 19:16:09.490 [info] > git for-each-ref --format=%(refname)%00%(upstream:short)%00%(objectname)%00%(upstream:track)%00%(upstream:remotename)%00%(upstream:remoteref) refs/heads/master refs/remotes/master [3ms]
2026-05-23 19:16:09.506 [info] > git status -z -uall [8ms]
2026-05-23 19:16:09.508 [info] > git for-each-ref --sort -committerdate --format %(refname)%00%(objectname)%00%(*objectname) [3ms]
2026-05-23 19:16:09.589 [info] > git fetch [7ms]
2026-05-23 19:16:09.604 [info] [Git][getRemotes] No remotes found in the git config file
2026-05-23 19:16:09.605 [info] > git config --get commit.template [8ms]
2026-05-23 19:16:09.607 [info] > git for-each-ref --format=%(refname)%00%(upstream:short)%00%(objectname)%00%(upstream:track)%00%(upstream:remotename)%00%(upstream:remoteref) refs/heads/master refs/remotes/master [3ms]
2026-05-23 19:16:09.607 [warning] [Git][getBranch] No such branch: master
2026-05-23 19:16:09.626 [info] > git status -z -uall [10ms]
2026-05-23 19:16:09.627 [info] > git for-each-ref --sort -committerdate --format %(refname)%00%(objectname)%00%(*objectname) [4ms]
2026-05-23 19:16:10.675 [info] [Git][getRemotes] No remotes found in the git config file
2026-05-23 19:16:10.683 [info] > git config --get commit.template [9ms]
2026-05-23 19:16:10.685 [info] > git for-each-ref --format=%(refname)%00%(upstream:short)%00%(objectname)%00%(upstream:track)%00%(upstream:remotename)%00%(upstream:remoteref) refs/heads/master refs/remotes/master [3ms]
2026-05-23 19:16:10.685 [warning] [Git][getBranch] No such branch: master
2026-05-23 19:16:10.699 [info] > git status -z -uall [8ms]
2026-05-23 19:16:10.701 [info] > git for-each-ref --sort -committerdate --format %(refname)%00%(objectname)%00%(*objectname) [3ms]
2026-05-23 19:16:16.554 [info] > git fetch [4756ms]
2026-05-23 19:16:16.573 [info] > git config --get commit.template [9ms]
2026-05-23 19:16:16.573 [info] > git for-each-ref --format=%(refname)%00%(upstream:short)%00%(objectname)%00%(upstream:track)%00%(upstream:remotename)%00%(upstream:remoteref) refs/heads/master refs/remotes/master [2ms]
2026-05-23 19:16:16.573 [warning] [Git][getBranch] No such branch: master
2026-05-23 19:16:16.588 [info] > git status -z -uall [8ms]
2026-05-23 19:16:16.590 [info] > git for-each-ref --sort -committerdate --format %(refname)%00%(objectname)%00%(*objectname) [3ms]
2026-05-23 19:16:17.988 [info] > git fetch [4509ms]
2026-05-23 19:16:17.989 [info] > git fetch [4485ms]
2026-05-23 19:16:18.005 [info] > git config --get commit.template [7ms]
2026-05-23 19:16:18.005 [info] > git config --get commit.template [2ms]
2026-05-23 19:16:18.019 [info] > git for-each-ref --format=%(refname)%00%(upstream:short)%00%(objectname)%00%(upstream:track)%00%(upstream:remotename)%00%(upstream:remoteref) refs/heads/amar refs/remotes/amar [7ms]
2026-05-23 19:16:18.020 [info] > git for-each-ref --format=%(refname)%00%(upstream:short)%00%(objectname)%00%(upstream:track)%00%(upstream:remotename)%00%(upstream:remoteref) refs/heads/master refs/remotes/master [2ms]
2026-05-23 19:16:18.049 [info] > git status -z -uall [22ms]
2026-05-23 19:16:18.049 [info] > git status -z -uall [8ms]
2026-05-23 19:16:18.050 [info] > git for-each-ref --sort -committerdate --format %(refname)%00%(objectname)%00%(*objectname) [16ms]
2026-05-23 19:16:18.058 [info] > git for-each-ref --sort -committerdate --format %(refname)%00%(objectname)%00%(*objectname) [11ms]
2026-05-23 19:16:19.421 [info] > git fetch [4915ms]
2026-05-23 19:16:19.439 [info] > git config --get commit.template [10ms]
2026-05-23 19:16:19.441 [info] > git for-each-ref --format=%(refname)%00%(upstream:short)%00%(objectname)%00%(upstream:track)%00%(upstream:remotename)%00%(upstream:remoteref) refs/heads/master refs/remotes/master [3ms]
2026-05-23 19:16:19.456 [info] > git status -z -uall [7ms]
2026-05-23 19:16:19.459 [info] > git for-each-ref --sort -committerdate --format %(refname)%00%(objectname)%00%(*objectname) [3ms]
2026-05-23 19:20:20.707 [info] > git fetch [6ms]
2026-05-23 19:20:20.723 [info] [Git][getRemotes] No remotes found in the git config file
2026-05-23 19:20:20.725 [info] > git config --get commit.template [10ms]
2026-05-23 19:20:20.726 [info] > git for-each-ref --format=%(refname)%00%(upstream:short)%00%(objectname)%00%(upstream:track)%00%(upstream:remotename)%00%(upstream:remoteref) refs/heads/master refs/remotes/master [3ms]
2026-05-23 19:20:20.746 [info] > git status -z -uall [11ms]
2026-05-23 19:20:20.748 [info] > git for-each-ref --sort -committerdate --format %(refname)%00%(objectname)%00%(*objectname) [4ms]
2026-05-23 19:23:34.495 [info] > git fetch [59ms]
2026-05-23 19:23:34.505 [info] > git config --get commit.template [12ms]
2026-05-23 19:23:34.514 [info] [Git][getRemotes] No remotes found in the git config file
2026-05-23 19:23:34.521 [info] [Git][getRemotes] No remotes found in the git config file
2026-05-23 19:23:34.521 [info] > git config --get commit.template [16ms]
2026-05-23 19:23:34.523 [info] > git for-each-ref --format=%(refname)%00%(upstream:short)%00%(objectname)%00%(upstream:track)%00%(upstream:remotename)%00%(upstream:remoteref) refs/heads/master refs/remotes/master [10ms]
2026-05-23 19:23:34.539 [info] > git status -z -uall [10ms]
2026-05-23 19:23:34.540 [info] > git for-each-ref --format=%(refname)%00%(upstream:short)%00%(objectname)%00%(upstream:track)%00%(upstream:remotename)%00%(upstream:remoteref) refs/heads/master refs/remotes/master [19ms]
2026-05-23 19:23:34.540 [warning] [Git][getBranch] No such branch: master
2026-05-23 19:23:34.555 [info] > git status -z -uall [8ms]
2026-05-23 19:23:34.556 [info] > git for-each-ref --sort -committerdate --format %(refname)%00%(objectname)%00%(*objectname) [18ms]
2026-05-23 19:23:34.559 [info] > git for-each-ref --sort -committerdate --format %(refname)%00%(objectname)%00%(*objectname) [5ms]
2026-05-23 19:23:39.123 [info] > git fetch [4665ms]
2026-05-23 19:23:39.134 [info] > git fetch [4665ms]
2026-05-23 19:23:39.135 [info] > git fetch [4655ms]
2026-05-23 19:23:39.136 [info] > git fetch [4689ms]
2026-05-23 19:23:39.163 [info] > git config --get commit.template [30ms]
2026-05-23 19:23:39.165 [info] > git config --get commit.template [5ms]
2026-05-23 19:23:39.166 [info] > git config --get commit.template [13ms]
2026-05-23 19:23:39.166 [info] > git config --get commit.template [23ms]
2026-05-23 19:23:39.197 [info] > git for-each-ref --format=%(refname)%00%(upstream:short)%00%(objectname)%00%(upstream:track)%00%(upstream:remotename)%00%(upstream:remoteref) refs/heads/master refs/remotes/master [9ms]
2026-05-23 19:23:39.197 [info] > git for-each-ref --format=%(refname)%00%(upstream:short)%00%(objectname)%00%(upstream:track)%00%(upstream:remotename)%00%(upstream:remoteref) refs/heads/master refs/remotes/master [15ms]
2026-05-23 19:23:39.197 [info] > git for-each-ref --format=%(refname)%00%(upstream:short)%00%(objectname)%00%(upstream:track)%00%(upstream:remotename)%00%(upstream:remoteref) refs/heads/amar refs/remotes/amar [22ms]
2026-05-23 19:23:39.198 [info] > git for-each-ref --format=%(refname)%00%(upstream:short)%00%(objectname)%00%(upstream:track)%00%(upstream:remotename)%00%(upstream:remoteref) refs/heads/master refs/remotes/master [3ms]
2026-05-23 19:23:39.198 [warning] [Git][getBranch] No such branch: master
2026-05-23 19:23:39.213 [info] > git status -z -uall [8ms]
2026-05-23 19:23:39.257 [info] > git status -z -uall [36ms]
2026-05-23 19:23:39.257 [info] > git status -z -uall [22ms]
2026-05-23 19:23:39.258 [info] > git status -z -uall [9ms]
2026-05-23 19:23:39.258 [info] > git for-each-ref --sort -committerdate --format %(refname)%00%(objectname)%00%(*objectname) [16ms]
2026-05-23 19:23:39.261 [info] > git for-each-ref --sort -committerdate --format %(refname)%00%(objectname)%00%(*objectname) [33ms]
2026-05-23 19:23:39.264 [info] > git for-each-ref --sort -committerdate --format %(refname)%00%(objectname)%00%(*objectname) [52ms]
2026-05-23 19:23:39.267 [info] > git for-each-ref --sort -committerdate --format %(refname)%00%(objectname)%00%(*objectname) [12ms]
2026-05-23 19:25:51.476 [info] > git fetch [9ms]
2026-05-23 19:25:51.498 [info] [Git][getRemotes] No remotes found in the git config file
2026-05-23 19:25:51.499 [info] > git config --get commit.template [12ms]
2026-05-23 19:25:51.501 [info] > git for-each-ref --format=%(refname)%00%(upstream:short)%00%(objectname)%00%(upstream:track)%00%(upstream:remotename)%00%(upstream:remoteref) refs/heads/master refs/remotes/master [4ms]
2026-05-23 19:25:51.518 [info] > git status -z -uall [8ms]
2026-05-23 19:25:51.522 [info] > git for-each-ref --sort -committerdate --format %(refname)%00%(objectname)%00%(*objectname) [5ms]
2026-05-23 19:25:52.571 [info] [Git][getRemotes] No remotes found in the git config file
2026-05-23 19:25:52.573 [info] > git config --get commit.template [11ms]
2026-05-23 19:25:52.574 [info] > git for-each-ref --format=%(refname)%00%(upstream:short)%00%(objectname)%00%(upstream:track)%00%(upstream:remotename)%00%(upstream:remoteref) refs/heads/master refs/remotes/master [3ms]
2026-05-23 19:25:52.595 [info] > git status -z -uall [11ms]
2026-05-23 19:25:52.598 [info] > git for-each-ref --sort -committerdate --format %(refname)%00%(objectname)%00%(*objectname) [5ms]
2026-05-23 19:26:34.578 [info] > git fetch [7ms]
2026-05-23 19:26:34.595 [info] [Git][getRemotes] No remotes found in the git config file
2026-05-23 19:26:34.596 [info] > git config --get commit.template [9ms]
2026-05-23 19:26:34.597 [info] > git for-each-ref --format=%(refname)%00%(upstream:short)%00%(objectname)%00%(upstream:track)%00%(upstream:remotename)%00%(upstream:remoteref) refs/heads/master refs/remotes/master [2ms]
2026-05-23 19:26:34.597 [warning] [Git][getBranch] No such branch: master
2026-05-23 19:26:34.611 [info] > git status -z -uall [7ms]
2026-05-23 19:26:34.613 [info] > git for-each-ref --sort -committerdate --format %(refname)%00%(objectname)%00%(*objectname) [3ms]
2026-05-23 19:26:35.672 [info] > git config --get commit.template [6ms]
2026-05-23 19:26:35.680 [info] [Git][getRemotes] No remotes found in the git config file
2026-05-23 19:26:35.683 [info] > git for-each-ref --format=%(refname)%00%(upstream:short)%00%(objectname)%00%(upstream:track)%00%(upstream:remotename)%00%(upstream:remoteref) refs/heads/master refs/remotes/master [3ms]
2026-05-23 19:26:35.683 [warning] [Git][getBranch] No such branch: master
2026-05-23 19:26:35.703 [info] > git status -z -uall [11ms]
2026-05-23 19:26:35.705 [info] > git for-each-ref --sort -committerdate --format %(refname)%00%(objectname)%00%(*objectname) [5ms]
2026-05-23 19:26:43.992 [info] > git fetch [4722ms]
2026-05-23 19:26:43.993 [info] > git fetch [4699ms]
2026-05-23 19:26:43.994 [info] > git fetch [4716ms]
2026-05-23 19:26:44.018 [info] > git config --get commit.template [7ms]
2026-05-23 19:26:44.019 [info] > git config --get commit.template [14ms]
2026-05-23 19:26:44.043 [info] > git config --get commit.template [26ms]
2026-05-23 19:26:44.045 [info] > git for-each-ref --format=%(refname)%00%(upstream:short)%00%(objectname)%00%(upstream:track)%00%(upstream:remotename)%00%(upstream:remoteref) refs/heads/master refs/remotes/master [4ms]
2026-05-23 19:26:44.045 [info] > git for-each-ref --format=%(refname)%00%(upstream:short)%00%(objectname)%00%(upstream:track)%00%(upstream:remotename)%00%(upstream:remoteref) refs/heads/master refs/remotes/master [13ms]
2026-05-23 19:26:44.046 [info] > git for-each-ref --format=%(refname)%00%(upstream:short)%00%(objectname)%00%(upstream:track)%00%(upstream:remotename)%00%(upstream:remoteref) refs/heads/amar refs/remotes/amar [20ms]
2026-05-23 19:26:44.098 [info] > git status -z -uall [43ms]
2026-05-23 19:26:44.098 [info] > git status -z -uall [25ms]
2026-05-23 19:26:44.098 [info] > git for-each-ref --sort -committerdate --format %(refname)%00%(objectname)%00%(*objectname) [16ms]
2026-05-23 19:26:44.102 [info] > git for-each-ref --sort -committerdate --format %(refname)%00%(objectname)%00%(*objectname) [38ms]
2026-05-23 19:26:44.105 [info] > git status -z -uall [15ms]
2026-05-23 19:26:44.105 [info] > git for-each-ref --sort -committerdate --format %(refname)%00%(objectname)%00%(*objectname) [9ms]
2026-05-23 19:26:44.195 [info] > git fetch [4909ms]
2026-05-23 19:26:44.212 [info] > git config --get commit.template [9ms]
2026-05-23 19:26:44.214 [info] > git for-each-ref --format=%(refname)%00%(upstream:short)%00%(objectname)%00%(upstream:track)%00%(upstream:remotename)%00%(upstream:remoteref) refs/heads/master refs/remotes/master [3ms]
2026-05-23 19:26:44.214 [warning] [Git][getBranch] No such branch: master
2026-05-23 19:26:44.232 [info] > git status -z -uall [10ms]
2026-05-23 19:26:44.234 [info] > git for-each-ref --sort -committerdate --format %(refname)%00%(objectname)%00%(*objectname) [4ms]
2026-05-23 19:28:51.542 [info] > git fetch [7ms]
2026-05-23 19:28:51.559 [info] [Git][getRemotes] No remotes found in the git config file
2026-05-23 19:28:51.561 [info] > git config --get commit.template [10ms]
2026-05-23 19:28:51.562 [info] > git for-each-ref --format=%(refname)%00%(upstream:short)%00%(objectname)%00%(upstream:track)%00%(upstream:remotename)%00%(upstream:remoteref) refs/heads/master refs/remotes/master [4ms]
2026-05-23 19:28:51.581 [info] > git status -z -uall [10ms]
2026-05-23 19:28:51.582 [info] > git for-each-ref --sort -committerdate --format %(refname)%00%(objectname)%00%(*objectname) [3ms]
2026-05-23 19:28:52.638 [info] [Git][getRemotes] No remotes found in the git config file
2026-05-23 19:28:52.639 [info] > git config --get commit.template [10ms]
2026-05-23 19:28:52.640 [info] > git for-each-ref --format=%(refname)%00%(upstream:short)%00%(objectname)%00%(upstream:track)%00%(upstream:remotename)%00%(upstream:remoteref) refs/heads/master refs/remotes/master [2ms]
2026-05-23 19:28:52.657 [info] > git status -z -uall [10ms]
2026-05-23 19:28:52.659 [info] > git for-each-ref --sort -committerdate --format %(refname)%00%(objectname)%00%(*objectname) [3ms]
2026-05-23 19:29:34.632 [info] > git fetch [7ms]
2026-05-23 19:29:34.641 [info] [Git][getRemotes] No remotes found in the git config file
2026-05-23 19:29:34.648 [info] > git config --get commit.template [8ms]
2026-05-23 19:29:34.650 [info] > git for-each-ref --format=%(refname)%00%(upstream:short)%00%(objectname)%00%(upstream:track)%00%(upstream:remotename)%00%(upstream:remoteref) refs/heads/master refs/remotes/master [3ms]
2026-05-23 19:29:34.650 [warning] [Git][getBranch] No such branch: master
2026-05-23 19:29:34.664 [info] > git status -z -uall [7ms]
2026-05-23 19:29:34.667 [info] > git for-each-ref --sort -committerdate --format %(refname)%00%(objectname)%00%(*objectname) [2ms]
2026-05-23 19:29:35.720 [info] > git config --get commit.template [3ms]
2026-05-23 19:29:35.728 [info] [Git][getRemotes] No remotes found in the git config file
2026-05-23 19:29:35.730 [info] > git for-each-ref --format=%(refname)%00%(upstream:short)%00%(objectname)%00%(upstream:track)%00%(upstream:remotename)%00%(upstream:remoteref) refs/heads/master refs/remotes/master [2ms]
2026-05-23 19:29:35.730 [warning] [Git][getBranch] No such branch: master
2026-05-23 19:29:35.744 [info] > git status -z -uall [8ms]
2026-05-23 19:29:35.745 [info] > git for-each-ref --sort -committerdate --format %(refname)%00%(objectname)%00%(*objectname) [2ms]
2026-05-23 19:29:49.008 [info] > git fetch [4762ms]
2026-05-23 19:29:49.020 [info] > git fetch [4893ms]
2026-05-23 19:29:49.020 [info] > git fetch [4900ms]
2026-05-23 19:29:49.021 [info] > git fetch [4911ms]
2026-05-23 19:29:49.041 [info] > git config --get commit.template [22ms]
2026-05-23 19:29:49.044 [info] > git config --get commit.template [4ms]
2026-05-23 19:29:49.044 [info] > git config --get commit.template [10ms]
2026-05-23 19:29:49.044 [info] > git config --get commit.template [17ms]
2026-05-23 19:29:49.073 [info] > git for-each-ref --format=%(refname)%00%(upstream:short)%00%(objectname)%00%(upstream:track)%00%(upstream:remotename)%00%(upstream:remoteref) refs/heads/amar refs/remotes/amar [8ms]
2026-05-23 19:29:49.073 [info] > git for-each-ref --format=%(refname)%00%(upstream:short)%00%(objectname)%00%(upstream:track)%00%(upstream:remotename)%00%(upstream:remoteref) refs/heads/master refs/remotes/master [16ms]
2026-05-23 19:29:49.073 [info] > git for-each-ref --format=%(refname)%00%(upstream:short)%00%(objectname)%00%(upstream:track)%00%(upstream:remotename)%00%(upstream:remoteref) refs/heads/master refs/remotes/master [22ms]
2026-05-23 19:29:49.073 [warning] [Git][getBranch] No such branch: master
2026-05-23 19:29:49.089 [info] > git status -z -uall [9ms]
2026-05-23 19:29:49.090 [info] > git for-each-ref --format=%(refname)%00%(upstream:short)%00%(objectname)%00%(upstream:track)%00%(upstream:remotename)%00%(upstream:remoteref) refs/heads/master refs/remotes/master [19ms]
2026-05-23 19:29:49.090 [info] > git for-each-ref --sort -committerdate --format %(refname)%00%(objectname)%00%(*objectname) [3ms]
2026-05-23 19:29:49.134 [info] > git status -z -uall [35ms]
2026-05-23 19:29:49.134 [info] > git status -z -uall [21ms]
2026-05-23 19:29:49.134 [info] > git status -z -uall [8ms]
2026-05-23 19:29:49.135 [info] > git for-each-ref --sort -committerdate --format %(refname)%00%(objectname)%00%(*objectname) [29ms]
2026-05-23 19:29:49.145 [info] > git for-each-ref --sort -committerdate --format %(refname)%00%(objectname)%00%(*objectname) [12ms]
2026-05-23 19:29:49.147 [info] > git for-each-ref --sort -committerdate --format %(refname)%00%(objectname)%00%(*objectname) [27ms]
2026-05-23 19:38:20.051 [info] > git fetch [9ms]
2026-05-23 19:38:20.075 [info] [Git][getRemotes] No remotes found in the git config file
2026-05-23 19:38:20.076 [info] > git config --get commit.template [13ms]
2026-05-23 19:38:20.078 [info] > git for-each-ref --format=%(refname)%00%(upstream:short)%00%(objectname)%00%(upstream:track)%00%(upstream:remotename)%00%(upstream:remoteref) refs/heads/master refs/remotes/master [4ms]
2026-05-23 19:38:20.095 [info] > git status -z -uall [9ms]
2026-05-23 19:38:20.097 [info] > git for-each-ref --sort -committerdate --format %(refname)%00%(objectname)%00%(*objectname) [4ms]
2026-05-23 19:38:21.148 [info] [Git][getRemotes] No remotes found in the git config file
2026-05-23 19:38:21.149 [info] > git config --get commit.template [12ms]
2026-05-23 19:38:21.150 [info] > git for-each-ref --format=%(refname)%00%(upstream:short)%00%(objectname)%00%(upstream:track)%00%(upstream:remotename)%00%(upstream:remoteref) refs/heads/master refs/remotes/master [3ms]
2026-05-23 19:38:21.166 [info] > git status -z -uall [8ms]
2026-05-23 19:38:21.168 [info] > git for-each-ref --sort -committerdate --format %(refname)%00%(objectname)%00%(*objectname) [3ms]
2026-05-23 19:39:03.133 [info] > git fetch [7ms]
2026-05-23 19:39:03.142 [info] [Git][getRemotes] No remotes found in the git config file
2026-05-23 19:39:03.150 [info] > git for-each-ref --format=%(refname)%00%(upstream:short)%00%(objectname)%00%(upstream:track)%00%(upstream:remotename)%00%(upstream:remoteref) refs/heads/master refs/remotes/master [3ms]
2026-05-23 19:39:03.150 [warning] [Git][getBranch] No such branch: master
2026-05-23 19:39:03.150 [info] > git config --get commit.template [9ms]
2026-05-23 19:39:03.166 [info] > git status -z -uall [8ms]
2026-05-23 19:39:03.168 [info] > git for-each-ref --sort -committerdate --format %(refname)%00%(objectname)%00%(*objectname) [3ms]
2026-05-23 19:39:04.224 [info] [Git][getRemotes] No remotes found in the git config file
2026-05-23 19:39:04.225 [info] > git config --get commit.template [9ms]
2026-05-23 19:39:04.227 [info] > git for-each-ref --format=%(refname)%00%(upstream:short)%00%(objectname)%00%(upstream:track)%00%(upstream:remotename)%00%(upstream:remoteref) refs/heads/master refs/remotes/master [3ms]
2026-05-23 19:39:04.227 [warning] [Git][getBranch] No such branch: master
2026-05-23 19:39:04.241 [info] > git status -z -uall [8ms]
2026-05-23 19:39:04.243 [info] > git for-each-ref --sort -committerdate --format %(refname)%00%(objectname)%00%(*objectname) [3ms]
2026-05-23 19:39:22.482 [info] > git fetch [4869ms]
2026-05-23 19:39:22.483 [info] > git fetch [4935ms]
2026-05-23 19:39:22.500 [info] > git fetch [4901ms]
2026-05-23 19:39:22.500 [info] > git fetch [4894ms]
2026-05-23 19:39:22.515 [info] > git config --get commit.template [17ms]
2026-05-23 19:39:22.515 [info] > git config --get commit.template [24ms]
2026-05-23 19:39:22.516 [info] > git config --get commit.template [8ms]
2026-05-23 19:39:22.530 [info] > git config --get commit.template [16ms]
2026-05-23 19:39:22.544 [info] > git for-each-ref --format=%(refname)%00%(upstream:short)%00%(objectname)%00%(upstream:track)%00%(upstream:remotename)%00%(upstream:remoteref) refs/heads/master refs/remotes/master [21ms]
2026-05-23 19:39:22.545 [info] > git for-each-ref --format=%(refname)%00%(upstream:short)%00%(objectname)%00%(upstream:track)%00%(upstream:remotename)%00%(upstream:remoteref) refs/heads/amar refs/remotes/amar [8ms]
2026-05-23 19:39:22.545 [info] > git for-each-ref --format=%(refname)%00%(upstream:short)%00%(objectname)%00%(upstream:track)%00%(upstream:remotename)%00%(upstream:remoteref) refs/heads/master refs/remotes/master [16ms]
2026-05-23 19:39:22.545 [warning] [Git][getBranch] No such branch: master
2026-05-23 19:39:22.560 [info] > git status -z -uall [8ms]
2026-05-23 19:39:22.561 [info] > git for-each-ref --format=%(refname)%00%(upstream:short)%00%(objectname)%00%(upstream:track)%00%(upstream:remotename)%00%(upstream:remoteref) refs/heads/master refs/remotes/master [18ms]
2026-05-23 19:39:22.561 [info] > git for-each-ref --sort -committerdate --format %(refname)%00%(objectname)%00%(*objectname) [2ms]
2026-05-23 19:39:22.593 [info] > git status -z -uall [22ms]
2026-05-23 19:39:22.593 [info] > git status -z -uall [8ms]
2026-05-23 19:39:22.595 [info] > git for-each-ref --sort -committerdate --format %(refname)%00%(objectname)%00%(*objectname) [18ms]
2026-05-23 19:39:22.613 [info] > git status -z -uall [8ms]
2026-05-23 19:39:22.613 [info] > git for-each-ref --sort -committerdate --format %(refname)%00%(objectname)%00%(*objectname) [21ms]
2026-05-23 19:39:22.617 [info] > git for-each-ref --sort -committerdate --format %(refname)%00%(objectname)%00%(*objectname) [4ms]
2026-05-23 19:43:37.507 [info] > git fetch [40ms]
2026-05-23 19:43:37.508 [info] > git fetch [53ms]
2026-05-23 19:43:37.530 [info] > git config --get commit.template [10ms]
2026-05-23 19:43:37.531 [info] > git config --get commit.template [3ms]
2026-05-23 19:43:37.540 [info] [Git][getRemotes] No remotes found in the git config file
2026-05-23 19:43:37.540 [info] [Git][getRemotes] No remotes found in the git config file
2026-05-23 19:43:37.550 [info] > git for-each-ref --format=%(refname)%00%(upstream:short)%00%(objectname)%00%(upstream:track)%00%(upstream:remotename)%00%(upstream:remoteref) refs/heads/master refs/remotes/master [11ms]
2026-05-23 19:43:37.550 [warning] [Git][getBranch] No such branch: master
2026-05-23 19:43:37.566 [info] > git status -z -uall [10ms]
2026-05-23 19:43:37.567 [info] > git for-each-ref --format=%(refname)%00%(upstream:short)%00%(objectname)%00%(upstream:track)%00%(upstream:remotename)%00%(upstream:remoteref) refs/heads/master refs/remotes/master [20ms]
2026-05-23 19:43:37.581 [info] > git status -z -uall [8ms]
2026-05-23 19:43:37.582 [info] > git for-each-ref --sort -committerdate --format %(refname)%00%(objectname)%00%(*objectname) [18ms]
2026-05-23 19:43:37.587 [info] > git for-each-ref --sort -committerdate --format %(refname)%00%(objectname)%00%(*objectname) [8ms]
2026-05-23 19:43:38.651 [info] [Git][getRemotes] No remotes found in the git config file
2026-05-23 19:43:38.660 [info] > git config --get commit.template [10ms]
2026-05-23 19:43:38.661 [info] > git for-each-ref --format=%(refname)%00%(upstream:short)%00%(objectname)%00%(upstream:track)%00%(upstream:remotename)%00%(upstream:remoteref) refs/heads/master refs/remotes/master [3ms]
2026-05-23 19:43:38.661 [warning] [Git][getBranch] No such branch: master
2026-05-23 19:43:38.679 [info] > git status -z -uall [10ms]
2026-05-23 19:43:38.680 [info] > git for-each-ref --sort -committerdate --format %(refname)%00%(objectname)%00%(*objectname) [3ms]
2026-05-23 19:43:42.102 [info] > git fetch [4597ms]
2026-05-23 19:43:42.115 [info] > git fetch [4620ms]
2026-05-23 19:43:42.116 [info] > git fetch [4630ms]
2026-05-23 19:43:42.116 [info] > git fetch [4639ms]
2026-05-23 19:43:42.138 [info] > git config --get commit.template [24ms]
2026-05-23 19:43:42.139 [info] > git config --get commit.template [1ms]
2026-05-23 19:43:42.140 [info] > git config --get commit.template [9ms]
2026-05-23 19:43:42.140 [info] > git config --get commit.template [16ms]
2026-05-23 19:43:42.168 [info] > git for-each-ref --format=%(refname)%00%(upstream:short)%00%(objectname)%00%(upstream:track)%00%(upstream:remotename)%00%(upstream:remoteref) refs/heads/master refs/remotes/master [8ms]
2026-05-23 19:43:42.168 [info] > git for-each-ref --format=%(refname)%00%(upstream:short)%00%(objectname)%00%(upstream:track)%00%(upstream:remotename)%00%(upstream:remoteref) refs/heads/amar refs/remotes/amar [15ms]
2026-05-23 19:43:42.168 [info] > git for-each-ref --format=%(refname)%00%(upstream:short)%00%(objectname)%00%(upstream:track)%00%(upstream:remotename)%00%(upstream:remoteref) refs/heads/master refs/remotes/master [22ms]
2026-05-23 19:43:42.169 [info] > git for-each-ref --format=%(refname)%00%(upstream:short)%00%(objectname)%00%(upstream:track)%00%(upstream:remotename)%00%(upstream:remoteref) refs/heads/master refs/remotes/master [3ms]
2026-05-23 19:43:42.169 [warning] [Git][getBranch] No such branch: master
2026-05-23 19:43:42.185 [info] > git status -z -uall [9ms]
2026-05-23 19:43:42.186 [info] > git for-each-ref --sort -committerdate --format %(refname)%00%(objectname)%00%(*objectname) [3ms]
2026-05-23 19:43:42.234 [info] > git status -z -uall [40ms]
2026-05-23 19:43:42.235 [info] > git status -z -uall [27ms]
2026-05-23 19:43:42.235 [info] > git status -z -uall [12ms]
2026-05-23 19:43:42.236 [info] > git for-each-ref --sort -committerdate --format %(refname)%00%(objectname)%00%(*objectname) [21ms]
2026-05-23 19:43:42.238 [info] > git for-each-ref --sort -committerdate --format %(refname)%00%(objectname)%00%(*objectname) [37ms]
2026-05-23 19:43:42.242 [info] > git for-each-ref --sort -committerdate --format %(refname)%00%(objectname)%00%(*objectname) [11ms]
2026-05-23 19:49:11.414 [info] > git fetch [37ms]
2026-05-23 19:49:11.416 [info] > git fetch [50ms]
2026-05-23 19:49:11.436 [info] > git config --get commit.template [9ms]
2026-05-23 19:49:11.440 [info] > git config --get commit.template [6ms]
2026-05-23 19:49:11.449 [info] [Git][getRemotes] No remotes found in the git config file
2026-05-23 19:49:11.457 [info] [Git][getRemotes] No remotes found in the git config file
2026-05-23 19:49:11.460 [info] > git for-each-ref --format=%(refname)%00%(upstream:short)%00%(objectname)%00%(upstream:track)%00%(upstream:remotename)%00%(upstream:remoteref) refs/heads/master refs/remotes/master [11ms]
2026-05-23 19:49:11.479 [info] > git status -z -uall [11ms]
2026-05-23 19:49:11.480 [info] > git for-each-ref --format=%(refname)%00%(upstream:short)%00%(objectname)%00%(upstream:track)%00%(upstream:remotename)%00%(upstream:remoteref) refs/heads/master refs/remotes/master [24ms]
2026-05-23 19:49:11.480 [warning] [Git][getBranch] No such branch: master
2026-05-23 19:49:11.494 [info] > git status -z -uall [7ms]
2026-05-23 19:49:11.495 [info] > git for-each-ref --sort -committerdate --format %(refname)%00%(objectname)%00%(*objectname) [18ms]
2026-05-23 19:49:11.497 [info] > git for-each-ref --sort -committerdate --format %(refname)%00%(objectname)%00%(*objectname) [4ms]
2026-05-23 19:49:12.558 [info] > git config --get commit.template [2ms]
2026-05-23 19:49:12.566 [info] [Git][getRemotes] No remotes found in the git config file
2026-05-23 19:49:12.569 [info] > git for-each-ref --format=%(refname)%00%(upstream:short)%00%(objectname)%00%(upstream:track)%00%(upstream:remotename)%00%(upstream:remoteref) refs/heads/master refs/remotes/master [3ms]
2026-05-23 19:49:12.585 [info] > git status -z -uall [10ms]
2026-05-23 19:49:12.587 [info] > git for-each-ref --sort -committerdate --format %(refname)%00%(objectname)%00%(*objectname) [3ms]
2026-05-23 19:49:16.513 [info] > git fetch [5101ms]
2026-05-23 19:49:16.524 [info] > git fetch [5120ms]
2026-05-23 19:49:16.525 [info] > git fetch [5129ms]
2026-05-23 19:49:16.526 [info] > git fetch [5139ms]
2026-05-23 19:49:16.554 [info] > git config --get commit.template [31ms]
2026-05-23 19:49:16.555 [info] > git config --get commit.template [12ms]
2026-05-23 19:49:16.555 [info] > git config --get commit.template [19ms]
2026-05-23 19:49:16.567 [info] > git config --get commit.template [14ms]
2026-05-23 19:49:16.595 [info] > git for-each-ref --format=%(refname)%00%(upstream:short)%00%(objectname)%00%(upstream:track)%00%(upstream:remotename)%00%(upstream:remoteref) refs/heads/master refs/remotes/master [31ms]
2026-05-23 19:49:16.598 [info] > git for-each-ref --format=%(refname)%00%(upstream:short)%00%(objectname)%00%(upstream:track)%00%(upstream:remotename)%00%(upstream:remoteref) refs/heads/master refs/remotes/master [5ms]
2026-05-23 19:49:16.598 [warning] [Git][getBranch] No such branch: master
2026-05-23 19:49:16.617 [info] > git for-each-ref --format=%(refname)%00%(upstream:short)%00%(objectname)%00%(upstream:track)%00%(upstream:remotename)%00%(upstream:remoteref) refs/heads/master refs/remotes/master [31ms]
2026-05-23 19:49:16.617 [info] > git for-each-ref --format=%(refname)%00%(upstream:short)%00%(objectname)%00%(upstream:track)%00%(upstream:remotename)%00%(upstream:remoteref) refs/heads/amar refs/remotes/amar [41ms]
2026-05-23 19:49:16.619 [info] > git status -z -uall [12ms]
2026-05-23 19:49:16.619 [info] > git for-each-ref --sort -committerdate --format %(refname)%00%(objectname)%00%(*objectname) [3ms]
2026-05-23 19:49:16.672 [info] > git status -z -uall [38ms]
2026-05-23 19:49:16.672 [info] > git status -z -uall [22ms]
2026-05-23 19:49:16.672 [info] > git status -z -uall [7ms]
2026-05-23 19:49:16.678 [info] > git for-each-ref --sort -committerdate --format %(refname)%00%(objectname)%00%(*objectname) [7ms]
2026-05-23 19:49:16.680 [info] > git for-each-ref --sort -committerdate --format %(refname)%00%(objectname)%00%(*objectname) [23ms]
2026-05-23 19:49:16.682 [info] > git for-each-ref --sort -committerdate --format %(refname)%00%(objectname)%00%(*objectname) [39ms]
2026-05-23 19:52:11.520 [info] > git fetch [12ms]
2026-05-23 19:52:11.532 [info] > git fetch [14ms]
2026-05-23 19:52:11.546 [info] > git config --get commit.template [14ms]
2026-05-23 19:52:11.554 [info] [Git][getRemotes] No remotes found in the git config file
2026-05-23 19:52:11.555 [info] > git config --get commit.template [13ms]
2026-05-23 19:52:11.562 [info] [Git][getRemotes] No remotes found in the git config file
2026-05-23 19:52:11.564 [info] > git for-each-ref --format=%(refname)%00%(upstream:short)%00%(objectname)%00%(upstream:track)%00%(upstream:remotename)%00%(upstream:remoteref) refs/heads/master refs/remotes/master [10ms]
2026-05-23 19:52:11.582 [info] > git status -z -uall [11ms]
2026-05-23 19:52:11.583 [info] > git for-each-ref --format=%(refname)%00%(upstream:short)%00%(objectname)%00%(upstream:track)%00%(upstream:remotename)%00%(upstream:remoteref) refs/heads/master refs/remotes/master [21ms]
2026-05-23 19:52:11.583 [warning] [Git][getBranch] No such branch: master
2026-05-23 19:52:11.598 [info] > git status -z -uall [8ms]
2026-05-23 19:52:11.598 [info] > git for-each-ref --sort -committerdate --format %(refname)%00%(objectname)%00%(*objectname) [18ms]
2026-05-23 19:52:11.602 [info] > git for-each-ref --sort -committerdate --format %(refname)%00%(objectname)%00%(*objectname) [5ms]
2026-05-23 19:52:12.619 [info] [Git][getRemotes] No remotes found in the git config file
2026-05-23 19:52:12.620 [info] > git config --get commit.template [9ms]
2026-05-23 19:52:12.626 [info] > git for-each-ref --format=%(refname)%00%(upstream:short)%00%(objectname)%00%(upstream:track)%00%(upstream:remotename)%00%(upstream:remoteref) refs/heads/master refs/remotes/master [8ms]
2026-05-23 19:52:12.643 [info] > git status -z -uall [10ms]
2026-05-23 19:52:12.644 [info] > git for-each-ref --sort -committerdate --format %(refname)%00%(objectname)%00%(*objectname) [3ms]
2026-05-23 19:52:26.793 [info] > git fetch [4181ms]
2026-05-23 19:52:26.795 [info] > git fetch [4214ms]
2026-05-23 19:52:26.810 [info] > git fetch [4218ms]
2026-05-23 19:52:26.812 [info] > git fetch [4210ms]
2026-05-23 19:52:26.832 [info] > git config --get commit.template [23ms]
2026-05-23 19:52:26.832 [info] > git config --get commit.template [29ms]
2026-05-23 19:52:26.833 [info] > git config --get commit.template [3ms]
2026-05-23 19:52:26.833 [info] > git config --get commit.template [12ms]
2026-05-23 19:52:26.866 [info] > git for-each-ref --format=%(refname)%00%(upstream:short)%00%(objectname)%00%(upstream:track)%00%(upstream:remotename)%00%(upstream:remoteref) refs/heads/master refs/remotes/master [19ms]
2026-05-23 19:52:26.866 [warning] [Git][getBranch] No such branch: master
2026-05-23 19:52:26.883 [info] > git for-each-ref --format=%(refname)%00%(upstream:short)%00%(objectname)%00%(upstream:track)%00%(upstream:remotename)%00%(upstream:remoteref) refs/heads/master refs/remotes/master [42ms]
2026-05-23 19:52:26.885 [info] > git status -z -uall [10ms]
2026-05-23 19:52:26.886 [info] > git for-each-ref --format=%(refname)%00%(upstream:short)%00%(objectname)%00%(upstream:track)%00%(upstream:remotename)%00%(upstream:remoteref) refs/heads/master refs/remotes/master [21ms]
2026-05-23 19:52:26.887 [info] > git for-each-ref --format=%(refname)%00%(upstream:short)%00%(objectname)%00%(upstream:track)%00%(upstream:remotename)%00%(upstream:remoteref) refs/heads/amar refs/remotes/amar [28ms]
2026-05-23 19:52:26.888 [info] > git for-each-ref --sort -committerdate --format %(refname)%00%(objectname)%00%(*objectname) [6ms]
2026-05-23 19:52:26.948 [info] > git status -z -uall [47ms]
2026-05-23 19:52:26.948 [info] > git status -z -uall [30ms]
2026-05-23 19:52:26.948 [info] > git status -z -uall [11ms]
2026-05-23 19:52:26.954 [info] > git for-each-ref --sort -committerdate --format %(refname)%00%(objectname)%00%(*objectname) [7ms]
2026-05-23 19:52:26.960 [info] > git for-each-ref --sort -committerdate --format %(refname)%00%(objectname)%00%(*objectname) [32ms]
2026-05-23 19:52:26.966 [info] > git for-each-ref --sort -committerdate --format %(refname)%00%(objectname)%00%(*objectname) [55ms]
2026-05-23 19:55:11.617 [info] > git fetch [8ms]
2026-05-23 19:55:11.629 [info] > git fetch [14ms]
2026-05-23 19:55:11.638 [info] > git config --get commit.template [10ms]
2026-05-23 19:55:11.646 [info] [Git][getRemotes] No remotes found in the git config file
2026-05-23 19:55:11.646 [info] > git config --get commit.template [8ms]
2026-05-23 19:55:11.654 [info] [Git][getRemotes] No remotes found in the git config file
2026-05-23 19:55:11.656 [info] > git for-each-ref --format=%(refname)%00%(upstream:short)%00%(objectname)%00%(upstream:track)%00%(upstream:remotename)%00%(upstream:remoteref) refs/heads/master refs/remotes/master [11ms]
2026-05-23 19:55:11.671 [info] > git status -z -uall [9ms]
2026-05-23 19:55:11.671 [info] > git for-each-ref --format=%(refname)%00%(upstream:short)%00%(objectname)%00%(upstream:track)%00%(upstream:remotename)%00%(upstream:remoteref) refs/heads/master refs/remotes/master [17ms]
2026-05-23 19:55:11.672 [warning] [Git][getBranch] No such branch: master
2026-05-23 19:55:11.687 [info] > git status -z -uall [9ms]
2026-05-23 19:55:11.687 [info] > git for-each-ref --sort -committerdate --format %(refname)%00%(objectname)%00%(*objectname) [17ms]
2026-05-23 19:55:11.690 [info] > git for-each-ref --sort -committerdate --format %(refname)%00%(objectname)%00%(*objectname) [4ms]
2026-05-23 19:55:12.768 [info] > git config --get commit.template [8ms]
2026-05-23 19:55:12.782 [info] [Git][getRemotes] No remotes found in the git config file
2026-05-23 19:55:12.782 [info] [Git][getRemotes] No remotes found in the git config file
2026-05-23 19:55:12.783 [info] > git for-each-ref --format=%(refname)%00%(upstream:short)%00%(objectname)%00%(upstream:track)%00%(upstream:remotename)%00%(upstream:remoteref) refs/heads/master refs/remotes/master [8ms]
2026-05-23 19:55:12.796 [info] > git config --get commit.template [29ms]
2026-05-23 19:55:12.798 [info] > git status -z -uall [8ms]
2026-05-23 19:55:12.799 [info] > git for-each-ref --format=%(refname)%00%(upstream:short)%00%(objectname)%00%(upstream:track)%00%(upstream:remotename)%00%(upstream:remoteref) refs/heads/master refs/remotes/master [17ms]
2026-05-23 19:55:12.799 [warning] [Git][getBranch] No such branch: master
2026-05-23 19:55:12.814 [info] > git status -z -uall [8ms]
2026-05-23 19:55:12.815 [info] > git for-each-ref --sort -committerdate --format %(refname)%00%(objectname)%00%(*objectname) [19ms]
2026-05-23 19:55:12.818 [info] > git for-each-ref --sort -committerdate --format %(refname)%00%(objectname)%00%(*objectname) [5ms]
2026-05-23 19:55:31.728 [info] > git fetch [4827ms]
2026-05-23 19:55:31.738 [info] > git fetch [4768ms]
2026-05-23 19:55:31.739 [info] > git fetch [4754ms]
2026-05-23 19:55:31.754 [info] > git config --get commit.template [17ms]
2026-05-23 19:55:31.755 [info] > git config --get commit.template [9ms]
2026-05-23 19:55:31.762 [info] > git config --get commit.template [9ms]
2026-05-23 19:55:31.776 [info] > git for-each-ref --format=%(refname)%00%(upstream:short)%00%(objectname)%00%(upstream:track)%00%(upstream:remotename)%00%(upstream:remoteref) refs/heads/master refs/remotes/master [7ms]
2026-05-23 19:55:31.776 [info] > git for-each-ref --format=%(refname)%00%(upstream:short)%00%(objectname)%00%(upstream:track)%00%(upstream:remotename)%00%(upstream:remoteref) refs/heads/master refs/remotes/master [15ms]
2026-05-23 19:55:31.776 [warning] [Git][getBranch] No such branch: master
2026-05-23 19:55:31.790 [info] > git status -z -uall [8ms]
2026-05-23 19:55:31.791 [info] > git for-each-ref --format=%(refname)%00%(upstream:short)%00%(objectname)%00%(upstream:track)%00%(upstream:remotename)%00%(upstream:remoteref) refs/heads/amar refs/remotes/amar [17ms]
2026-05-23 19:55:31.819 [info] > git status -z -uall [21ms]
2026-05-23 19:55:31.819 [info] > git status -z -uall [8ms]
2026-05-23 19:55:31.819 [info] > git for-each-ref --sort -committerdate --format %(refname)%00%(objectname)%00%(*objectname) [30ms]
2026-05-23 19:55:31.822 [info] > git for-each-ref --sort -committerdate --format %(refname)%00%(objectname)%00%(*objectname) [18ms]
2026-05-23 19:55:31.827 [info] > git for-each-ref --sort -committerdate --format %(refname)%00%(objectname)%00%(*objectname) [9ms]
2026-05-23 19:55:31.932 [info] > git fetch [4955ms]
2026-05-23 19:55:31.949 [info] > git config --get commit.template [8ms]
2026-05-23 19:55:31.952 [info] > git for-each-ref --format=%(refname)%00%(upstream:short)%00%(objectname)%00%(upstream:track)%00%(upstream:remotename)%00%(upstream:remoteref) refs/heads/master refs/remotes/master [4ms]
2026-05-23 19:55:31.967 [info] > git status -z -uall [8ms]
2026-05-23 19:55:31.970 [info] > git for-each-ref --sort -committerdate --format %(refname)%00%(objectname)%00%(*objectname) [4ms]
2026-05-23 19:58:11.706 [info] > git fetch [8ms]
2026-05-23 19:58:11.715 [info] > git fetch [10ms]
2026-05-23 19:58:11.723 [info] [Git][getRemotes] No remotes found in the git config file
2026-05-23 19:58:11.729 [info] > git config --get commit.template [15ms]
2026-05-23 19:58:11.730 [info] > git config --get commit.template [8ms]
2026-05-23 19:58:11.731 [info] [Git][getRemotes] No remotes found in the git config file
2026-05-23 19:58:11.738 [info] > git for-each-ref --format=%(refname)%00%(upstream:short)%00%(objectname)%00%(upstream:track)%00%(upstream:remotename)%00%(upstream:remoteref) refs/heads/master refs/remotes/master [9ms]
2026-05-23 19:58:11.753 [info] > git status -z -uall [9ms]
2026-05-23 19:58:11.754 [info] > git for-each-ref --format=%(refname)%00%(upstream:short)%00%(objectname)%00%(upstream:track)%00%(upstream:remotename)%00%(upstream:remoteref) refs/heads/master refs/remotes/master [17ms]
2026-05-23 19:58:11.754 [warning] [Git][getBranch] No such branch: master
2026-05-23 19:58:11.769 [info] > git status -z -uall [9ms]
2026-05-23 19:58:11.770 [info] > git for-each-ref --sort -committerdate --format %(refname)%00%(objectname)%00%(*objectname) [18ms]
2026-05-23 19:58:11.772 [info] > git for-each-ref --sort -committerdate --format %(refname)%00%(objectname)%00%(*objectname) [4ms]
2026-05-23 19:58:12.797 [info] > git config --get commit.template [9ms]
2026-05-23 19:58:12.798 [info] > git config --get commit.template [3ms]
2026-05-23 19:58:12.798 [info] [Git][getRemotes] No remotes found in the git config file
2026-05-23 19:58:12.805 [info] [Git][getRemotes] No remotes found in the git config file
2026-05-23 19:58:12.812 [info] > git for-each-ref --format=%(refname)%00%(upstream:short)%00%(objectname)%00%(upstream:track)%00%(upstream:remotename)%00%(upstream:remoteref) refs/heads/master refs/remotes/master [7ms]
2026-05-23 19:58:12.826 [info] > git status -z -uall [8ms]
2026-05-23 19:58:12.827 [info] > git for-each-ref --format=%(refname)%00%(upstream:short)%00%(objectname)%00%(upstream:track)%00%(upstream:remotename)%00%(upstream:remoteref) refs/heads/master refs/remotes/master [16ms]
2026-05-23 19:58:12.827 [warning] [Git][getBranch] No such branch: master
2026-05-23 19:58:12.841 [info] > git status -z -uall [8ms]
2026-05-23 19:58:12.842 [info] > git for-each-ref --sort -committerdate --format %(refname)%00%(objectname)%00%(*objectname) [17ms]
2026-05-23 19:58:12.844 [info] > git for-each-ref --sort -committerdate --format %(refname)%00%(objectname)%00%(*objectname) [4ms]
2026-05-23 19:59:59.808 [info] > git fetch [5679ms]
2026-05-23 19:59:59.817 [info] > git fetch [5677ms]
2026-05-23 19:59:59.818 [info] > git fetch [5656ms]
2026-05-23 19:59:59.819 [info] > git fetch [5668ms]
2026-05-23 19:59:59.842 [info] > git config --get commit.template [25ms]
2026-05-23 19:59:59.843 [info] > git config --get commit.template [8ms]
2026-05-23 19:59:59.843 [info] > git config --get commit.template [17ms]
2026-05-23 19:59:59.870 [info] > git config --get commit.template [29ms]
2026-05-23 19:59:59.871 [info] > git for-each-ref --format=%(refname)%00%(upstream:short)%00%(objectname)%00%(upstream:track)%00%(upstream:remotename)%00%(upstream:remoteref) refs/heads/master refs/remotes/master [8ms]
2026-05-23 19:59:59.872 [info] > git for-each-ref --format=%(refname)%00%(upstream:short)%00%(objectname)%00%(upstream:track)%00%(upstream:remotename)%00%(upstream:remoteref) refs/heads/master refs/remotes/master [16ms]
2026-05-23 19:59:59.872 [info] > git for-each-ref --format=%(refname)%00%(upstream:short)%00%(objectname)%00%(upstream:track)%00%(upstream:remotename)%00%(upstream:remoteref) refs/heads/master refs/remotes/master [23ms]
2026-05-23 19:59:59.872 [warning] [Git][getBranch] No such branch: master
2026-05-23 19:59:59.890 [info] > git status -z -uall [12ms]
2026-05-23 19:59:59.891 [info] > git for-each-ref --format=%(refname)%00%(upstream:short)%00%(objectname)%00%(upstream:track)%00%(upstream:remotename)%00%(upstream:remoteref) refs/heads/amar refs/remotes/amar [22ms]
2026-05-23 19:59:59.892 [info] > git for-each-ref --sort -committerdate --format %(refname)%00%(objectname)%00%(*objectname) [4ms]
2026-05-23 19:59:59.941 [info] > git status -z -uall [37ms]
2026-05-23 19:59:59.941 [info] > git status -z -uall [22ms]
2026-05-23 19:59:59.941 [info] > git status -z -uall [7ms]
2026-05-23 19:59:59.942 [info] > git for-each-ref --sort -committerdate --format %(refname)%00%(objectname)%00%(*objectname) [32ms]
2026-05-23 19:59:59.945 [info] > git for-each-ref --sort -committerdate --format %(refname)%00%(objectname)%00%(*objectname) [4ms]
2026-05-23 19:59:59.947 [info] > git for-each-ref --sort -committerdate --format %(refname)%00%(objectname)%00%(*objectname) [20ms]
2026-05-23 20:01:11.793 [info] > git fetch [10ms]
2026-05-23 20:01:11.801 [info] > git fetch [9ms]
2026-05-23 20:01:11.808 [info] > git config --get commit.template [7ms]
2026-05-23 20:01:11.815 [info] [Git][getRemotes] No remotes found in the git config file
2026-05-23 20:01:11.816 [info] > git config --get commit.template [8ms]
2026-05-23 20:01:11.823 [info] [Git][getRemotes] No remotes found in the git config file
2026-05-23 20:01:11.824 [info] > git for-each-ref --format=%(refname)%00%(upstream:short)%00%(objectname)%00%(upstream:track)%00%(upstream:remotename)%00%(upstream:remoteref) refs/heads/master refs/remotes/master [10ms]
2026-05-23 20:01:11.837 [info] > git status -z -uall [7ms]
2026-05-23 20:01:11.838 [info] > git for-each-ref --format=%(refname)%00%(upstream:short)%00%(objectname)%00%(upstream:track)%00%(upstream:remotename)%00%(upstream:remoteref) refs/heads/master refs/remotes/master [16ms]
2026-05-23 20:01:11.838 [warning] [Git][getBranch] No such branch: master
2026-05-23 20:01:11.852 [info] > git status -z -uall [8ms]
2026-05-23 20:01:11.853 [info] > git for-each-ref --sort -committerdate --format %(refname)%00%(objectname)%00%(*objectname) [16ms]
2026-05-23 20:01:11.856 [info] > git for-each-ref --sort -committerdate --format %(refname)%00%(objectname)%00%(*objectname) [5ms]
2026-05-23 20:01:12.883 [info] > git config --get commit.template [8ms]
2026-05-23 20:01:12.883 [info] > git config --get commit.template [1ms]
2026-05-23 20:01:12.892 [info] [Git][getRemotes] No remotes found in the git config file
2026-05-23 20:01:12.900 [info] [Git][getRemotes] No remotes found in the git config file
2026-05-23 20:01:12.901 [info] > git for-each-ref --format=%(refname)%00%(upstream:short)%00%(objectname)%00%(upstream:track)%00%(upstream:remotename)%00%(upstream:remoteref) refs/heads/master refs/remotes/master [9ms]
2026-05-23 20:01:12.916 [info] > git status -z -uall [8ms]
2026-05-23 20:01:12.916 [info] > git for-each-ref --format=%(refname)%00%(upstream:short)%00%(objectname)%00%(upstream:track)%00%(upstream:remotename)%00%(upstream:remoteref) refs/heads/master refs/remotes/master [16ms]
2026-05-23 20:01:12.916 [warning] [Git][getBranch] No such branch: master
2026-05-23 20:01:12.930 [info] > git status -z -uall [7ms]
2026-05-23 20:01:12.930 [info] > git for-each-ref --sort -committerdate --format %(refname)%00%(objectname)%00%(*objectname) [16ms]
2026-05-23 20:01:12.933 [info] > git for-each-ref --sort -committerdate --format %(refname)%00%(objectname)%00%(*objectname) [4ms]
2026-05-23 20:03:05.356 [info] > git fetch [5452ms]
2026-05-23 20:03:05.367 [info] > git fetch [5416ms]
2026-05-23 20:03:05.369 [info] > git fetch [5409ms]
2026-05-23 20:03:05.370 [info] > git fetch [5402ms]
2026-05-23 20:03:05.409 [info] > git config --get commit.template [42ms]
2026-05-23 20:03:05.411 [info] > git config --get commit.template [5ms]
2026-05-23 20:03:05.411 [info] > git config --get commit.template [16ms]
2026-05-23 20:03:05.411 [info] > git config --get commit.template [29ms]
2026-05-23 20:03:05.446 [info] > git for-each-ref --format=%(refname)%00%(upstream:short)%00%(objectname)%00%(upstream:track)%00%(upstream:remotename)%00%(upstream:remoteref) refs/heads/amar refs/remotes/amar [9ms]
2026-05-23 20:03:05.446 [info] > git for-each-ref --format=%(refname)%00%(upstream:short)%00%(objectname)%00%(upstream:track)%00%(upstream:remotename)%00%(upstream:remoteref) refs/heads/master refs/remotes/master [18ms]
2026-05-23 20:03:05.446 [info] > git for-each-ref --format=%(refname)%00%(upstream:short)%00%(objectname)%00%(upstream:track)%00%(upstream:remotename)%00%(upstream:remoteref) refs/heads/master refs/remotes/master [26ms]
2026-05-23 20:03:05.446 [warning] [Git][getBranch] No such branch: master
2026-05-23 20:03:05.464 [info] > git status -z -uall [10ms]
2026-05-23 20:03:05.465 [info] > git for-each-ref --format=%(refname)%00%(upstream:short)%00%(objectname)%00%(upstream:track)%00%(upstream:remotename)%00%(upstream:remoteref) refs/heads/master refs/remotes/master [22ms]
2026-05-23 20:03:05.466 [info] > git for-each-ref --sort -committerdate --format %(refname)%00%(objectname)%00%(*objectname) [3ms]
2026-05-23 20:03:05.496 [info] > git status -z -uall [22ms]
2026-05-23 20:03:05.496 [info] > git status -z -uall [9ms]
2026-05-23 20:03:05.497 [info] > git for-each-ref --sort -committerdate --format %(refname)%00%(objectname)%00%(*objectname) [16ms]
2026-05-23 20:03:05.520 [info] > git status -z -uall [9ms]
2026-05-23 20:03:05.520 [info] > git for-each-ref --sort -committerdate --format %(refname)%00%(objectname)%00%(*objectname) [26ms]
2026-05-23 20:03:05.523 [info] > git for-each-ref --sort -committerdate --format %(refname)%00%(objectname)%00%(*objectname) [4ms]
2026-05-23 20:04:11.871 [info] > git fetch [7ms]
2026-05-23 20:04:11.879 [info] > git fetch [9ms]
2026-05-23 20:04:11.892 [info] [Git][getRemotes] No remotes found in the git config file
2026-05-23 20:04:11.893 [info] > git config --get commit.template [15ms]
2026-05-23 20:04:11.894 [info] > git config --get commit.template [7ms]
2026-05-23 20:04:11.900 [info] [Git][getRemotes] No remotes found in the git config file
2026-05-23 20:04:11.901 [info] > git for-each-ref --format=%(refname)%00%(upstream:short)%00%(objectname)%00%(upstream:track)%00%(upstream:remotename)%00%(upstream:remoteref) refs/heads/master refs/remotes/master [9ms]
2026-05-23 20:04:11.916 [info] > git status -z -uall [9ms]
2026-05-23 20:04:11.917 [info] > git for-each-ref --format=%(refname)%00%(upstream:short)%00%(objectname)%00%(upstream:track)%00%(upstream:remotename)%00%(upstream:remoteref) refs/heads/master refs/remotes/master [17ms]
2026-05-23 20:04:11.917 [warning] [Git][getBranch] No such branch: master
2026-05-23 20:04:11.930 [info] > git status -z -uall [6ms]
2026-05-23 20:04:11.931 [info] > git for-each-ref --sort -committerdate --format %(refname)%00%(objectname)%00%(*objectname) [17ms]
2026-05-23 20:04:11.933 [info] > git for-each-ref --sort -committerdate --format %(refname)%00%(objectname)%00%(*objectname) [3ms]
2026-05-23 20:04:12.962 [info] > git config --get commit.template [9ms]
2026-05-23 20:04:12.963 [info] > git config --get commit.template [3ms]
2026-05-23 20:04:12.970 [info] [Git][getRemotes] No remotes found in the git config file
2026-05-23 20:04:12.976 [info] [Git][getRemotes] No remotes found in the git config file
2026-05-23 20:04:12.977 [info] > git for-each-ref --format=%(refname)%00%(upstream:short)%00%(objectname)%00%(upstream:track)%00%(upstream:remotename)%00%(upstream:remoteref) refs/heads/master refs/remotes/master [7ms]
2026-05-23 20:04:12.992 [info] > git status -z -uall [9ms]
2026-05-23 20:04:12.992 [info] > git for-each-ref --format=%(refname)%00%(upstream:short)%00%(objectname)%00%(upstream:track)%00%(upstream:remotename)%00%(upstream:remoteref) refs/heads/master refs/remotes/master [17ms]
2026-05-23 20:04:12.992 [warning] [Git][getBranch] No such branch: master
2026-05-23 20:04:13.008 [info] > git status -z -uall [10ms]
2026-05-23 20:04:13.008 [info] > git for-each-ref --sort -committerdate --format %(refname)%00%(objectname)%00%(*objectname) [17ms]
2026-05-23 20:04:13.010 [info] > git for-each-ref --sort -committerdate --format %(refname)%00%(objectname)%00%(*objectname) [4ms]
2026-05-23 20:06:13.171 [info] > git fetch [5264ms]
2026-05-23 20:06:13.182 [info] > git fetch [5264ms]
2026-05-23 20:06:13.182 [info] > git fetch [5254ms]
2026-05-23 20:06:13.183 [info] > git fetch [5244ms]
2026-05-23 20:06:13.204 [info] > git config --get commit.template [23ms]
2026-05-23 20:06:13.205 [info] > git config --get commit.template [3ms]
2026-05-23 20:06:13.205 [info] > git config --get commit.template [9ms]
2026-05-23 20:06:13.205 [info] > git config --get commit.template [15ms]
2026-05-23 20:06:13.237 [info] > git for-each-ref --format=%(refname)%00%(upstream:short)%00%(objectname)%00%(upstream:track)%00%(upstream:remotename)%00%(upstream:remoteref) refs/heads/master refs/remotes/master [26ms]
2026-05-23 20:06:13.237 [warning] [Git][getBranch] No such branch: master
2026-05-23 20:06:13.251 [info] > git status -z -uall [8ms]
2026-05-23 20:06:13.252 [info] > git for-each-ref --format=%(refname)%00%(upstream:short)%00%(objectname)%00%(upstream:track)%00%(upstream:remotename)%00%(upstream:remoteref) refs/heads/master refs/remotes/master [16ms]
2026-05-23 20:06:13.252 [info] > git for-each-ref --format=%(refname)%00%(upstream:short)%00%(objectname)%00%(upstream:track)%00%(upstream:remotename)%00%(upstream:remoteref) refs/heads/master refs/remotes/master [24ms]
2026-05-23 20:06:13.252 [info] > git for-each-ref --format=%(refname)%00%(upstream:short)%00%(objectname)%00%(upstream:track)%00%(upstream:remotename)%00%(upstream:remoteref) refs/heads/amar refs/remotes/amar [32ms]
2026-05-23 20:06:13.252 [info] > git for-each-ref --sort -committerdate --format %(refname)%00%(objectname)%00%(*objectname) [2ms]
2026-05-23 20:06:13.305 [info] > git status -z -uall [44ms]
2026-05-23 20:06:13.305 [info] > git status -z -uall [28ms]
2026-05-23 20:06:13.306 [info] > git status -z -uall [14ms]
2026-05-23 20:06:13.306 [info] > git for-each-ref --sort -committerdate --format %(refname)%00%(objectname)%00%(*objectname) [22ms]
2026-05-23 20:06:13.311 [info] > git for-each-ref --sort -committerdate --format %(refname)%00%(objectname)%00%(*objectname) [41ms]
2026-05-23 20:06:13.319 [info] > git for-each-ref --sort -committerdate --format %(refname)%00%(objectname)%00%(*objectname) [18ms]
2026-05-24 00:24:43.616 [info] > git fetch [9ms]
2026-05-24 00:24:43.625 [info] > git fetch [10ms]
2026-05-24 00:24:43.633 [info] > git config --get commit.template [10ms]
2026-05-24 00:24:43.640 [info] [Git][getRemotes] No remotes found in the git config file
2026-05-24 00:24:43.641 [info] > git config --get commit.template [8ms]
2026-05-24 00:24:43.648 [info] [Git][getRemotes] No remotes found in the git config file
2026-05-24 00:24:43.650 [info] > git for-each-ref --format=%(refname)%00%(upstream:short)%00%(objectname)%00%(upstream:track)%00%(upstream:remotename)%00%(upstream:remoteref) refs/heads/master refs/remotes/master [10ms]
2026-05-24 00:24:43.665 [info] > git status -z -uall [9ms]
2026-05-24 00:24:43.666 [info] > git for-each-ref --format=%(refname)%00%(upstream:short)%00%(objectname)%00%(upstream:track)%00%(upstream:remotename)%00%(upstream:remoteref) refs/heads/master refs/remotes/master [18ms]
2026-05-24 00:24:43.666 [warning] [Git][getBranch] No such branch: master
2026-05-24 00:24:43.682 [info] > git status -z -uall [9ms]
2026-05-24 00:24:43.682 [info] > git for-each-ref --sort -committerdate --format %(refname)%00%(objectname)%00%(*objectname) [19ms]
2026-05-24 00:24:43.684 [info] > git for-each-ref --sort -committerdate --format %(refname)%00%(objectname)%00%(*objectname) [3ms]
2026-05-24 00:24:44.711 [info] > git config --get commit.template [10ms]
2026-05-24 00:24:44.712 [info] > git config --get commit.template [3ms]
2026-05-24 00:24:44.724 [info] [Git][getRemotes] No remotes found in the git config file
2026-05-24 00:24:44.724 [info] [Git][getRemotes] No remotes found in the git config file
2026-05-24 00:24:44.725 [info] > git for-each-ref --format=%(refname)%00%(upstream:short)%00%(objectname)%00%(upstream:track)%00%(upstream:remotename)%00%(upstream:remoteref) refs/heads/master refs/remotes/master [7ms]
2026-05-24 00:24:44.743 [info] > git status -z -uall [11ms]
2026-05-24 00:24:44.744 [info] > git for-each-ref --format=%(refname)%00%(upstream:short)%00%(objectname)%00%(upstream:track)%00%(upstream:remotename)%00%(upstream:remoteref) refs/heads/master refs/remotes/master [20ms]
2026-05-24 00:24:44.744 [warning] [Git][getBranch] No such branch: master
2026-05-24 00:24:44.765 [info] > git status -z -uall [12ms]
2026-05-24 00:24:44.766 [info] > git for-each-ref --sort -committerdate --format %(refname)%00%(objectname)%00%(*objectname) [25ms]
2026-05-24 00:24:44.771 [info] > git for-each-ref --sort -committerdate --format %(refname)%00%(objectname)%00%(*objectname) [8ms]
