2026-05-18 14:35:18.793 [info] Reading sessions from keychain...
2026-05-18 14:35:18.793 [info] Getting sessions for all scopes...
2026-05-18 14:35:18.874 [info] Got 0 sessions for ...
2026-05-18 14:35:19.190 [info] Getting sessions for all scopes...
2026-05-18 14:35:19.190 [info] Got 0 sessions for ...
2026-05-18 14:35:20.959 [info] Getting sessions for read:user,repo,user:email...
2026-05-18 14:35:20.959 [info] Got 0 sessions for read:user,repo,user:email...
2026-05-18 14:35:21.245 [info] Getting sessions for read:user,repo,user:email...
2026-05-18 14:35:21.245 [info] Got 0 sessions for read:user,repo,user:email...
2026-05-18 14:35:21.540 [info] Getting sessions for read:user,repo,user:email...
2026-05-18 14:35:21.540 [info] Got 0 sessions for read:user,repo,user:email...
2026-05-18 14:35:21.722 [info] Getting sessions for read:user,repo,user:email...
2026-05-18 14:35:21.722 [info] Got 0 sessions for read:user,repo,user:email...
2026-05-18 14:35:21.781 [info] Getting sessions for read:user,repo,user:email,workflow...
2026-05-18 14:35:21.781 [info] Got 0 sessions for read:user,repo,user:email,workflow...
2026-05-18 14:35:21.854 [info] Getting sessions for read:user,repo,user:email...
2026-05-18 14:35:21.854 [info] Got 0 sessions for read:user,repo,user:email...
2026-05-18 14:35:21.994 [info] Getting sessions for read:user,repo,user:email,workflow...
2026-05-18 14:35:21.995 [info] Got 0 sessions for read:user,repo,user:email,workflow...
2026-05-18 14:35:22.022 [info] Getting sessions for all scopes...
2026-05-18 14:35:22.022 [info] Got 0 sessions for ...
2026-05-18 21:39:18.231 [info] Getting sessions for read:user,repo,user:email...
2026-05-18 21:39:18.231 [info] Got 0 sessions for read:user,repo,user:email...
2026-05-18 22:31:34.056 [info] Getting sessions for read:user,repo,user:email...
2026-05-18 22:31:34.056 [info] Got 0 sessions for read:user,repo,user:email...
2026-05-18 23:32:29.238 [info] Getting sessions for read:user,repo,user:email...
2026-05-18 23:32:29.238 [info] Got 0 sessions for read:user,repo,user:email...
2026-05-18 23:35:00.589 [info] Getting sessions for read:user,repo,user:email...
2026-05-18 23:35:00.590 [info] Got 0 sessions for read:user,repo,user:email...
