2026-05-23 19:13:08.017 [info] To enable debug logging, run "GitLens: Enable Debug Logging" or "Developer: Set Log Level..." from the Command Palette
2026-05-23 19:13:08.017 [info]    [            1] GitLens v17.12.2  activating in Code - OSS (1.119.0) on the desktop; mode=production,language='en', logLevel='info', defaultDateLocale='null' (code-oss|someValue.machineId|someValue.sessionId)
2026-05-23 19:13:08.017 [info]    [            1] GitLens v17.12.2 activated [186ms]
2026-05-23 19:13:08.017 [info]    [   6e →    6f] GlCliGitProvider.findGit Git (2.54.0) found in /usr/bin/git [194ms]
2026-05-23 19:13:08.017 [info]    [   6e →    98] GlCliGitProvider.repositorySearch(/home/amar/Code) searching (depth=1)...
2026-05-23 19:13:08.017 [error]   [GIT          ] [/home/amar/Code] git rev-parse --show-toplevel --git-dir --git-common-dir --show-superproject-working-tree · not a git repository (or any of the parent directories): .git [103ms]
2026-05-23 19:13:08.095 [info]    [IPC          ] Server started on http://127.0.0.1:34833
2026-05-23 19:13:08.411 [info]    [GIT      68ms] [/home/amar/Code/CAN] git rev-parse --show-toplevel --git-dir --git-common-dir --show-superproject-working-tree [68ms]
2026-05-23 19:13:08.460 [info]    [   6e →    98] GlCliGitProvider.repositorySearch(/home/amar/Code) found repository in '/home/amar/Code/CAN'
2026-05-23 19:13:08.496 [info]    [GIT      25ms] [/home/amar/Code/batcheck] git rev-parse --show-toplevel --git-dir --git-common-dir --show-superproject-working-tree [25ms]
2026-05-23 19:13:08.503 [info]    [   6e →    98] GlCliGitProvider.repositorySearch(/home/amar/Code) found repository in '/home/amar/Code/batcheck'
2026-05-23 19:13:08.522 [info]    [GIT      15ms] [/home/amar/Code/first-contributions] git rev-parse --show-toplevel --git-dir --git-common-dir --show-superproject-working-tree [15ms]
2026-05-23 19:13:08.525 [info]    [   6e →    98] GlCliGitProvider.repositorySearch(/home/amar/Code) found repository in '/home/amar/Code/first-contributions'
2026-05-23 19:13:08.544 [info]    [GIT      16ms] [/home/amar/Code/helotui] git rev-parse --show-toplevel --git-dir --git-common-dir --show-superproject-working-tree [16ms]
2026-05-23 19:13:08.622 [info]    [   6e →    98] GlCliGitProvider.repositorySearch(/home/amar/Code) found repository in '/home/amar/Code/helotui'
2026-05-23 19:13:08.654 [info]    [GIT      28ms] [/home/amar/Code/http] git rev-parse --show-toplevel --git-dir --git-common-dir --show-superproject-working-tree [28ms]
2026-05-23 19:13:08.663 [info]    [   6e →    98] GlCliGitProvider.repositorySearch(/home/amar/Code) found repository in '/home/amar/Code/http'
2026-05-23 19:13:08.708 [info]    [GIT      41ms] [/home/amar/Code/inflate] git rev-parse --show-toplevel --git-dir --git-common-dir --show-superproject-working-tree [41ms]
2026-05-23 19:13:08.749 [info]    [   6e →    98] GlCliGitProvider.repositorySearch(/home/amar/Code) found repository in '/home/amar/Code/inflate'
2026-05-23 19:13:08.795 [info]    [GIT      28ms] [/home/amar/Code/inflate] git ls-files -- main.cpp [28ms]
2026-05-23 19:13:09.082 [info]    [GIT      69ms] [/home/amar/Code/inflate] git rev-parse --show-toplevel --git-dir --git-common-dir --show-superproject-working-tree [69ms]
2026-05-23 19:13:09.122 [warning] [   73 →    74] GitProviderService.getOrOpenRepository(e=Uri(file:///home/amar/Code/inflate), t={"detectNested":true}) returned GlRepository(/home/amar/Code/inflate|6) [*1607ms] (slow)
2026-05-23 19:13:09.166 [info]    [GIT      13ms] [/home/amar/Code/CAN] git remote -v [13ms]
2026-05-23 19:13:09.305 [info]    [GIT      85ms] [/home/amar/Code/CAN] git config --get -f /home/amar/Code/CAN/.git/gk/config gk.defaultRemote [85ms]
2026-05-23 19:13:09.462 [info]    [GIT      30ms] [/home/amar/Code/batcheck] git remote -v [30ms]
2026-05-23 19:13:09.497 [info]    [GIT      27ms] [/home/amar/Code/batcheck] git config --get -f /home/amar/Code/batcheck/.git/gk/config gk.defaultRemote [27ms]
2026-05-23 19:13:09.520 [warning] [    c →     d] ServerConnection.fetch(url=https://configs.gitkraken.dev/gitlens/product.json, options=undefined) completed [*2107ms] (slow)
2026-05-23 19:13:09.521 [warning] [    b →     c] ServerConnection.fetchGkConfig(path=product.json, options=undefined) completed [*2107ms] (slow)
2026-05-23 19:13:09.662 [info]    [GIT      88ms] [/home/amar/Code/first-contributions] git remote -v [88ms]
2026-05-23 19:13:09.700 [info]    [GIT      15ms] [/home/amar/Code/first-contributions] git config --get -f /home/amar/Code/first-contributions/.git/gk/config gk.defaultRemote [15ms]
2026-05-23 19:13:09.769 [info]    [GIT       8ms] [/home/amar/Code/helotui] git remote -v [8ms]
2026-05-23 19:13:09.794 [info]    [GIT      21ms] [/home/amar/Code/helotui] git config --get -f /home/amar/Code/helotui/.git/gk/config gk.defaultRemote [21ms]
2026-05-23 19:13:09.852 [info]    [GIT      47ms] [/home/amar/Code/http] git remote -v [47ms]
2026-05-23 19:13:09.899 [info]    [GIT      44ms] [/home/amar/Code/http] git config --get -f /home/amar/Code/http/.git/gk/config gk.defaultRemote [44ms]
2026-05-23 19:13:09.964 [info]    [GIT      41ms] [/home/amar/Code/inflate] git remote -v [41ms]
2026-05-23 19:13:09.999 [info]    [GIT      26ms] [/home/amar/Code/inflate] git config --get -f /home/amar/Code/inflate/.git/gk/config gk.defaultRemote [26ms]
2026-05-23 19:13:10.932 [warning] [  12c →   13b] GlCliGitProvider.visibility(e=/home/amar/Code/inflate) returned private [*1618ms] (slow)
2026-05-23 19:13:43.817 [info]    [GIT      44ms] [/home/amar/Code/inflate] git rev-list --max-parents=0 HEAD -- [44ms]
2026-05-23 19:13:43.818 [info]    [GIT      46ms] [/home/amar/Code/http] git rev-list --max-parents=0 HEAD -- [46ms]
2026-05-23 19:13:43.819 [info]    [GIT      47ms] [/home/amar/Code/helotui] git rev-list --max-parents=0 HEAD -- [47ms]
2026-05-23 19:13:43.819 [info]    [GIT      49ms] [/home/amar/Code/batcheck] git rev-list --max-parents=0 HEAD -- [49ms]
2026-05-23 19:13:43.819 [info]    [GIT      50ms] [/home/amar/Code/CAN] git rev-list --max-parents=0 HEAD -- [50ms]
2026-05-23 19:13:43.825 [info]    [GIT      55ms] [/home/amar/Code/first-contributions] git rev-list --max-parents=0 HEAD -- [55ms]
2026-05-23 19:13:43.832 [info]    [  194 →   195] LocalSharedGkStorageLocationProvider.load Using shared GK path: /home/amar/.local/share/gk
2026-05-23 19:13:52.737 [info]    [GIT      12ms] [/home/amar/Code/inflate] git ls-files -- main.cpp [12ms]
2026-05-23 19:14:02.927 [error]   [GIT          ] [/home/amar/Code/summa/coke] git rev-parse --show-toplevel --git-dir --git-common-dir --show-superproject-working-tree · not a git repository (or any of the parent directories): .git [11ms]
2026-05-23 19:15:38.771 [info]    [GIT      16ms] [/home/amar/Code/inflate] git for-each-ref --format=%1E%(HEAD)%1D%(refname)%1D%(upstream)%1D%(upstream:track)%1D%(objectname)%1D%(committerdate:iso8601)%1D%(worktreepath)%1D refs/heads/ refs/remotes/ [16ms]
2026-05-23 19:15:38.772 [info]    [GIT       8ms] [/home/amar/Code/inflate] git config --get-regex -f /home/amar/Code/inflate/.git/gk/config ^branch\..*\.gk-(last-(accessed|modified)|disposition)$ [8ms]
2026-05-23 19:15:38.785 [error]   [GIT          ] [/home/amar/Code/inflate] git rev-parse --abbrev-ref --symbolic-full-name @ @{u} -- · bad revision '@' [9ms]
2026-05-23 19:15:38.796 [info]    [GIT      10ms] [/home/amar/Code/inflate] git symbolic-ref --short HEAD [10ms]
2026-05-23 19:15:38.808 [info]    [GIT      10ms] [/home/amar/Code/inflate] git log -n1 --format=%ct -- [10ms]
2026-05-23 19:15:38.819 [info]    [GIT       8ms] [/home/amar/Code/inflate] git config --get -f /home/amar/Code/inflate/.git/gk/config branch.master.gk-last-accessed [8ms]
2026-05-23 19:15:38.830 [info]    [GIT       9ms] [/home/amar/Code/inflate] git config -f /home/amar/Code/inflate/.git/gk/config branch.master.gk-last-accessed 2026-05-23T13:45:38.810Z [9ms]
