2026-05-18 01:19:38.933 [info] Extension host with pid 7955 started
2026-05-18 01:19:38.933 [info] Skipping acquiring lock for /home/amar/.config/Code - OSS/User/workspaceStorage/74f64acfc164cb8bd4577a4b23e4fd3b.
2026-05-18 01:19:39.709 [info] ExtensionService#_doActivateExtension vscode.github-authentication, startup: false, activationEvent: 'onAuthenticationRequest:github'
2026-05-18 01:19:39.807 [info] ExtensionService#_doActivateExtension vscode.emmet, startup: false, activationEvent: 'onLanguage'
2026-05-18 01:19:39.861 [info] ExtensionService#_doActivateExtension cschlosser.doxdocgen, startup: false, activationEvent: 'onLanguage:c'
2026-05-18 01:19:39.988 [info] ExtensionService#_doActivateExtension vadimcn.vscode-lldb, startup: false, activationEvent: 'onLanguage:c', root cause: franneck94.c-cpp-runner
2026-05-18 01:19:40.028 [info] ExtensionService#_doActivateExtension llvm-vs-code-extensions.vscode-clangd, startup: false, activationEvent: 'onLanguage:c'
2026-05-18 01:19:40.557 [info] ExtensionService#_doActivateExtension franneck94.c-cpp-runner, startup: false, activationEvent: 'onLanguage:c'
2026-05-18 01:19:40.591 [info] ExtensionService#_doActivateExtension vscode.git-base, startup: true, activationEvent: '*', root cause: vscode.git
2026-05-18 01:19:40.599 [info] ExtensionService#_doActivateExtension oderwat.indent-rainbow, startup: true, activationEvent: '*'
2026-05-18 01:19:40.899 [info] ExtensionService#_doActivateExtension vscode.git, startup: true, activationEvent: '*'
2026-05-18 01:19:41.041 [info] ExtensionService#_doActivateExtension vscode.github, startup: true, activationEvent: '*'
2026-05-18 01:19:41.305 [info] Eager extensions activated
2026-05-18 01:19:41.431 [error] [llvm-vs-code-extensions.vscode-clangd] provider FAILED
2026-05-18 01:19:41.431 [error] {"_isCancelled":true,"_emitter":null}
2026-05-18 01:19:41.481 [info] ExtensionService#_doActivateExtension vscode.debug-auto-launch, startup: false, activationEvent: 'onStartupFinished'
2026-05-18 01:19:41.488 [info] ExtensionService#_doActivateExtension vscode.merge-conflict, startup: false, activationEvent: 'onStartupFinished'
2026-05-18 01:19:41.548 [info] ExtensionService#_doActivateExtension aaron-bond.better-comments, startup: false, activationEvent: 'onStartupFinished'
2026-05-18 01:19:41.568 [info] ExtensionService#_doActivateExtension eamodio.gitlens, startup: false, activationEvent: 'onStartupFinished'
2026-05-18 01:19:42.026 [info] ExtensionService#_doActivateExtension esbenp.prettier-vscode, startup: false, activationEvent: 'onStartupFinished'
2026-05-18 01:19:42.030 [info] ExtensionService#_doActivateExtension formulahendry.code-runner, startup: false, activationEvent: 'onStartupFinished'
2026-05-18 01:19:42.091 [info] ExtensionService#_doActivateExtension franneck94.vscode-c-cpp-config, startup: false, activationEvent: 'onStartupFinished'
2026-05-18 01:19:42.104 [info] ExtensionService#_doActivateExtension ritwickdey.LiveServer, startup: false, activationEvent: 'onStartupFinished'
2026-05-18 01:19:42.119 [info] ExtensionService#_doActivateExtension usernamehw.errorlens, startup: false, activationEvent: 'onStartupFinished'
2026-05-18 01:19:42.140 [info] ExtensionService#_doActivateExtension vscode-icons-team.vscode-icons, startup: false, activationEvent: 'onStartupFinished'
2026-05-18 01:19:42.409 [info] Extension host terminating: received terminate message from renderer
2026-05-18 01:19:42.481 [error] ProxyResolver#addCertificatesV1 Canceled: Canceled
	at Zs (file:///usr/lib/code/out/vs/workbench/api/node/extensionHostProcess.js:383:1546)
	at file:///usr/lib/code/out/vs/workbench/api/node/extensionHostProcess.js:407:105955
	at Array.forEach (<anonymous>)
	at i.dispose (file:///usr/lib/code/out/vs/workbench/api/node/extensionHostProcess.js:407:105863)
	at _P.terminate (file:///usr/lib/code/out/vs/workbench/api/node/extensionHostProcess.js:507:12328)
	at i.terminate (file:///usr/lib/code/out/vs/workbench/api/node/extensionHostProcess.js:509:1072)
	at Qs (file:///usr/lib/code/out/vs/workbench/api/node/extensionHostProcess.js:806:11700)
	at up.value (file:///usr/lib/code/out/vs/workbench/api/node/extensionHostProcess.js:806:9847)
	at E._deliver (file:///usr/lib/code/out/vs/workbench/api/node/extensionHostProcess.js:403:3244)
	at E.fire (file:///usr/lib/code/out/vs/workbench/api/node/extensionHostProcess.js:403:3562)
	at ls.fire (file:///usr/lib/code/out/vs/workbench/api/node/extensionHostProcess.js:405:8437)
	at MessagePortMain.<anonymous> (file:///usr/lib/code/out/vs/workbench/api/node/extensionHostProcess.js:806:8082)
	at MessagePortMain.emit (node:events:519:28)
	at MessagePortMain._internalPort.emit (node:electron/js2c/utility_init:2:2959)
	at Object.callbackTrampoline (node:internal/async_hooks:130:17)
2026-05-18 01:19:42.482 [info] Extension host with pid 7955 exiting with code 0
