2026-05-22 15:05:26.648 [error] [        246ms] [/home/amar/Code] git rev-parse --show-toplevel --git-dir --git-common-dir --show-superproject-working-tree • FAILED
Error: fatal: not a git repository (or any of the parent directories): .git
2026-05-22 15:05:26.817 [info] [         19ms] [/home/amar/Code/CAN] git rev-parse --show-toplevel --git-dir --git-common-dir --show-superproject-working-tree • completed
2026-05-22 15:05:26.968 [info] [         48ms] [/home/amar/Code/batcheck] git rev-parse --show-toplevel --git-dir --git-common-dir --show-superproject-working-tree • completed
2026-05-22 15:05:27.060 [info] [         64ms] [/home/amar/Code/first-contributions] git rev-parse --show-toplevel --git-dir --git-common-dir --show-superproject-working-tree • completed
2026-05-22 15:05:27.244 [info] [         45ms] [/home/amar/Code/helotui] git rev-parse --show-toplevel --git-dir --git-common-dir --show-superproject-working-tree • completed
2026-05-22 15:05:27.343 [info] [         49ms] [/home/amar/Code/http] git rev-parse --show-toplevel --git-dir --git-common-dir --show-superproject-working-tree • completed
2026-05-22 15:05:27.598 [error] [         73ms] [/home/amar/Code/STEM] git rev-parse --show-toplevel --git-dir --git-common-dir --show-superproject-working-tree • FAILED
Error: fatal: not a git repository (or any of the parent directories): .git
2026-05-22 15:05:27.602 [info] [         87ms] [/home/amar/Code/CAN] git rev-parse --show-toplevel --git-dir --git-common-dir --show-superproject-working-tree • completed
2026-05-22 15:05:27.711 [info] [         57ms] [/home/amar/Code/CAN] git remote -v • completed
2026-05-22 15:05:27.755 [info] [         25ms] [/home/amar/Code/CAN] git config --get -f /home/amar/Code/CAN/.git/gk/config gk.defaultRemote • completed
2026-05-22 15:05:28.028 [info] [         11ms] [/home/amar/Code/batcheck] git remote -v • completed
2026-05-22 15:05:28.046 [info] [         15ms] [/home/amar/Code/batcheck] git config --get -f /home/amar/Code/batcheck/.git/gk/config gk.defaultRemote • completed
2026-05-22 15:05:28.078 [info] [         16ms] [/home/amar/Code/first-contributions] git remote -v • completed
2026-05-22 15:05:28.092 [info] [         11ms] [/home/amar/Code/first-contributions] git config --get -f /home/amar/Code/first-contributions/.git/gk/config gk.defaultRemote • completed
2026-05-22 15:05:28.177 [info] [         10ms] [/home/amar/Code/helotui] git remote -v • completed
2026-05-22 15:05:28.191 [info] [         12ms] [/home/amar/Code/helotui] git config --get -f /home/amar/Code/helotui/.git/gk/config gk.defaultRemote • completed
2026-05-22 15:05:28.296 [info] [         10ms] [/home/amar/Code/http] git remote -v • completed
2026-05-22 15:05:28.311 [info] [         12ms] [/home/amar/Code/http] git config --get -f /home/amar/Code/http/.git/gk/config gk.defaultRemote • completed
2026-05-22 15:06:02.416 [info] [         31ms] [/home/amar/Code/helotui] git rev-list --max-parents=0 HEAD -- • completed
2026-05-22 15:06:02.416 [info] [         32ms] [/home/amar/Code/batcheck] git rev-list --max-parents=0 HEAD -- • completed
2026-05-22 15:06:02.417 [info] [         33ms] [/home/amar/Code/CAN] git rev-list --max-parents=0 HEAD -- • completed
2026-05-22 15:06:02.417 [info] [         33ms] [/home/amar/Code/http] git rev-list --max-parents=0 HEAD -- • completed
2026-05-22 15:06:02.423 [info] [         39ms] [/home/amar/Code/first-contributions] git rev-list --max-parents=0 HEAD -- • completed
2026-05-22 15:06:06.375 [error] [         91ms] [/home/amar/Code/mallak] git rev-parse --show-toplevel --git-dir --git-common-dir --show-superproject-working-tree • FAILED
Error: fatal: not a git repository (or any of the parent directories): .git
2026-05-22 15:07:57.391 [info] [         18ms] [/home/amar/Code/http] git for-each-ref --format=%1E%(HEAD)%1D%(refname)%1D%(upstream)%1D%(upstream:track)%1D%(objectname)%1D%(committerdate:iso8601)%1D%(worktreepath)%1D refs/heads/ refs/remotes/ • completed
2026-05-22 15:07:57.393 [info] [         10ms] [/home/amar/Code/http] git config --get-regex -f /home/amar/Code/http/.git/gk/config ^branch\..*\.gk-(last-(accessed|modified)|disposition)$ • completed
2026-05-22 15:07:57.412 [info] [         11ms] [/home/amar/Code/http] git config --get -f /home/amar/Code/http/.git/gk/config branch.master.gk-last-accessed • completed
2026-05-22 15:07:57.423 [info] [          9ms] [/home/amar/Code/http] git config -f /home/amar/Code/http/.git/gk/config branch.master.gk-last-accessed 2026-05-22T09:37:57.400Z • completed
2026-05-22 20:25:25.998 [error] [         23ms] [/home/amar/Code/inflate] git rev-parse --show-toplevel --git-dir --git-common-dir --show-superproject-working-tree • FAILED
Error: fatal: not a git repository (or any of the parent directories): .git
2026-05-22 20:26:24.122 [error] [         11ms] [/home/amar/Code] git rev-parse --show-toplevel --git-dir --git-common-dir --show-superproject-working-tree • FAILED
Error: fatal: not a git repository (or any of the parent directories): .git
2026-05-22 20:26:24.142 [info] [         10ms] [/home/amar/Code/CAN] git rev-parse --show-toplevel --git-dir --git-common-dir --show-superproject-working-tree • completed
2026-05-22 20:26:24.158 [info] [         12ms] [/home/amar/Code/batcheck] git rev-parse --show-toplevel --git-dir --git-common-dir --show-superproject-working-tree • completed
2026-05-22 20:26:24.172 [info] [         12ms] [/home/amar/Code/first-contributions] git rev-parse --show-toplevel --git-dir --git-common-dir --show-superproject-working-tree • completed
2026-05-22 20:26:24.184 [info] [         10ms] [/home/amar/Code/helotui] git rev-parse --show-toplevel --git-dir --git-common-dir --show-superproject-working-tree • completed
2026-05-22 20:26:24.196 [info] [         10ms] [/home/amar/Code/http] git rev-parse --show-toplevel --git-dir --git-common-dir --show-superproject-working-tree • completed
2026-05-22 20:26:24.208 [info] [         10ms] [/home/amar/Code/inflate] git rev-parse --show-toplevel --git-dir --git-common-dir --show-superproject-working-tree • completed
2026-05-22 20:26:24.246 [info] [          8ms] [/home/amar/Code/inflate] git remote -v • completed
2026-05-22 20:26:24.327 [info] [         21ms] [/home/amar/Code/inflate] git config --get-regex ^branch\..*\.gk- • completed
2026-05-22 20:26:24.369 [info] [         40ms] [/home/amar/Code/inflate] git config --get -f /home/amar/Code/inflate/.git/gk/config gk.defaultRemote • completed
2026-05-22 20:26:59.232 [info] [         10ms] [/home/amar/Code/inflate] git rev-list --max-parents=0 HEAD -- • completed
2026-05-22 20:28:54.230 [info] [         14ms] [/home/amar/Code/inflate] git for-each-ref --format=%1E%(HEAD)%1D%(refname)%1D%(upstream)%1D%(upstream:track)%1D%(objectname)%1D%(committerdate:iso8601)%1D%(worktreepath)%1D refs/heads/ refs/remotes/ • completed
2026-05-22 20:28:54.232 [info] [          8ms] [/home/amar/Code/inflate] git config --get-regex -f /home/amar/Code/inflate/.git/gk/config ^branch\..*\.gk-(last-(accessed|modified)|disposition)$ • completed
2026-05-22 20:28:54.242 [error] [          8ms] [/home/amar/Code/inflate] git rev-parse --abbrev-ref --symbolic-full-name @ @{u} -- • FAILED
Error: fatal: bad revision '@'
2026-05-22 20:28:54.251 [info] [          8ms] [/home/amar/Code/inflate] git symbolic-ref --short HEAD • completed
2026-05-22 20:28:54.261 [info] [          9ms] [/home/amar/Code/inflate] git log -n1 --format=%ct -- • completed
2026-05-22 20:28:54.271 [info] [          8ms] [/home/amar/Code/inflate] git config --get -f /home/amar/Code/inflate/.git/gk/config branch.master.gk-last-accessed • completed
2026-05-22 20:28:54.282 [info] [          9ms] [/home/amar/Code/inflate] git config -f /home/amar/Code/inflate/.git/gk/config branch.master.gk-last-accessed 2026-05-22T14:58:54.262Z • completed
2026-05-22 20:32:20.495 [info] [          9ms] [/home/amar/Code/inflate] git ls-files -- main.cpp • completed
