2026-05-22 15:05:23.635 [info] Reading sessions from keychain...
2026-05-22 15:05:23.635 [info] Getting sessions for all scopes...
2026-05-22 15:05:23.990 [info] Got 0 sessions for ...
2026-05-22 15:05:24.045 [info] Getting sessions for all scopes...
2026-05-22 15:05:24.046 [info] Got 0 sessions for ...
2026-05-22 15:05:26.646 [info] Getting sessions for read:user,repo,user:email...
2026-05-22 15:05:26.646 [info] Got 0 sessions for read:user,repo,user:email...
2026-05-22 15:05:27.246 [info] Getting sessions for read:user,repo,user:email,workflow...
2026-05-22 15:05:27.246 [info] Got 0 sessions for read:user,repo,user:email,workflow...
2026-05-22 15:05:27.606 [info] Getting sessions for read:user,repo,user:email,workflow...
2026-05-22 15:05:27.606 [info] Got 0 sessions for read:user,repo,user:email,workflow...
2026-05-22 15:05:27.606 [info] Getting sessions for read:user,repo,user:email...
2026-05-22 15:05:27.606 [info] Got 0 sessions for read:user,repo,user:email...
2026-05-22 15:05:27.839 [info] Getting sessions for read:user,repo,user:email...
2026-05-22 15:05:27.839 [info] Got 0 sessions for read:user,repo,user:email...
2026-05-22 15:05:28.024 [info] Getting sessions for read:user,repo,user:email,workflow...
2026-05-22 15:05:28.024 [info] Got 0 sessions for read:user,repo,user:email,workflow...
2026-05-22 15:05:28.059 [info] Getting sessions for read:user,repo,user:email...
2026-05-22 15:05:28.059 [info] Got 0 sessions for read:user,repo,user:email...
2026-05-22 15:05:28.146 [info] Getting sessions for read:user,repo,user:email...
2026-05-22 15:05:28.146 [info] Got 0 sessions for read:user,repo,user:email...
2026-05-22 15:05:28.267 [info] Getting sessions for read:user,repo,user:email...
2026-05-22 15:05:28.267 [info] Got 0 sessions for read:user,repo,user:email...
2026-05-22 15:05:28.416 [info] Getting sessions for all scopes...
2026-05-22 15:05:28.416 [info] Got 0 sessions for ...
2026-05-22 20:26:24.228 [info] Getting sessions for read:user,repo,user:email...
2026-05-22 20:26:24.228 [info] Got 0 sessions for read:user,repo,user:email...
