2026-05-18 01:19:52.545 [info] Started local extension host with pid 8282.
2026-05-18 01:19:53.047 [error] Extension 'ms-python.debugpy CANNOT USE these API proposals 'portsAttributes, debugVisualization, contribViewsWelcome'. You MUST start in extension development mode or use the --enable-proposed-api command line flag
2026-05-18 01:19:53.048 [error] Extension 'ms-python.python CANNOT USE these API proposals 'contribEditorContentMenu, quickPickSortByLabel, testObserver, quickPickItemTooltip, terminalDataWriteEvent, terminalExecuteCommandEvent, codeActionAI, notebookReplDocument, notebookVariableProvider'. You MUST start in extension development mode or use the --enable-proposed-api command line flag
2026-05-18 01:19:53.049 [error] Extension 'ms-python.vscode-python-envs CANNOT USE these API proposals 'terminalShellEnv, terminalDataWriteEvent, taskExecutionTerminal'. You MUST start in extension development mode or use the --enable-proposed-api command line flag
2026-05-18 01:19:53.267 [warning] [ms-python.python]: Cannot register 'python.venvPath'. This property is already registered.
2026-05-18 01:19:53.268 [warning] [twxs.cmake]: Cannot register 'cmake.cmakePath'. This property is already registered.
2026-05-18 01:19:54.641 [info] [AccountPolicyGate] apply: state=inactive, reason=undefined, isRestricted=false
2026-05-18 01:19:55.206 [error] [Extension Host] (node:8282) [DEP0040] DeprecationWarning: The `punycode` module is deprecated. Please use a userland alternative instead.
(Use `exe --trace-deprecation ...` to show where the warning was created)
2026-05-18 01:19:58.053 [info] [perf] Render performance baseline is 85ms
2026-05-18 01:19:59.642 [info] [AccountPolicyGate] apply: state=inactive, reason=undefined, isRestricted=false
2026-05-18 01:30:26.850 [error] An unknown error occurred. Please consult the log for more details.
2026-05-18 01:30:31.703 [error] An unknown error occurred. Please consult the log for more details.
2026-05-18 01:30:35.663 [warning] [edwinhuish.better-comments-next]: Cannot register 'better-comments.highlightPlainText'. This property is already registered.
2026-05-18 01:30:35.664 [warning] [edwinhuish.better-comments-next]: Cannot register 'better-comments.tags'. This property is already registered.
2026-05-18 01:31:54.588 [error] An unknown error occurred. Please consult the log for more details.
2026-05-18 01:31:59.590 [error] An unknown error occurred. Please consult the log for more details.
2026-05-18 01:32:06.117 [error] An unknown error occurred. Please consult the log for more details.
2026-05-18 01:32:09.554 [error] An unknown error occurred. Please consult the log for more details.
2026-05-18 01:32:12.425 [error] An unknown error occurred. Please consult the log for more details.
2026-05-18 01:32:15.000 [error] An unknown error occurred. Please consult the log for more details.
2026-05-18 01:32:17.914 [error] An unknown error occurred. Please consult the log for more details.
2026-05-18 01:32:28.406 [error] An unknown error occurred. Please consult the log for more details.
2026-05-18 01:32:53.943 [error] An unknown error occurred. Please consult the log for more details.
2026-05-18 01:32:55.652 [error] An unknown error occurred. Please consult the log for more details.
2026-05-18 01:33:01.779 [error] An unknown error occurred. Please consult the log for more details.
2026-05-18 01:33:07.584 [error] An unknown error occurred. Please consult the log for more details.
2026-05-18 01:33:09.462 [error] An unknown error occurred. Please consult the log for more details.
2026-05-18 01:33:11.586 [error] An unknown error occurred. Please consult the log for more details.
2026-05-18 01:33:24.369 [error] An unknown error occurred. Please consult the log for more details.
2026-05-18 01:33:29.764 [error] An unknown error occurred. Please consult the log for more details.
2026-05-18 01:33:48.307 [error] An unknown error occurred. Please consult the log for more details.
2026-05-18 01:33:52.140 [error] An unknown error occurred. Please consult the log for more details.
2026-05-18 01:33:58.055 [error] An unknown error occurred. Please consult the log for more details.
2026-05-18 01:34:00.988 [error] An unknown error occurred. Please consult the log for more details.
2026-05-18 01:34:04.014 [error] An unknown error occurred. Please consult the log for more details.
2026-05-18 01:34:11.982 [error] An unknown error occurred. Please consult the log for more details.
2026-05-18 01:34:16.064 [error] An unknown error occurred. Please consult the log for more details.
2026-05-18 01:34:18.773 [error] An unknown error occurred. Please consult the log for more details.
2026-05-18 01:34:24.260 [error] An unknown error occurred. Please consult the log for more details.
2026-05-18 01:34:26.453 [error] An unknown error occurred. Please consult the log for more details.
2026-05-18 01:34:28.450 [error] An unknown error occurred. Please consult the log for more details.
2026-05-18 01:34:32.436 [error] An unknown error occurred. Please consult the log for more details.
2026-05-18 01:34:42.862 [error] An unknown error occurred. Please consult the log for more details.
2026-05-18 01:34:49.857 [error] An unknown error occurred. Please consult the log for more details.
2026-05-18 01:34:59.493 [error] An unknown error occurred. Please consult the log for more details.
