2026-05-13 01:35:42.113 [info] Extension host with pid 29212 started
2026-05-13 01:35:42.113 [info] Skipping acquiring lock for /home/amar/.config/Code - OSS/User/workspaceStorage/9201c6ff5c58655a50fa6584f8f1973b.
2026-05-13 01:35:42.164 [info] ExtensionService#_doActivateExtension vscode.github-authentication, startup: false, activationEvent: 'onAuthenticationRequest:github'
2026-05-13 01:35:42.220 [info] ExtensionService#_doActivateExtension vscode.emmet, startup: false, activationEvent: 'onLanguage'
2026-05-13 01:35:42.469 [info] ExtensionService#_doActivateExtension vscode.git-base, startup: true, activationEvent: '*', root cause: vscode.git
2026-05-13 01:35:42.479 [info] ExtensionService#_doActivateExtension oderwat.indent-rainbow, startup: true, activationEvent: '*'
2026-05-13 01:35:42.484 [info] ExtensionService#_doActivateExtension yzhang.markdown-all-in-one, startup: true, activationEvent: 'workspaceContains:README.md'
2026-05-13 01:35:42.779 [info] ExtensionService#_doActivateExtension vscode.markdown-math, startup: false, activationEvent: 'api', root cause: yzhang.markdown-all-in-one
2026-05-13 01:35:42.803 [info] ExtensionService#_doActivateExtension vscode.git, startup: true, activationEvent: '*'
2026-05-13 01:35:42.903 [info] ExtensionService#_doActivateExtension vscode.github, startup: true, activationEvent: '*'
2026-05-13 01:35:43.071 [info] Eager extensions activated
2026-05-13 01:35:43.131 [info] ExtensionService#_doActivateExtension vscode.debug-auto-launch, startup: false, activationEvent: 'onStartupFinished'
2026-05-13 01:35:43.138 [info] ExtensionService#_doActivateExtension vscode.merge-conflict, startup: false, activationEvent: 'onStartupFinished'
2026-05-13 01:35:43.173 [info] ExtensionService#_doActivateExtension aaron-bond.better-comments, startup: false, activationEvent: 'onStartupFinished'
2026-05-13 01:35:43.184 [info] ExtensionService#_doActivateExtension eamodio.gitlens, startup: false, activationEvent: 'onStartupFinished'
2026-05-13 01:35:43.428 [info] ExtensionService#_doActivateExtension esbenp.prettier-vscode, startup: false, activationEvent: 'onStartupFinished'
2026-05-13 01:35:43.431 [info] ExtensionService#_doActivateExtension formulahendry.code-runner, startup: false, activationEvent: 'onStartupFinished'
2026-05-13 01:35:43.473 [info] ExtensionService#_doActivateExtension vadimcn.vscode-lldb, startup: false, activationEvent: 'onStartupFinished', root cause: franneck94.vscode-c-cpp-config
2026-05-13 01:35:43.510 [info] ExtensionService#_doActivateExtension ritwickdey.LiveServer, startup: false, activationEvent: 'onStartupFinished'
2026-05-13 01:35:43.524 [info] ExtensionService#_doActivateExtension usernamehw.errorlens, startup: false, activationEvent: 'onStartupFinished'
2026-05-13 01:35:43.535 [info] ExtensionService#_doActivateExtension vscode-icons-team.vscode-icons, startup: false, activationEvent: 'onStartupFinished'
2026-05-13 01:35:44.126 [info] ExtensionService#_doActivateExtension franneck94.vscode-c-cpp-config, startup: false, activationEvent: 'onStartupFinished'
2026-05-13 01:35:50.607 [info] ExtensionService#_doActivateExtension vscode.extension-editing, startup: false, activationEvent: 'onLanguage:markdown'
2026-05-13 01:35:50.635 [info] ExtensionService#_doActivateExtension vscode.markdown-language-features, startup: false, activationEvent: 'onLanguage:markdown'
2026-05-13 01:38:05.142 [info] Extension host terminating: received terminate message from renderer
2026-05-13 01:38:05.177 [error] An error occurred when disposing the subscriptions for extension 'eamodio.gitlens':
2026-05-13 01:38:05.185 [error] Error: Channel has been closed
	at r (file:///usr/lib/code/out/vs/workbench/api/node/extensionHostProcess.js:510:3935)
	at Object.info (file:///usr/lib/code/out/vs/workbench/api/node/extensionHostProcess.js:510:4305)
	at Logger.info (/home/amar/.vscode-oss/extensions/eamodio.gitlens-17.12.2-universal/dist/gitlens.js:1567:71824)
	at GkCliIntegrationProvider.stop (/home/amar/.vscode-oss/extensions/eamodio.gitlens-17.12.2-universal/dist/gitlens.js:2534:44628)
	at GkCliIntegrationProvider.dispose (/home/amar/.vscode-oss/extensions/eamodio.gitlens-17.12.2-universal/dist/gitlens.js:2534:42544)
	at /home/amar/.vscode-oss/extensions/eamodio.gitlens-17.12.2-universal/dist/gitlens.js:2449:60456
	at Array.forEach (<anonymous>)
	at Object.dispose (/home/amar/.vscode-oss/extensions/eamodio.gitlens-17.12.2-universal/dist/gitlens.js:2449:60437)
	at En (file:///usr/lib/code/out/vs/workbench/api/node/extensionHostProcess.js:401:736)
	at i_._fn (file:///usr/lib/code/out/vs/workbench/api/node/extensionHostProcess.js:507:18391)
	at i_.dispose (file:///usr/lib/code/out/vs/workbench/api/node/extensionHostProcess.js:401:1248)
	at _P._deactivate (file:///usr/lib/code/out/vs/workbench/api/node/extensionHostProcess.js:507:14708)
	at file:///usr/lib/code/out/vs/workbench/api/node/extensionHostProcess.js:507:12010
	at Array.map (<anonymous>)
	at _P._deactivateAll (file:///usr/lib/code/out/vs/workbench/api/node/extensionHostProcess.js:507:11998)
	at _P.terminate (file:///usr/lib/code/out/vs/workbench/api/node/extensionHostProcess.js:507:12349)
	at i.terminate (file:///usr/lib/code/out/vs/workbench/api/node/extensionHostProcess.js:509:1072)
	at Qs (file:///usr/lib/code/out/vs/workbench/api/node/extensionHostProcess.js:806:11700)
	at up.value (file:///usr/lib/code/out/vs/workbench/api/node/extensionHostProcess.js:806:9847)
	at E._deliver (file:///usr/lib/code/out/vs/workbench/api/node/extensionHostProcess.js:403:3244)
	at E.fire (file:///usr/lib/code/out/vs/workbench/api/node/extensionHostProcess.js:403:3562)
	at ls.fire (file:///usr/lib/code/out/vs/workbench/api/node/extensionHostProcess.js:405:8437)
	at MessagePortMain.<anonymous> (file:///usr/lib/code/out/vs/workbench/api/node/extensionHostProcess.js:806:8082)
	at MessagePortMain.emit (node:events:519:28)
	at MessagePortMain._internalPort.emit (node:electron/js2c/utility_init:2:2959)
	at Object.callbackTrampoline (node:internal/async_hooks:130:17)
2026-05-13 01:38:05.198 [info] Extension host with pid 29212 exiting with code 0
