2026-05-13 01:35:44.140 [info] [main] Log level: Info
2026-05-13 01:35:44.140 [info] [main] Validating found git in: "git"
2026-05-13 01:35:44.140 [info] [main] Using git "2.54.0" from "git"
2026-05-13 01:35:44.140 [info] [Model][doInitialScan] Initial repository scan started
2026-05-13 01:35:44.140 [info] > git rev-parse --show-toplevel [40ms]
2026-05-13 01:35:44.140 [info] > git rev-parse --git-dir --git-common-dir --show-superproject-working-tree [367ms]
2026-05-13 01:35:44.290 [info] [Model][openRepository] Opened repository (path): /home/amar/Code/rustbaby
2026-05-13 01:35:44.290 [info] [Model][openRepository] Opened repository (real path): /home/amar/Code/rustbaby
2026-05-13 01:35:44.290 [info] [Model][openRepository] Opened repository (kind): repository
2026-05-13 01:35:44.349 [info] > git config --get --local core.virtualfilesystem [47ms]
2026-05-13 01:35:44.349 [warning] [Git][config] git config failed: Failed to execute git
2026-05-13 01:35:44.356 [info] > git rev-parse --show-toplevel [10ms]
2026-05-13 01:35:44.357 [info] > git config --get commit.template [17ms]
2026-05-13 01:35:44.380 [info] > git rev-parse --show-toplevel [12ms]
2026-05-13 01:35:44.381 [info] [Model][doInitialScan] Initial repository scan completed - repositories (1), closed repositories (0), parent repositories (0), unsafe repositories (0)
2026-05-13 01:35:44.392 [info] > git for-each-ref --format=%(refname)%00%(upstream:short)%00%(objectname)%00%(upstream:track)%00%(upstream:remotename)%00%(upstream:remoteref) refs/heads/master refs/remotes/master [13ms]
2026-05-13 01:35:44.425 [info] > git status -z -uall [12ms]
2026-05-13 01:35:44.447 [info] > git for-each-ref --sort -committerdate --format %(refname)%00%(objectname)%00%(*objectname) [26ms]
2026-05-13 01:35:44.477 [info] > git for-each-ref --format=%(refname)%00%(upstream:short)%00%(objectname)%00%(upstream:track)%00%(upstream:remotename)%00%(upstream:remoteref) refs/heads/master refs/remotes/master [12ms]
2026-05-13 01:35:44.492 [info] > git config --get --local branch.master.vscode-merge-base [6ms]
2026-05-13 01:35:44.492 [warning] [Git][config] git config failed: Failed to execute git
2026-05-13 01:35:44.499 [info] > git config --get commit.template [23ms]
2026-05-13 01:35:44.508 [info] > git reflog master --grep-reflog=branch: Created from *. [9ms]
2026-05-13 01:35:44.526 [info] > git symbolic-ref --short refs/remotes/origin/HEAD [11ms]
2026-05-13 01:35:44.526 [info] fatal: ref refs/remotes/origin/HEAD is not a symbolic ref
2026-05-13 01:35:44.526 [warning] [Repository][getDefaultBranch] Failed to get default branch details: Failed to execute git.
2026-05-13 01:35:44.536 [info] > git for-each-ref --format=%(refname)%00%(upstream:short)%00%(objectname)%00%(upstream:track)%00%(upstream:remotename)%00%(upstream:remoteref) refs/heads/master refs/remotes/master [14ms]
2026-05-13 01:35:44.537 [info] > git merge-base refs/heads/master refs/remotes/origin/master [3ms]
2026-05-13 01:35:44.573 [info] > git status -z -uall [8ms]
2026-05-13 01:35:44.584 [info] > git diff --raw --numstat --diff-filter=ADMR -z --find-renames=50% a56ad16ded17020851957adf8c766ac53f826be1...refs/remotes/origin/master -- [39ms]
2026-05-13 01:35:44.591 [info] > git for-each-ref --sort -committerdate --format %(refname)%00%(objectname)%00%(*objectname) [19ms]
2026-05-13 01:35:44.884 [info] > git check-ignore -v -z --stdin [4ms]
2026-05-13 01:35:46.054 [info] > git config --get commit.template [10ms]
2026-05-13 01:35:46.056 [info] > git for-each-ref --format=%(refname)%00%(upstream:short)%00%(objectname)%00%(upstream:track)%00%(upstream:remotename)%00%(upstream:remoteref) refs/heads/master refs/remotes/master [3ms]
2026-05-13 01:35:46.072 [info] > git status -z -uall [8ms]
2026-05-13 01:35:46.074 [info] > git for-each-ref --sort -committerdate --format %(refname)%00%(objectname)%00%(*objectname) [3ms]
2026-05-13 01:35:51.726 [info] > git fetch [5694ms]
2026-05-13 01:35:51.741 [info] > git config --get commit.template [6ms]
2026-05-13 01:35:51.755 [info] > git for-each-ref --format=%(refname)%00%(upstream:short)%00%(objectname)%00%(upstream:track)%00%(upstream:remotename)%00%(upstream:remoteref) refs/heads/master refs/remotes/master [4ms]
2026-05-13 01:35:51.776 [info] > git status -z -uall [12ms]
2026-05-13 01:35:51.778 [info] > git for-each-ref --sort -committerdate --format %(refname)%00%(objectname)%00%(*objectname) [4ms]
2026-05-13 01:36:35.443 [info] > git config --get commit.template [4ms]
2026-05-13 01:36:35.456 [info] > git for-each-ref --format=%(refname)%00%(upstream:short)%00%(objectname)%00%(upstream:track)%00%(upstream:remotename)%00%(upstream:remoteref) refs/heads/master refs/remotes/master [4ms]
2026-05-13 01:36:35.477 [info] > git status -z -uall [11ms]
2026-05-13 01:36:35.478 [info] > git for-each-ref --sort -committerdate --format %(refname)%00%(objectname)%00%(*objectname) [3ms]
2026-05-13 01:36:40.497 [info] > git config --get commit.template [2ms]
2026-05-13 01:36:40.511 [info] > git for-each-ref --format=%(refname)%00%(upstream:short)%00%(objectname)%00%(upstream:track)%00%(upstream:remotename)%00%(upstream:remoteref) refs/heads/master refs/remotes/master [4ms]
2026-05-13 01:36:40.531 [info] > git status -z -uall [11ms]
2026-05-13 01:36:40.532 [info] > git for-each-ref --sort -committerdate --format %(refname)%00%(objectname)%00%(*objectname) [2ms]
2026-05-13 01:36:46.625 [info] > git config --get commit.template [2ms]
2026-05-13 01:36:46.637 [info] > git for-each-ref --format=%(refname)%00%(upstream:short)%00%(objectname)%00%(upstream:track)%00%(upstream:remotename)%00%(upstream:remoteref) refs/heads/master refs/remotes/master [3ms]
2026-05-13 01:36:46.653 [info] > git status -z -uall [7ms]
2026-05-13 01:36:46.655 [info] > git for-each-ref --sort -committerdate --format %(refname)%00%(objectname)%00%(*objectname) [3ms]
2026-05-13 01:37:02.208 [info] > git config --get commit.template [9ms]
2026-05-13 01:37:02.220 [info] > git for-each-ref --format=%(refname)%00%(upstream:short)%00%(objectname)%00%(upstream:track)%00%(upstream:remotename)%00%(upstream:remoteref) refs/heads/master refs/remotes/master [3ms]
2026-05-13 01:37:02.237 [info] > git status -z -uall [8ms]
2026-05-13 01:37:02.240 [info] > git for-each-ref --sort -committerdate --format %(refname)%00%(objectname)%00%(*objectname) [4ms]
2026-05-13 01:37:07.262 [info] > git config --get commit.template [8ms]
2026-05-13 01:37:07.265 [info] > git for-each-ref --format=%(refname)%00%(upstream:short)%00%(objectname)%00%(upstream:track)%00%(upstream:remotename)%00%(upstream:remoteref) refs/heads/master refs/remotes/master [4ms]
2026-05-13 01:37:07.281 [info] > git status -z -uall [8ms]
2026-05-13 01:37:07.284 [info] > git for-each-ref --sort -committerdate --format %(refname)%00%(objectname)%00%(*objectname) [4ms]
2026-05-13 01:37:27.564 [info] > git config --get commit.template [2ms]
2026-05-13 01:37:27.576 [info] > git for-each-ref --format=%(refname)%00%(upstream:short)%00%(objectname)%00%(upstream:track)%00%(upstream:remotename)%00%(upstream:remoteref) refs/heads/master refs/remotes/master [3ms]
2026-05-13 01:37:27.593 [info] > git status -z -uall [8ms]
2026-05-13 01:37:27.597 [info] > git for-each-ref --sort -committerdate --format %(refname)%00%(objectname)%00%(*objectname) [4ms]
2026-05-13 01:37:58.343 [info] > git config --get commit.template [13ms]
2026-05-13 01:37:58.345 [info] > git for-each-ref --format=%(refname)%00%(upstream:short)%00%(objectname)%00%(upstream:track)%00%(upstream:remotename)%00%(upstream:remoteref) refs/heads/master refs/remotes/master [3ms]
2026-05-13 01:37:58.366 [info] > git status -z -uall [11ms]
2026-05-13 01:37:58.368 [info] > git for-each-ref --sort -committerdate --format %(refname)%00%(objectname)%00%(*objectname) [4ms]
