2026-05-13 01:35:44.242 [info] To enable debug logging, run "GitLens: Enable Debug Logging" or "Developer: Set Log Level..." from the Command Palette
2026-05-13 01:35:44.242 [info]    [            1] GitLens v17.12.2  activating in Code - OSS (1.119.0) on the desktop; mode=production,language='en', logLevel='info', defaultDateLocale='null' (code-oss|someValue.machineId|someValue.sessionId)
2026-05-13 01:35:44.242 [info]    [            1] GitLens v17.12.2 activated [201ms]
2026-05-13 01:35:44.244 [info]    [   6f →    70] GlCliGitProvider.findGit Git (2.54.0) found in /usr/bin/git [496ms]
2026-05-13 01:35:44.250 [info]    [   6f →    98] GlCliGitProvider.repositorySearch(/home/amar/Code/rustbaby) searching (depth=1)...
2026-05-13 01:35:44.351 [info]    [GIT     101ms] [/home/amar/Code/rustbaby] git rev-parse --show-toplevel --git-dir --git-common-dir --show-superproject-working-tree [101ms]
2026-05-13 01:35:44.361 [info]    [IPC          ] Server started on http://127.0.0.1:38365
2026-05-13 01:35:44.385 [info]    [   6f →    98] GlCliGitProvider.repositorySearch(/home/amar/Code/rustbaby) found root repository in '/home/amar/Code/rustbaby'
2026-05-13 01:35:44.523 [info]    [GIT      22ms] [/home/amar/Code/rustbaby] git remote -v [22ms]
2026-05-13 01:35:44.575 [info]    [GIT      26ms] [/home/amar/Code/rustbaby] git config --get-regex ^branch\..*\.gk- [26ms]
2026-05-13 01:35:44.588 [info]    [GIT      11ms] [/home/amar/Code/rustbaby] git config --get -f /home/amar/Code/rustbaby/.git/gk/config gk.defaultRemote [11ms]
2026-05-13 01:35:47.002 [warning] [   e6 →    e8] GlCliGitProvider.getRemoteVisibility(remote=git@github.com:amark2005/batcheck-rust-.git) returned public [*2091ms] (slow)
2026-05-13 01:35:47.002 [warning] [   e4 →    e6] GlCliGitProvider.visibility(e=/home/amar/Code/rustbaby) returned public [*2093ms] (slow)
2026-05-13 01:35:47.002 [warning] [   e1 →    e4] GitProviderService.visibilityCore(e=/home/amar/Code/rustbaby) returned public [*2094ms] (slow)
2026-05-13 01:35:47.003 [warning] [   df →    e1] GitProviderService.visibility(e=/home/amar/Code/rustbaby) returned public [*2095ms] (slow)
2026-05-13 01:35:47.003 [warning] [   de →    df] GitProviderService.accessCore(e=undefined) returned {"allowed":true,"subscription":{"current":{"plan":{"actual":{"id":"community","name":"GitLens Community","bundle":false,"cancelled":false,"trialReactivationCount":0,"startedOn":"2026-05-08T11:10:09.039Z"},"effective":{"id":"community","name":"GitLens Community","bundle":false,"cancelled":false,"trialReactivationCount":0,"startedOn":"2026-05-08T11:10:09.039Z"}},"state":0}},"visibility":"public"} [*2097ms] (slow)
2026-05-13 01:35:47.004 [warning] [   b3 →    de] GitProviderService.access returned {"allowed":true,"subscription":{"current":{"plan":{"actual":{"id":"community","name":"GitLens Community","bundle":false,"cancelled":false,"trialReactivationCount":0,"startedOn":"2026-05-08T11:10:09.039Z"},"effective":{"id":"community","name":"GitLens Community","bundle":false,"cancelled":false,"trialReactivationCount":0,"startedOn":"2026-05-08T11:10:09.039Z"}},"state":0}},"visibility":"public"} [*2097ms] (slow)
2026-05-13 01:35:50.440 [info]    [GIT      11ms] [/home/amar/Code/rustbaby] git ls-files -- README.md [11ms]
2026-05-13 01:35:51.879 [info]    [GIT      10ms] [/home/amar/Code/rustbaby] git remote -v [10ms]
2026-05-13 01:35:51.889 [info]    [GIT       9ms] [/home/amar/Code/rustbaby] git config --get -f /home/amar/Code/rustbaby/.git/gk/config gk.defaultRemote [9ms]
2026-05-13 01:36:19.420 [info]    [GIT      11ms] [/home/amar/Code/rustbaby] git rev-list --max-parents=0 HEAD -- [11ms]
2026-05-13 01:36:19.426 [info]    [  129 →   12a] LocalSharedGkStorageLocationProvider.load Using shared GK path: /home/amar/.local/share/gk
2026-05-13 01:36:34.369 [info]    [GIT      10ms] [/home/amar/Code/rustbaby] git ls-files -- README.md [10ms]
2026-05-13 01:37:57.270 [info]    [GIT      11ms] [/home/amar/Code/rustbaby] git ls-files -- README.md [11ms]
