2026-05-18 14:35:17.199 [info] Extension host with pid 3153 started
2026-05-18 14:35:17.199 [info] Skipping acquiring lock for /home/amar/.config/Code - OSS/User/workspaceStorage/74f64acfc164cb8bd4577a4b23e4fd3b.
2026-05-18 14:35:18.292 [info] ExtensionService#_doActivateExtension vscode.github-authentication, startup: false, activationEvent: 'onAuthenticationRequest:github'
2026-05-18 14:35:18.348 [info] ExtensionService#_doActivateExtension vscode.emmet, startup: false, activationEvent: 'onLanguage'
2026-05-18 14:35:18.378 [info] ExtensionService#_doActivateExtension edwinhuish.better-comments-next, startup: false, activationEvent: 'onLanguage'
2026-05-18 14:35:18.402 [info] ExtensionService#_doActivateExtension cadenza-tech.rainbow-blocks, startup: false, activationEvent: 'onLanguage:FortranFreeForm'
2026-05-18 14:35:18.438 [info] ExtensionService#_doActivateExtension fortran-lang.linter-gfortran, startup: false, activationEvent: 'onLanguage:FortranFreeForm'
2026-05-18 14:35:19.017 [info] ExtensionService#_doActivateExtension vscode.git-base, startup: true, activationEvent: '*', root cause: vscode.git
2026-05-18 14:35:19.026 [info] ExtensionService#_doActivateExtension oderwat.indent-rainbow, startup: true, activationEvent: '*'
2026-05-18 14:35:19.292 [info] ExtensionService#_doActivateExtension vscode.git, startup: true, activationEvent: '*'
2026-05-18 14:35:19.423 [info] ExtensionService#_doActivateExtension vscode.github, startup: true, activationEvent: '*'
2026-05-18 14:35:19.614 [info] Eager extensions activated
2026-05-18 14:35:19.682 [info] ExtensionService#_doActivateExtension vscode.debug-auto-launch, startup: false, activationEvent: 'onStartupFinished'
2026-05-18 14:35:19.688 [info] ExtensionService#_doActivateExtension vscode.merge-conflict, startup: false, activationEvent: 'onStartupFinished'
2026-05-18 14:35:19.728 [info] ExtensionService#_doActivateExtension aaron-bond.better-comments, startup: false, activationEvent: 'onStartupFinished'
2026-05-18 14:35:19.746 [info] ExtensionService#_doActivateExtension eamodio.gitlens, startup: false, activationEvent: 'onStartupFinished'
2026-05-18 14:35:20.071 [info] ExtensionService#_doActivateExtension esbenp.prettier-vscode, startup: false, activationEvent: 'onStartupFinished'
2026-05-18 14:35:20.077 [info] ExtensionService#_doActivateExtension formulahendry.code-runner, startup: false, activationEvent: 'onStartupFinished'
2026-05-18 14:35:20.121 [info] ExtensionService#_doActivateExtension vadimcn.vscode-lldb, startup: false, activationEvent: 'onStartupFinished', root cause: franneck94.vscode-c-cpp-config
2026-05-18 14:35:20.161 [info] ExtensionService#_doActivateExtension ritwickdey.LiveServer, startup: false, activationEvent: 'onStartupFinished'
2026-05-18 14:35:20.177 [info] ExtensionService#_doActivateExtension usernamehw.errorlens, startup: false, activationEvent: 'onStartupFinished'
2026-05-18 14:35:20.189 [info] ExtensionService#_doActivateExtension vscode-icons-team.vscode-icons, startup: false, activationEvent: 'onStartupFinished'
2026-05-18 14:35:20.812 [info] ExtensionService#_doActivateExtension franneck94.vscode-c-cpp-config, startup: false, activationEvent: 'onStartupFinished'
2026-05-18 14:35:25.346 [info] ExtensionService#_doActivateExtension vscode.configuration-editing, startup: false, activationEvent: 'onLanguage:jsonc'
2026-05-18 14:35:25.362 [info] ExtensionService#_doActivateExtension vscode.json-language-features, startup: false, activationEvent: 'onLanguage:jsonc'
2026-05-18 14:35:25.499 [info] ExtensionService#_doActivateExtension vscode.typescript-language-features, startup: false, activationEvent: 'onLanguage:jsonc'
2026-05-18 14:35:26.011 [info] ExtensionService#_doActivateExtension vscode.terminal-suggest, startup: false, activationEvent: 'onTerminalShellIntegration:*'
2026-05-18 14:35:58.743 [info] ExtensionService#_doActivateExtension cschlosser.doxdocgen, startup: false, activationEvent: 'onLanguage:c'
2026-05-18 14:35:58.854 [info] ExtensionService#_doActivateExtension franneck94.c-cpp-runner, startup: false, activationEvent: 'onLanguage:c'
2026-05-18 14:35:58.873 [info] ExtensionService#_doActivateExtension llvm-vs-code-extensions.vscode-clangd, startup: false, activationEvent: 'onLanguage:c'
2026-05-18 14:45:06.651 [info] ExtensionService#_doActivateExtension vscode.extension-editing, startup: false, activationEvent: 'onLanguage:markdown'
2026-05-18 14:45:06.686 [info] ExtensionService#_doActivateExtension vscode.markdown-language-features, startup: false, activationEvent: 'onLanguage:markdown'
2026-05-18 14:45:06.937 [info] ExtensionService#_doActivateExtension yzhang.markdown-all-in-one, startup: false, activationEvent: 'onLanguage:markdown'
2026-05-18 14:45:07.441 [info] ExtensionService#_doActivateExtension vscode.markdown-math, startup: false, activationEvent: 'api', root cause: yzhang.markdown-all-in-one
2026-05-18 14:57:46.983 [error] [llvm-vs-code-extensions.vscode-clangd] provider FAILED
2026-05-18 14:57:46.983 [error] {"_isCancelled":true,"_emitter":null}
2026-05-18 15:07:53.189 [error] [llvm-vs-code-extensions.vscode-clangd] provider FAILED
2026-05-18 15:07:53.189 [error] {"_isCancelled":true,"_emitter":null}
2026-05-18 15:26:34.290 [info] ExtensionService#_doActivateExtension vscode.npm, startup: false, activationEvent: 'onTerminalQuickFixRequest:ms-vscode.npm-command'
2026-05-18 21:18:10.755 [info] ExtensionService#_doActivateExtension golang.go, startup: false, activationEvent: 'onLanguage:go'
2026-05-18 21:27:56.622 [error] [golang.go] provider FAILED
2026-05-18 21:27:56.631 [error] Error: rune error
	at handleResponse (/home/amar/.vscode-oss/extensions/golang.go-0.52.2-universal/dist/goMain.js:8978:40)
	at handleMessage (/home/amar/.vscode-oss/extensions/golang.go-0.52.2-universal/dist/goMain.js:8788:11)
	at processMessageQueue (/home/amar/.vscode-oss/extensions/golang.go-0.52.2-universal/dist/goMain.js:8803:13)
	at Immediate.<anonymous> (/home/amar/.vscode-oss/extensions/golang.go-0.52.2-universal/dist/goMain.js:8779:11)
	at process.processImmediate (node:internal/timers:484:21)
	at process.callbackTrampoline (node:internal/async_hooks:130:17)
2026-05-18 21:40:21.826 [error] ExtensionError: Error in extension cschlosser.doxdocgen: FAILED to handle event
	at up.value (file:///usr/lib/code/out/vs/workbench/api/node/extensionHostProcess.js:642:134325)
	at E._deliver (file:///usr/lib/code/out/vs/workbench/api/node/extensionHostProcess.js:403:3244)
	at E._deliverQueue (file:///usr/lib/code/out/vs/workbench/api/node/extensionHostProcess.js:403:3333)
	at E.fire (file:///usr/lib/code/out/vs/workbench/api/node/extensionHostProcess.js:403:3667)
	at Ew.$acceptModelChanged (file:///usr/lib/code/out/vs/workbench/api/node/extensionHostProcess.js:531:110464)
	at i._doInvokeHandler (file:///usr/lib/code/out/vs/workbench/api/node/extensionHostProcess.js:407:110293)
	at i._invokeHandler (file:///usr/lib/code/out/vs/workbench/api/node/extensionHostProcess.js:407:110041)
	at i._receiveRequest (file:///usr/lib/code/out/vs/workbench/api/node/extensionHostProcess.js:407:108823)
	at i._receiveOneMessage (file:///usr/lib/code/out/vs/workbench/api/node/extensionHostProcess.js:407:107661)
	at up.value (file:///usr/lib/code/out/vs/workbench/api/node/extensionHostProcess.js:407:105736)
	at E._deliver (file:///usr/lib/code/out/vs/workbench/api/node/extensionHostProcess.js:403:3244)
	at E.fire (file:///usr/lib/code/out/vs/workbench/api/node/extensionHostProcess.js:403:3562)
	at ls.fire (file:///usr/lib/code/out/vs/workbench/api/node/extensionHostProcess.js:405:8437)
	at up.value (file:///usr/lib/code/out/vs/workbench/api/node/extensionHostProcess.js:806:9911)
	at E._deliver (file:///usr/lib/code/out/vs/workbench/api/node/extensionHostProcess.js:403:3244)
	at E.fire (file:///usr/lib/code/out/vs/workbench/api/node/extensionHostProcess.js:403:3562)
	at ls.fire (file:///usr/lib/code/out/vs/workbench/api/node/extensionHostProcess.js:405:8437)
	at MessagePortMain.<anonymous> (file:///usr/lib/code/out/vs/workbench/api/node/extensionHostProcess.js:806:8082)
	at MessagePortMain.emit (node:events:519:28)
	at MessagePortMain._internalPort.emit (node:electron/js2c/utility_init:2:2959)
	at Object.callbackTrampoline (node:internal/async_hooks:130:17)
2026-05-18 21:40:56.513 [error] [golang.go] provider FAILED
2026-05-18 21:40:56.513 [error] Error: getting file for InlayHint: context canceled
	at handleResponse (/home/amar/.vscode-oss/extensions/golang.go-0.52.2-universal/dist/goMain.js:8978:40)
	at handleMessage (/home/amar/.vscode-oss/extensions/golang.go-0.52.2-universal/dist/goMain.js:8788:11)
	at processMessageQueue (/home/amar/.vscode-oss/extensions/golang.go-0.52.2-universal/dist/goMain.js:8803:13)
	at Immediate.<anonymous> (/home/amar/.vscode-oss/extensions/golang.go-0.52.2-universal/dist/goMain.js:8779:11)
	at process.processImmediate (node:internal/timers:484:21)
	at process.callbackTrampoline (node:internal/async_hooks:130:17)
2026-05-18 21:47:44.144 [error] [golang.go] provider FAILED
2026-05-18 21:47:44.144 [error] Error: rune error
	at handleResponse (/home/amar/.vscode-oss/extensions/golang.go-0.52.2-universal/dist/goMain.js:8978:40)
	at handleMessage (/home/amar/.vscode-oss/extensions/golang.go-0.52.2-universal/dist/goMain.js:8788:11)
	at processMessageQueue (/home/amar/.vscode-oss/extensions/golang.go-0.52.2-universal/dist/goMain.js:8803:13)
	at Immediate.<anonymous> (/home/amar/.vscode-oss/extensions/golang.go-0.52.2-universal/dist/goMain.js:8779:11)
	at process.processImmediate (node:internal/timers:484:21)
	at process.callbackTrampoline (node:internal/async_hooks:130:17)
2026-05-18 21:53:06.981 [error] [golang.go] provider FAILED
2026-05-18 21:53:06.981 [error] Error: rune error
	at handleResponse (/home/amar/.vscode-oss/extensions/golang.go-0.52.2-universal/dist/goMain.js:8978:40)
	at handleMessage (/home/amar/.vscode-oss/extensions/golang.go-0.52.2-universal/dist/goMain.js:8788:11)
	at processMessageQueue (/home/amar/.vscode-oss/extensions/golang.go-0.52.2-universal/dist/goMain.js:8803:13)
	at Immediate.<anonymous> (/home/amar/.vscode-oss/extensions/golang.go-0.52.2-universal/dist/goMain.js:8779:11)
	at process.processImmediate (node:internal/timers:484:21)
	at process.callbackTrampoline (node:internal/async_hooks:130:17)
2026-05-18 21:56:17.789 [error] ExtensionError: Error in extension cschlosser.doxdocgen: FAILED to handle event
	at up.value (file:///usr/lib/code/out/vs/workbench/api/node/extensionHostProcess.js:642:134325)
	at E._deliver (file:///usr/lib/code/out/vs/workbench/api/node/extensionHostProcess.js:403:3244)
	at E._deliverQueue (file:///usr/lib/code/out/vs/workbench/api/node/extensionHostProcess.js:403:3333)
	at E.fire (file:///usr/lib/code/out/vs/workbench/api/node/extensionHostProcess.js:403:3667)
	at Ew.$acceptModelChanged (file:///usr/lib/code/out/vs/workbench/api/node/extensionHostProcess.js:531:110464)
	at i._doInvokeHandler (file:///usr/lib/code/out/vs/workbench/api/node/extensionHostProcess.js:407:110293)
	at i._invokeHandler (file:///usr/lib/code/out/vs/workbench/api/node/extensionHostProcess.js:407:110041)
	at i._receiveRequest (file:///usr/lib/code/out/vs/workbench/api/node/extensionHostProcess.js:407:108823)
	at i._receiveOneMessage (file:///usr/lib/code/out/vs/workbench/api/node/extensionHostProcess.js:407:107661)
	at up.value (file:///usr/lib/code/out/vs/workbench/api/node/extensionHostProcess.js:407:105736)
	at E._deliver (file:///usr/lib/code/out/vs/workbench/api/node/extensionHostProcess.js:403:3244)
	at E.fire (file:///usr/lib/code/out/vs/workbench/api/node/extensionHostProcess.js:403:3562)
	at ls.fire (file:///usr/lib/code/out/vs/workbench/api/node/extensionHostProcess.js:405:8437)
	at up.value (file:///usr/lib/code/out/vs/workbench/api/node/extensionHostProcess.js:806:9911)
	at E._deliver (file:///usr/lib/code/out/vs/workbench/api/node/extensionHostProcess.js:403:3244)
	at E.fire (file:///usr/lib/code/out/vs/workbench/api/node/extensionHostProcess.js:403:3562)
	at ls.fire (file:///usr/lib/code/out/vs/workbench/api/node/extensionHostProcess.js:405:8437)
	at MessagePortMain.<anonymous> (file:///usr/lib/code/out/vs/workbench/api/node/extensionHostProcess.js:806:8082)
	at MessagePortMain.emit (node:events:519:28)
	at MessagePortMain._internalPort.emit (node:electron/js2c/utility_init:2:2959)
	at Object.callbackTrampoline (node:internal/async_hooks:130:17)
2026-05-18 22:00:30.309 [error] [golang.go] provider FAILED
2026-05-18 22:00:30.309 [error] Error: getting file for InlayHint: context canceled
	at handleResponse (/home/amar/.vscode-oss/extensions/golang.go-0.52.2-universal/dist/goMain.js:8978:40)
	at handleMessage (/home/amar/.vscode-oss/extensions/golang.go-0.52.2-universal/dist/goMain.js:8788:11)
	at processMessageQueue (/home/amar/.vscode-oss/extensions/golang.go-0.52.2-universal/dist/goMain.js:8803:13)
	at Immediate.<anonymous> (/home/amar/.vscode-oss/extensions/golang.go-0.52.2-universal/dist/goMain.js:8779:11)
	at process.processImmediate (node:internal/timers:484:21)
	at process.callbackTrampoline (node:internal/async_hooks:130:17)
2026-05-18 22:00:31.136 [error] [golang.go] provider FAILED
2026-05-18 22:00:31.136 [error] Error: getting file for InlayHint: context canceled
	at handleResponse (/home/amar/.vscode-oss/extensions/golang.go-0.52.2-universal/dist/goMain.js:8978:40)
	at handleMessage (/home/amar/.vscode-oss/extensions/golang.go-0.52.2-universal/dist/goMain.js:8788:11)
	at processMessageQueue (/home/amar/.vscode-oss/extensions/golang.go-0.52.2-universal/dist/goMain.js:8803:13)
	at Immediate.<anonymous> (/home/amar/.vscode-oss/extensions/golang.go-0.52.2-universal/dist/goMain.js:8779:11)
	at process.processImmediate (node:internal/timers:484:21)
	at process.callbackTrampoline (node:internal/async_hooks:130:17)
2026-05-18 22:00:31.296 [error] [golang.go] provider FAILED
2026-05-18 22:00:31.296 [error] Error: getting file for InlayHint: context canceled
	at handleResponse (/home/amar/.vscode-oss/extensions/golang.go-0.52.2-universal/dist/goMain.js:8978:40)
	at handleMessage (/home/amar/.vscode-oss/extensions/golang.go-0.52.2-universal/dist/goMain.js:8788:11)
	at processMessageQueue (/home/amar/.vscode-oss/extensions/golang.go-0.52.2-universal/dist/goMain.js:8803:13)
	at Immediate.<anonymous> (/home/amar/.vscode-oss/extensions/golang.go-0.52.2-universal/dist/goMain.js:8779:11)
	at process.processImmediate (node:internal/timers:484:21)
	at process.callbackTrampoline (node:internal/async_hooks:130:17)
2026-05-18 22:00:31.443 [error] [golang.go] provider FAILED
2026-05-18 22:00:31.443 [error] Error: getting file for InlayHint: context canceled
	at handleResponse (/home/amar/.vscode-oss/extensions/golang.go-0.52.2-universal/dist/goMain.js:8978:40)
	at handleMessage (/home/amar/.vscode-oss/extensions/golang.go-0.52.2-universal/dist/goMain.js:8788:11)
	at processMessageQueue (/home/amar/.vscode-oss/extensions/golang.go-0.52.2-universal/dist/goMain.js:8803:13)
	at Immediate.<anonymous> (/home/amar/.vscode-oss/extensions/golang.go-0.52.2-universal/dist/goMain.js:8779:11)
	at process.processImmediate (node:internal/timers:484:21)
	at process.callbackTrampoline (node:internal/async_hooks:130:17)
2026-05-18 22:00:31.597 [error] [golang.go] provider FAILED
2026-05-18 22:00:31.597 [error] Error: getting file for InlayHint: context canceled
	at handleResponse (/home/amar/.vscode-oss/extensions/golang.go-0.52.2-universal/dist/goMain.js:8978:40)
	at handleMessage (/home/amar/.vscode-oss/extensions/golang.go-0.52.2-universal/dist/goMain.js:8788:11)
	at processMessageQueue (/home/amar/.vscode-oss/extensions/golang.go-0.52.2-universal/dist/goMain.js:8803:13)
	at Immediate.<anonymous> (/home/amar/.vscode-oss/extensions/golang.go-0.52.2-universal/dist/goMain.js:8779:11)
	at process.processImmediate (node:internal/timers:484:21)
	at process.callbackTrampoline (node:internal/async_hooks:130:17)
2026-05-18 22:00:31.744 [error] [golang.go] provider FAILED
2026-05-18 22:00:31.744 [error] Error: getting file for InlayHint: context canceled
	at handleResponse (/home/amar/.vscode-oss/extensions/golang.go-0.52.2-universal/dist/goMain.js:8978:40)
	at handleMessage (/home/amar/.vscode-oss/extensions/golang.go-0.52.2-universal/dist/goMain.js:8788:11)
	at processMessageQueue (/home/amar/.vscode-oss/extensions/golang.go-0.52.2-universal/dist/goMain.js:8803:13)
	at Immediate.<anonymous> (/home/amar/.vscode-oss/extensions/golang.go-0.52.2-universal/dist/goMain.js:8779:11)
	at process.processImmediate (node:internal/timers:484:21)
	at process.callbackTrampoline (node:internal/async_hooks:130:17)
2026-05-18 22:00:33.238 [error] [golang.go] provider FAILED
2026-05-18 22:00:33.238 [error] Error: context canceled
	at handleResponse (/home/amar/.vscode-oss/extensions/golang.go-0.52.2-universal/dist/goMain.js:8978:40)
	at handleMessage (/home/amar/.vscode-oss/extensions/golang.go-0.52.2-universal/dist/goMain.js:8788:11)
	at processMessageQueue (/home/amar/.vscode-oss/extensions/golang.go-0.52.2-universal/dist/goMain.js:8803:13)
	at Immediate.<anonymous> (/home/amar/.vscode-oss/extensions/golang.go-0.52.2-universal/dist/goMain.js:8779:11)
	at process.processImmediate (node:internal/timers:484:21)
	at process.callbackTrampoline (node:internal/async_hooks:130:17)
2026-05-18 22:00:33.636 [error] [golang.go] provider FAILED
2026-05-18 22:00:33.636 [error] Error: getting file for InlayHint: context canceled
	at handleResponse (/home/amar/.vscode-oss/extensions/golang.go-0.52.2-universal/dist/goMain.js:8978:40)
	at handleMessage (/home/amar/.vscode-oss/extensions/golang.go-0.52.2-universal/dist/goMain.js:8788:11)
	at processMessageQueue (/home/amar/.vscode-oss/extensions/golang.go-0.52.2-universal/dist/goMain.js:8803:13)
	at Immediate.<anonymous> (/home/amar/.vscode-oss/extensions/golang.go-0.52.2-universal/dist/goMain.js:8779:11)
	at process.processImmediate (node:internal/timers:484:21)
	at process.callbackTrampoline (node:internal/async_hooks:130:17)
2026-05-18 22:00:33.804 [error] [golang.go] provider FAILED
2026-05-18 22:00:33.804 [error] Error: getting file for InlayHint: context canceled
	at handleResponse (/home/amar/.vscode-oss/extensions/golang.go-0.52.2-universal/dist/goMain.js:8978:40)
	at handleMessage (/home/amar/.vscode-oss/extensions/golang.go-0.52.2-universal/dist/goMain.js:8788:11)
	at processMessageQueue (/home/amar/.vscode-oss/extensions/golang.go-0.52.2-universal/dist/goMain.js:8803:13)
	at Immediate.<anonymous> (/home/amar/.vscode-oss/extensions/golang.go-0.52.2-universal/dist/goMain.js:8779:11)
	at process.processImmediate (node:internal/timers:484:21)
	at process.callbackTrampoline (node:internal/async_hooks:130:17)
2026-05-18 22:00:34.532 [error] [golang.go] provider FAILED
2026-05-18 22:00:34.533 [error] Error: context canceled
	at handleResponse (/home/amar/.vscode-oss/extensions/golang.go-0.52.2-universal/dist/goMain.js:8978:40)
	at handleMessage (/home/amar/.vscode-oss/extensions/golang.go-0.52.2-universal/dist/goMain.js:8788:11)
	at processMessageQueue (/home/amar/.vscode-oss/extensions/golang.go-0.52.2-universal/dist/goMain.js:8803:13)
	at Immediate.<anonymous> (/home/amar/.vscode-oss/extensions/golang.go-0.52.2-universal/dist/goMain.js:8779:11)
	at process.processImmediate (node:internal/timers:484:21)
	at process.callbackTrampoline (node:internal/async_hooks:130:17)
2026-05-18 22:00:35.293 [error] [golang.go] provider FAILED
2026-05-18 22:00:35.293 [error] Error: context canceled
	at handleResponse (/home/amar/.vscode-oss/extensions/golang.go-0.52.2-universal/dist/goMain.js:8978:40)
	at handleMessage (/home/amar/.vscode-oss/extensions/golang.go-0.52.2-universal/dist/goMain.js:8788:11)
	at processMessageQueue (/home/amar/.vscode-oss/extensions/golang.go-0.52.2-universal/dist/goMain.js:8803:13)
	at Immediate.<anonymous> (/home/amar/.vscode-oss/extensions/golang.go-0.52.2-universal/dist/goMain.js:8779:11)
	at process.processImmediate (node:internal/timers:484:21)
	at process.callbackTrampoline (node:internal/async_hooks:130:17)
2026-05-18 22:00:39.394 [error] [golang.go] provider FAILED
2026-05-18 22:00:39.394 [error] Error: getting file for InlayHint: context canceled
	at handleResponse (/home/amar/.vscode-oss/extensions/golang.go-0.52.2-universal/dist/goMain.js:8978:40)
	at handleMessage (/home/amar/.vscode-oss/extensions/golang.go-0.52.2-universal/dist/goMain.js:8788:11)
	at processMessageQueue (/home/amar/.vscode-oss/extensions/golang.go-0.52.2-universal/dist/goMain.js:8803:13)
	at Immediate.<anonymous> (/home/amar/.vscode-oss/extensions/golang.go-0.52.2-universal/dist/goMain.js:8779:11)
	at process.processImmediate (node:internal/timers:484:21)
	at process.callbackTrampoline (node:internal/async_hooks:130:17)
2026-05-18 22:00:39.624 [error] [golang.go] provider FAILED
2026-05-18 22:00:39.624 [error] Error: getting file for InlayHint: context canceled
	at handleResponse (/home/amar/.vscode-oss/extensions/golang.go-0.52.2-universal/dist/goMain.js:8978:40)
	at handleMessage (/home/amar/.vscode-oss/extensions/golang.go-0.52.2-universal/dist/goMain.js:8788:11)
	at processMessageQueue (/home/amar/.vscode-oss/extensions/golang.go-0.52.2-universal/dist/goMain.js:8803:13)
	at Immediate.<anonymous> (/home/amar/.vscode-oss/extensions/golang.go-0.52.2-universal/dist/goMain.js:8779:11)
	at process.processImmediate (node:internal/timers:484:21)
	at process.callbackTrampoline (node:internal/async_hooks:130:17)
2026-05-18 22:00:39.801 [error] [golang.go] provider FAILED
2026-05-18 22:00:39.802 [error] Error: getting file for InlayHint: context canceled
	at handleResponse (/home/amar/.vscode-oss/extensions/golang.go-0.52.2-universal/dist/goMain.js:8978:40)
	at handleMessage (/home/amar/.vscode-oss/extensions/golang.go-0.52.2-universal/dist/goMain.js:8788:11)
	at processMessageQueue (/home/amar/.vscode-oss/extensions/golang.go-0.52.2-universal/dist/goMain.js:8803:13)
	at Immediate.<anonymous> (/home/amar/.vscode-oss/extensions/golang.go-0.52.2-universal/dist/goMain.js:8779:11)
	at process.processImmediate (node:internal/timers:484:21)
	at process.callbackTrampoline (node:internal/async_hooks:130:17)
2026-05-18 22:00:41.208 [error] [golang.go] provider FAILED
2026-05-18 22:00:41.208 [error] Error: getting file for InlayHint: context canceled
	at handleResponse (/home/amar/.vscode-oss/extensions/golang.go-0.52.2-universal/dist/goMain.js:8978:40)
	at handleMessage (/home/amar/.vscode-oss/extensions/golang.go-0.52.2-universal/dist/goMain.js:8788:11)
	at processMessageQueue (/home/amar/.vscode-oss/extensions/golang.go-0.52.2-universal/dist/goMain.js:8803:13)
	at Immediate.<anonymous> (/home/amar/.vscode-oss/extensions/golang.go-0.52.2-universal/dist/goMain.js:8779:11)
	at process.processImmediate (node:internal/timers:484:21)
	at process.callbackTrampoline (node:internal/async_hooks:130:17)
2026-05-18 22:00:41.338 [error] [golang.go] provider FAILED
2026-05-18 22:00:41.338 [error] Error: getting file for InlayHint: context canceled
	at handleResponse (/home/amar/.vscode-oss/extensions/golang.go-0.52.2-universal/dist/goMain.js:8978:40)
	at handleMessage (/home/amar/.vscode-oss/extensions/golang.go-0.52.2-universal/dist/goMain.js:8788:11)
	at processMessageQueue (/home/amar/.vscode-oss/extensions/golang.go-0.52.2-universal/dist/goMain.js:8803:13)
	at Immediate.<anonymous> (/home/amar/.vscode-oss/extensions/golang.go-0.52.2-universal/dist/goMain.js:8779:11)
	at process.processImmediate (node:internal/timers:484:21)
	at process.callbackTrampoline (node:internal/async_hooks:130:17)
2026-05-18 22:00:41.512 [error] [golang.go] provider FAILED
2026-05-18 22:00:41.512 [error] Error: getting file for InlayHint: context canceled
	at handleResponse (/home/amar/.vscode-oss/extensions/golang.go-0.52.2-universal/dist/goMain.js:8978:40)
	at handleMessage (/home/amar/.vscode-oss/extensions/golang.go-0.52.2-universal/dist/goMain.js:8788:11)
	at processMessageQueue (/home/amar/.vscode-oss/extensions/golang.go-0.52.2-universal/dist/goMain.js:8803:13)
	at Immediate.<anonymous> (/home/amar/.vscode-oss/extensions/golang.go-0.52.2-universal/dist/goMain.js:8779:11)
	at process.processImmediate (node:internal/timers:484:21)
	at process.callbackTrampoline (node:internal/async_hooks:130:17)
2026-05-18 22:00:46.419 [error] [golang.go] provider FAILED
2026-05-18 22:00:46.419 [error] Error: getting file for InlayHint: context canceled
	at handleResponse (/home/amar/.vscode-oss/extensions/golang.go-0.52.2-universal/dist/goMain.js:8978:40)
	at handleMessage (/home/amar/.vscode-oss/extensions/golang.go-0.52.2-universal/dist/goMain.js:8788:11)
	at processMessageQueue (/home/amar/.vscode-oss/extensions/golang.go-0.52.2-universal/dist/goMain.js:8803:13)
	at Immediate.<anonymous> (/home/amar/.vscode-oss/extensions/golang.go-0.52.2-universal/dist/goMain.js:8779:11)
	at process.processImmediate (node:internal/timers:484:21)
	at process.callbackTrampoline (node:internal/async_hooks:130:17)
2026-05-18 22:00:46.628 [error] [golang.go] provider FAILED
2026-05-18 22:00:46.628 [error] Error: getting file for InlayHint: context canceled
	at handleResponse (/home/amar/.vscode-oss/extensions/golang.go-0.52.2-universal/dist/goMain.js:8978:40)
	at handleMessage (/home/amar/.vscode-oss/extensions/golang.go-0.52.2-universal/dist/goMain.js:8788:11)
	at processMessageQueue (/home/amar/.vscode-oss/extensions/golang.go-0.52.2-universal/dist/goMain.js:8803:13)
	at Immediate.<anonymous> (/home/amar/.vscode-oss/extensions/golang.go-0.52.2-universal/dist/goMain.js:8779:11)
	at process.processImmediate (node:internal/timers:484:21)
	at process.callbackTrampoline (node:internal/async_hooks:130:17)
2026-05-18 22:00:46.712 [error] [golang.go] provider FAILED
2026-05-18 22:00:46.712 [error] Error: getting file for InlayHint: context canceled
	at handleResponse (/home/amar/.vscode-oss/extensions/golang.go-0.52.2-universal/dist/goMain.js:8978:40)
	at handleMessage (/home/amar/.vscode-oss/extensions/golang.go-0.52.2-universal/dist/goMain.js:8788:11)
	at processMessageQueue (/home/amar/.vscode-oss/extensions/golang.go-0.52.2-universal/dist/goMain.js:8803:13)
	at Immediate.<anonymous> (/home/amar/.vscode-oss/extensions/golang.go-0.52.2-universal/dist/goMain.js:8779:11)
	at process.processImmediate (node:internal/timers:484:21)
	at process.callbackTrampoline (node:internal/async_hooks:130:17)
2026-05-18 22:04:31.320 [error] [golang.go] provider FAILED
2026-05-18 22:04:31.320 [error] Error: context canceled
	at handleResponse (/home/amar/.vscode-oss/extensions/golang.go-0.52.2-universal/dist/goMain.js:8978:40)
	at handleMessage (/home/amar/.vscode-oss/extensions/golang.go-0.52.2-universal/dist/goMain.js:8788:11)
	at processMessageQueue (/home/amar/.vscode-oss/extensions/golang.go-0.52.2-universal/dist/goMain.js:8803:13)
	at Immediate.<anonymous> (/home/amar/.vscode-oss/extensions/golang.go-0.52.2-universal/dist/goMain.js:8779:11)
	at process.processImmediate (node:internal/timers:484:21)
	at process.callbackTrampoline (node:internal/async_hooks:130:17)
2026-05-18 22:04:40.043 [error] [golang.go] provider FAILED
2026-05-18 22:04:40.043 [error] Error: context canceled
	at handleResponse (/home/amar/.vscode-oss/extensions/golang.go-0.52.2-universal/dist/goMain.js:8978:40)
	at handleMessage (/home/amar/.vscode-oss/extensions/golang.go-0.52.2-universal/dist/goMain.js:8788:11)
	at processMessageQueue (/home/amar/.vscode-oss/extensions/golang.go-0.52.2-universal/dist/goMain.js:8803:13)
	at Immediate.<anonymous> (/home/amar/.vscode-oss/extensions/golang.go-0.52.2-universal/dist/goMain.js:8779:11)
	at process.processImmediate (node:internal/timers:484:21)
	at process.callbackTrampoline (node:internal/async_hooks:130:17)
2026-05-18 22:32:25.549 [error] [golang.go] provider FAILED
2026-05-18 22:32:25.549 [error] Error: rune error
	at handleResponse (/home/amar/.vscode-oss/extensions/golang.go-0.52.2-universal/dist/goMain.js:8978:40)
	at handleMessage (/home/amar/.vscode-oss/extensions/golang.go-0.52.2-universal/dist/goMain.js:8788:11)
	at processMessageQueue (/home/amar/.vscode-oss/extensions/golang.go-0.52.2-universal/dist/goMain.js:8803:13)
	at Immediate.<anonymous> (/home/amar/.vscode-oss/extensions/golang.go-0.52.2-universal/dist/goMain.js:8779:11)
	at process.processImmediate (node:internal/timers:484:21)
	at process.callbackTrampoline (node:internal/async_hooks:130:17)
2026-05-18 22:58:56.789 [warning] TextEditor is closed/disposed
2026-05-18 23:09:19.407 [error] ExtensionError: Error in extension cschlosser.doxdocgen: FAILED to handle event
	at up.value (file:///usr/lib/code/out/vs/workbench/api/node/extensionHostProcess.js:642:134325)
	at E._deliver (file:///usr/lib/code/out/vs/workbench/api/node/extensionHostProcess.js:403:3244)
	at E._deliverQueue (file:///usr/lib/code/out/vs/workbench/api/node/extensionHostProcess.js:403:3333)
	at E.fire (file:///usr/lib/code/out/vs/workbench/api/node/extensionHostProcess.js:403:3667)
	at Ew.$acceptModelChanged (file:///usr/lib/code/out/vs/workbench/api/node/extensionHostProcess.js:531:110464)
	at i._doInvokeHandler (file:///usr/lib/code/out/vs/workbench/api/node/extensionHostProcess.js:407:110293)
	at i._invokeHandler (file:///usr/lib/code/out/vs/workbench/api/node/extensionHostProcess.js:407:110041)
	at i._receiveRequest (file:///usr/lib/code/out/vs/workbench/api/node/extensionHostProcess.js:407:108823)
	at i._receiveOneMessage (file:///usr/lib/code/out/vs/workbench/api/node/extensionHostProcess.js:407:107661)
	at up.value (file:///usr/lib/code/out/vs/workbench/api/node/extensionHostProcess.js:407:105736)
	at E._deliver (file:///usr/lib/code/out/vs/workbench/api/node/extensionHostProcess.js:403:3244)
	at E.fire (file:///usr/lib/code/out/vs/workbench/api/node/extensionHostProcess.js:403:3562)
	at ls.fire (file:///usr/lib/code/out/vs/workbench/api/node/extensionHostProcess.js:405:8437)
	at up.value (file:///usr/lib/code/out/vs/workbench/api/node/extensionHostProcess.js:806:9911)
	at E._deliver (file:///usr/lib/code/out/vs/workbench/api/node/extensionHostProcess.js:403:3244)
	at E.fire (file:///usr/lib/code/out/vs/workbench/api/node/extensionHostProcess.js:403:3562)
	at ls.fire (file:///usr/lib/code/out/vs/workbench/api/node/extensionHostProcess.js:405:8437)
	at MessagePortMain.<anonymous> (file:///usr/lib/code/out/vs/workbench/api/node/extensionHostProcess.js:806:8082)
	at MessagePortMain.emit (node:events:519:28)
	at MessagePortMain._internalPort.emit (node:electron/js2c/utility_init:2:2959)
	at Object.callbackTrampoline (node:internal/async_hooks:130:17)
2026-05-18 23:09:20.060 [error] ExtensionError: Error in extension cschlosser.doxdocgen: FAILED to handle event
	at up.value (file:///usr/lib/code/out/vs/workbench/api/node/extensionHostProcess.js:642:134325)
	at E._deliver (file:///usr/lib/code/out/vs/workbench/api/node/extensionHostProcess.js:403:3244)
	at E._deliverQueue (file:///usr/lib/code/out/vs/workbench/api/node/extensionHostProcess.js:403:3333)
	at E.fire (file:///usr/lib/code/out/vs/workbench/api/node/extensionHostProcess.js:403:3667)
	at Ew.$acceptModelChanged (file:///usr/lib/code/out/vs/workbench/api/node/extensionHostProcess.js:531:110464)
	at i._doInvokeHandler (file:///usr/lib/code/out/vs/workbench/api/node/extensionHostProcess.js:407:110293)
	at i._invokeHandler (file:///usr/lib/code/out/vs/workbench/api/node/extensionHostProcess.js:407:110041)
	at i._receiveRequest (file:///usr/lib/code/out/vs/workbench/api/node/extensionHostProcess.js:407:108823)
	at i._receiveOneMessage (file:///usr/lib/code/out/vs/workbench/api/node/extensionHostProcess.js:407:107661)
	at up.value (file:///usr/lib/code/out/vs/workbench/api/node/extensionHostProcess.js:407:105736)
	at E._deliver (file:///usr/lib/code/out/vs/workbench/api/node/extensionHostProcess.js:403:3244)
	at E.fire (file:///usr/lib/code/out/vs/workbench/api/node/extensionHostProcess.js:403:3562)
	at ls.fire (file:///usr/lib/code/out/vs/workbench/api/node/extensionHostProcess.js:405:8437)
	at up.value (file:///usr/lib/code/out/vs/workbench/api/node/extensionHostProcess.js:806:9911)
	at E._deliver (file:///usr/lib/code/out/vs/workbench/api/node/extensionHostProcess.js:403:3244)
	at E.fire (file:///usr/lib/code/out/vs/workbench/api/node/extensionHostProcess.js:403:3562)
	at ls.fire (file:///usr/lib/code/out/vs/workbench/api/node/extensionHostProcess.js:405:8437)
	at MessagePortMain.<anonymous> (file:///usr/lib/code/out/vs/workbench/api/node/extensionHostProcess.js:806:8082)
	at MessagePortMain.emit (node:events:519:28)
	at MessagePortMain._internalPort.emit (node:electron/js2c/utility_init:2:2959)
	at Object.callbackTrampoline (node:internal/async_hooks:130:17)
2026-05-18 23:09:21.856 [error] ExtensionError: Error in extension cschlosser.doxdocgen: FAILED to handle event
	at up.value (file:///usr/lib/code/out/vs/workbench/api/node/extensionHostProcess.js:642:134325)
	at E._deliver (file:///usr/lib/code/out/vs/workbench/api/node/extensionHostProcess.js:403:3244)
	at E._deliverQueue (file:///usr/lib/code/out/vs/workbench/api/node/extensionHostProcess.js:403:3333)
	at E.fire (file:///usr/lib/code/out/vs/workbench/api/node/extensionHostProcess.js:403:3667)
	at Ew.$acceptModelChanged (file:///usr/lib/code/out/vs/workbench/api/node/extensionHostProcess.js:531:110464)
	at i._doInvokeHandler (file:///usr/lib/code/out/vs/workbench/api/node/extensionHostProcess.js:407:110293)
	at i._invokeHandler (file:///usr/lib/code/out/vs/workbench/api/node/extensionHostProcess.js:407:110041)
	at i._receiveRequest (file:///usr/lib/code/out/vs/workbench/api/node/extensionHostProcess.js:407:108823)
	at i._receiveOneMessage (file:///usr/lib/code/out/vs/workbench/api/node/extensionHostProcess.js:407:107661)
	at up.value (file:///usr/lib/code/out/vs/workbench/api/node/extensionHostProcess.js:407:105736)
	at E._deliver (file:///usr/lib/code/out/vs/workbench/api/node/extensionHostProcess.js:403:3244)
	at E.fire (file:///usr/lib/code/out/vs/workbench/api/node/extensionHostProcess.js:403:3562)
	at ls.fire (file:///usr/lib/code/out/vs/workbench/api/node/extensionHostProcess.js:405:8437)
	at up.value (file:///usr/lib/code/out/vs/workbench/api/node/extensionHostProcess.js:806:9911)
	at E._deliver (file:///usr/lib/code/out/vs/workbench/api/node/extensionHostProcess.js:403:3244)
	at E.fire (file:///usr/lib/code/out/vs/workbench/api/node/extensionHostProcess.js:403:3562)
	at ls.fire (file:///usr/lib/code/out/vs/workbench/api/node/extensionHostProcess.js:405:8437)
	at MessagePortMain.<anonymous> (file:///usr/lib/code/out/vs/workbench/api/node/extensionHostProcess.js:806:8082)
	at MessagePortMain.emit (node:events:519:28)
	at MessagePortMain._internalPort.emit (node:electron/js2c/utility_init:2:2959)
	at Object.callbackTrampoline (node:internal/async_hooks:130:17)
2026-05-18 23:09:22.805 [error] ExtensionError: Error in extension cschlosser.doxdocgen: FAILED to handle event
	at up.value (file:///usr/lib/code/out/vs/workbench/api/node/extensionHostProcess.js:642:134325)
	at E._deliver (file:///usr/lib/code/out/vs/workbench/api/node/extensionHostProcess.js:403:3244)
	at E._deliverQueue (file:///usr/lib/code/out/vs/workbench/api/node/extensionHostProcess.js:403:3333)
	at E.fire (file:///usr/lib/code/out/vs/workbench/api/node/extensionHostProcess.js:403:3667)
	at Ew.$acceptModelChanged (file:///usr/lib/code/out/vs/workbench/api/node/extensionHostProcess.js:531:110464)
	at i._doInvokeHandler (file:///usr/lib/code/out/vs/workbench/api/node/extensionHostProcess.js:407:110293)
	at i._invokeHandler (file:///usr/lib/code/out/vs/workbench/api/node/extensionHostProcess.js:407:110041)
	at i._receiveRequest (file:///usr/lib/code/out/vs/workbench/api/node/extensionHostProcess.js:407:108823)
	at i._receiveOneMessage (file:///usr/lib/code/out/vs/workbench/api/node/extensionHostProcess.js:407:107661)
	at up.value (file:///usr/lib/code/out/vs/workbench/api/node/extensionHostProcess.js:407:105736)
	at E._deliver (file:///usr/lib/code/out/vs/workbench/api/node/extensionHostProcess.js:403:3244)
	at E.fire (file:///usr/lib/code/out/vs/workbench/api/node/extensionHostProcess.js:403:3562)
	at ls.fire (file:///usr/lib/code/out/vs/workbench/api/node/extensionHostProcess.js:405:8437)
	at up.value (file:///usr/lib/code/out/vs/workbench/api/node/extensionHostProcess.js:806:9911)
	at E._deliver (file:///usr/lib/code/out/vs/workbench/api/node/extensionHostProcess.js:403:3244)
	at E.fire (file:///usr/lib/code/out/vs/workbench/api/node/extensionHostProcess.js:403:3562)
	at ls.fire (file:///usr/lib/code/out/vs/workbench/api/node/extensionHostProcess.js:405:8437)
	at MessagePortMain.<anonymous> (file:///usr/lib/code/out/vs/workbench/api/node/extensionHostProcess.js:806:8082)
	at MessagePortMain.emit (node:events:519:28)
	at MessagePortMain._internalPort.emit (node:electron/js2c/utility_init:2:2959)
	at Object.callbackTrampoline (node:internal/async_hooks:130:17)
2026-05-18 23:09:24.337 [error] ExtensionError: Error in extension cschlosser.doxdocgen: FAILED to handle event
	at up.value (file:///usr/lib/code/out/vs/workbench/api/node/extensionHostProcess.js:642:134325)
	at E._deliver (file:///usr/lib/code/out/vs/workbench/api/node/extensionHostProcess.js:403:3244)
	at E._deliverQueue (file:///usr/lib/code/out/vs/workbench/api/node/extensionHostProcess.js:403:3333)
	at E.fire (file:///usr/lib/code/out/vs/workbench/api/node/extensionHostProcess.js:403:3667)
	at Ew.$acceptModelChanged (file:///usr/lib/code/out/vs/workbench/api/node/extensionHostProcess.js:531:110464)
	at i._doInvokeHandler (file:///usr/lib/code/out/vs/workbench/api/node/extensionHostProcess.js:407:110293)
	at i._invokeHandler (file:///usr/lib/code/out/vs/workbench/api/node/extensionHostProcess.js:407:110041)
	at i._receiveRequest (file:///usr/lib/code/out/vs/workbench/api/node/extensionHostProcess.js:407:108823)
	at i._receiveOneMessage (file:///usr/lib/code/out/vs/workbench/api/node/extensionHostProcess.js:407:107661)
	at up.value (file:///usr/lib/code/out/vs/workbench/api/node/extensionHostProcess.js:407:105736)
	at E._deliver (file:///usr/lib/code/out/vs/workbench/api/node/extensionHostProcess.js:403:3244)
	at E.fire (file:///usr/lib/code/out/vs/workbench/api/node/extensionHostProcess.js:403:3562)
	at ls.fire (file:///usr/lib/code/out/vs/workbench/api/node/extensionHostProcess.js:405:8437)
	at up.value (file:///usr/lib/code/out/vs/workbench/api/node/extensionHostProcess.js:806:9911)
	at E._deliver (file:///usr/lib/code/out/vs/workbench/api/node/extensionHostProcess.js:403:3244)
	at E.fire (file:///usr/lib/code/out/vs/workbench/api/node/extensionHostProcess.js:403:3562)
	at ls.fire (file:///usr/lib/code/out/vs/workbench/api/node/extensionHostProcess.js:405:8437)
	at MessagePortMain.<anonymous> (file:///usr/lib/code/out/vs/workbench/api/node/extensionHostProcess.js:806:8082)
	at MessagePortMain.emit (node:events:519:28)
	at MessagePortMain._internalPort.emit (node:electron/js2c/utility_init:2:2959)
	at Object.callbackTrampoline (node:internal/async_hooks:130:17)
2026-05-18 23:09:25.254 [error] ExtensionError: Error in extension cschlosser.doxdocgen: FAILED to handle event
	at up.value (file:///usr/lib/code/out/vs/workbench/api/node/extensionHostProcess.js:642:134325)
	at E._deliver (file:///usr/lib/code/out/vs/workbench/api/node/extensionHostProcess.js:403:3244)
	at E._deliverQueue (file:///usr/lib/code/out/vs/workbench/api/node/extensionHostProcess.js:403:3333)
	at E.fire (file:///usr/lib/code/out/vs/workbench/api/node/extensionHostProcess.js:403:3667)
	at Ew.$acceptModelChanged (file:///usr/lib/code/out/vs/workbench/api/node/extensionHostProcess.js:531:110464)
	at i._doInvokeHandler (file:///usr/lib/code/out/vs/workbench/api/node/extensionHostProcess.js:407:110293)
	at i._invokeHandler (file:///usr/lib/code/out/vs/workbench/api/node/extensionHostProcess.js:407:110041)
	at i._receiveRequest (file:///usr/lib/code/out/vs/workbench/api/node/extensionHostProcess.js:407:108823)
	at i._receiveOneMessage (file:///usr/lib/code/out/vs/workbench/api/node/extensionHostProcess.js:407:107661)
	at up.value (file:///usr/lib/code/out/vs/workbench/api/node/extensionHostProcess.js:407:105736)
	at E._deliver (file:///usr/lib/code/out/vs/workbench/api/node/extensionHostProcess.js:403:3244)
	at E.fire (file:///usr/lib/code/out/vs/workbench/api/node/extensionHostProcess.js:403:3562)
	at ls.fire (file:///usr/lib/code/out/vs/workbench/api/node/extensionHostProcess.js:405:8437)
	at up.value (file:///usr/lib/code/out/vs/workbench/api/node/extensionHostProcess.js:806:9911)
	at E._deliver (file:///usr/lib/code/out/vs/workbench/api/node/extensionHostProcess.js:403:3244)
	at E.fire (file:///usr/lib/code/out/vs/workbench/api/node/extensionHostProcess.js:403:3562)
	at ls.fire (file:///usr/lib/code/out/vs/workbench/api/node/extensionHostProcess.js:405:8437)
	at MessagePortMain.<anonymous> (file:///usr/lib/code/out/vs/workbench/api/node/extensionHostProcess.js:806:8082)
	at MessagePortMain.emit (node:events:519:28)
	at MessagePortMain._internalPort.emit (node:electron/js2c/utility_init:2:2959)
	at Object.callbackTrampoline (node:internal/async_hooks:130:17)
2026-05-18 23:09:26.037 [error] ExtensionError: Error in extension cschlosser.doxdocgen: FAILED to handle event
	at up.value (file:///usr/lib/code/out/vs/workbench/api/node/extensionHostProcess.js:642:134325)
	at E._deliver (file:///usr/lib/code/out/vs/workbench/api/node/extensionHostProcess.js:403:3244)
	at E._deliverQueue (file:///usr/lib/code/out/vs/workbench/api/node/extensionHostProcess.js:403:3333)
	at E.fire (file:///usr/lib/code/out/vs/workbench/api/node/extensionHostProcess.js:403:3667)
	at Ew.$acceptModelChanged (file:///usr/lib/code/out/vs/workbench/api/node/extensionHostProcess.js:531:110464)
	at i._doInvokeHandler (file:///usr/lib/code/out/vs/workbench/api/node/extensionHostProcess.js:407:110293)
	at i._invokeHandler (file:///usr/lib/code/out/vs/workbench/api/node/extensionHostProcess.js:407:110041)
	at i._receiveRequest (file:///usr/lib/code/out/vs/workbench/api/node/extensionHostProcess.js:407:108823)
	at i._receiveOneMessage (file:///usr/lib/code/out/vs/workbench/api/node/extensionHostProcess.js:407:107661)
	at up.value (file:///usr/lib/code/out/vs/workbench/api/node/extensionHostProcess.js:407:105736)
	at E._deliver (file:///usr/lib/code/out/vs/workbench/api/node/extensionHostProcess.js:403:3244)
	at E.fire (file:///usr/lib/code/out/vs/workbench/api/node/extensionHostProcess.js:403:3562)
	at ls.fire (file:///usr/lib/code/out/vs/workbench/api/node/extensionHostProcess.js:405:8437)
	at up.value (file:///usr/lib/code/out/vs/workbench/api/node/extensionHostProcess.js:806:9911)
	at E._deliver (file:///usr/lib/code/out/vs/workbench/api/node/extensionHostProcess.js:403:3244)
	at E.fire (file:///usr/lib/code/out/vs/workbench/api/node/extensionHostProcess.js:403:3562)
	at ls.fire (file:///usr/lib/code/out/vs/workbench/api/node/extensionHostProcess.js:405:8437)
	at MessagePortMain.<anonymous> (file:///usr/lib/code/out/vs/workbench/api/node/extensionHostProcess.js:806:8082)
	at MessagePortMain.emit (node:events:519:28)
	at MessagePortMain._internalPort.emit (node:electron/js2c/utility_init:2:2959)
	at Object.callbackTrampoline (node:internal/async_hooks:130:17)
2026-05-18 23:09:27.219 [error] ExtensionError: Error in extension cschlosser.doxdocgen: FAILED to handle event
	at up.value (file:///usr/lib/code/out/vs/workbench/api/node/extensionHostProcess.js:642:134325)
	at E._deliver (file:///usr/lib/code/out/vs/workbench/api/node/extensionHostProcess.js:403:3244)
	at E._deliverQueue (file:///usr/lib/code/out/vs/workbench/api/node/extensionHostProcess.js:403:3333)
	at E.fire (file:///usr/lib/code/out/vs/workbench/api/node/extensionHostProcess.js:403:3667)
	at Ew.$acceptModelChanged (file:///usr/lib/code/out/vs/workbench/api/node/extensionHostProcess.js:531:110464)
	at i._doInvokeHandler (file:///usr/lib/code/out/vs/workbench/api/node/extensionHostProcess.js:407:110293)
	at i._invokeHandler (file:///usr/lib/code/out/vs/workbench/api/node/extensionHostProcess.js:407:110041)
	at i._receiveRequest (file:///usr/lib/code/out/vs/workbench/api/node/extensionHostProcess.js:407:108823)
	at i._receiveOneMessage (file:///usr/lib/code/out/vs/workbench/api/node/extensionHostProcess.js:407:107661)
	at up.value (file:///usr/lib/code/out/vs/workbench/api/node/extensionHostProcess.js:407:105736)
	at E._deliver (file:///usr/lib/code/out/vs/workbench/api/node/extensionHostProcess.js:403:3244)
	at E.fire (file:///usr/lib/code/out/vs/workbench/api/node/extensionHostProcess.js:403:3562)
	at ls.fire (file:///usr/lib/code/out/vs/workbench/api/node/extensionHostProcess.js:405:8437)
	at up.value (file:///usr/lib/code/out/vs/workbench/api/node/extensionHostProcess.js:806:9911)
	at E._deliver (file:///usr/lib/code/out/vs/workbench/api/node/extensionHostProcess.js:403:3244)
	at E.fire (file:///usr/lib/code/out/vs/workbench/api/node/extensionHostProcess.js:403:3562)
	at ls.fire (file:///usr/lib/code/out/vs/workbench/api/node/extensionHostProcess.js:405:8437)
	at MessagePortMain.<anonymous> (file:///usr/lib/code/out/vs/workbench/api/node/extensionHostProcess.js:806:8082)
	at MessagePortMain.emit (node:events:519:28)
	at MessagePortMain._internalPort.emit (node:electron/js2c/utility_init:2:2959)
	at Object.callbackTrampoline (node:internal/async_hooks:130:17)
2026-05-18 23:09:27.303 [error] ExtensionError: Error in extension cschlosser.doxdocgen: FAILED to handle event
	at up.value (file:///usr/lib/code/out/vs/workbench/api/node/extensionHostProcess.js:642:134325)
	at E._deliver (file:///usr/lib/code/out/vs/workbench/api/node/extensionHostProcess.js:403:3244)
	at E._deliverQueue (file:///usr/lib/code/out/vs/workbench/api/node/extensionHostProcess.js:403:3333)
	at E.fire (file:///usr/lib/code/out/vs/workbench/api/node/extensionHostProcess.js:403:3667)
	at Ew.$acceptModelChanged (file:///usr/lib/code/out/vs/workbench/api/node/extensionHostProcess.js:531:110464)
	at i._doInvokeHandler (file:///usr/lib/code/out/vs/workbench/api/node/extensionHostProcess.js:407:110293)
	at i._invokeHandler (file:///usr/lib/code/out/vs/workbench/api/node/extensionHostProcess.js:407:110041)
	at i._receiveRequest (file:///usr/lib/code/out/vs/workbench/api/node/extensionHostProcess.js:407:108823)
	at i._receiveOneMessage (file:///usr/lib/code/out/vs/workbench/api/node/extensionHostProcess.js:407:107661)
	at up.value (file:///usr/lib/code/out/vs/workbench/api/node/extensionHostProcess.js:407:105736)
	at E._deliver (file:///usr/lib/code/out/vs/workbench/api/node/extensionHostProcess.js:403:3244)
	at E.fire (file:///usr/lib/code/out/vs/workbench/api/node/extensionHostProcess.js:403:3562)
	at ls.fire (file:///usr/lib/code/out/vs/workbench/api/node/extensionHostProcess.js:405:8437)
	at up.value (file:///usr/lib/code/out/vs/workbench/api/node/extensionHostProcess.js:806:9911)
	at E._deliver (file:///usr/lib/code/out/vs/workbench/api/node/extensionHostProcess.js:403:3244)
	at E.fire (file:///usr/lib/code/out/vs/workbench/api/node/extensionHostProcess.js:403:3562)
	at ls.fire (file:///usr/lib/code/out/vs/workbench/api/node/extensionHostProcess.js:405:8437)
	at MessagePortMain.<anonymous> (file:///usr/lib/code/out/vs/workbench/api/node/extensionHostProcess.js:806:8082)
	at MessagePortMain.emit (node:events:519:28)
	at MessagePortMain._internalPort.emit (node:electron/js2c/utility_init:2:2959)
	at Object.callbackTrampoline (node:internal/async_hooks:130:17)
2026-05-18 23:09:27.636 [error] ExtensionError: Error in extension cschlosser.doxdocgen: FAILED to handle event
	at up.value (file:///usr/lib/code/out/vs/workbench/api/node/extensionHostProcess.js:642:134325)
	at E._deliver (file:///usr/lib/code/out/vs/workbench/api/node/extensionHostProcess.js:403:3244)
	at E._deliverQueue (file:///usr/lib/code/out/vs/workbench/api/node/extensionHostProcess.js:403:3333)
	at E.fire (file:///usr/lib/code/out/vs/workbench/api/node/extensionHostProcess.js:403:3667)
	at Ew.$acceptModelChanged (file:///usr/lib/code/out/vs/workbench/api/node/extensionHostProcess.js:531:110464)
	at i._doInvokeHandler (file:///usr/lib/code/out/vs/workbench/api/node/extensionHostProcess.js:407:110293)
	at i._invokeHandler (file:///usr/lib/code/out/vs/workbench/api/node/extensionHostProcess.js:407:110041)
	at i._receiveRequest (file:///usr/lib/code/out/vs/workbench/api/node/extensionHostProcess.js:407:108823)
	at i._receiveOneMessage (file:///usr/lib/code/out/vs/workbench/api/node/extensionHostProcess.js:407:107661)
	at up.value (file:///usr/lib/code/out/vs/workbench/api/node/extensionHostProcess.js:407:105736)
	at E._deliver (file:///usr/lib/code/out/vs/workbench/api/node/extensionHostProcess.js:403:3244)
	at E.fire (file:///usr/lib/code/out/vs/workbench/api/node/extensionHostProcess.js:403:3562)
	at ls.fire (file:///usr/lib/code/out/vs/workbench/api/node/extensionHostProcess.js:405:8437)
	at up.value (file:///usr/lib/code/out/vs/workbench/api/node/extensionHostProcess.js:806:9911)
	at E._deliver (file:///usr/lib/code/out/vs/workbench/api/node/extensionHostProcess.js:403:3244)
	at E.fire (file:///usr/lib/code/out/vs/workbench/api/node/extensionHostProcess.js:403:3562)
	at ls.fire (file:///usr/lib/code/out/vs/workbench/api/node/extensionHostProcess.js:405:8437)
	at MessagePortMain.<anonymous> (file:///usr/lib/code/out/vs/workbench/api/node/extensionHostProcess.js:806:8082)
	at MessagePortMain.emit (node:events:519:28)
	at MessagePortMain._internalPort.emit (node:electron/js2c/utility_init:2:2959)
	at Object.callbackTrampoline (node:internal/async_hooks:130:17)
2026-05-18 23:09:27.669 [error] ExtensionError: Error in extension cschlosser.doxdocgen: FAILED to handle event
	at up.value (file:///usr/lib/code/out/vs/workbench/api/node/extensionHostProcess.js:642:134325)
	at E._deliver (file:///usr/lib/code/out/vs/workbench/api/node/extensionHostProcess.js:403:3244)
	at E._deliverQueue (file:///usr/lib/code/out/vs/workbench/api/node/extensionHostProcess.js:403:3333)
	at E.fire (file:///usr/lib/code/out/vs/workbench/api/node/extensionHostProcess.js:403:3667)
	at Ew.$acceptModelChanged (file:///usr/lib/code/out/vs/workbench/api/node/extensionHostProcess.js:531:110464)
	at i._doInvokeHandler (file:///usr/lib/code/out/vs/workbench/api/node/extensionHostProcess.js:407:110293)
	at i._invokeHandler (file:///usr/lib/code/out/vs/workbench/api/node/extensionHostProcess.js:407:110041)
	at i._receiveRequest (file:///usr/lib/code/out/vs/workbench/api/node/extensionHostProcess.js:407:108823)
	at i._receiveOneMessage (file:///usr/lib/code/out/vs/workbench/api/node/extensionHostProcess.js:407:107661)
	at up.value (file:///usr/lib/code/out/vs/workbench/api/node/extensionHostProcess.js:407:105736)
	at E._deliver (file:///usr/lib/code/out/vs/workbench/api/node/extensionHostProcess.js:403:3244)
	at E.fire (file:///usr/lib/code/out/vs/workbench/api/node/extensionHostProcess.js:403:3562)
	at ls.fire (file:///usr/lib/code/out/vs/workbench/api/node/extensionHostProcess.js:405:8437)
	at up.value (file:///usr/lib/code/out/vs/workbench/api/node/extensionHostProcess.js:806:9911)
	at E._deliver (file:///usr/lib/code/out/vs/workbench/api/node/extensionHostProcess.js:403:3244)
	at E.fire (file:///usr/lib/code/out/vs/workbench/api/node/extensionHostProcess.js:403:3562)
	at ls.fire (file:///usr/lib/code/out/vs/workbench/api/node/extensionHostProcess.js:405:8437)
	at MessagePortMain.<anonymous> (file:///usr/lib/code/out/vs/workbench/api/node/extensionHostProcess.js:806:8082)
	at MessagePortMain.emit (node:events:519:28)
	at MessagePortMain._internalPort.emit (node:electron/js2c/utility_init:2:2959)
	at Object.callbackTrampoline (node:internal/async_hooks:130:17)
2026-05-18 23:09:29.569 [error] ExtensionError: Error in extension cschlosser.doxdocgen: FAILED to handle event
	at up.value (file:///usr/lib/code/out/vs/workbench/api/node/extensionHostProcess.js:642:134325)
	at E._deliver (file:///usr/lib/code/out/vs/workbench/api/node/extensionHostProcess.js:403:3244)
	at E._deliverQueue (file:///usr/lib/code/out/vs/workbench/api/node/extensionHostProcess.js:403:3333)
	at E.fire (file:///usr/lib/code/out/vs/workbench/api/node/extensionHostProcess.js:403:3667)
	at Ew.$acceptModelChanged (file:///usr/lib/code/out/vs/workbench/api/node/extensionHostProcess.js:531:110464)
	at i._doInvokeHandler (file:///usr/lib/code/out/vs/workbench/api/node/extensionHostProcess.js:407:110293)
	at i._invokeHandler (file:///usr/lib/code/out/vs/workbench/api/node/extensionHostProcess.js:407:110041)
	at i._receiveRequest (file:///usr/lib/code/out/vs/workbench/api/node/extensionHostProcess.js:407:108823)
	at i._receiveOneMessage (file:///usr/lib/code/out/vs/workbench/api/node/extensionHostProcess.js:407:107661)
	at up.value (file:///usr/lib/code/out/vs/workbench/api/node/extensionHostProcess.js:407:105736)
	at E._deliver (file:///usr/lib/code/out/vs/workbench/api/node/extensionHostProcess.js:403:3244)
	at E.fire (file:///usr/lib/code/out/vs/workbench/api/node/extensionHostProcess.js:403:3562)
	at ls.fire (file:///usr/lib/code/out/vs/workbench/api/node/extensionHostProcess.js:405:8437)
	at up.value (file:///usr/lib/code/out/vs/workbench/api/node/extensionHostProcess.js:806:9911)
	at E._deliver (file:///usr/lib/code/out/vs/workbench/api/node/extensionHostProcess.js:403:3244)
	at E.fire (file:///usr/lib/code/out/vs/workbench/api/node/extensionHostProcess.js:403:3562)
	at ls.fire (file:///usr/lib/code/out/vs/workbench/api/node/extensionHostProcess.js:405:8437)
	at MessagePortMain.<anonymous> (file:///usr/lib/code/out/vs/workbench/api/node/extensionHostProcess.js:806:8082)
	at MessagePortMain.emit (node:events:519:28)
	at MessagePortMain._internalPort.emit (node:electron/js2c/utility_init:2:2959)
	at Object.callbackTrampoline (node:internal/async_hooks:130:17)
2026-05-18 23:09:29.617 [error] ExtensionError: Error in extension cschlosser.doxdocgen: FAILED to handle event
	at up.value (file:///usr/lib/code/out/vs/workbench/api/node/extensionHostProcess.js:642:134325)
	at E._deliver (file:///usr/lib/code/out/vs/workbench/api/node/extensionHostProcess.js:403:3244)
	at E._deliverQueue (file:///usr/lib/code/out/vs/workbench/api/node/extensionHostProcess.js:403:3333)
	at E.fire (file:///usr/lib/code/out/vs/workbench/api/node/extensionHostProcess.js:403:3667)
	at Ew.$acceptModelChanged (file:///usr/lib/code/out/vs/workbench/api/node/extensionHostProcess.js:531:110464)
	at i._doInvokeHandler (file:///usr/lib/code/out/vs/workbench/api/node/extensionHostProcess.js:407:110293)
	at i._invokeHandler (file:///usr/lib/code/out/vs/workbench/api/node/extensionHostProcess.js:407:110041)
	at i._receiveRequest (file:///usr/lib/code/out/vs/workbench/api/node/extensionHostProcess.js:407:108823)
	at i._receiveOneMessage (file:///usr/lib/code/out/vs/workbench/api/node/extensionHostProcess.js:407:107661)
	at up.value (file:///usr/lib/code/out/vs/workbench/api/node/extensionHostProcess.js:407:105736)
	at E._deliver (file:///usr/lib/code/out/vs/workbench/api/node/extensionHostProcess.js:403:3244)
	at E.fire (file:///usr/lib/code/out/vs/workbench/api/node/extensionHostProcess.js:403:3562)
	at ls.fire (file:///usr/lib/code/out/vs/workbench/api/node/extensionHostProcess.js:405:8437)
	at up.value (file:///usr/lib/code/out/vs/workbench/api/node/extensionHostProcess.js:806:9911)
	at E._deliver (file:///usr/lib/code/out/vs/workbench/api/node/extensionHostProcess.js:403:3244)
	at E.fire (file:///usr/lib/code/out/vs/workbench/api/node/extensionHostProcess.js:403:3562)
	at ls.fire (file:///usr/lib/code/out/vs/workbench/api/node/extensionHostProcess.js:405:8437)
	at MessagePortMain.<anonymous> (file:///usr/lib/code/out/vs/workbench/api/node/extensionHostProcess.js:806:8082)
	at MessagePortMain.emit (node:events:519:28)
	at MessagePortMain._internalPort.emit (node:electron/js2c/utility_init:2:2959)
	at Object.callbackTrampoline (node:internal/async_hooks:130:17)
2026-05-18 23:09:30.450 [error] ExtensionError: Error in extension cschlosser.doxdocgen: FAILED to handle event
	at up.value (file:///usr/lib/code/out/vs/workbench/api/node/extensionHostProcess.js:642:134325)
	at E._deliver (file:///usr/lib/code/out/vs/workbench/api/node/extensionHostProcess.js:403:3244)
	at E._deliverQueue (file:///usr/lib/code/out/vs/workbench/api/node/extensionHostProcess.js:403:3333)
	at E.fire (file:///usr/lib/code/out/vs/workbench/api/node/extensionHostProcess.js:403:3667)
	at Ew.$acceptModelChanged (file:///usr/lib/code/out/vs/workbench/api/node/extensionHostProcess.js:531:110464)
	at i._doInvokeHandler (file:///usr/lib/code/out/vs/workbench/api/node/extensionHostProcess.js:407:110293)
	at i._invokeHandler (file:///usr/lib/code/out/vs/workbench/api/node/extensionHostProcess.js:407:110041)
	at i._receiveRequest (file:///usr/lib/code/out/vs/workbench/api/node/extensionHostProcess.js:407:108823)
	at i._receiveOneMessage (file:///usr/lib/code/out/vs/workbench/api/node/extensionHostProcess.js:407:107661)
	at up.value (file:///usr/lib/code/out/vs/workbench/api/node/extensionHostProcess.js:407:105736)
	at E._deliver (file:///usr/lib/code/out/vs/workbench/api/node/extensionHostProcess.js:403:3244)
	at E.fire (file:///usr/lib/code/out/vs/workbench/api/node/extensionHostProcess.js:403:3562)
	at ls.fire (file:///usr/lib/code/out/vs/workbench/api/node/extensionHostProcess.js:405:8437)
	at up.value (file:///usr/lib/code/out/vs/workbench/api/node/extensionHostProcess.js:806:9911)
	at E._deliver (file:///usr/lib/code/out/vs/workbench/api/node/extensionHostProcess.js:403:3244)
	at E.fire (file:///usr/lib/code/out/vs/workbench/api/node/extensionHostProcess.js:403:3562)
	at ls.fire (file:///usr/lib/code/out/vs/workbench/api/node/extensionHostProcess.js:405:8437)
	at MessagePortMain.<anonymous> (file:///usr/lib/code/out/vs/workbench/api/node/extensionHostProcess.js:806:8082)
	at MessagePortMain.emit (node:events:519:28)
	at MessagePortMain._internalPort.emit (node:electron/js2c/utility_init:2:2959)
	at Object.callbackTrampoline (node:internal/async_hooks:130:17)
2026-05-18 23:09:31.291 [error] ExtensionError: Error in extension cschlosser.doxdocgen: FAILED to handle event
	at up.value (file:///usr/lib/code/out/vs/workbench/api/node/extensionHostProcess.js:642:134325)
	at E._deliver (file:///usr/lib/code/out/vs/workbench/api/node/extensionHostProcess.js:403:3244)
	at E._deliverQueue (file:///usr/lib/code/out/vs/workbench/api/node/extensionHostProcess.js:403:3333)
	at E.fire (file:///usr/lib/code/out/vs/workbench/api/node/extensionHostProcess.js:403:3667)
	at Ew.$acceptModelChanged (file:///usr/lib/code/out/vs/workbench/api/node/extensionHostProcess.js:531:110464)
	at i._doInvokeHandler (file:///usr/lib/code/out/vs/workbench/api/node/extensionHostProcess.js:407:110293)
	at i._invokeHandler (file:///usr/lib/code/out/vs/workbench/api/node/extensionHostProcess.js:407:110041)
	at i._receiveRequest (file:///usr/lib/code/out/vs/workbench/api/node/extensionHostProcess.js:407:108823)
	at i._receiveOneMessage (file:///usr/lib/code/out/vs/workbench/api/node/extensionHostProcess.js:407:107661)
	at up.value (file:///usr/lib/code/out/vs/workbench/api/node/extensionHostProcess.js:407:105736)
	at E._deliver (file:///usr/lib/code/out/vs/workbench/api/node/extensionHostProcess.js:403:3244)
	at E.fire (file:///usr/lib/code/out/vs/workbench/api/node/extensionHostProcess.js:403:3562)
	at ls.fire (file:///usr/lib/code/out/vs/workbench/api/node/extensionHostProcess.js:405:8437)
	at up.value (file:///usr/lib/code/out/vs/workbench/api/node/extensionHostProcess.js:806:9911)
	at E._deliver (file:///usr/lib/code/out/vs/workbench/api/node/extensionHostProcess.js:403:3244)
	at E.fire (file:///usr/lib/code/out/vs/workbench/api/node/extensionHostProcess.js:403:3562)
	at ls.fire (file:///usr/lib/code/out/vs/workbench/api/node/extensionHostProcess.js:405:8437)
	at MessagePortMain.<anonymous> (file:///usr/lib/code/out/vs/workbench/api/node/extensionHostProcess.js:806:8082)
	at MessagePortMain.emit (node:events:519:28)
	at MessagePortMain._internalPort.emit (node:electron/js2c/utility_init:2:2959)
	at Object.callbackTrampoline (node:internal/async_hooks:130:17)
2026-05-18 23:09:31.327 [error] ExtensionError: Error in extension cschlosser.doxdocgen: FAILED to handle event
	at up.value (file:///usr/lib/code/out/vs/workbench/api/node/extensionHostProcess.js:642:134325)
	at E._deliver (file:///usr/lib/code/out/vs/workbench/api/node/extensionHostProcess.js:403:3244)
	at E._deliverQueue (file:///usr/lib/code/out/vs/workbench/api/node/extensionHostProcess.js:403:3333)
	at E.fire (file:///usr/lib/code/out/vs/workbench/api/node/extensionHostProcess.js:403:3667)
	at Ew.$acceptModelChanged (file:///usr/lib/code/out/vs/workbench/api/node/extensionHostProcess.js:531:110464)
	at i._doInvokeHandler (file:///usr/lib/code/out/vs/workbench/api/node/extensionHostProcess.js:407:110293)
	at i._invokeHandler (file:///usr/lib/code/out/vs/workbench/api/node/extensionHostProcess.js:407:110041)
	at i._receiveRequest (file:///usr/lib/code/out/vs/workbench/api/node/extensionHostProcess.js:407:108823)
	at i._receiveOneMessage (file:///usr/lib/code/out/vs/workbench/api/node/extensionHostProcess.js:407:107661)
	at up.value (file:///usr/lib/code/out/vs/workbench/api/node/extensionHostProcess.js:407:105736)
	at E._deliver (file:///usr/lib/code/out/vs/workbench/api/node/extensionHostProcess.js:403:3244)
	at E.fire (file:///usr/lib/code/out/vs/workbench/api/node/extensionHostProcess.js:403:3562)
	at ls.fire (file:///usr/lib/code/out/vs/workbench/api/node/extensionHostProcess.js:405:8437)
	at up.value (file:///usr/lib/code/out/vs/workbench/api/node/extensionHostProcess.js:806:9911)
	at E._deliver (file:///usr/lib/code/out/vs/workbench/api/node/extensionHostProcess.js:403:3244)
	at E.fire (file:///usr/lib/code/out/vs/workbench/api/node/extensionHostProcess.js:403:3562)
	at ls.fire (file:///usr/lib/code/out/vs/workbench/api/node/extensionHostProcess.js:405:8437)
	at MessagePortMain.<anonymous> (file:///usr/lib/code/out/vs/workbench/api/node/extensionHostProcess.js:806:8082)
	at MessagePortMain.emit (node:events:519:28)
	at MessagePortMain._internalPort.emit (node:electron/js2c/utility_init:2:2959)
	at Object.callbackTrampoline (node:internal/async_hooks:130:17)
2026-05-18 23:09:33.314 [error] ExtensionError: Error in extension cschlosser.doxdocgen: FAILED to handle event
	at up.value (file:///usr/lib/code/out/vs/workbench/api/node/extensionHostProcess.js:642:134325)
	at E._deliver (file:///usr/lib/code/out/vs/workbench/api/node/extensionHostProcess.js:403:3244)
	at E._deliverQueue (file:///usr/lib/code/out/vs/workbench/api/node/extensionHostProcess.js:403:3333)
	at E.fire (file:///usr/lib/code/out/vs/workbench/api/node/extensionHostProcess.js:403:3667)
	at Ew.$acceptModelChanged (file:///usr/lib/code/out/vs/workbench/api/node/extensionHostProcess.js:531:110464)
	at i._doInvokeHandler (file:///usr/lib/code/out/vs/workbench/api/node/extensionHostProcess.js:407:110293)
	at i._invokeHandler (file:///usr/lib/code/out/vs/workbench/api/node/extensionHostProcess.js:407:110041)
	at i._receiveRequest (file:///usr/lib/code/out/vs/workbench/api/node/extensionHostProcess.js:407:108823)
	at i._receiveOneMessage (file:///usr/lib/code/out/vs/workbench/api/node/extensionHostProcess.js:407:107661)
	at up.value (file:///usr/lib/code/out/vs/workbench/api/node/extensionHostProcess.js:407:105736)
	at E._deliver (file:///usr/lib/code/out/vs/workbench/api/node/extensionHostProcess.js:403:3244)
	at E.fire (file:///usr/lib/code/out/vs/workbench/api/node/extensionHostProcess.js:403:3562)
	at ls.fire (file:///usr/lib/code/out/vs/workbench/api/node/extensionHostProcess.js:405:8437)
	at up.value (file:///usr/lib/code/out/vs/workbench/api/node/extensionHostProcess.js:806:9911)
	at E._deliver (file:///usr/lib/code/out/vs/workbench/api/node/extensionHostProcess.js:403:3244)
	at E.fire (file:///usr/lib/code/out/vs/workbench/api/node/extensionHostProcess.js:403:3562)
	at ls.fire (file:///usr/lib/code/out/vs/workbench/api/node/extensionHostProcess.js:405:8437)
	at MessagePortMain.<anonymous> (file:///usr/lib/code/out/vs/workbench/api/node/extensionHostProcess.js:806:8082)
	at MessagePortMain.emit (node:events:519:28)
	at MessagePortMain._internalPort.emit (node:electron/js2c/utility_init:2:2959)
	at Object.callbackTrampoline (node:internal/async_hooks:130:17)
2026-05-18 23:09:33.364 [error] ExtensionError: Error in extension cschlosser.doxdocgen: FAILED to handle event
	at up.value (file:///usr/lib/code/out/vs/workbench/api/node/extensionHostProcess.js:642:134325)
	at E._deliver (file:///usr/lib/code/out/vs/workbench/api/node/extensionHostProcess.js:403:3244)
	at E._deliverQueue (file:///usr/lib/code/out/vs/workbench/api/node/extensionHostProcess.js:403:3333)
	at E.fire (file:///usr/lib/code/out/vs/workbench/api/node/extensionHostProcess.js:403:3667)
	at Ew.$acceptModelChanged (file:///usr/lib/code/out/vs/workbench/api/node/extensionHostProcess.js:531:110464)
	at i._doInvokeHandler (file:///usr/lib/code/out/vs/workbench/api/node/extensionHostProcess.js:407:110293)
	at i._invokeHandler (file:///usr/lib/code/out/vs/workbench/api/node/extensionHostProcess.js:407:110041)
	at i._receiveRequest (file:///usr/lib/code/out/vs/workbench/api/node/extensionHostProcess.js:407:108823)
	at i._receiveOneMessage (file:///usr/lib/code/out/vs/workbench/api/node/extensionHostProcess.js:407:107661)
	at up.value (file:///usr/lib/code/out/vs/workbench/api/node/extensionHostProcess.js:407:105736)
	at E._deliver (file:///usr/lib/code/out/vs/workbench/api/node/extensionHostProcess.js:403:3244)
	at E.fire (file:///usr/lib/code/out/vs/workbench/api/node/extensionHostProcess.js:403:3562)
	at ls.fire (file:///usr/lib/code/out/vs/workbench/api/node/extensionHostProcess.js:405:8437)
	at up.value (file:///usr/lib/code/out/vs/workbench/api/node/extensionHostProcess.js:806:9911)
	at E._deliver (file:///usr/lib/code/out/vs/workbench/api/node/extensionHostProcess.js:403:3244)
	at E.fire (file:///usr/lib/code/out/vs/workbench/api/node/extensionHostProcess.js:403:3562)
	at ls.fire (file:///usr/lib/code/out/vs/workbench/api/node/extensionHostProcess.js:405:8437)
	at MessagePortMain.<anonymous> (file:///usr/lib/code/out/vs/workbench/api/node/extensionHostProcess.js:806:8082)
	at MessagePortMain.emit (node:events:519:28)
	at MessagePortMain._internalPort.emit (node:electron/js2c/utility_init:2:2959)
	at Object.callbackTrampoline (node:internal/async_hooks:130:17)
2026-05-18 23:09:34.364 [error] ExtensionError: Error in extension cschlosser.doxdocgen: FAILED to handle event
	at up.value (file:///usr/lib/code/out/vs/workbench/api/node/extensionHostProcess.js:642:134325)
	at E._deliver (file:///usr/lib/code/out/vs/workbench/api/node/extensionHostProcess.js:403:3244)
	at E._deliverQueue (file:///usr/lib/code/out/vs/workbench/api/node/extensionHostProcess.js:403:3333)
	at E.fire (file:///usr/lib/code/out/vs/workbench/api/node/extensionHostProcess.js:403:3667)
	at Ew.$acceptModelChanged (file:///usr/lib/code/out/vs/workbench/api/node/extensionHostProcess.js:531:110464)
	at i._doInvokeHandler (file:///usr/lib/code/out/vs/workbench/api/node/extensionHostProcess.js:407:110293)
	at i._invokeHandler (file:///usr/lib/code/out/vs/workbench/api/node/extensionHostProcess.js:407:110041)
	at i._receiveRequest (file:///usr/lib/code/out/vs/workbench/api/node/extensionHostProcess.js:407:108823)
	at i._receiveOneMessage (file:///usr/lib/code/out/vs/workbench/api/node/extensionHostProcess.js:407:107661)
	at up.value (file:///usr/lib/code/out/vs/workbench/api/node/extensionHostProcess.js:407:105736)
	at E._deliver (file:///usr/lib/code/out/vs/workbench/api/node/extensionHostProcess.js:403:3244)
	at E.fire (file:///usr/lib/code/out/vs/workbench/api/node/extensionHostProcess.js:403:3562)
	at ls.fire (file:///usr/lib/code/out/vs/workbench/api/node/extensionHostProcess.js:405:8437)
	at up.value (file:///usr/lib/code/out/vs/workbench/api/node/extensionHostProcess.js:806:9911)
	at E._deliver (file:///usr/lib/code/out/vs/workbench/api/node/extensionHostProcess.js:403:3244)
	at E.fire (file:///usr/lib/code/out/vs/workbench/api/node/extensionHostProcess.js:403:3562)
	at ls.fire (file:///usr/lib/code/out/vs/workbench/api/node/extensionHostProcess.js:405:8437)
	at MessagePortMain.<anonymous> (file:///usr/lib/code/out/vs/workbench/api/node/extensionHostProcess.js:806:8082)
	at MessagePortMain.emit (node:events:519:28)
	at MessagePortMain._internalPort.emit (node:electron/js2c/utility_init:2:2959)
	at Object.callbackTrampoline (node:internal/async_hooks:130:17)
2026-05-18 23:09:34.399 [error] ExtensionError: Error in extension cschlosser.doxdocgen: FAILED to handle event
	at up.value (file:///usr/lib/code/out/vs/workbench/api/node/extensionHostProcess.js:642:134325)
	at E._deliver (file:///usr/lib/code/out/vs/workbench/api/node/extensionHostProcess.js:403:3244)
	at E._deliverQueue (file:///usr/lib/code/out/vs/workbench/api/node/extensionHostProcess.js:403:3333)
	at E.fire (file:///usr/lib/code/out/vs/workbench/api/node/extensionHostProcess.js:403:3667)
	at Ew.$acceptModelChanged (file:///usr/lib/code/out/vs/workbench/api/node/extensionHostProcess.js:531:110464)
	at i._doInvokeHandler (file:///usr/lib/code/out/vs/workbench/api/node/extensionHostProcess.js:407:110293)
	at i._invokeHandler (file:///usr/lib/code/out/vs/workbench/api/node/extensionHostProcess.js:407:110041)
	at i._receiveRequest (file:///usr/lib/code/out/vs/workbench/api/node/extensionHostProcess.js:407:108823)
	at i._receiveOneMessage (file:///usr/lib/code/out/vs/workbench/api/node/extensionHostProcess.js:407:107661)
	at up.value (file:///usr/lib/code/out/vs/workbench/api/node/extensionHostProcess.js:407:105736)
	at E._deliver (file:///usr/lib/code/out/vs/workbench/api/node/extensionHostProcess.js:403:3244)
	at E.fire (file:///usr/lib/code/out/vs/workbench/api/node/extensionHostProcess.js:403:3562)
	at ls.fire (file:///usr/lib/code/out/vs/workbench/api/node/extensionHostProcess.js:405:8437)
	at up.value (file:///usr/lib/code/out/vs/workbench/api/node/extensionHostProcess.js:806:9911)
	at E._deliver (file:///usr/lib/code/out/vs/workbench/api/node/extensionHostProcess.js:403:3244)
	at E.fire (file:///usr/lib/code/out/vs/workbench/api/node/extensionHostProcess.js:403:3562)
	at ls.fire (file:///usr/lib/code/out/vs/workbench/api/node/extensionHostProcess.js:405:8437)
	at MessagePortMain.<anonymous> (file:///usr/lib/code/out/vs/workbench/api/node/extensionHostProcess.js:806:8082)
	at MessagePortMain.emit (node:events:519:28)
	at MessagePortMain._internalPort.emit (node:electron/js2c/utility_init:2:2959)
	at Object.callbackTrampoline (node:internal/async_hooks:130:17)
2026-05-18 23:09:35.098 [error] ExtensionError: Error in extension cschlosser.doxdocgen: FAILED to handle event
	at up.value (file:///usr/lib/code/out/vs/workbench/api/node/extensionHostProcess.js:642:134325)
	at E._deliver (file:///usr/lib/code/out/vs/workbench/api/node/extensionHostProcess.js:403:3244)
	at E._deliverQueue (file:///usr/lib/code/out/vs/workbench/api/node/extensionHostProcess.js:403:3333)
	at E.fire (file:///usr/lib/code/out/vs/workbench/api/node/extensionHostProcess.js:403:3667)
	at Ew.$acceptModelChanged (file:///usr/lib/code/out/vs/workbench/api/node/extensionHostProcess.js:531:110464)
	at i._doInvokeHandler (file:///usr/lib/code/out/vs/workbench/api/node/extensionHostProcess.js:407:110293)
	at i._invokeHandler (file:///usr/lib/code/out/vs/workbench/api/node/extensionHostProcess.js:407:110041)
	at i._receiveRequest (file:///usr/lib/code/out/vs/workbench/api/node/extensionHostProcess.js:407:108823)
	at i._receiveOneMessage (file:///usr/lib/code/out/vs/workbench/api/node/extensionHostProcess.js:407:107661)
	at up.value (file:///usr/lib/code/out/vs/workbench/api/node/extensionHostProcess.js:407:105736)
	at E._deliver (file:///usr/lib/code/out/vs/workbench/api/node/extensionHostProcess.js:403:3244)
	at E.fire (file:///usr/lib/code/out/vs/workbench/api/node/extensionHostProcess.js:403:3562)
	at ls.fire (file:///usr/lib/code/out/vs/workbench/api/node/extensionHostProcess.js:405:8437)
	at up.value (file:///usr/lib/code/out/vs/workbench/api/node/extensionHostProcess.js:806:9911)
	at E._deliver (file:///usr/lib/code/out/vs/workbench/api/node/extensionHostProcess.js:403:3244)
	at E.fire (file:///usr/lib/code/out/vs/workbench/api/node/extensionHostProcess.js:403:3562)
	at ls.fire (file:///usr/lib/code/out/vs/workbench/api/node/extensionHostProcess.js:405:8437)
	at MessagePortMain.<anonymous> (file:///usr/lib/code/out/vs/workbench/api/node/extensionHostProcess.js:806:8082)
	at MessagePortMain.emit (node:events:519:28)
	at MessagePortMain._internalPort.emit (node:electron/js2c/utility_init:2:2959)
	at Object.callbackTrampoline (node:internal/async_hooks:130:17)
2026-05-18 23:09:35.150 [error] ExtensionError: Error in extension cschlosser.doxdocgen: FAILED to handle event
	at up.value (file:///usr/lib/code/out/vs/workbench/api/node/extensionHostProcess.js:642:134325)
	at E._deliver (file:///usr/lib/code/out/vs/workbench/api/node/extensionHostProcess.js:403:3244)
	at E._deliverQueue (file:///usr/lib/code/out/vs/workbench/api/node/extensionHostProcess.js:403:3333)
	at E.fire (file:///usr/lib/code/out/vs/workbench/api/node/extensionHostProcess.js:403:3667)
	at Ew.$acceptModelChanged (file:///usr/lib/code/out/vs/workbench/api/node/extensionHostProcess.js:531:110464)
	at i._doInvokeHandler (file:///usr/lib/code/out/vs/workbench/api/node/extensionHostProcess.js:407:110293)
	at i._invokeHandler (file:///usr/lib/code/out/vs/workbench/api/node/extensionHostProcess.js:407:110041)
	at i._receiveRequest (file:///usr/lib/code/out/vs/workbench/api/node/extensionHostProcess.js:407:108823)
	at i._receiveOneMessage (file:///usr/lib/code/out/vs/workbench/api/node/extensionHostProcess.js:407:107661)
	at up.value (file:///usr/lib/code/out/vs/workbench/api/node/extensionHostProcess.js:407:105736)
	at E._deliver (file:///usr/lib/code/out/vs/workbench/api/node/extensionHostProcess.js:403:3244)
	at E.fire (file:///usr/lib/code/out/vs/workbench/api/node/extensionHostProcess.js:403:3562)
	at ls.fire (file:///usr/lib/code/out/vs/workbench/api/node/extensionHostProcess.js:405:8437)
	at up.value (file:///usr/lib/code/out/vs/workbench/api/node/extensionHostProcess.js:806:9911)
	at E._deliver (file:///usr/lib/code/out/vs/workbench/api/node/extensionHostProcess.js:403:3244)
	at E.fire (file:///usr/lib/code/out/vs/workbench/api/node/extensionHostProcess.js:403:3562)
	at ls.fire (file:///usr/lib/code/out/vs/workbench/api/node/extensionHostProcess.js:405:8437)
	at MessagePortMain.<anonymous> (file:///usr/lib/code/out/vs/workbench/api/node/extensionHostProcess.js:806:8082)
	at MessagePortMain.emit (node:events:519:28)
	at MessagePortMain._internalPort.emit (node:electron/js2c/utility_init:2:2959)
	at Object.callbackTrampoline (node:internal/async_hooks:130:17)
2026-05-18 23:09:37.036 [error] ExtensionError: Error in extension cschlosser.doxdocgen: FAILED to handle event
	at up.value (file:///usr/lib/code/out/vs/workbench/api/node/extensionHostProcess.js:642:134325)
	at E._deliver (file:///usr/lib/code/out/vs/workbench/api/node/extensionHostProcess.js:403:3244)
	at E._deliverQueue (file:///usr/lib/code/out/vs/workbench/api/node/extensionHostProcess.js:403:3333)
	at E.fire (file:///usr/lib/code/out/vs/workbench/api/node/extensionHostProcess.js:403:3667)
	at Ew.$acceptModelChanged (file:///usr/lib/code/out/vs/workbench/api/node/extensionHostProcess.js:531:110464)
	at i._doInvokeHandler (file:///usr/lib/code/out/vs/workbench/api/node/extensionHostProcess.js:407:110293)
	at i._invokeHandler (file:///usr/lib/code/out/vs/workbench/api/node/extensionHostProcess.js:407:110041)
	at i._receiveRequest (file:///usr/lib/code/out/vs/workbench/api/node/extensionHostProcess.js:407:108823)
	at i._receiveOneMessage (file:///usr/lib/code/out/vs/workbench/api/node/extensionHostProcess.js:407:107661)
	at up.value (file:///usr/lib/code/out/vs/workbench/api/node/extensionHostProcess.js:407:105736)
	at E._deliver (file:///usr/lib/code/out/vs/workbench/api/node/extensionHostProcess.js:403:3244)
	at E.fire (file:///usr/lib/code/out/vs/workbench/api/node/extensionHostProcess.js:403:3562)
	at ls.fire (file:///usr/lib/code/out/vs/workbench/api/node/extensionHostProcess.js:405:8437)
	at up.value (file:///usr/lib/code/out/vs/workbench/api/node/extensionHostProcess.js:806:9911)
	at E._deliver (file:///usr/lib/code/out/vs/workbench/api/node/extensionHostProcess.js:403:3244)
	at E.fire (file:///usr/lib/code/out/vs/workbench/api/node/extensionHostProcess.js:403:3562)
	at ls.fire (file:///usr/lib/code/out/vs/workbench/api/node/extensionHostProcess.js:405:8437)
	at MessagePortMain.<anonymous> (file:///usr/lib/code/out/vs/workbench/api/node/extensionHostProcess.js:806:8082)
	at MessagePortMain.emit (node:events:519:28)
	at MessagePortMain._internalPort.emit (node:electron/js2c/utility_init:2:2959)
	at Object.callbackTrampoline (node:internal/async_hooks:130:17)
2026-05-18 23:12:42.873 [error] ExtensionError: Error in extension cschlosser.doxdocgen: FAILED to handle event
	at up.value (file:///usr/lib/code/out/vs/workbench/api/node/extensionHostProcess.js:642:134325)
	at E._deliver (file:///usr/lib/code/out/vs/workbench/api/node/extensionHostProcess.js:403:3244)
	at E._deliverQueue (file:///usr/lib/code/out/vs/workbench/api/node/extensionHostProcess.js:403:3333)
	at E.fire (file:///usr/lib/code/out/vs/workbench/api/node/extensionHostProcess.js:403:3667)
	at Ew.$acceptModelChanged (file:///usr/lib/code/out/vs/workbench/api/node/extensionHostProcess.js:531:110464)
	at i._doInvokeHandler (file:///usr/lib/code/out/vs/workbench/api/node/extensionHostProcess.js:407:110293)
	at i._invokeHandler (file:///usr/lib/code/out/vs/workbench/api/node/extensionHostProcess.js:407:110041)
	at i._receiveRequest (file:///usr/lib/code/out/vs/workbench/api/node/extensionHostProcess.js:407:108823)
	at i._receiveOneMessage (file:///usr/lib/code/out/vs/workbench/api/node/extensionHostProcess.js:407:107661)
	at up.value (file:///usr/lib/code/out/vs/workbench/api/node/extensionHostProcess.js:407:105736)
	at E._deliver (file:///usr/lib/code/out/vs/workbench/api/node/extensionHostProcess.js:403:3244)
	at E.fire (file:///usr/lib/code/out/vs/workbench/api/node/extensionHostProcess.js:403:3562)
	at ls.fire (file:///usr/lib/code/out/vs/workbench/api/node/extensionHostProcess.js:405:8437)
	at up.value (file:///usr/lib/code/out/vs/workbench/api/node/extensionHostProcess.js:806:9911)
	at E._deliver (file:///usr/lib/code/out/vs/workbench/api/node/extensionHostProcess.js:403:3244)
	at E.fire (file:///usr/lib/code/out/vs/workbench/api/node/extensionHostProcess.js:403:3562)
	at ls.fire (file:///usr/lib/code/out/vs/workbench/api/node/extensionHostProcess.js:405:8437)
	at MessagePortMain.<anonymous> (file:///usr/lib/code/out/vs/workbench/api/node/extensionHostProcess.js:806:8082)
	at MessagePortMain.emit (node:events:519:28)
	at MessagePortMain._internalPort.emit (node:electron/js2c/utility_init:2:2959)
	at Object.callbackTrampoline (node:internal/async_hooks:130:17)
2026-05-18 23:34:02.893 [warning] TextEditor is closed/disposed
2026-05-18 23:34:02.926 [info] ExtensionService#_doActivateExtension vscode.media-preview, startup: false, activationEvent: 'onCustomEditor:imagePreview.previewEditor'
