I[01:19:40.594] clangd version 22.1.5
I[01:19:40.594] Features: linux
I[01:19:40.594] PID: 8027
I[01:19:40.595] Working directory: /home/amar/Code
I[01:19:40.595] argv[0]: /usr/bin/clangd
I[01:19:40.595] argv[1]: --background-index
I[01:19:40.595] argv[2]: --clang-tidy
I[01:19:40.595] argv[3]: --header-insertion=never
I[01:19:40.595] argv[4]: --compile-commands-dir=/home/amar/Code
I[01:19:40.596] Starting LSP over stdin/stdout
I[01:19:40.598] <-- initialize(0)
I[01:19:40.605] --> reply:initialize(0) 7 ms
I[01:19:40.853] <-- initialized
I[01:19:41.093] <-- textDocument/didOpen
I[01:19:41.097] Failed to find compilation database for /home/amar/Code/CAN/main.c
I[01:19:41.097] ASTWorker building file /home/amar/Code/CAN/main.c version 1 with command clangd fallback
[/home/amar/Code/CAN]
/usr/bin/clang -resource-dir=/usr/lib/clang/22 -- /home/amar/Code/CAN/main.c
I[01:19:41.116] --> textDocument/clangd.fileStatus
I[01:19:41.192] <-- textDocument/codeAction(1)
I[01:19:41.193] <-- textDocument/documentLink(2)
I[01:19:41.193] <-- $/setTrace
I[01:19:41.193] unhandled notification $/setTrace
I[01:19:41.193] <-- $/setTrace
I[01:19:41.193] unhandled notification $/setTrace
I[01:19:41.194] <-- textDocument/inlayHint(3)
I[01:19:41.194] <-- textDocument/codeAction(4)
I[01:19:41.194] <-- $/cancelRequest
I[01:19:41.219] Built preamble of size 548272 for file /home/amar/Code/CAN/main.c version 1 in 0.10 seconds
I[01:19:41.220] --> workspace/semanticTokens/refresh(0)
I[01:19:41.221] Indexing c17 standard library in the context of /home/amar/Code/CAN/main.c
I[01:19:41.258] --> textDocument/publishDiagnostics
I[01:19:41.258] --> textDocument/inactiveRegions
I[01:19:41.258] --> reply:textDocument/codeAction(1) 66 ms, error: Task was cancelled.
I[01:19:41.259] --> reply:textDocument/documentLink(2) 65 ms
I[01:19:41.259] --> reply:textDocument/inlayHint(3) 65 ms
I[01:19:41.259] --> reply:textDocument/codeAction(4) 64 ms
I[01:19:41.259] --> textDocument/clangd.fileStatus
I[01:19:41.331] <-- textDocument/documentSymbol(5)
I[01:19:41.332] --> reply:textDocument/documentSymbol(5) 1 ms
I[01:19:41.332] --> textDocument/clangd.fileStatus
I[01:19:41.359] <-- reply(0)
[Error - 01:19:41] Request textDocument/codeAction failed.
[object Object]
I[01:19:41.447] Indexed c17 standard library: 2981 symbols, 12 filtered
