2026-05-23 19:13:05.912 [info] Reading sessions from keychain...
2026-05-23 19:13:05.912 [info] Getting sessions for all scopes...
2026-05-23 19:13:05.912 [info] Got 0 sessions for ...
2026-05-23 19:13:05.912 [info] Getting sessions for all scopes...
2026-05-23 19:13:05.912 [info] Got 0 sessions for ...
2026-05-23 19:13:05.912 [info] Getting sessions for all scopes...
2026-05-23 19:13:05.912 [info] Got 0 sessions for ...
2026-05-23 19:13:08.053 [info] Getting sessions for read:user,repo,user:email...
2026-05-23 19:13:08.053 [info] Got 0 sessions for read:user,repo,user:email...
2026-05-23 19:13:08.054 [info] Getting sessions for read:user,repo,user:email,workflow...
2026-05-23 19:13:08.054 [info] Got 0 sessions for read:user,repo,user:email,workflow...
2026-05-23 19:13:09.088 [info] Getting sessions for read:user,repo,user:email,workflow...
2026-05-23 19:13:09.088 [info] Got 0 sessions for read:user,repo,user:email,workflow...
2026-05-23 19:13:09.089 [info] Getting sessions for read:user,repo,user:email...
2026-05-23 19:13:09.089 [info] Got 0 sessions for read:user,repo,user:email...
2026-05-23 19:13:09.334 [info] Getting sessions for read:user,repo,user:email...
2026-05-23 19:13:09.334 [info] Got 0 sessions for read:user,repo,user:email...
2026-05-23 19:13:09.335 [info] Getting sessions for read:user,repo,user:email,workflow...
2026-05-23 19:13:09.335 [info] Got 0 sessions for read:user,repo,user:email,workflow...
2026-05-23 19:13:09.488 [info] Getting sessions for all scopes...
2026-05-23 19:13:09.488 [info] Got 0 sessions for ...
2026-05-23 19:13:09.502 [info] Getting sessions for read:user,repo,user:email...
2026-05-23 19:13:09.502 [info] Got 0 sessions for read:user,repo,user:email...
2026-05-23 19:13:09.697 [info] Getting sessions for read:user,repo,user:email...
2026-05-23 19:13:09.697 [info] Got 0 sessions for read:user,repo,user:email...
2026-05-23 19:13:09.794 [info] Getting sessions for read:user,repo,user:email...
2026-05-23 19:13:09.794 [info] Got 0 sessions for read:user,repo,user:email...
2026-05-23 19:13:09.871 [info] Getting sessions for read:user,repo,user:email...
2026-05-23 19:13:09.871 [info] Got 0 sessions for read:user,repo,user:email...
2026-05-23 19:13:09.979 [info] Getting sessions for read:user,repo,user:email,workflow...
2026-05-23 19:13:09.979 [info] Got 0 sessions for read:user,repo,user:email,workflow...
