2026-05-15 23:32:22.255 [info] Reading sessions from keychain...
2026-05-15 23:32:22.255 [info] Getting sessions for all scopes...
2026-05-15 23:32:22.255 [info] Got 0 sessions for ...
2026-05-15 23:32:22.255 [info] Getting sessions for all scopes...
2026-05-15 23:32:22.255 [info] Got 0 sessions for ...
2026-05-15 23:32:22.505 [info] Getting sessions for all scopes...
2026-05-15 23:32:22.505 [info] Got 0 sessions for ...
2026-05-15 23:32:24.279 [info] Getting sessions for read:user,repo,user:email...
2026-05-15 23:32:24.279 [info] Got 0 sessions for read:user,repo,user:email...
2026-05-15 23:32:24.729 [info] Getting sessions for read:user,repo,user:email,workflow...
2026-05-15 23:32:24.729 [info] Got 0 sessions for read:user,repo,user:email,workflow...
2026-05-15 23:32:24.780 [info] Getting sessions for read:user,repo,user:email...
2026-05-15 23:32:24.780 [info] Got 0 sessions for read:user,repo,user:email...
2026-05-15 23:32:24.899 [info] Getting sessions for all scopes...
2026-05-15 23:32:24.899 [info] Got 0 sessions for ...
2026-05-15 23:32:24.945 [info] Getting sessions for read:user,repo,user:email...
2026-05-15 23:32:24.945 [info] Got 0 sessions for read:user,repo,user:email...
2026-05-15 23:32:24.995 [info] Getting sessions for read:user,repo,user:email,workflow...
2026-05-15 23:32:24.995 [info] Got 0 sessions for read:user,repo,user:email,workflow...
2026-05-15 23:32:25.088 [info] Getting sessions for read:user,repo,user:email...
2026-05-15 23:32:25.088 [info] Got 0 sessions for read:user,repo,user:email...
2026-05-15 23:32:59.726 [info] Getting sessions for read:user,repo,user:email...
2026-05-15 23:32:59.726 [info] Got 0 sessions for read:user,repo,user:email...
2026-05-16 00:08:12.995 [info] Getting sessions for read:user,repo,user:email...
2026-05-16 00:08:12.995 [info] Got 0 sessions for read:user,repo,user:email...
