2026-05-18 21:18:11.146 [info] Tools environment: GOPATH=/home/amar/go, GOTOOLCHAIN=auto
2026-05-18 21:18:11.146 [info] Installing 1 tool at /home/amar/go/bin
2026-05-18 21:18:11.146 [info]   gopls
2026-05-18 21:18:11.147 [info] 
2026-05-18 21:19:05.042 [info] Installing golang.org/x/tools/gopls@latest (/home/amar/go/bin/gopls) SUCCEEDED
2026-05-18 21:19:05.044 [info] 
2026-05-18 21:19:05.044 [info] All tools successfully installed. You are ready to Go. :)
2026-05-18 21:19:05.197 [info] Try to start language server - activation (enabled: true)
2026-05-18 21:19:05.408 [info] Running language server gopls(v0.21.1/go1.26.3-X:nodwarf5)
2026-05-18 21:19:20.643 [info] Running checks...
2026-05-18 21:19:22.768 [info] Running checks...
2026-05-18 21:22:24.716 [info] Running checks...
2026-05-18 21:22:27.708 [info] Running checks...
2026-05-18 21:22:29.154 [info] Running checks...
2026-05-18 21:22:31.225 [info] Running checks...
2026-05-18 21:22:34.851 [info] Running checks...
2026-05-18 21:22:43.380 [info] Running checks...
2026-05-18 21:22:46.973 [info] Running checks...
2026-05-18 21:22:51.510 [info] Running checks...
2026-05-18 21:23:03.135 [info] Running checks...
2026-05-18 21:23:06.719 [info] Running checks...
2026-05-18 21:23:09.309 [info] Running checks...
2026-05-18 21:23:13.831 [info] Running checks...
2026-05-18 21:23:17.914 [info] Running checks...
2026-05-18 21:23:19.240 [info] Running checks...
2026-05-18 21:23:22.549 [info] Running checks...
2026-05-18 21:25:13.744 [info] Running checks...
2026-05-18 21:25:25.102 [info] Running checks...
2026-05-18 21:25:26.672 [info] Running checks...
2026-05-18 21:25:31.046 [info] Running checks...
2026-05-18 21:25:35.146 [info] Running checks...
2026-05-18 21:25:37.591 [info] Running checks...
2026-05-18 21:25:38.989 [info] Running checks...
2026-05-18 21:25:41.614 [info] Running checks...
2026-05-18 21:25:43.505 [info] Running checks...
2026-05-18 21:25:46.347 [info] Running checks...
2026-05-18 21:25:51.914 [info] Running checks...
2026-05-18 21:25:54.490 [info] Running checks...
2026-05-18 21:25:56.326 [info] Running checks...
2026-05-18 21:25:59.341 [info] Running checks...
2026-05-18 21:26:04.397 [info] Running checks...
2026-05-18 21:26:05.998 [info] Running checks...
2026-05-18 21:26:07.797 [info] Running checks...
2026-05-18 21:26:12.613 [info] Running checks...
2026-05-18 21:26:13.873 [info] Running checks...
2026-05-18 21:26:19.181 [info] Running checks...
2026-05-18 21:26:21.391 [info] Running checks...
2026-05-18 21:26:22.760 [info] Running checks...
2026-05-18 21:26:25.853 [info] Running checks...
2026-05-18 21:26:29.087 [info] Running checks...
2026-05-18 21:26:30.994 [info] Running checks...
2026-05-18 21:26:32.146 [info] Running checks...
2026-05-18 21:26:35.517 [info] Running checks...
2026-05-18 21:26:38.075 [info] Running checks...
2026-05-18 21:26:40.495 [info] Running checks...
2026-05-18 21:26:42.904 [info] Running checks...
2026-05-18 21:26:44.863 [info] Running checks...
2026-05-18 21:26:46.950 [info] Running checks...
2026-05-18 21:26:48.333 [info] Running checks...
2026-05-18 21:26:52.718 [info] Running checks...
2026-05-18 21:26:54.099 [info] Running checks...
2026-05-18 21:26:56.409 [info] Running checks...
2026-05-18 21:26:59.748 [info] Running checks...
2026-05-18 21:27:00.821 [info] Running checks...
2026-05-18 21:27:04.849 [info] Running checks...
2026-05-18 21:27:06.282 [info] Running checks...
2026-05-18 21:27:08.376 [info] Running checks...
2026-05-18 21:28:12.945 [info] Running checks...
2026-05-18 21:28:15.546 [info] Running checks...
2026-05-18 21:40:20.650 [info] Running checks...
2026-05-18 21:40:29.919 [info] Running checks...
2026-05-18 21:40:34.911 [info] Running checks...
2026-05-18 21:40:36.580 [info] Running checks...
2026-05-18 21:40:41.704 [info] Running checks...
2026-05-18 21:40:43.960 [info] Running checks...
2026-05-18 21:40:50.131 [info] Running checks...
2026-05-18 21:40:52.143 [info] Running checks...
2026-05-18 21:40:56.710 [info] Running checks...
2026-05-18 21:41:00.771 [info] Running checks...
2026-05-18 21:41:02.357 [info] Running checks...
2026-05-18 21:41:03.950 [info] Running checks...
2026-05-18 21:41:05.303 [info] Running checks...
2026-05-18 21:41:08.258 [info] Running checks...
2026-05-18 21:41:09.703 [info] Running checks...
2026-05-18 21:41:10.985 [info] Running checks...
2026-05-18 21:41:13.714 [info] Running checks...
2026-05-18 21:41:14.999 [info] Running checks...
2026-05-18 21:41:17.857 [info] Running checks...
2026-05-18 21:41:22.957 [info] Running checks...
2026-05-18 21:41:26.721 [info] Running checks...
2026-05-18 21:41:29.783 [info] Running checks...
2026-05-18 21:41:32.055 [info] Running checks...
2026-05-18 21:41:33.600 [info] Running checks...
2026-05-18 21:41:35.254 [info] Running checks...
2026-05-18 21:41:40.370 [info] Running checks...
2026-05-18 21:41:47.616 [info] Running checks...
2026-05-18 21:41:50.295 [info] Running checks...
2026-05-18 21:41:52.695 [info] Running checks...
2026-05-18 21:42:07.010 [info] Running checks...
2026-05-18 21:42:11.321 [info] Running checks...
2026-05-18 21:42:13.644 [info] Running checks...
2026-05-18 21:42:16.539 [info] Running checks...
2026-05-18 21:42:18.754 [info] Running checks...
2026-05-18 21:42:21.565 [info] Running checks...
2026-05-18 21:42:23.196 [info] Running checks...
2026-05-18 21:42:24.526 [info] Running checks...
2026-05-18 21:42:29.980 [info] Running checks...
2026-05-18 21:42:36.869 [info] Running checks...
2026-05-18 21:42:40.043 [info] Running checks...
2026-05-18 21:42:42.247 [info] Running checks...
2026-05-18 21:42:48.064 [info] Running checks...
2026-05-18 21:42:50.545 [info] Running checks...
2026-05-18 21:42:54.046 [info] Running checks...
2026-05-18 21:42:55.857 [info] Running checks...
2026-05-18 21:43:03.276 [info] Running checks...
2026-05-18 21:43:05.742 [info] Running checks...
2026-05-18 21:48:51.638 [info] Running checks...
2026-05-18 21:48:55.876 [info] Running checks...
2026-05-18 21:48:58.492 [info] Running checks...
2026-05-18 21:49:02.580 [info] Running checks...
2026-05-18 21:49:05.817 [info] Running checks...
2026-05-18 21:49:09.263 [info] Running checks...
2026-05-18 21:50:25.164 [info] Fetching latest go developer survey
2026-05-18 21:50:28.463 [info] Using fetched Go developer survey: v0.1.0
2026-05-18 21:50:28.463 [info] Survey active from Tue Sep 09 2025 to Wed Oct 01 2025
2026-05-18 21:53:09.580 [info] Running checks...
2026-05-18 21:53:28.989 [info] Running checks...
2026-05-18 21:53:30.069 [info] Running checks...
2026-05-18 21:53:31.336 [info] Running checks...
2026-05-18 21:53:32.337 [info] Running checks...
2026-05-18 21:53:34.986 [info] Running checks...
2026-05-18 21:53:38.748 [info] Running checks...
2026-05-18 21:53:40.679 [info] Running checks...
2026-05-18 21:53:48.170 [info] Running checks...
2026-05-18 21:56:18.817 [info] Running checks...
2026-05-18 21:56:25.116 [info] Running checks...
2026-05-18 21:56:37.263 [info] Running checks...
2026-05-18 21:56:40.983 [info] Running checks...
2026-05-18 21:56:46.178 [info] Running checks...
2026-05-18 21:56:48.525 [info] Running checks...
2026-05-18 21:56:50.252 [info] Running checks...
2026-05-18 21:57:11.515 [info] Running checks...
2026-05-18 21:57:13.331 [info] Running checks...
2026-05-18 21:57:16.207 [info] Running checks...
2026-05-18 21:57:29.920 [info] Running checks...
2026-05-18 21:57:37.906 [info] Running checks...
2026-05-18 21:57:40.016 [info] Running checks...
2026-05-18 21:57:41.800 [info] Running checks...
2026-05-18 21:58:45.693 [info] Running checks...
2026-05-18 21:58:54.202 [info] Running checks...
2026-05-18 21:58:57.051 [info] Running checks...
2026-05-18 21:59:00.276 [info] Running checks...
2026-05-18 21:59:04.371 [info] Running checks...
2026-05-18 21:59:08.354 [info] Running checks...
2026-05-18 21:59:10.215 [info] Running checks...
2026-05-18 21:59:12.427 [info] Running checks...
2026-05-18 21:59:13.864 [info] Running checks...
2026-05-18 21:59:31.770 [info] Running checks...
2026-05-18 21:59:43.322 [info] Running checks...
2026-05-18 21:59:48.390 [info] Running checks...
2026-05-18 21:59:53.280 [info] Running checks...
2026-05-18 21:59:55.382 [info] Running checks...
2026-05-18 21:59:56.872 [info] Running checks...
2026-05-18 21:59:58.831 [info] Running checks...
2026-05-18 22:00:00.283 [info] Running checks...
2026-05-18 22:00:03.116 [info] Running checks...
2026-05-18 22:00:06.508 [info] Running checks...
2026-05-18 22:00:09.571 [info] Running checks...
2026-05-18 22:00:12.253 [info] Running checks...
2026-05-18 22:00:17.543 [info] Running checks...
2026-05-18 22:00:20.575 [info] Running checks...
2026-05-18 22:00:28.674 [info] Running checks...
2026-05-18 22:00:36.062 [info] Running checks...
2026-05-18 22:00:37.462 [info] Running checks...
2026-05-18 22:00:42.468 [info] Running checks...
2026-05-18 22:00:43.758 [info] Running checks...
2026-05-18 22:00:47.672 [info] Running checks...
2026-05-18 22:00:59.176 [info] Running checks...
2026-05-18 22:01:01.292 [info] Running checks...
2026-05-18 22:01:06.640 [info] Running checks...
2026-05-18 22:01:14.964 [info] Running checks...
2026-05-18 22:01:17.143 [info] Running checks...
2026-05-18 22:01:20.415 [info] Running checks...
2026-05-18 22:01:22.992 [info] Running checks...
2026-05-18 22:01:25.636 [info] Running checks...
2026-05-18 22:01:29.157 [info] Running checks...
2026-05-18 22:01:31.286 [info] Running checks...
2026-05-18 22:01:35.408 [info] Running checks...
2026-05-18 22:01:38.341 [info] Running checks...
2026-05-18 22:01:40.611 [info] Running checks...
2026-05-18 22:01:45.477 [info] Running checks...
2026-05-18 22:01:48.915 [info] Running checks...
2026-05-18 22:01:52.546 [info] Running checks...
2026-05-18 22:01:54.944 [info] Running checks...
2026-05-18 22:01:58.443 [info] Running checks...
2026-05-18 22:01:59.476 [info] Running checks...
2026-05-18 22:02:02.297 [info] Running checks...
2026-05-18 22:02:04.779 [info] Running checks...
2026-05-18 22:02:08.503 [info] Running checks...
2026-05-18 22:02:16.682 [info] Running checks...
2026-05-18 22:02:18.781 [info] Running checks...
2026-05-18 22:02:29.496 [info] Running checks...
2026-05-18 22:02:30.624 [info] Running checks...
2026-05-18 22:02:32.366 [info] Running checks...
2026-05-18 22:02:33.845 [info] Running checks...
2026-05-18 22:02:36.033 [info] Running checks...
2026-05-18 22:02:38.577 [info] Running checks...
2026-05-18 22:02:46.226 [info] Running checks...
2026-05-18 22:02:55.904 [info] Running checks...
2026-05-18 22:03:01.127 [info] Running checks...
2026-05-18 22:15:02.550 [info] Running checks...
2026-05-18 22:15:03.966 [info] Running checks...
2026-05-18 22:15:16.321 [info] Running checks...
2026-05-18 22:15:17.770 [info] Running checks...
2026-05-18 22:15:19.411 [info] Running checks...
2026-05-18 22:15:20.893 [info] Running checks...
2026-05-18 22:15:25.072 [info] Running checks...
2026-05-18 22:15:27.909 [info] Running checks...
2026-05-18 22:15:29.404 [info] Running checks...
2026-05-18 22:15:31.220 [info] Running checks...
2026-05-18 22:15:34.534 [info] Running checks...
2026-05-18 22:15:36.400 [info] Running checks...
2026-05-18 22:15:38.993 [info] Running checks...
2026-05-18 22:15:44.325 [info] Running checks...
2026-05-18 22:31:33.900 [info] Running checks...
2026-05-18 22:31:35.908 [info] Running checks...
2026-05-18 22:31:37.472 [info] Running checks...
2026-05-18 22:31:39.980 [info] Running checks...
2026-05-18 22:31:44.283 [info] Running checks...
2026-05-18 22:31:45.632 [info] Running checks...
2026-05-18 22:31:49.012 [info] Running checks...
2026-05-18 22:31:55.746 [info] Running checks...
2026-05-18 22:31:57.662 [info] Running checks...
2026-05-18 22:32:00.506 [info] Running checks...
2026-05-18 22:32:02.576 [info] Running checks...
2026-05-18 22:32:12.554 [info] Running checks...
2026-05-18 22:32:20.237 [info] Running checks...
2026-05-18 22:32:24.003 [info] Running checks...
