2026-05-18 01:19:53.937 [info] Extension host with pid 8282 started
2026-05-18 01:19:53.937 [info] Skipping acquiring lock for /home/amar/.config/Code - OSS/User/workspaceStorage/74f64acfc164cb8bd4577a4b23e4fd3b.
2026-05-18 01:19:54.479 [info] ExtensionService#_doActivateExtension vscode.github-authentication, startup: false, activationEvent: 'onAuthenticationRequest:github'
2026-05-18 01:19:54.585 [info] ExtensionService#_doActivateExtension vscode.emmet, startup: false, activationEvent: 'onLanguage'
2026-05-18 01:19:54.649 [info] ExtensionService#_doActivateExtension cschlosser.doxdocgen, startup: false, activationEvent: 'onLanguage:c'
2026-05-18 01:19:54.784 [info] ExtensionService#_doActivateExtension vadimcn.vscode-lldb, startup: false, activationEvent: 'onLanguage:c', root cause: franneck94.c-cpp-runner
2026-05-18 01:19:54.853 [info] ExtensionService#_doActivateExtension llvm-vs-code-extensions.vscode-clangd, startup: false, activationEvent: 'onLanguage:c'
2026-05-18 01:19:55.310 [info] ExtensionService#_doActivateExtension franneck94.c-cpp-runner, startup: false, activationEvent: 'onLanguage:c'
2026-05-18 01:19:55.329 [info] ExtensionService#_doActivateExtension vscode.git-base, startup: true, activationEvent: '*', root cause: vscode.git
2026-05-18 01:19:55.334 [info] ExtensionService#_doActivateExtension oderwat.indent-rainbow, startup: true, activationEvent: '*'
2026-05-18 01:19:55.525 [info] ExtensionService#_doActivateExtension vscode.git, startup: true, activationEvent: '*'
2026-05-18 01:19:55.664 [info] ExtensionService#_doActivateExtension vscode.github, startup: true, activationEvent: '*'
2026-05-18 01:19:55.849 [info] Eager extensions activated
2026-05-18 01:19:55.941 [info] ExtensionService#_doActivateExtension vscode.debug-auto-launch, startup: false, activationEvent: 'onStartupFinished'
2026-05-18 01:19:55.948 [info] ExtensionService#_doActivateExtension vscode.merge-conflict, startup: false, activationEvent: 'onStartupFinished'
2026-05-18 01:19:55.993 [info] ExtensionService#_doActivateExtension aaron-bond.better-comments, startup: false, activationEvent: 'onStartupFinished'
2026-05-18 01:19:56.007 [info] ExtensionService#_doActivateExtension eamodio.gitlens, startup: false, activationEvent: 'onStartupFinished'
2026-05-18 01:19:56.292 [info] ExtensionService#_doActivateExtension esbenp.prettier-vscode, startup: false, activationEvent: 'onStartupFinished'
2026-05-18 01:19:56.294 [info] ExtensionService#_doActivateExtension formulahendry.code-runner, startup: false, activationEvent: 'onStartupFinished'
2026-05-18 01:19:56.320 [info] ExtensionService#_doActivateExtension franneck94.vscode-c-cpp-config, startup: false, activationEvent: 'onStartupFinished'
2026-05-18 01:19:56.325 [info] ExtensionService#_doActivateExtension ritwickdey.LiveServer, startup: false, activationEvent: 'onStartupFinished'
2026-05-18 01:19:56.332 [info] ExtensionService#_doActivateExtension usernamehw.errorlens, startup: false, activationEvent: 'onStartupFinished'
2026-05-18 01:19:56.343 [info] ExtensionService#_doActivateExtension vscode-icons-team.vscode-icons, startup: false, activationEvent: 'onStartupFinished'
2026-05-18 01:19:57.395 [error] [llvm-vs-code-extensions.vscode-clangd] provider FAILED
2026-05-18 01:19:57.395 [error] {"_isCancelled":true,"_emitter":null}
2026-05-18 01:20:10.832 [warning] TextEditor is closed/disposed
2026-05-18 01:24:35.811 [info] ExtensionService#_doActivateExtension LucasFA.octaveexecution, startup: false, activationEvent: 'onLanguage:octave'
2026-05-18 01:30:25.654 [info] ExtensionService#_doActivateExtension fortran-lang.linter-gfortran, startup: false, activationEvent: 'onLanguage:FortranFreeForm'
2026-05-18 01:30:26.834 [error] Error: not found: gfortran
	at h (/home/amar/.vscode-oss/extensions/fortran-lang.linter-gfortran-4.0.0-universal/dist/extension.js:1:631191)
	at m.sync (/home/amar/.vscode-oss/extensions/fortran-lang.linter-gfortran-4.0.0-universal/dist/extension.js:1:632242)
	at get compilerExe (/home/amar/.vscode-oss/extensions/fortran-lang.linter-gfortran-4.0.0-universal/dist/extension.js:1:88853)
	at n.FortranLintingProvider.doBuild (/home/amar/.vscode-oss/extensions/fortran-lang.linter-gfortran-4.0.0-universal/dist/extension.js:1:92015)
	at n.FortranLintingProvider.doLint (/home/amar/.vscode-oss/extensions/fortran-lang.linter-gfortran-4.0.0-universal/dist/extension.js:1:91487)
	at Array.forEach (<anonymous>)
	at n.FortranLintingProvider.activate (/home/amar/.vscode-oss/extensions/fortran-lang.linter-gfortran-4.0.0-universal/dist/extension.js:1:90179)
	at n.activate (/home/amar/.vscode-oss/extensions/fortran-lang.linter-gfortran-4.0.0-universal/dist/extension.js:1:133709)
	at async Ub._activate (file:///usr/lib/code/out/vs/workbench/api/node/extensionHostProcess.js:503:15965)
	at async Ub._waitForDepsThenActivate (file:///usr/lib/code/out/vs/workbench/api/node/extensionHostProcess.js:503:15907)
	at async Ub._initialize (file:///usr/lib/code/out/vs/workbench/api/node/extensionHostProcess.js:503:15274)
2026-05-18 01:30:29.721 [info] ExtensionService#_doActivateExtension vscode.terminal-suggest, startup: false, activationEvent: 'onTerminalShellIntegration:*'
2026-05-18 01:30:30.634 [info] ExtensionService#_doActivateExtension KevinRose.vsc-python-indent, startup: false, activationEvent: 'onLanguage:python'
2026-05-18 01:30:30.661 [info] ExtensionService#_doActivateExtension ms-pyright.pyright, startup: false, activationEvent: 'onLanguage:python'
2026-05-18 01:30:30.817 [info] ExtensionService#_doActivateExtension ms-python.python, startup: false, activationEvent: 'onLanguage:python', root cause: ms-python.debugpy
2026-05-18 01:30:31.172 [info] ExtensionService#_doActivateExtension ms-python.vscode-python-envs, startup: false, activationEvent: 'onLanguage:python'
2026-05-18 01:30:31.676 [info] ExtensionService#_doActivateExtension vscode.configuration-editing, startup: false, activationEvent: 'onLanguage:jsonc'
2026-05-18 01:30:31.691 [info] ExtensionService#_doActivateExtension vscode.json-language-features, startup: false, activationEvent: 'onLanguage:jsonc'
2026-05-18 01:30:31.832 [info] ExtensionService#_doActivateExtension vscode.typescript-language-features, startup: false, activationEvent: 'onLanguage:jsonc'
2026-05-18 01:30:32.130 [info] ExtensionService#_doActivateExtension ms-python.debugpy, startup: false, activationEvent: 'onLanguage:python'
2026-05-18 01:30:32.237 [info] ExtensionService#_doActivateExtension vscode.npm, startup: false, activationEvent: 'onTerminalQuickFixRequest:ms-vscode.npm-command'
2026-05-18 01:30:33.003 [warning] DiagnosticCollection with name 'python' does already exist.
2026-05-18 01:30:35.879 [info] ExtensionService#_doActivateExtension edwinhuish.better-comments-next, startup: false, activationEvent: 'onLanguage'
2026-05-18 01:30:59.822 [info] ExtensionService#_doActivateExtension cadenza-tech.rainbow-blocks, startup: false, activationEvent: 'onLanguage:FortranFreeForm'
2026-05-18 01:31:54.585 [error] Error: not found: gfortran
	at h (/home/amar/.vscode-oss/extensions/fortran-lang.linter-gfortran-4.0.0-universal/dist/extension.js:1:631191)
	at m.sync (/home/amar/.vscode-oss/extensions/fortran-lang.linter-gfortran-4.0.0-universal/dist/extension.js:1:632242)
	at get compilerExe (/home/amar/.vscode-oss/extensions/fortran-lang.linter-gfortran-4.0.0-universal/dist/extension.js:1:88853)
	at n.FortranLintingProvider.doBuild (/home/amar/.vscode-oss/extensions/fortran-lang.linter-gfortran-4.0.0-universal/dist/extension.js:1:92015)
	at n.FortranLintingProvider.doLint (/home/amar/.vscode-oss/extensions/fortran-lang.linter-gfortran-4.0.0-universal/dist/extension.js:1:91487)
	at up.value (file:///usr/lib/code/out/vs/workbench/api/node/extensionHostProcess.js:642:134301)
	at E._deliver (file:///usr/lib/code/out/vs/workbench/api/node/extensionHostProcess.js:403:3244)
	at E._deliverQueue (file:///usr/lib/code/out/vs/workbench/api/node/extensionHostProcess.js:403:3333)
	at E.fire (file:///usr/lib/code/out/vs/workbench/api/node/extensionHostProcess.js:403:3667)
	at Ew.$acceptModelSaved (file:///usr/lib/code/out/vs/workbench/api/node/extensionHostProcess.js:531:109503)
	at i._doInvokeHandler (file:///usr/lib/code/out/vs/workbench/api/node/extensionHostProcess.js:407:110293)
	at i._invokeHandler (file:///usr/lib/code/out/vs/workbench/api/node/extensionHostProcess.js:407:110041)
	at i._receiveRequest (file:///usr/lib/code/out/vs/workbench/api/node/extensionHostProcess.js:407:108823)
	at i._receiveOneMessage (file:///usr/lib/code/out/vs/workbench/api/node/extensionHostProcess.js:407:107661)
	at up.value (file:///usr/lib/code/out/vs/workbench/api/node/extensionHostProcess.js:407:105736)
	at E._deliver (file:///usr/lib/code/out/vs/workbench/api/node/extensionHostProcess.js:403:3244)
	at E.fire (file:///usr/lib/code/out/vs/workbench/api/node/extensionHostProcess.js:403:3562)
	at ls.fire (file:///usr/lib/code/out/vs/workbench/api/node/extensionHostProcess.js:405:8437)
	at up.value (file:///usr/lib/code/out/vs/workbench/api/node/extensionHostProcess.js:806:9911)
	at E._deliver (file:///usr/lib/code/out/vs/workbench/api/node/extensionHostProcess.js:403:3244)
	at E.fire (file:///usr/lib/code/out/vs/workbench/api/node/extensionHostProcess.js:403:3562)
	at ls.fire (file:///usr/lib/code/out/vs/workbench/api/node/extensionHostProcess.js:405:8437)
	at MessagePortMain.<anonymous> (file:///usr/lib/code/out/vs/workbench/api/node/extensionHostProcess.js:806:8082)
	at MessagePortMain.emit (node:events:519:28)
	at MessagePortMain._internalPort.emit (node:electron/js2c/utility_init:2:2959)
	at Object.callbackTrampoline (node:internal/async_hooks:130:17)
2026-05-18 01:31:59.585 [error] Error: not found: gfortran
	at h (/home/amar/.vscode-oss/extensions/fortran-lang.linter-gfortran-4.0.0-universal/dist/extension.js:1:631191)
	at m.sync (/home/amar/.vscode-oss/extensions/fortran-lang.linter-gfortran-4.0.0-universal/dist/extension.js:1:632242)
	at get compilerExe (/home/amar/.vscode-oss/extensions/fortran-lang.linter-gfortran-4.0.0-universal/dist/extension.js:1:88853)
	at n.FortranLintingProvider.doBuild (/home/amar/.vscode-oss/extensions/fortran-lang.linter-gfortran-4.0.0-universal/dist/extension.js:1:92015)
	at n.FortranLintingProvider.doLint (/home/amar/.vscode-oss/extensions/fortran-lang.linter-gfortran-4.0.0-universal/dist/extension.js:1:91487)
	at up.value (file:///usr/lib/code/out/vs/workbench/api/node/extensionHostProcess.js:642:134301)
	at E._deliver (file:///usr/lib/code/out/vs/workbench/api/node/extensionHostProcess.js:403:3244)
	at E._deliverQueue (file:///usr/lib/code/out/vs/workbench/api/node/extensionHostProcess.js:403:3333)
	at E.fire (file:///usr/lib/code/out/vs/workbench/api/node/extensionHostProcess.js:403:3667)
	at Ew.$acceptModelSaved (file:///usr/lib/code/out/vs/workbench/api/node/extensionHostProcess.js:531:109503)
	at i._doInvokeHandler (file:///usr/lib/code/out/vs/workbench/api/node/extensionHostProcess.js:407:110293)
	at i._invokeHandler (file:///usr/lib/code/out/vs/workbench/api/node/extensionHostProcess.js:407:110041)
	at i._receiveRequest (file:///usr/lib/code/out/vs/workbench/api/node/extensionHostProcess.js:407:108823)
	at i._receiveOneMessage (file:///usr/lib/code/out/vs/workbench/api/node/extensionHostProcess.js:407:107661)
	at up.value (file:///usr/lib/code/out/vs/workbench/api/node/extensionHostProcess.js:407:105736)
	at E._deliver (file:///usr/lib/code/out/vs/workbench/api/node/extensionHostProcess.js:403:3244)
	at E.fire (file:///usr/lib/code/out/vs/workbench/api/node/extensionHostProcess.js:403:3562)
	at ls.fire (file:///usr/lib/code/out/vs/workbench/api/node/extensionHostProcess.js:405:8437)
	at up.value (file:///usr/lib/code/out/vs/workbench/api/node/extensionHostProcess.js:806:9911)
	at E._deliver (file:///usr/lib/code/out/vs/workbench/api/node/extensionHostProcess.js:403:3244)
	at E.fire (file:///usr/lib/code/out/vs/workbench/api/node/extensionHostProcess.js:403:3562)
	at ls.fire (file:///usr/lib/code/out/vs/workbench/api/node/extensionHostProcess.js:405:8437)
	at MessagePortMain.<anonymous> (file:///usr/lib/code/out/vs/workbench/api/node/extensionHostProcess.js:806:8082)
	at MessagePortMain.emit (node:events:519:28)
	at MessagePortMain._internalPort.emit (node:electron/js2c/utility_init:2:2959)
	at Object.callbackTrampoline (node:internal/async_hooks:130:17)
2026-05-18 01:32:06.114 [error] Error: not found: gfortran
	at h (/home/amar/.vscode-oss/extensions/fortran-lang.linter-gfortran-4.0.0-universal/dist/extension.js:1:631191)
	at m.sync (/home/amar/.vscode-oss/extensions/fortran-lang.linter-gfortran-4.0.0-universal/dist/extension.js:1:632242)
	at get compilerExe (/home/amar/.vscode-oss/extensions/fortran-lang.linter-gfortran-4.0.0-universal/dist/extension.js:1:88853)
	at n.FortranLintingProvider.doBuild (/home/amar/.vscode-oss/extensions/fortran-lang.linter-gfortran-4.0.0-universal/dist/extension.js:1:92015)
	at n.FortranLintingProvider.doLint (/home/amar/.vscode-oss/extensions/fortran-lang.linter-gfortran-4.0.0-universal/dist/extension.js:1:91487)
	at up.value (file:///usr/lib/code/out/vs/workbench/api/node/extensionHostProcess.js:642:134301)
	at E._deliver (file:///usr/lib/code/out/vs/workbench/api/node/extensionHostProcess.js:403:3244)
	at E._deliverQueue (file:///usr/lib/code/out/vs/workbench/api/node/extensionHostProcess.js:403:3333)
	at E.fire (file:///usr/lib/code/out/vs/workbench/api/node/extensionHostProcess.js:403:3667)
	at Ew.$acceptModelSaved (file:///usr/lib/code/out/vs/workbench/api/node/extensionHostProcess.js:531:109503)
	at i._doInvokeHandler (file:///usr/lib/code/out/vs/workbench/api/node/extensionHostProcess.js:407:110293)
	at i._invokeHandler (file:///usr/lib/code/out/vs/workbench/api/node/extensionHostProcess.js:407:110041)
	at i._receiveRequest (file:///usr/lib/code/out/vs/workbench/api/node/extensionHostProcess.js:407:108823)
	at i._receiveOneMessage (file:///usr/lib/code/out/vs/workbench/api/node/extensionHostProcess.js:407:107661)
	at up.value (file:///usr/lib/code/out/vs/workbench/api/node/extensionHostProcess.js:407:105736)
	at E._deliver (file:///usr/lib/code/out/vs/workbench/api/node/extensionHostProcess.js:403:3244)
	at E.fire (file:///usr/lib/code/out/vs/workbench/api/node/extensionHostProcess.js:403:3562)
	at ls.fire (file:///usr/lib/code/out/vs/workbench/api/node/extensionHostProcess.js:405:8437)
	at up.value (file:///usr/lib/code/out/vs/workbench/api/node/extensionHostProcess.js:806:9911)
	at E._deliver (file:///usr/lib/code/out/vs/workbench/api/node/extensionHostProcess.js:403:3244)
	at E.fire (file:///usr/lib/code/out/vs/workbench/api/node/extensionHostProcess.js:403:3562)
	at ls.fire (file:///usr/lib/code/out/vs/workbench/api/node/extensionHostProcess.js:405:8437)
	at MessagePortMain.<anonymous> (file:///usr/lib/code/out/vs/workbench/api/node/extensionHostProcess.js:806:8082)
	at MessagePortMain.emit (node:events:519:28)
	at MessagePortMain._internalPort.emit (node:electron/js2c/utility_init:2:2959)
	at Object.callbackTrampoline (node:internal/async_hooks:130:17)
2026-05-18 01:32:09.550 [error] Error: not found: gfortran
	at h (/home/amar/.vscode-oss/extensions/fortran-lang.linter-gfortran-4.0.0-universal/dist/extension.js:1:631191)
	at m.sync (/home/amar/.vscode-oss/extensions/fortran-lang.linter-gfortran-4.0.0-universal/dist/extension.js:1:632242)
	at get compilerExe (/home/amar/.vscode-oss/extensions/fortran-lang.linter-gfortran-4.0.0-universal/dist/extension.js:1:88853)
	at n.FortranLintingProvider.doBuild (/home/amar/.vscode-oss/extensions/fortran-lang.linter-gfortran-4.0.0-universal/dist/extension.js:1:92015)
	at n.FortranLintingProvider.doLint (/home/amar/.vscode-oss/extensions/fortran-lang.linter-gfortran-4.0.0-universal/dist/extension.js:1:91487)
	at up.value (file:///usr/lib/code/out/vs/workbench/api/node/extensionHostProcess.js:642:134301)
	at E._deliver (file:///usr/lib/code/out/vs/workbench/api/node/extensionHostProcess.js:403:3244)
	at E._deliverQueue (file:///usr/lib/code/out/vs/workbench/api/node/extensionHostProcess.js:403:3333)
	at E.fire (file:///usr/lib/code/out/vs/workbench/api/node/extensionHostProcess.js:403:3667)
	at Ew.$acceptModelSaved (file:///usr/lib/code/out/vs/workbench/api/node/extensionHostProcess.js:531:109503)
	at i._doInvokeHandler (file:///usr/lib/code/out/vs/workbench/api/node/extensionHostProcess.js:407:110293)
	at i._invokeHandler (file:///usr/lib/code/out/vs/workbench/api/node/extensionHostProcess.js:407:110041)
	at i._receiveRequest (file:///usr/lib/code/out/vs/workbench/api/node/extensionHostProcess.js:407:108823)
	at i._receiveOneMessage (file:///usr/lib/code/out/vs/workbench/api/node/extensionHostProcess.js:407:107661)
	at up.value (file:///usr/lib/code/out/vs/workbench/api/node/extensionHostProcess.js:407:105736)
	at E._deliver (file:///usr/lib/code/out/vs/workbench/api/node/extensionHostProcess.js:403:3244)
	at E.fire (file:///usr/lib/code/out/vs/workbench/api/node/extensionHostProcess.js:403:3562)
	at ls.fire (file:///usr/lib/code/out/vs/workbench/api/node/extensionHostProcess.js:405:8437)
	at up.value (file:///usr/lib/code/out/vs/workbench/api/node/extensionHostProcess.js:806:9911)
	at E._deliver (file:///usr/lib/code/out/vs/workbench/api/node/extensionHostProcess.js:403:3244)
	at E.fire (file:///usr/lib/code/out/vs/workbench/api/node/extensionHostProcess.js:403:3562)
	at ls.fire (file:///usr/lib/code/out/vs/workbench/api/node/extensionHostProcess.js:405:8437)
	at MessagePortMain.<anonymous> (file:///usr/lib/code/out/vs/workbench/api/node/extensionHostProcess.js:806:8082)
	at MessagePortMain.emit (node:events:519:28)
	at MessagePortMain._internalPort.emit (node:electron/js2c/utility_init:2:2959)
	at Object.callbackTrampoline (node:internal/async_hooks:130:17)
2026-05-18 01:32:12.420 [error] Error: not found: gfortran
	at h (/home/amar/.vscode-oss/extensions/fortran-lang.linter-gfortran-4.0.0-universal/dist/extension.js:1:631191)
	at m.sync (/home/amar/.vscode-oss/extensions/fortran-lang.linter-gfortran-4.0.0-universal/dist/extension.js:1:632242)
	at get compilerExe (/home/amar/.vscode-oss/extensions/fortran-lang.linter-gfortran-4.0.0-universal/dist/extension.js:1:88853)
	at n.FortranLintingProvider.doBuild (/home/amar/.vscode-oss/extensions/fortran-lang.linter-gfortran-4.0.0-universal/dist/extension.js:1:92015)
	at n.FortranLintingProvider.doLint (/home/amar/.vscode-oss/extensions/fortran-lang.linter-gfortran-4.0.0-universal/dist/extension.js:1:91487)
	at up.value (file:///usr/lib/code/out/vs/workbench/api/node/extensionHostProcess.js:642:134301)
	at E._deliver (file:///usr/lib/code/out/vs/workbench/api/node/extensionHostProcess.js:403:3244)
	at E._deliverQueue (file:///usr/lib/code/out/vs/workbench/api/node/extensionHostProcess.js:403:3333)
	at E.fire (file:///usr/lib/code/out/vs/workbench/api/node/extensionHostProcess.js:403:3667)
	at Ew.$acceptModelSaved (file:///usr/lib/code/out/vs/workbench/api/node/extensionHostProcess.js:531:109503)
	at i._doInvokeHandler (file:///usr/lib/code/out/vs/workbench/api/node/extensionHostProcess.js:407:110293)
	at i._invokeHandler (file:///usr/lib/code/out/vs/workbench/api/node/extensionHostProcess.js:407:110041)
	at i._receiveRequest (file:///usr/lib/code/out/vs/workbench/api/node/extensionHostProcess.js:407:108823)
	at i._receiveOneMessage (file:///usr/lib/code/out/vs/workbench/api/node/extensionHostProcess.js:407:107661)
	at up.value (file:///usr/lib/code/out/vs/workbench/api/node/extensionHostProcess.js:407:105736)
	at E._deliver (file:///usr/lib/code/out/vs/workbench/api/node/extensionHostProcess.js:403:3244)
	at E.fire (file:///usr/lib/code/out/vs/workbench/api/node/extensionHostProcess.js:403:3562)
	at ls.fire (file:///usr/lib/code/out/vs/workbench/api/node/extensionHostProcess.js:405:8437)
	at up.value (file:///usr/lib/code/out/vs/workbench/api/node/extensionHostProcess.js:806:9911)
	at E._deliver (file:///usr/lib/code/out/vs/workbench/api/node/extensionHostProcess.js:403:3244)
	at E.fire (file:///usr/lib/code/out/vs/workbench/api/node/extensionHostProcess.js:403:3562)
	at ls.fire (file:///usr/lib/code/out/vs/workbench/api/node/extensionHostProcess.js:405:8437)
	at MessagePortMain.<anonymous> (file:///usr/lib/code/out/vs/workbench/api/node/extensionHostProcess.js:806:8082)
	at MessagePortMain.emit (node:events:519:28)
	at MessagePortMain._internalPort.emit (node:electron/js2c/utility_init:2:2959)
	at Object.callbackTrampoline (node:internal/async_hooks:130:17)
2026-05-18 01:32:14.995 [error] Error: not found: gfortran
	at h (/home/amar/.vscode-oss/extensions/fortran-lang.linter-gfortran-4.0.0-universal/dist/extension.js:1:631191)
	at m.sync (/home/amar/.vscode-oss/extensions/fortran-lang.linter-gfortran-4.0.0-universal/dist/extension.js:1:632242)
	at get compilerExe (/home/amar/.vscode-oss/extensions/fortran-lang.linter-gfortran-4.0.0-universal/dist/extension.js:1:88853)
	at n.FortranLintingProvider.doBuild (/home/amar/.vscode-oss/extensions/fortran-lang.linter-gfortran-4.0.0-universal/dist/extension.js:1:92015)
	at n.FortranLintingProvider.doLint (/home/amar/.vscode-oss/extensions/fortran-lang.linter-gfortran-4.0.0-universal/dist/extension.js:1:91487)
	at up.value (file:///usr/lib/code/out/vs/workbench/api/node/extensionHostProcess.js:642:134301)
	at E._deliver (file:///usr/lib/code/out/vs/workbench/api/node/extensionHostProcess.js:403:3244)
	at E._deliverQueue (file:///usr/lib/code/out/vs/workbench/api/node/extensionHostProcess.js:403:3333)
	at E.fire (file:///usr/lib/code/out/vs/workbench/api/node/extensionHostProcess.js:403:3667)
	at Ew.$acceptModelSaved (file:///usr/lib/code/out/vs/workbench/api/node/extensionHostProcess.js:531:109503)
	at i._doInvokeHandler (file:///usr/lib/code/out/vs/workbench/api/node/extensionHostProcess.js:407:110293)
	at i._invokeHandler (file:///usr/lib/code/out/vs/workbench/api/node/extensionHostProcess.js:407:110041)
	at i._receiveRequest (file:///usr/lib/code/out/vs/workbench/api/node/extensionHostProcess.js:407:108823)
	at i._receiveOneMessage (file:///usr/lib/code/out/vs/workbench/api/node/extensionHostProcess.js:407:107661)
	at up.value (file:///usr/lib/code/out/vs/workbench/api/node/extensionHostProcess.js:407:105736)
	at E._deliver (file:///usr/lib/code/out/vs/workbench/api/node/extensionHostProcess.js:403:3244)
	at E.fire (file:///usr/lib/code/out/vs/workbench/api/node/extensionHostProcess.js:403:3562)
	at ls.fire (file:///usr/lib/code/out/vs/workbench/api/node/extensionHostProcess.js:405:8437)
	at up.value (file:///usr/lib/code/out/vs/workbench/api/node/extensionHostProcess.js:806:9911)
	at E._deliver (file:///usr/lib/code/out/vs/workbench/api/node/extensionHostProcess.js:403:3244)
	at E.fire (file:///usr/lib/code/out/vs/workbench/api/node/extensionHostProcess.js:403:3562)
	at ls.fire (file:///usr/lib/code/out/vs/workbench/api/node/extensionHostProcess.js:405:8437)
	at MessagePortMain.<anonymous> (file:///usr/lib/code/out/vs/workbench/api/node/extensionHostProcess.js:806:8082)
	at MessagePortMain.emit (node:events:519:28)
	at MessagePortMain._internalPort.emit (node:electron/js2c/utility_init:2:2959)
	at Object.callbackTrampoline (node:internal/async_hooks:130:17)
2026-05-18 01:32:17.910 [error] Error: not found: gfortran
	at h (/home/amar/.vscode-oss/extensions/fortran-lang.linter-gfortran-4.0.0-universal/dist/extension.js:1:631191)
	at m.sync (/home/amar/.vscode-oss/extensions/fortran-lang.linter-gfortran-4.0.0-universal/dist/extension.js:1:632242)
	at get compilerExe (/home/amar/.vscode-oss/extensions/fortran-lang.linter-gfortran-4.0.0-universal/dist/extension.js:1:88853)
	at n.FortranLintingProvider.doBuild (/home/amar/.vscode-oss/extensions/fortran-lang.linter-gfortran-4.0.0-universal/dist/extension.js:1:92015)
	at n.FortranLintingProvider.doLint (/home/amar/.vscode-oss/extensions/fortran-lang.linter-gfortran-4.0.0-universal/dist/extension.js:1:91487)
	at up.value (file:///usr/lib/code/out/vs/workbench/api/node/extensionHostProcess.js:642:134301)
	at E._deliver (file:///usr/lib/code/out/vs/workbench/api/node/extensionHostProcess.js:403:3244)
	at E._deliverQueue (file:///usr/lib/code/out/vs/workbench/api/node/extensionHostProcess.js:403:3333)
	at E.fire (file:///usr/lib/code/out/vs/workbench/api/node/extensionHostProcess.js:403:3667)
	at Ew.$acceptModelSaved (file:///usr/lib/code/out/vs/workbench/api/node/extensionHostProcess.js:531:109503)
	at i._doInvokeHandler (file:///usr/lib/code/out/vs/workbench/api/node/extensionHostProcess.js:407:110293)
	at i._invokeHandler (file:///usr/lib/code/out/vs/workbench/api/node/extensionHostProcess.js:407:110041)
	at i._receiveRequest (file:///usr/lib/code/out/vs/workbench/api/node/extensionHostProcess.js:407:108823)
	at i._receiveOneMessage (file:///usr/lib/code/out/vs/workbench/api/node/extensionHostProcess.js:407:107661)
	at up.value (file:///usr/lib/code/out/vs/workbench/api/node/extensionHostProcess.js:407:105736)
	at E._deliver (file:///usr/lib/code/out/vs/workbench/api/node/extensionHostProcess.js:403:3244)
	at E.fire (file:///usr/lib/code/out/vs/workbench/api/node/extensionHostProcess.js:403:3562)
	at ls.fire (file:///usr/lib/code/out/vs/workbench/api/node/extensionHostProcess.js:405:8437)
	at up.value (file:///usr/lib/code/out/vs/workbench/api/node/extensionHostProcess.js:806:9911)
	at E._deliver (file:///usr/lib/code/out/vs/workbench/api/node/extensionHostProcess.js:403:3244)
	at E.fire (file:///usr/lib/code/out/vs/workbench/api/node/extensionHostProcess.js:403:3562)
	at ls.fire (file:///usr/lib/code/out/vs/workbench/api/node/extensionHostProcess.js:405:8437)
	at MessagePortMain.<anonymous> (file:///usr/lib/code/out/vs/workbench/api/node/extensionHostProcess.js:806:8082)
	at MessagePortMain.emit (node:events:519:28)
	at MessagePortMain._internalPort.emit (node:electron/js2c/utility_init:2:2959)
	at Object.callbackTrampoline (node:internal/async_hooks:130:17)
2026-05-18 01:32:28.401 [error] Error: not found: gfortran
	at h (/home/amar/.vscode-oss/extensions/fortran-lang.linter-gfortran-4.0.0-universal/dist/extension.js:1:631191)
	at m.sync (/home/amar/.vscode-oss/extensions/fortran-lang.linter-gfortran-4.0.0-universal/dist/extension.js:1:632242)
	at get compilerExe (/home/amar/.vscode-oss/extensions/fortran-lang.linter-gfortran-4.0.0-universal/dist/extension.js:1:88853)
	at n.FortranLintingProvider.doBuild (/home/amar/.vscode-oss/extensions/fortran-lang.linter-gfortran-4.0.0-universal/dist/extension.js:1:92015)
	at n.FortranLintingProvider.doLint (/home/amar/.vscode-oss/extensions/fortran-lang.linter-gfortran-4.0.0-universal/dist/extension.js:1:91487)
	at up.value (file:///usr/lib/code/out/vs/workbench/api/node/extensionHostProcess.js:642:134301)
	at E._deliver (file:///usr/lib/code/out/vs/workbench/api/node/extensionHostProcess.js:403:3244)
	at E._deliverQueue (file:///usr/lib/code/out/vs/workbench/api/node/extensionHostProcess.js:403:3333)
	at E.fire (file:///usr/lib/code/out/vs/workbench/api/node/extensionHostProcess.js:403:3667)
	at Ew.$acceptModelSaved (file:///usr/lib/code/out/vs/workbench/api/node/extensionHostProcess.js:531:109503)
	at i._doInvokeHandler (file:///usr/lib/code/out/vs/workbench/api/node/extensionHostProcess.js:407:110293)
	at i._invokeHandler (file:///usr/lib/code/out/vs/workbench/api/node/extensionHostProcess.js:407:110041)
	at i._receiveRequest (file:///usr/lib/code/out/vs/workbench/api/node/extensionHostProcess.js:407:108823)
	at i._receiveOneMessage (file:///usr/lib/code/out/vs/workbench/api/node/extensionHostProcess.js:407:107661)
	at up.value (file:///usr/lib/code/out/vs/workbench/api/node/extensionHostProcess.js:407:105736)
	at E._deliver (file:///usr/lib/code/out/vs/workbench/api/node/extensionHostProcess.js:403:3244)
	at E.fire (file:///usr/lib/code/out/vs/workbench/api/node/extensionHostProcess.js:403:3562)
	at ls.fire (file:///usr/lib/code/out/vs/workbench/api/node/extensionHostProcess.js:405:8437)
	at up.value (file:///usr/lib/code/out/vs/workbench/api/node/extensionHostProcess.js:806:9911)
	at E._deliver (file:///usr/lib/code/out/vs/workbench/api/node/extensionHostProcess.js:403:3244)
	at E.fire (file:///usr/lib/code/out/vs/workbench/api/node/extensionHostProcess.js:403:3562)
	at ls.fire (file:///usr/lib/code/out/vs/workbench/api/node/extensionHostProcess.js:405:8437)
	at MessagePortMain.<anonymous> (file:///usr/lib/code/out/vs/workbench/api/node/extensionHostProcess.js:806:8082)
	at MessagePortMain.emit (node:events:519:28)
	at MessagePortMain._internalPort.emit (node:electron/js2c/utility_init:2:2959)
	at Object.callbackTrampoline (node:internal/async_hooks:130:17)
2026-05-18 01:32:53.938 [error] Error: not found: gfortran
	at h (/home/amar/.vscode-oss/extensions/fortran-lang.linter-gfortran-4.0.0-universal/dist/extension.js:1:631191)
	at m.sync (/home/amar/.vscode-oss/extensions/fortran-lang.linter-gfortran-4.0.0-universal/dist/extension.js:1:632242)
	at get compilerExe (/home/amar/.vscode-oss/extensions/fortran-lang.linter-gfortran-4.0.0-universal/dist/extension.js:1:88853)
	at n.FortranLintingProvider.doBuild (/home/amar/.vscode-oss/extensions/fortran-lang.linter-gfortran-4.0.0-universal/dist/extension.js:1:92015)
	at n.FortranLintingProvider.doLint (/home/amar/.vscode-oss/extensions/fortran-lang.linter-gfortran-4.0.0-universal/dist/extension.js:1:91487)
	at up.value (file:///usr/lib/code/out/vs/workbench/api/node/extensionHostProcess.js:642:134301)
	at E._deliver (file:///usr/lib/code/out/vs/workbench/api/node/extensionHostProcess.js:403:3244)
	at E._deliverQueue (file:///usr/lib/code/out/vs/workbench/api/node/extensionHostProcess.js:403:3333)
	at E.fire (file:///usr/lib/code/out/vs/workbench/api/node/extensionHostProcess.js:403:3667)
	at Ew.$acceptModelSaved (file:///usr/lib/code/out/vs/workbench/api/node/extensionHostProcess.js:531:109503)
	at i._doInvokeHandler (file:///usr/lib/code/out/vs/workbench/api/node/extensionHostProcess.js:407:110293)
	at i._invokeHandler (file:///usr/lib/code/out/vs/workbench/api/node/extensionHostProcess.js:407:110041)
	at i._receiveRequest (file:///usr/lib/code/out/vs/workbench/api/node/extensionHostProcess.js:407:108823)
	at i._receiveOneMessage (file:///usr/lib/code/out/vs/workbench/api/node/extensionHostProcess.js:407:107661)
	at up.value (file:///usr/lib/code/out/vs/workbench/api/node/extensionHostProcess.js:407:105736)
	at E._deliver (file:///usr/lib/code/out/vs/workbench/api/node/extensionHostProcess.js:403:3244)
	at E.fire (file:///usr/lib/code/out/vs/workbench/api/node/extensionHostProcess.js:403:3562)
	at ls.fire (file:///usr/lib/code/out/vs/workbench/api/node/extensionHostProcess.js:405:8437)
	at up.value (file:///usr/lib/code/out/vs/workbench/api/node/extensionHostProcess.js:806:9911)
	at E._deliver (file:///usr/lib/code/out/vs/workbench/api/node/extensionHostProcess.js:403:3244)
	at E.fire (file:///usr/lib/code/out/vs/workbench/api/node/extensionHostProcess.js:403:3562)
	at ls.fire (file:///usr/lib/code/out/vs/workbench/api/node/extensionHostProcess.js:405:8437)
	at MessagePortMain.<anonymous> (file:///usr/lib/code/out/vs/workbench/api/node/extensionHostProcess.js:806:8082)
	at MessagePortMain.emit (node:events:519:28)
	at MessagePortMain._internalPort.emit (node:electron/js2c/utility_init:2:2959)
	at Object.callbackTrampoline (node:internal/async_hooks:130:17)
2026-05-18 01:32:55.648 [error] Error: not found: gfortran
	at h (/home/amar/.vscode-oss/extensions/fortran-lang.linter-gfortran-4.0.0-universal/dist/extension.js:1:631191)
	at m.sync (/home/amar/.vscode-oss/extensions/fortran-lang.linter-gfortran-4.0.0-universal/dist/extension.js:1:632242)
	at get compilerExe (/home/amar/.vscode-oss/extensions/fortran-lang.linter-gfortran-4.0.0-universal/dist/extension.js:1:88853)
	at n.FortranLintingProvider.doBuild (/home/amar/.vscode-oss/extensions/fortran-lang.linter-gfortran-4.0.0-universal/dist/extension.js:1:92015)
	at n.FortranLintingProvider.doLint (/home/amar/.vscode-oss/extensions/fortran-lang.linter-gfortran-4.0.0-universal/dist/extension.js:1:91487)
	at up.value (file:///usr/lib/code/out/vs/workbench/api/node/extensionHostProcess.js:642:134301)
	at E._deliver (file:///usr/lib/code/out/vs/workbench/api/node/extensionHostProcess.js:403:3244)
	at E._deliverQueue (file:///usr/lib/code/out/vs/workbench/api/node/extensionHostProcess.js:403:3333)
	at E.fire (file:///usr/lib/code/out/vs/workbench/api/node/extensionHostProcess.js:403:3667)
	at Ew.$acceptModelSaved (file:///usr/lib/code/out/vs/workbench/api/node/extensionHostProcess.js:531:109503)
	at i._doInvokeHandler (file:///usr/lib/code/out/vs/workbench/api/node/extensionHostProcess.js:407:110293)
	at i._invokeHandler (file:///usr/lib/code/out/vs/workbench/api/node/extensionHostProcess.js:407:110041)
	at i._receiveRequest (file:///usr/lib/code/out/vs/workbench/api/node/extensionHostProcess.js:407:108823)
	at i._receiveOneMessage (file:///usr/lib/code/out/vs/workbench/api/node/extensionHostProcess.js:407:107661)
	at up.value (file:///usr/lib/code/out/vs/workbench/api/node/extensionHostProcess.js:407:105736)
	at E._deliver (file:///usr/lib/code/out/vs/workbench/api/node/extensionHostProcess.js:403:3244)
	at E.fire (file:///usr/lib/code/out/vs/workbench/api/node/extensionHostProcess.js:403:3562)
	at ls.fire (file:///usr/lib/code/out/vs/workbench/api/node/extensionHostProcess.js:405:8437)
	at up.value (file:///usr/lib/code/out/vs/workbench/api/node/extensionHostProcess.js:806:9911)
	at E._deliver (file:///usr/lib/code/out/vs/workbench/api/node/extensionHostProcess.js:403:3244)
	at E.fire (file:///usr/lib/code/out/vs/workbench/api/node/extensionHostProcess.js:403:3562)
	at ls.fire (file:///usr/lib/code/out/vs/workbench/api/node/extensionHostProcess.js:405:8437)
	at MessagePortMain.<anonymous> (file:///usr/lib/code/out/vs/workbench/api/node/extensionHostProcess.js:806:8082)
	at MessagePortMain.emit (node:events:519:28)
	at MessagePortMain._internalPort.emit (node:electron/js2c/utility_init:2:2959)
	at Object.callbackTrampoline (node:internal/async_hooks:130:17)
2026-05-18 01:33:01.774 [error] Error: not found: gfortran
	at h (/home/amar/.vscode-oss/extensions/fortran-lang.linter-gfortran-4.0.0-universal/dist/extension.js:1:631191)
	at m.sync (/home/amar/.vscode-oss/extensions/fortran-lang.linter-gfortran-4.0.0-universal/dist/extension.js:1:632242)
	at get compilerExe (/home/amar/.vscode-oss/extensions/fortran-lang.linter-gfortran-4.0.0-universal/dist/extension.js:1:88853)
	at n.FortranLintingProvider.doBuild (/home/amar/.vscode-oss/extensions/fortran-lang.linter-gfortran-4.0.0-universal/dist/extension.js:1:92015)
	at n.FortranLintingProvider.doLint (/home/amar/.vscode-oss/extensions/fortran-lang.linter-gfortran-4.0.0-universal/dist/extension.js:1:91487)
	at up.value (file:///usr/lib/code/out/vs/workbench/api/node/extensionHostProcess.js:642:134301)
	at E._deliver (file:///usr/lib/code/out/vs/workbench/api/node/extensionHostProcess.js:403:3244)
	at E._deliverQueue (file:///usr/lib/code/out/vs/workbench/api/node/extensionHostProcess.js:403:3333)
	at E.fire (file:///usr/lib/code/out/vs/workbench/api/node/extensionHostProcess.js:403:3667)
	at Ew.$acceptModelSaved (file:///usr/lib/code/out/vs/workbench/api/node/extensionHostProcess.js:531:109503)
	at i._doInvokeHandler (file:///usr/lib/code/out/vs/workbench/api/node/extensionHostProcess.js:407:110293)
	at i._invokeHandler (file:///usr/lib/code/out/vs/workbench/api/node/extensionHostProcess.js:407:110041)
	at i._receiveRequest (file:///usr/lib/code/out/vs/workbench/api/node/extensionHostProcess.js:407:108823)
	at i._receiveOneMessage (file:///usr/lib/code/out/vs/workbench/api/node/extensionHostProcess.js:407:107661)
	at up.value (file:///usr/lib/code/out/vs/workbench/api/node/extensionHostProcess.js:407:105736)
	at E._deliver (file:///usr/lib/code/out/vs/workbench/api/node/extensionHostProcess.js:403:3244)
	at E.fire (file:///usr/lib/code/out/vs/workbench/api/node/extensionHostProcess.js:403:3562)
	at ls.fire (file:///usr/lib/code/out/vs/workbench/api/node/extensionHostProcess.js:405:8437)
	at up.value (file:///usr/lib/code/out/vs/workbench/api/node/extensionHostProcess.js:806:9911)
	at E._deliver (file:///usr/lib/code/out/vs/workbench/api/node/extensionHostProcess.js:403:3244)
	at E.fire (file:///usr/lib/code/out/vs/workbench/api/node/extensionHostProcess.js:403:3562)
	at ls.fire (file:///usr/lib/code/out/vs/workbench/api/node/extensionHostProcess.js:405:8437)
	at MessagePortMain.<anonymous> (file:///usr/lib/code/out/vs/workbench/api/node/extensionHostProcess.js:806:8082)
	at MessagePortMain.emit (node:events:519:28)
	at MessagePortMain._internalPort.emit (node:electron/js2c/utility_init:2:2959)
	at Object.callbackTrampoline (node:internal/async_hooks:130:17)
2026-05-18 01:33:07.580 [error] Error: not found: gfortran
	at h (/home/amar/.vscode-oss/extensions/fortran-lang.linter-gfortran-4.0.0-universal/dist/extension.js:1:631191)
	at m.sync (/home/amar/.vscode-oss/extensions/fortran-lang.linter-gfortran-4.0.0-universal/dist/extension.js:1:632242)
	at get compilerExe (/home/amar/.vscode-oss/extensions/fortran-lang.linter-gfortran-4.0.0-universal/dist/extension.js:1:88853)
	at n.FortranLintingProvider.doBuild (/home/amar/.vscode-oss/extensions/fortran-lang.linter-gfortran-4.0.0-universal/dist/extension.js:1:92015)
	at n.FortranLintingProvider.doLint (/home/amar/.vscode-oss/extensions/fortran-lang.linter-gfortran-4.0.0-universal/dist/extension.js:1:91487)
	at up.value (file:///usr/lib/code/out/vs/workbench/api/node/extensionHostProcess.js:642:134301)
	at E._deliver (file:///usr/lib/code/out/vs/workbench/api/node/extensionHostProcess.js:403:3244)
	at E._deliverQueue (file:///usr/lib/code/out/vs/workbench/api/node/extensionHostProcess.js:403:3333)
	at E.fire (file:///usr/lib/code/out/vs/workbench/api/node/extensionHostProcess.js:403:3667)
	at Ew.$acceptModelSaved (file:///usr/lib/code/out/vs/workbench/api/node/extensionHostProcess.js:531:109503)
	at i._doInvokeHandler (file:///usr/lib/code/out/vs/workbench/api/node/extensionHostProcess.js:407:110293)
	at i._invokeHandler (file:///usr/lib/code/out/vs/workbench/api/node/extensionHostProcess.js:407:110041)
	at i._receiveRequest (file:///usr/lib/code/out/vs/workbench/api/node/extensionHostProcess.js:407:108823)
	at i._receiveOneMessage (file:///usr/lib/code/out/vs/workbench/api/node/extensionHostProcess.js:407:107661)
	at up.value (file:///usr/lib/code/out/vs/workbench/api/node/extensionHostProcess.js:407:105736)
	at E._deliver (file:///usr/lib/code/out/vs/workbench/api/node/extensionHostProcess.js:403:3244)
	at E.fire (file:///usr/lib/code/out/vs/workbench/api/node/extensionHostProcess.js:403:3562)
	at ls.fire (file:///usr/lib/code/out/vs/workbench/api/node/extensionHostProcess.js:405:8437)
	at up.value (file:///usr/lib/code/out/vs/workbench/api/node/extensionHostProcess.js:806:9911)
	at E._deliver (file:///usr/lib/code/out/vs/workbench/api/node/extensionHostProcess.js:403:3244)
	at E.fire (file:///usr/lib/code/out/vs/workbench/api/node/extensionHostProcess.js:403:3562)
	at ls.fire (file:///usr/lib/code/out/vs/workbench/api/node/extensionHostProcess.js:405:8437)
	at MessagePortMain.<anonymous> (file:///usr/lib/code/out/vs/workbench/api/node/extensionHostProcess.js:806:8082)
	at MessagePortMain.emit (node:events:519:28)
	at MessagePortMain._internalPort.emit (node:electron/js2c/utility_init:2:2959)
	at Object.callbackTrampoline (node:internal/async_hooks:130:17)
2026-05-18 01:33:09.458 [error] Error: not found: gfortran
	at h (/home/amar/.vscode-oss/extensions/fortran-lang.linter-gfortran-4.0.0-universal/dist/extension.js:1:631191)
	at m.sync (/home/amar/.vscode-oss/extensions/fortran-lang.linter-gfortran-4.0.0-universal/dist/extension.js:1:632242)
	at get compilerExe (/home/amar/.vscode-oss/extensions/fortran-lang.linter-gfortran-4.0.0-universal/dist/extension.js:1:88853)
	at n.FortranLintingProvider.doBuild (/home/amar/.vscode-oss/extensions/fortran-lang.linter-gfortran-4.0.0-universal/dist/extension.js:1:92015)
	at n.FortranLintingProvider.doLint (/home/amar/.vscode-oss/extensions/fortran-lang.linter-gfortran-4.0.0-universal/dist/extension.js:1:91487)
	at up.value (file:///usr/lib/code/out/vs/workbench/api/node/extensionHostProcess.js:642:134301)
	at E._deliver (file:///usr/lib/code/out/vs/workbench/api/node/extensionHostProcess.js:403:3244)
	at E._deliverQueue (file:///usr/lib/code/out/vs/workbench/api/node/extensionHostProcess.js:403:3333)
	at E.fire (file:///usr/lib/code/out/vs/workbench/api/node/extensionHostProcess.js:403:3667)
	at Ew.$acceptModelSaved (file:///usr/lib/code/out/vs/workbench/api/node/extensionHostProcess.js:531:109503)
	at i._doInvokeHandler (file:///usr/lib/code/out/vs/workbench/api/node/extensionHostProcess.js:407:110293)
	at i._invokeHandler (file:///usr/lib/code/out/vs/workbench/api/node/extensionHostProcess.js:407:110041)
	at i._receiveRequest (file:///usr/lib/code/out/vs/workbench/api/node/extensionHostProcess.js:407:108823)
	at i._receiveOneMessage (file:///usr/lib/code/out/vs/workbench/api/node/extensionHostProcess.js:407:107661)
	at up.value (file:///usr/lib/code/out/vs/workbench/api/node/extensionHostProcess.js:407:105736)
	at E._deliver (file:///usr/lib/code/out/vs/workbench/api/node/extensionHostProcess.js:403:3244)
	at E.fire (file:///usr/lib/code/out/vs/workbench/api/node/extensionHostProcess.js:403:3562)
	at ls.fire (file:///usr/lib/code/out/vs/workbench/api/node/extensionHostProcess.js:405:8437)
	at up.value (file:///usr/lib/code/out/vs/workbench/api/node/extensionHostProcess.js:806:9911)
	at E._deliver (file:///usr/lib/code/out/vs/workbench/api/node/extensionHostProcess.js:403:3244)
	at E.fire (file:///usr/lib/code/out/vs/workbench/api/node/extensionHostProcess.js:403:3562)
	at ls.fire (file:///usr/lib/code/out/vs/workbench/api/node/extensionHostProcess.js:405:8437)
	at MessagePortMain.<anonymous> (file:///usr/lib/code/out/vs/workbench/api/node/extensionHostProcess.js:806:8082)
	at MessagePortMain.emit (node:events:519:28)
	at MessagePortMain._internalPort.emit (node:electron/js2c/utility_init:2:2959)
	at Object.callbackTrampoline (node:internal/async_hooks:130:17)
2026-05-18 01:33:11.581 [error] Error: not found: gfortran
	at h (/home/amar/.vscode-oss/extensions/fortran-lang.linter-gfortran-4.0.0-universal/dist/extension.js:1:631191)
	at m.sync (/home/amar/.vscode-oss/extensions/fortran-lang.linter-gfortran-4.0.0-universal/dist/extension.js:1:632242)
	at get compilerExe (/home/amar/.vscode-oss/extensions/fortran-lang.linter-gfortran-4.0.0-universal/dist/extension.js:1:88853)
	at n.FortranLintingProvider.doBuild (/home/amar/.vscode-oss/extensions/fortran-lang.linter-gfortran-4.0.0-universal/dist/extension.js:1:92015)
	at n.FortranLintingProvider.doLint (/home/amar/.vscode-oss/extensions/fortran-lang.linter-gfortran-4.0.0-universal/dist/extension.js:1:91487)
	at up.value (file:///usr/lib/code/out/vs/workbench/api/node/extensionHostProcess.js:642:134301)
	at E._deliver (file:///usr/lib/code/out/vs/workbench/api/node/extensionHostProcess.js:403:3244)
	at E._deliverQueue (file:///usr/lib/code/out/vs/workbench/api/node/extensionHostProcess.js:403:3333)
	at E.fire (file:///usr/lib/code/out/vs/workbench/api/node/extensionHostProcess.js:403:3667)
	at Ew.$acceptModelSaved (file:///usr/lib/code/out/vs/workbench/api/node/extensionHostProcess.js:531:109503)
	at i._doInvokeHandler (file:///usr/lib/code/out/vs/workbench/api/node/extensionHostProcess.js:407:110293)
	at i._invokeHandler (file:///usr/lib/code/out/vs/workbench/api/node/extensionHostProcess.js:407:110041)
	at i._receiveRequest (file:///usr/lib/code/out/vs/workbench/api/node/extensionHostProcess.js:407:108823)
	at i._receiveOneMessage (file:///usr/lib/code/out/vs/workbench/api/node/extensionHostProcess.js:407:107661)
	at up.value (file:///usr/lib/code/out/vs/workbench/api/node/extensionHostProcess.js:407:105736)
	at E._deliver (file:///usr/lib/code/out/vs/workbench/api/node/extensionHostProcess.js:403:3244)
	at E.fire (file:///usr/lib/code/out/vs/workbench/api/node/extensionHostProcess.js:403:3562)
	at ls.fire (file:///usr/lib/code/out/vs/workbench/api/node/extensionHostProcess.js:405:8437)
	at up.value (file:///usr/lib/code/out/vs/workbench/api/node/extensionHostProcess.js:806:9911)
	at E._deliver (file:///usr/lib/code/out/vs/workbench/api/node/extensionHostProcess.js:403:3244)
	at E.fire (file:///usr/lib/code/out/vs/workbench/api/node/extensionHostProcess.js:403:3562)
	at ls.fire (file:///usr/lib/code/out/vs/workbench/api/node/extensionHostProcess.js:405:8437)
	at MessagePortMain.<anonymous> (file:///usr/lib/code/out/vs/workbench/api/node/extensionHostProcess.js:806:8082)
	at MessagePortMain.emit (node:events:519:28)
	at MessagePortMain._internalPort.emit (node:electron/js2c/utility_init:2:2959)
	at Object.callbackTrampoline (node:internal/async_hooks:130:17)
2026-05-18 01:33:24.365 [error] Error: not found: gfortran
	at h (/home/amar/.vscode-oss/extensions/fortran-lang.linter-gfortran-4.0.0-universal/dist/extension.js:1:631191)
	at m.sync (/home/amar/.vscode-oss/extensions/fortran-lang.linter-gfortran-4.0.0-universal/dist/extension.js:1:632242)
	at get compilerExe (/home/amar/.vscode-oss/extensions/fortran-lang.linter-gfortran-4.0.0-universal/dist/extension.js:1:88853)
	at n.FortranLintingProvider.doBuild (/home/amar/.vscode-oss/extensions/fortran-lang.linter-gfortran-4.0.0-universal/dist/extension.js:1:92015)
	at n.FortranLintingProvider.doLint (/home/amar/.vscode-oss/extensions/fortran-lang.linter-gfortran-4.0.0-universal/dist/extension.js:1:91487)
	at up.value (file:///usr/lib/code/out/vs/workbench/api/node/extensionHostProcess.js:642:134301)
	at E._deliver (file:///usr/lib/code/out/vs/workbench/api/node/extensionHostProcess.js:403:3244)
	at E._deliverQueue (file:///usr/lib/code/out/vs/workbench/api/node/extensionHostProcess.js:403:3333)
	at E.fire (file:///usr/lib/code/out/vs/workbench/api/node/extensionHostProcess.js:403:3667)
	at Ew.$acceptModelSaved (file:///usr/lib/code/out/vs/workbench/api/node/extensionHostProcess.js:531:109503)
	at i._doInvokeHandler (file:///usr/lib/code/out/vs/workbench/api/node/extensionHostProcess.js:407:110293)
	at i._invokeHandler (file:///usr/lib/code/out/vs/workbench/api/node/extensionHostProcess.js:407:110041)
	at i._receiveRequest (file:///usr/lib/code/out/vs/workbench/api/node/extensionHostProcess.js:407:108823)
	at i._receiveOneMessage (file:///usr/lib/code/out/vs/workbench/api/node/extensionHostProcess.js:407:107661)
	at up.value (file:///usr/lib/code/out/vs/workbench/api/node/extensionHostProcess.js:407:105736)
	at E._deliver (file:///usr/lib/code/out/vs/workbench/api/node/extensionHostProcess.js:403:3244)
	at E.fire (file:///usr/lib/code/out/vs/workbench/api/node/extensionHostProcess.js:403:3562)
	at ls.fire (file:///usr/lib/code/out/vs/workbench/api/node/extensionHostProcess.js:405:8437)
	at up.value (file:///usr/lib/code/out/vs/workbench/api/node/extensionHostProcess.js:806:9911)
	at E._deliver (file:///usr/lib/code/out/vs/workbench/api/node/extensionHostProcess.js:403:3244)
	at E.fire (file:///usr/lib/code/out/vs/workbench/api/node/extensionHostProcess.js:403:3562)
	at ls.fire (file:///usr/lib/code/out/vs/workbench/api/node/extensionHostProcess.js:405:8437)
	at MessagePortMain.<anonymous> (file:///usr/lib/code/out/vs/workbench/api/node/extensionHostProcess.js:806:8082)
	at MessagePortMain.emit (node:events:519:28)
	at MessagePortMain._internalPort.emit (node:electron/js2c/utility_init:2:2959)
	at Object.callbackTrampoline (node:internal/async_hooks:130:17)
2026-05-18 01:33:29.760 [error] Error: not found: gfortran
	at h (/home/amar/.vscode-oss/extensions/fortran-lang.linter-gfortran-4.0.0-universal/dist/extension.js:1:631191)
	at m.sync (/home/amar/.vscode-oss/extensions/fortran-lang.linter-gfortran-4.0.0-universal/dist/extension.js:1:632242)
	at get compilerExe (/home/amar/.vscode-oss/extensions/fortran-lang.linter-gfortran-4.0.0-universal/dist/extension.js:1:88853)
	at n.FortranLintingProvider.doBuild (/home/amar/.vscode-oss/extensions/fortran-lang.linter-gfortran-4.0.0-universal/dist/extension.js:1:92015)
	at n.FortranLintingProvider.doLint (/home/amar/.vscode-oss/extensions/fortran-lang.linter-gfortran-4.0.0-universal/dist/extension.js:1:91487)
	at up.value (file:///usr/lib/code/out/vs/workbench/api/node/extensionHostProcess.js:642:134301)
	at E._deliver (file:///usr/lib/code/out/vs/workbench/api/node/extensionHostProcess.js:403:3244)
	at E._deliverQueue (file:///usr/lib/code/out/vs/workbench/api/node/extensionHostProcess.js:403:3333)
	at E.fire (file:///usr/lib/code/out/vs/workbench/api/node/extensionHostProcess.js:403:3667)
	at Ew.$acceptModelSaved (file:///usr/lib/code/out/vs/workbench/api/node/extensionHostProcess.js:531:109503)
	at i._doInvokeHandler (file:///usr/lib/code/out/vs/workbench/api/node/extensionHostProcess.js:407:110293)
	at i._invokeHandler (file:///usr/lib/code/out/vs/workbench/api/node/extensionHostProcess.js:407:110041)
	at i._receiveRequest (file:///usr/lib/code/out/vs/workbench/api/node/extensionHostProcess.js:407:108823)
	at i._receiveOneMessage (file:///usr/lib/code/out/vs/workbench/api/node/extensionHostProcess.js:407:107661)
	at up.value (file:///usr/lib/code/out/vs/workbench/api/node/extensionHostProcess.js:407:105736)
	at E._deliver (file:///usr/lib/code/out/vs/workbench/api/node/extensionHostProcess.js:403:3244)
	at E.fire (file:///usr/lib/code/out/vs/workbench/api/node/extensionHostProcess.js:403:3562)
	at ls.fire (file:///usr/lib/code/out/vs/workbench/api/node/extensionHostProcess.js:405:8437)
	at up.value (file:///usr/lib/code/out/vs/workbench/api/node/extensionHostProcess.js:806:9911)
	at E._deliver (file:///usr/lib/code/out/vs/workbench/api/node/extensionHostProcess.js:403:3244)
	at E.fire (file:///usr/lib/code/out/vs/workbench/api/node/extensionHostProcess.js:403:3562)
	at ls.fire (file:///usr/lib/code/out/vs/workbench/api/node/extensionHostProcess.js:405:8437)
	at MessagePortMain.<anonymous> (file:///usr/lib/code/out/vs/workbench/api/node/extensionHostProcess.js:806:8082)
	at MessagePortMain.emit (node:events:519:28)
	at MessagePortMain._internalPort.emit (node:electron/js2c/utility_init:2:2959)
	at Object.callbackTrampoline (node:internal/async_hooks:130:17)
2026-05-18 01:33:48.283 [error] Error: not found: gfortran
	at h (/home/amar/.vscode-oss/extensions/fortran-lang.linter-gfortran-4.0.0-universal/dist/extension.js:1:631191)
	at m.sync (/home/amar/.vscode-oss/extensions/fortran-lang.linter-gfortran-4.0.0-universal/dist/extension.js:1:632242)
	at get compilerExe (/home/amar/.vscode-oss/extensions/fortran-lang.linter-gfortran-4.0.0-universal/dist/extension.js:1:88853)
	at n.FortranLintingProvider.doBuild (/home/amar/.vscode-oss/extensions/fortran-lang.linter-gfortran-4.0.0-universal/dist/extension.js:1:92015)
	at n.FortranLintingProvider.doLint (/home/amar/.vscode-oss/extensions/fortran-lang.linter-gfortran-4.0.0-universal/dist/extension.js:1:91487)
	at up.value (file:///usr/lib/code/out/vs/workbench/api/node/extensionHostProcess.js:642:134301)
	at E._deliver (file:///usr/lib/code/out/vs/workbench/api/node/extensionHostProcess.js:403:3244)
	at E._deliverQueue (file:///usr/lib/code/out/vs/workbench/api/node/extensionHostProcess.js:403:3333)
	at E.fire (file:///usr/lib/code/out/vs/workbench/api/node/extensionHostProcess.js:403:3667)
	at Ew.$acceptModelSaved (file:///usr/lib/code/out/vs/workbench/api/node/extensionHostProcess.js:531:109503)
	at i._doInvokeHandler (file:///usr/lib/code/out/vs/workbench/api/node/extensionHostProcess.js:407:110293)
	at i._invokeHandler (file:///usr/lib/code/out/vs/workbench/api/node/extensionHostProcess.js:407:110041)
	at i._receiveRequest (file:///usr/lib/code/out/vs/workbench/api/node/extensionHostProcess.js:407:108823)
	at i._receiveOneMessage (file:///usr/lib/code/out/vs/workbench/api/node/extensionHostProcess.js:407:107661)
	at up.value (file:///usr/lib/code/out/vs/workbench/api/node/extensionHostProcess.js:407:105736)
	at E._deliver (file:///usr/lib/code/out/vs/workbench/api/node/extensionHostProcess.js:403:3244)
	at E.fire (file:///usr/lib/code/out/vs/workbench/api/node/extensionHostProcess.js:403:3562)
	at ls.fire (file:///usr/lib/code/out/vs/workbench/api/node/extensionHostProcess.js:405:8437)
	at up.value (file:///usr/lib/code/out/vs/workbench/api/node/extensionHostProcess.js:806:9911)
	at E._deliver (file:///usr/lib/code/out/vs/workbench/api/node/extensionHostProcess.js:403:3244)
	at E.fire (file:///usr/lib/code/out/vs/workbench/api/node/extensionHostProcess.js:403:3562)
	at ls.fire (file:///usr/lib/code/out/vs/workbench/api/node/extensionHostProcess.js:405:8437)
	at MessagePortMain.<anonymous> (file:///usr/lib/code/out/vs/workbench/api/node/extensionHostProcess.js:806:8082)
	at MessagePortMain.emit (node:events:519:28)
	at MessagePortMain._internalPort.emit (node:electron/js2c/utility_init:2:2959)
	at Object.callbackTrampoline (node:internal/async_hooks:130:17)
2026-05-18 01:33:52.116 [error] Error: not found: gfortran
	at h (/home/amar/.vscode-oss/extensions/fortran-lang.linter-gfortran-4.0.0-universal/dist/extension.js:1:631191)
	at m.sync (/home/amar/.vscode-oss/extensions/fortran-lang.linter-gfortran-4.0.0-universal/dist/extension.js:1:632242)
	at get compilerExe (/home/amar/.vscode-oss/extensions/fortran-lang.linter-gfortran-4.0.0-universal/dist/extension.js:1:88853)
	at n.FortranLintingProvider.doBuild (/home/amar/.vscode-oss/extensions/fortran-lang.linter-gfortran-4.0.0-universal/dist/extension.js:1:92015)
	at n.FortranLintingProvider.doLint (/home/amar/.vscode-oss/extensions/fortran-lang.linter-gfortran-4.0.0-universal/dist/extension.js:1:91487)
	at up.value (file:///usr/lib/code/out/vs/workbench/api/node/extensionHostProcess.js:642:134301)
	at E._deliver (file:///usr/lib/code/out/vs/workbench/api/node/extensionHostProcess.js:403:3244)
	at E._deliverQueue (file:///usr/lib/code/out/vs/workbench/api/node/extensionHostProcess.js:403:3333)
	at E.fire (file:///usr/lib/code/out/vs/workbench/api/node/extensionHostProcess.js:403:3667)
	at Ew.$acceptModelSaved (file:///usr/lib/code/out/vs/workbench/api/node/extensionHostProcess.js:531:109503)
	at i._doInvokeHandler (file:///usr/lib/code/out/vs/workbench/api/node/extensionHostProcess.js:407:110293)
	at i._invokeHandler (file:///usr/lib/code/out/vs/workbench/api/node/extensionHostProcess.js:407:110041)
	at i._receiveRequest (file:///usr/lib/code/out/vs/workbench/api/node/extensionHostProcess.js:407:108823)
	at i._receiveOneMessage (file:///usr/lib/code/out/vs/workbench/api/node/extensionHostProcess.js:407:107661)
	at up.value (file:///usr/lib/code/out/vs/workbench/api/node/extensionHostProcess.js:407:105736)
	at E._deliver (file:///usr/lib/code/out/vs/workbench/api/node/extensionHostProcess.js:403:3244)
	at E.fire (file:///usr/lib/code/out/vs/workbench/api/node/extensionHostProcess.js:403:3562)
	at ls.fire (file:///usr/lib/code/out/vs/workbench/api/node/extensionHostProcess.js:405:8437)
	at up.value (file:///usr/lib/code/out/vs/workbench/api/node/extensionHostProcess.js:806:9911)
	at E._deliver (file:///usr/lib/code/out/vs/workbench/api/node/extensionHostProcess.js:403:3244)
	at E.fire (file:///usr/lib/code/out/vs/workbench/api/node/extensionHostProcess.js:403:3562)
	at ls.fire (file:///usr/lib/code/out/vs/workbench/api/node/extensionHostProcess.js:405:8437)
	at MessagePortMain.<anonymous> (file:///usr/lib/code/out/vs/workbench/api/node/extensionHostProcess.js:806:8082)
	at MessagePortMain.emit (node:events:519:28)
	at MessagePortMain._internalPort.emit (node:electron/js2c/utility_init:2:2959)
	at Object.callbackTrampoline (node:internal/async_hooks:130:17)
2026-05-18 01:33:58.051 [error] Error: not found: gfortran
	at h (/home/amar/.vscode-oss/extensions/fortran-lang.linter-gfortran-4.0.0-universal/dist/extension.js:1:631191)
	at m.sync (/home/amar/.vscode-oss/extensions/fortran-lang.linter-gfortran-4.0.0-universal/dist/extension.js:1:632242)
	at get compilerExe (/home/amar/.vscode-oss/extensions/fortran-lang.linter-gfortran-4.0.0-universal/dist/extension.js:1:88853)
	at n.FortranLintingProvider.doBuild (/home/amar/.vscode-oss/extensions/fortran-lang.linter-gfortran-4.0.0-universal/dist/extension.js:1:92015)
	at n.FortranLintingProvider.doLint (/home/amar/.vscode-oss/extensions/fortran-lang.linter-gfortran-4.0.0-universal/dist/extension.js:1:91487)
	at up.value (file:///usr/lib/code/out/vs/workbench/api/node/extensionHostProcess.js:642:134301)
	at E._deliver (file:///usr/lib/code/out/vs/workbench/api/node/extensionHostProcess.js:403:3244)
	at E._deliverQueue (file:///usr/lib/code/out/vs/workbench/api/node/extensionHostProcess.js:403:3333)
	at E.fire (file:///usr/lib/code/out/vs/workbench/api/node/extensionHostProcess.js:403:3667)
	at Ew.$acceptModelSaved (file:///usr/lib/code/out/vs/workbench/api/node/extensionHostProcess.js:531:109503)
	at i._doInvokeHandler (file:///usr/lib/code/out/vs/workbench/api/node/extensionHostProcess.js:407:110293)
	at i._invokeHandler (file:///usr/lib/code/out/vs/workbench/api/node/extensionHostProcess.js:407:110041)
	at i._receiveRequest (file:///usr/lib/code/out/vs/workbench/api/node/extensionHostProcess.js:407:108823)
	at i._receiveOneMessage (file:///usr/lib/code/out/vs/workbench/api/node/extensionHostProcess.js:407:107661)
	at up.value (file:///usr/lib/code/out/vs/workbench/api/node/extensionHostProcess.js:407:105736)
	at E._deliver (file:///usr/lib/code/out/vs/workbench/api/node/extensionHostProcess.js:403:3244)
	at E.fire (file:///usr/lib/code/out/vs/workbench/api/node/extensionHostProcess.js:403:3562)
	at ls.fire (file:///usr/lib/code/out/vs/workbench/api/node/extensionHostProcess.js:405:8437)
	at up.value (file:///usr/lib/code/out/vs/workbench/api/node/extensionHostProcess.js:806:9911)
	at E._deliver (file:///usr/lib/code/out/vs/workbench/api/node/extensionHostProcess.js:403:3244)
	at E.fire (file:///usr/lib/code/out/vs/workbench/api/node/extensionHostProcess.js:403:3562)
	at ls.fire (file:///usr/lib/code/out/vs/workbench/api/node/extensionHostProcess.js:405:8437)
	at MessagePortMain.<anonymous> (file:///usr/lib/code/out/vs/workbench/api/node/extensionHostProcess.js:806:8082)
	at MessagePortMain.emit (node:events:519:28)
	at MessagePortMain._internalPort.emit (node:electron/js2c/utility_init:2:2959)
	at Object.callbackTrampoline (node:internal/async_hooks:130:17)
2026-05-18 01:34:00.985 [error] Error: not found: gfortran
	at h (/home/amar/.vscode-oss/extensions/fortran-lang.linter-gfortran-4.0.0-universal/dist/extension.js:1:631191)
	at m.sync (/home/amar/.vscode-oss/extensions/fortran-lang.linter-gfortran-4.0.0-universal/dist/extension.js:1:632242)
	at get compilerExe (/home/amar/.vscode-oss/extensions/fortran-lang.linter-gfortran-4.0.0-universal/dist/extension.js:1:88853)
	at n.FortranLintingProvider.doBuild (/home/amar/.vscode-oss/extensions/fortran-lang.linter-gfortran-4.0.0-universal/dist/extension.js:1:92015)
	at n.FortranLintingProvider.doLint (/home/amar/.vscode-oss/extensions/fortran-lang.linter-gfortran-4.0.0-universal/dist/extension.js:1:91487)
	at up.value (file:///usr/lib/code/out/vs/workbench/api/node/extensionHostProcess.js:642:134301)
	at E._deliver (file:///usr/lib/code/out/vs/workbench/api/node/extensionHostProcess.js:403:3244)
	at E._deliverQueue (file:///usr/lib/code/out/vs/workbench/api/node/extensionHostProcess.js:403:3333)
	at E.fire (file:///usr/lib/code/out/vs/workbench/api/node/extensionHostProcess.js:403:3667)
	at Ew.$acceptModelSaved (file:///usr/lib/code/out/vs/workbench/api/node/extensionHostProcess.js:531:109503)
	at i._doInvokeHandler (file:///usr/lib/code/out/vs/workbench/api/node/extensionHostProcess.js:407:110293)
	at i._invokeHandler (file:///usr/lib/code/out/vs/workbench/api/node/extensionHostProcess.js:407:110041)
	at i._receiveRequest (file:///usr/lib/code/out/vs/workbench/api/node/extensionHostProcess.js:407:108823)
	at i._receiveOneMessage (file:///usr/lib/code/out/vs/workbench/api/node/extensionHostProcess.js:407:107661)
	at up.value (file:///usr/lib/code/out/vs/workbench/api/node/extensionHostProcess.js:407:105736)
	at E._deliver (file:///usr/lib/code/out/vs/workbench/api/node/extensionHostProcess.js:403:3244)
	at E.fire (file:///usr/lib/code/out/vs/workbench/api/node/extensionHostProcess.js:403:3562)
	at ls.fire (file:///usr/lib/code/out/vs/workbench/api/node/extensionHostProcess.js:405:8437)
	at up.value (file:///usr/lib/code/out/vs/workbench/api/node/extensionHostProcess.js:806:9911)
	at E._deliver (file:///usr/lib/code/out/vs/workbench/api/node/extensionHostProcess.js:403:3244)
	at E.fire (file:///usr/lib/code/out/vs/workbench/api/node/extensionHostProcess.js:403:3562)
	at ls.fire (file:///usr/lib/code/out/vs/workbench/api/node/extensionHostProcess.js:405:8437)
	at MessagePortMain.<anonymous> (file:///usr/lib/code/out/vs/workbench/api/node/extensionHostProcess.js:806:8082)
	at MessagePortMain.emit (node:events:519:28)
	at MessagePortMain._internalPort.emit (node:electron/js2c/utility_init:2:2959)
	at Object.callbackTrampoline (node:internal/async_hooks:130:17)
2026-05-18 01:34:04.011 [error] Error: not found: gfortran
	at h (/home/amar/.vscode-oss/extensions/fortran-lang.linter-gfortran-4.0.0-universal/dist/extension.js:1:631191)
	at m.sync (/home/amar/.vscode-oss/extensions/fortran-lang.linter-gfortran-4.0.0-universal/dist/extension.js:1:632242)
	at get compilerExe (/home/amar/.vscode-oss/extensions/fortran-lang.linter-gfortran-4.0.0-universal/dist/extension.js:1:88853)
	at n.FortranLintingProvider.doBuild (/home/amar/.vscode-oss/extensions/fortran-lang.linter-gfortran-4.0.0-universal/dist/extension.js:1:92015)
	at n.FortranLintingProvider.doLint (/home/amar/.vscode-oss/extensions/fortran-lang.linter-gfortran-4.0.0-universal/dist/extension.js:1:91487)
	at up.value (file:///usr/lib/code/out/vs/workbench/api/node/extensionHostProcess.js:642:134301)
	at E._deliver (file:///usr/lib/code/out/vs/workbench/api/node/extensionHostProcess.js:403:3244)
	at E._deliverQueue (file:///usr/lib/code/out/vs/workbench/api/node/extensionHostProcess.js:403:3333)
	at E.fire (file:///usr/lib/code/out/vs/workbench/api/node/extensionHostProcess.js:403:3667)
	at Ew.$acceptModelSaved (file:///usr/lib/code/out/vs/workbench/api/node/extensionHostProcess.js:531:109503)
	at i._doInvokeHandler (file:///usr/lib/code/out/vs/workbench/api/node/extensionHostProcess.js:407:110293)
	at i._invokeHandler (file:///usr/lib/code/out/vs/workbench/api/node/extensionHostProcess.js:407:110041)
	at i._receiveRequest (file:///usr/lib/code/out/vs/workbench/api/node/extensionHostProcess.js:407:108823)
	at i._receiveOneMessage (file:///usr/lib/code/out/vs/workbench/api/node/extensionHostProcess.js:407:107661)
	at up.value (file:///usr/lib/code/out/vs/workbench/api/node/extensionHostProcess.js:407:105736)
	at E._deliver (file:///usr/lib/code/out/vs/workbench/api/node/extensionHostProcess.js:403:3244)
	at E.fire (file:///usr/lib/code/out/vs/workbench/api/node/extensionHostProcess.js:403:3562)
	at ls.fire (file:///usr/lib/code/out/vs/workbench/api/node/extensionHostProcess.js:405:8437)
	at up.value (file:///usr/lib/code/out/vs/workbench/api/node/extensionHostProcess.js:806:9911)
	at E._deliver (file:///usr/lib/code/out/vs/workbench/api/node/extensionHostProcess.js:403:3244)
	at E.fire (file:///usr/lib/code/out/vs/workbench/api/node/extensionHostProcess.js:403:3562)
	at ls.fire (file:///usr/lib/code/out/vs/workbench/api/node/extensionHostProcess.js:405:8437)
	at MessagePortMain.<anonymous> (file:///usr/lib/code/out/vs/workbench/api/node/extensionHostProcess.js:806:8082)
	at MessagePortMain.emit (node:events:519:28)
	at MessagePortMain._internalPort.emit (node:electron/js2c/utility_init:2:2959)
	at Object.callbackTrampoline (node:internal/async_hooks:130:17)
2026-05-18 01:34:11.978 [error] Error: not found: gfortran
	at h (/home/amar/.vscode-oss/extensions/fortran-lang.linter-gfortran-4.0.0-universal/dist/extension.js:1:631191)
	at m.sync (/home/amar/.vscode-oss/extensions/fortran-lang.linter-gfortran-4.0.0-universal/dist/extension.js:1:632242)
	at get compilerExe (/home/amar/.vscode-oss/extensions/fortran-lang.linter-gfortran-4.0.0-universal/dist/extension.js:1:88853)
	at n.FortranLintingProvider.doBuild (/home/amar/.vscode-oss/extensions/fortran-lang.linter-gfortran-4.0.0-universal/dist/extension.js:1:92015)
	at n.FortranLintingProvider.doLint (/home/amar/.vscode-oss/extensions/fortran-lang.linter-gfortran-4.0.0-universal/dist/extension.js:1:91487)
	at up.value (file:///usr/lib/code/out/vs/workbench/api/node/extensionHostProcess.js:642:134301)
	at E._deliver (file:///usr/lib/code/out/vs/workbench/api/node/extensionHostProcess.js:403:3244)
	at E._deliverQueue (file:///usr/lib/code/out/vs/workbench/api/node/extensionHostProcess.js:403:3333)
	at E.fire (file:///usr/lib/code/out/vs/workbench/api/node/extensionHostProcess.js:403:3667)
	at Ew.$acceptModelSaved (file:///usr/lib/code/out/vs/workbench/api/node/extensionHostProcess.js:531:109503)
	at i._doInvokeHandler (file:///usr/lib/code/out/vs/workbench/api/node/extensionHostProcess.js:407:110293)
	at i._invokeHandler (file:///usr/lib/code/out/vs/workbench/api/node/extensionHostProcess.js:407:110041)
	at i._receiveRequest (file:///usr/lib/code/out/vs/workbench/api/node/extensionHostProcess.js:407:108823)
	at i._receiveOneMessage (file:///usr/lib/code/out/vs/workbench/api/node/extensionHostProcess.js:407:107661)
	at up.value (file:///usr/lib/code/out/vs/workbench/api/node/extensionHostProcess.js:407:105736)
	at E._deliver (file:///usr/lib/code/out/vs/workbench/api/node/extensionHostProcess.js:403:3244)
	at E.fire (file:///usr/lib/code/out/vs/workbench/api/node/extensionHostProcess.js:403:3562)
	at ls.fire (file:///usr/lib/code/out/vs/workbench/api/node/extensionHostProcess.js:405:8437)
	at up.value (file:///usr/lib/code/out/vs/workbench/api/node/extensionHostProcess.js:806:9911)
	at E._deliver (file:///usr/lib/code/out/vs/workbench/api/node/extensionHostProcess.js:403:3244)
	at E.fire (file:///usr/lib/code/out/vs/workbench/api/node/extensionHostProcess.js:403:3562)
	at ls.fire (file:///usr/lib/code/out/vs/workbench/api/node/extensionHostProcess.js:405:8437)
	at MessagePortMain.<anonymous> (file:///usr/lib/code/out/vs/workbench/api/node/extensionHostProcess.js:806:8082)
	at MessagePortMain.emit (node:events:519:28)
	at MessagePortMain._internalPort.emit (node:electron/js2c/utility_init:2:2959)
	at Object.callbackTrampoline (node:internal/async_hooks:130:17)
2026-05-18 01:34:16.061 [error] Error: not found: gfortran
	at h (/home/amar/.vscode-oss/extensions/fortran-lang.linter-gfortran-4.0.0-universal/dist/extension.js:1:631191)
	at m.sync (/home/amar/.vscode-oss/extensions/fortran-lang.linter-gfortran-4.0.0-universal/dist/extension.js:1:632242)
	at get compilerExe (/home/amar/.vscode-oss/extensions/fortran-lang.linter-gfortran-4.0.0-universal/dist/extension.js:1:88853)
	at n.FortranLintingProvider.doBuild (/home/amar/.vscode-oss/extensions/fortran-lang.linter-gfortran-4.0.0-universal/dist/extension.js:1:92015)
	at n.FortranLintingProvider.doLint (/home/amar/.vscode-oss/extensions/fortran-lang.linter-gfortran-4.0.0-universal/dist/extension.js:1:91487)
	at up.value (file:///usr/lib/code/out/vs/workbench/api/node/extensionHostProcess.js:642:134301)
	at E._deliver (file:///usr/lib/code/out/vs/workbench/api/node/extensionHostProcess.js:403:3244)
	at E._deliverQueue (file:///usr/lib/code/out/vs/workbench/api/node/extensionHostProcess.js:403:3333)
	at E.fire (file:///usr/lib/code/out/vs/workbench/api/node/extensionHostProcess.js:403:3667)
	at Ew.$acceptModelSaved (file:///usr/lib/code/out/vs/workbench/api/node/extensionHostProcess.js:531:109503)
	at i._doInvokeHandler (file:///usr/lib/code/out/vs/workbench/api/node/extensionHostProcess.js:407:110293)
	at i._invokeHandler (file:///usr/lib/code/out/vs/workbench/api/node/extensionHostProcess.js:407:110041)
	at i._receiveRequest (file:///usr/lib/code/out/vs/workbench/api/node/extensionHostProcess.js:407:108823)
	at i._receiveOneMessage (file:///usr/lib/code/out/vs/workbench/api/node/extensionHostProcess.js:407:107661)
	at up.value (file:///usr/lib/code/out/vs/workbench/api/node/extensionHostProcess.js:407:105736)
	at E._deliver (file:///usr/lib/code/out/vs/workbench/api/node/extensionHostProcess.js:403:3244)
	at E.fire (file:///usr/lib/code/out/vs/workbench/api/node/extensionHostProcess.js:403:3562)
	at ls.fire (file:///usr/lib/code/out/vs/workbench/api/node/extensionHostProcess.js:405:8437)
	at up.value (file:///usr/lib/code/out/vs/workbench/api/node/extensionHostProcess.js:806:9911)
	at E._deliver (file:///usr/lib/code/out/vs/workbench/api/node/extensionHostProcess.js:403:3244)
	at E.fire (file:///usr/lib/code/out/vs/workbench/api/node/extensionHostProcess.js:403:3562)
	at ls.fire (file:///usr/lib/code/out/vs/workbench/api/node/extensionHostProcess.js:405:8437)
	at MessagePortMain.<anonymous> (file:///usr/lib/code/out/vs/workbench/api/node/extensionHostProcess.js:806:8082)
	at MessagePortMain.emit (node:events:519:28)
	at MessagePortMain._internalPort.emit (node:electron/js2c/utility_init:2:2959)
	at Object.callbackTrampoline (node:internal/async_hooks:130:17)
2026-05-18 01:34:18.769 [error] Error: not found: gfortran
	at h (/home/amar/.vscode-oss/extensions/fortran-lang.linter-gfortran-4.0.0-universal/dist/extension.js:1:631191)
	at m.sync (/home/amar/.vscode-oss/extensions/fortran-lang.linter-gfortran-4.0.0-universal/dist/extension.js:1:632242)
	at get compilerExe (/home/amar/.vscode-oss/extensions/fortran-lang.linter-gfortran-4.0.0-universal/dist/extension.js:1:88853)
	at n.FortranLintingProvider.doBuild (/home/amar/.vscode-oss/extensions/fortran-lang.linter-gfortran-4.0.0-universal/dist/extension.js:1:92015)
	at n.FortranLintingProvider.doLint (/home/amar/.vscode-oss/extensions/fortran-lang.linter-gfortran-4.0.0-universal/dist/extension.js:1:91487)
	at up.value (file:///usr/lib/code/out/vs/workbench/api/node/extensionHostProcess.js:642:134301)
	at E._deliver (file:///usr/lib/code/out/vs/workbench/api/node/extensionHostProcess.js:403:3244)
	at E._deliverQueue (file:///usr/lib/code/out/vs/workbench/api/node/extensionHostProcess.js:403:3333)
	at E.fire (file:///usr/lib/code/out/vs/workbench/api/node/extensionHostProcess.js:403:3667)
	at Ew.$acceptModelSaved (file:///usr/lib/code/out/vs/workbench/api/node/extensionHostProcess.js:531:109503)
	at i._doInvokeHandler (file:///usr/lib/code/out/vs/workbench/api/node/extensionHostProcess.js:407:110293)
	at i._invokeHandler (file:///usr/lib/code/out/vs/workbench/api/node/extensionHostProcess.js:407:110041)
	at i._receiveRequest (file:///usr/lib/code/out/vs/workbench/api/node/extensionHostProcess.js:407:108823)
	at i._receiveOneMessage (file:///usr/lib/code/out/vs/workbench/api/node/extensionHostProcess.js:407:107661)
	at up.value (file:///usr/lib/code/out/vs/workbench/api/node/extensionHostProcess.js:407:105736)
	at E._deliver (file:///usr/lib/code/out/vs/workbench/api/node/extensionHostProcess.js:403:3244)
	at E.fire (file:///usr/lib/code/out/vs/workbench/api/node/extensionHostProcess.js:403:3562)
	at ls.fire (file:///usr/lib/code/out/vs/workbench/api/node/extensionHostProcess.js:405:8437)
	at up.value (file:///usr/lib/code/out/vs/workbench/api/node/extensionHostProcess.js:806:9911)
	at E._deliver (file:///usr/lib/code/out/vs/workbench/api/node/extensionHostProcess.js:403:3244)
	at E.fire (file:///usr/lib/code/out/vs/workbench/api/node/extensionHostProcess.js:403:3562)
	at ls.fire (file:///usr/lib/code/out/vs/workbench/api/node/extensionHostProcess.js:405:8437)
	at MessagePortMain.<anonymous> (file:///usr/lib/code/out/vs/workbench/api/node/extensionHostProcess.js:806:8082)
	at MessagePortMain.emit (node:events:519:28)
	at MessagePortMain._internalPort.emit (node:electron/js2c/utility_init:2:2959)
	at Object.callbackTrampoline (node:internal/async_hooks:130:17)
2026-05-18 01:34:24.255 [error] Error: not found: gfortran
	at h (/home/amar/.vscode-oss/extensions/fortran-lang.linter-gfortran-4.0.0-universal/dist/extension.js:1:631191)
	at m.sync (/home/amar/.vscode-oss/extensions/fortran-lang.linter-gfortran-4.0.0-universal/dist/extension.js:1:632242)
	at get compilerExe (/home/amar/.vscode-oss/extensions/fortran-lang.linter-gfortran-4.0.0-universal/dist/extension.js:1:88853)
	at n.FortranLintingProvider.doBuild (/home/amar/.vscode-oss/extensions/fortran-lang.linter-gfortran-4.0.0-universal/dist/extension.js:1:92015)
	at n.FortranLintingProvider.doLint (/home/amar/.vscode-oss/extensions/fortran-lang.linter-gfortran-4.0.0-universal/dist/extension.js:1:91487)
	at up.value (file:///usr/lib/code/out/vs/workbench/api/node/extensionHostProcess.js:642:134301)
	at E._deliver (file:///usr/lib/code/out/vs/workbench/api/node/extensionHostProcess.js:403:3244)
	at E._deliverQueue (file:///usr/lib/code/out/vs/workbench/api/node/extensionHostProcess.js:403:3333)
	at E.fire (file:///usr/lib/code/out/vs/workbench/api/node/extensionHostProcess.js:403:3667)
	at Ew.$acceptModelSaved (file:///usr/lib/code/out/vs/workbench/api/node/extensionHostProcess.js:531:109503)
	at i._doInvokeHandler (file:///usr/lib/code/out/vs/workbench/api/node/extensionHostProcess.js:407:110293)
	at i._invokeHandler (file:///usr/lib/code/out/vs/workbench/api/node/extensionHostProcess.js:407:110041)
	at i._receiveRequest (file:///usr/lib/code/out/vs/workbench/api/node/extensionHostProcess.js:407:108823)
	at i._receiveOneMessage (file:///usr/lib/code/out/vs/workbench/api/node/extensionHostProcess.js:407:107661)
	at up.value (file:///usr/lib/code/out/vs/workbench/api/node/extensionHostProcess.js:407:105736)
	at E._deliver (file:///usr/lib/code/out/vs/workbench/api/node/extensionHostProcess.js:403:3244)
	at E.fire (file:///usr/lib/code/out/vs/workbench/api/node/extensionHostProcess.js:403:3562)
	at ls.fire (file:///usr/lib/code/out/vs/workbench/api/node/extensionHostProcess.js:405:8437)
	at up.value (file:///usr/lib/code/out/vs/workbench/api/node/extensionHostProcess.js:806:9911)
	at E._deliver (file:///usr/lib/code/out/vs/workbench/api/node/extensionHostProcess.js:403:3244)
	at E.fire (file:///usr/lib/code/out/vs/workbench/api/node/extensionHostProcess.js:403:3562)
	at ls.fire (file:///usr/lib/code/out/vs/workbench/api/node/extensionHostProcess.js:405:8437)
	at MessagePortMain.<anonymous> (file:///usr/lib/code/out/vs/workbench/api/node/extensionHostProcess.js:806:8082)
	at MessagePortMain.emit (node:events:519:28)
	at MessagePortMain._internalPort.emit (node:electron/js2c/utility_init:2:2959)
	at Object.callbackTrampoline (node:internal/async_hooks:130:17)
2026-05-18 01:34:26.449 [error] Error: not found: gfortran
	at h (/home/amar/.vscode-oss/extensions/fortran-lang.linter-gfortran-4.0.0-universal/dist/extension.js:1:631191)
	at m.sync (/home/amar/.vscode-oss/extensions/fortran-lang.linter-gfortran-4.0.0-universal/dist/extension.js:1:632242)
	at get compilerExe (/home/amar/.vscode-oss/extensions/fortran-lang.linter-gfortran-4.0.0-universal/dist/extension.js:1:88853)
	at n.FortranLintingProvider.doBuild (/home/amar/.vscode-oss/extensions/fortran-lang.linter-gfortran-4.0.0-universal/dist/extension.js:1:92015)
	at n.FortranLintingProvider.doLint (/home/amar/.vscode-oss/extensions/fortran-lang.linter-gfortran-4.0.0-universal/dist/extension.js:1:91487)
	at up.value (file:///usr/lib/code/out/vs/workbench/api/node/extensionHostProcess.js:642:134301)
	at E._deliver (file:///usr/lib/code/out/vs/workbench/api/node/extensionHostProcess.js:403:3244)
	at E._deliverQueue (file:///usr/lib/code/out/vs/workbench/api/node/extensionHostProcess.js:403:3333)
	at E.fire (file:///usr/lib/code/out/vs/workbench/api/node/extensionHostProcess.js:403:3667)
	at Ew.$acceptModelSaved (file:///usr/lib/code/out/vs/workbench/api/node/extensionHostProcess.js:531:109503)
	at i._doInvokeHandler (file:///usr/lib/code/out/vs/workbench/api/node/extensionHostProcess.js:407:110293)
	at i._invokeHandler (file:///usr/lib/code/out/vs/workbench/api/node/extensionHostProcess.js:407:110041)
	at i._receiveRequest (file:///usr/lib/code/out/vs/workbench/api/node/extensionHostProcess.js:407:108823)
	at i._receiveOneMessage (file:///usr/lib/code/out/vs/workbench/api/node/extensionHostProcess.js:407:107661)
	at up.value (file:///usr/lib/code/out/vs/workbench/api/node/extensionHostProcess.js:407:105736)
	at E._deliver (file:///usr/lib/code/out/vs/workbench/api/node/extensionHostProcess.js:403:3244)
	at E.fire (file:///usr/lib/code/out/vs/workbench/api/node/extensionHostProcess.js:403:3562)
	at ls.fire (file:///usr/lib/code/out/vs/workbench/api/node/extensionHostProcess.js:405:8437)
	at up.value (file:///usr/lib/code/out/vs/workbench/api/node/extensionHostProcess.js:806:9911)
	at E._deliver (file:///usr/lib/code/out/vs/workbench/api/node/extensionHostProcess.js:403:3244)
	at E.fire (file:///usr/lib/code/out/vs/workbench/api/node/extensionHostProcess.js:403:3562)
	at ls.fire (file:///usr/lib/code/out/vs/workbench/api/node/extensionHostProcess.js:405:8437)
	at MessagePortMain.<anonymous> (file:///usr/lib/code/out/vs/workbench/api/node/extensionHostProcess.js:806:8082)
	at MessagePortMain.emit (node:events:519:28)
	at MessagePortMain._internalPort.emit (node:electron/js2c/utility_init:2:2959)
	at Object.callbackTrampoline (node:internal/async_hooks:130:17)
2026-05-18 01:34:28.446 [error] Error: not found: gfortran
	at h (/home/amar/.vscode-oss/extensions/fortran-lang.linter-gfortran-4.0.0-universal/dist/extension.js:1:631191)
	at m.sync (/home/amar/.vscode-oss/extensions/fortran-lang.linter-gfortran-4.0.0-universal/dist/extension.js:1:632242)
	at get compilerExe (/home/amar/.vscode-oss/extensions/fortran-lang.linter-gfortran-4.0.0-universal/dist/extension.js:1:88853)
	at n.FortranLintingProvider.doBuild (/home/amar/.vscode-oss/extensions/fortran-lang.linter-gfortran-4.0.0-universal/dist/extension.js:1:92015)
	at n.FortranLintingProvider.doLint (/home/amar/.vscode-oss/extensions/fortran-lang.linter-gfortran-4.0.0-universal/dist/extension.js:1:91487)
	at up.value (file:///usr/lib/code/out/vs/workbench/api/node/extensionHostProcess.js:642:134301)
	at E._deliver (file:///usr/lib/code/out/vs/workbench/api/node/extensionHostProcess.js:403:3244)
	at E._deliverQueue (file:///usr/lib/code/out/vs/workbench/api/node/extensionHostProcess.js:403:3333)
	at E.fire (file:///usr/lib/code/out/vs/workbench/api/node/extensionHostProcess.js:403:3667)
	at Ew.$acceptModelSaved (file:///usr/lib/code/out/vs/workbench/api/node/extensionHostProcess.js:531:109503)
	at i._doInvokeHandler (file:///usr/lib/code/out/vs/workbench/api/node/extensionHostProcess.js:407:110293)
	at i._invokeHandler (file:///usr/lib/code/out/vs/workbench/api/node/extensionHostProcess.js:407:110041)
	at i._receiveRequest (file:///usr/lib/code/out/vs/workbench/api/node/extensionHostProcess.js:407:108823)
	at i._receiveOneMessage (file:///usr/lib/code/out/vs/workbench/api/node/extensionHostProcess.js:407:107661)
	at up.value (file:///usr/lib/code/out/vs/workbench/api/node/extensionHostProcess.js:407:105736)
	at E._deliver (file:///usr/lib/code/out/vs/workbench/api/node/extensionHostProcess.js:403:3244)
	at E.fire (file:///usr/lib/code/out/vs/workbench/api/node/extensionHostProcess.js:403:3562)
	at ls.fire (file:///usr/lib/code/out/vs/workbench/api/node/extensionHostProcess.js:405:8437)
	at up.value (file:///usr/lib/code/out/vs/workbench/api/node/extensionHostProcess.js:806:9911)
	at E._deliver (file:///usr/lib/code/out/vs/workbench/api/node/extensionHostProcess.js:403:3244)
	at E.fire (file:///usr/lib/code/out/vs/workbench/api/node/extensionHostProcess.js:403:3562)
	at ls.fire (file:///usr/lib/code/out/vs/workbench/api/node/extensionHostProcess.js:405:8437)
	at MessagePortMain.<anonymous> (file:///usr/lib/code/out/vs/workbench/api/node/extensionHostProcess.js:806:8082)
	at MessagePortMain.emit (node:events:519:28)
	at MessagePortMain._internalPort.emit (node:electron/js2c/utility_init:2:2959)
	at Object.callbackTrampoline (node:internal/async_hooks:130:17)
2026-05-18 01:34:32.432 [error] Error: not found: gfortran
	at h (/home/amar/.vscode-oss/extensions/fortran-lang.linter-gfortran-4.0.0-universal/dist/extension.js:1:631191)
	at m.sync (/home/amar/.vscode-oss/extensions/fortran-lang.linter-gfortran-4.0.0-universal/dist/extension.js:1:632242)
	at get compilerExe (/home/amar/.vscode-oss/extensions/fortran-lang.linter-gfortran-4.0.0-universal/dist/extension.js:1:88853)
	at n.FortranLintingProvider.doBuild (/home/amar/.vscode-oss/extensions/fortran-lang.linter-gfortran-4.0.0-universal/dist/extension.js:1:92015)
	at n.FortranLintingProvider.doLint (/home/amar/.vscode-oss/extensions/fortran-lang.linter-gfortran-4.0.0-universal/dist/extension.js:1:91487)
	at up.value (file:///usr/lib/code/out/vs/workbench/api/node/extensionHostProcess.js:642:134301)
	at E._deliver (file:///usr/lib/code/out/vs/workbench/api/node/extensionHostProcess.js:403:3244)
	at E._deliverQueue (file:///usr/lib/code/out/vs/workbench/api/node/extensionHostProcess.js:403:3333)
	at E.fire (file:///usr/lib/code/out/vs/workbench/api/node/extensionHostProcess.js:403:3667)
	at Ew.$acceptModelSaved (file:///usr/lib/code/out/vs/workbench/api/node/extensionHostProcess.js:531:109503)
	at i._doInvokeHandler (file:///usr/lib/code/out/vs/workbench/api/node/extensionHostProcess.js:407:110293)
	at i._invokeHandler (file:///usr/lib/code/out/vs/workbench/api/node/extensionHostProcess.js:407:110041)
	at i._receiveRequest (file:///usr/lib/code/out/vs/workbench/api/node/extensionHostProcess.js:407:108823)
	at i._receiveOneMessage (file:///usr/lib/code/out/vs/workbench/api/node/extensionHostProcess.js:407:107661)
	at up.value (file:///usr/lib/code/out/vs/workbench/api/node/extensionHostProcess.js:407:105736)
	at E._deliver (file:///usr/lib/code/out/vs/workbench/api/node/extensionHostProcess.js:403:3244)
	at E.fire (file:///usr/lib/code/out/vs/workbench/api/node/extensionHostProcess.js:403:3562)
	at ls.fire (file:///usr/lib/code/out/vs/workbench/api/node/extensionHostProcess.js:405:8437)
	at up.value (file:///usr/lib/code/out/vs/workbench/api/node/extensionHostProcess.js:806:9911)
	at E._deliver (file:///usr/lib/code/out/vs/workbench/api/node/extensionHostProcess.js:403:3244)
	at E.fire (file:///usr/lib/code/out/vs/workbench/api/node/extensionHostProcess.js:403:3562)
	at ls.fire (file:///usr/lib/code/out/vs/workbench/api/node/extensionHostProcess.js:405:8437)
	at MessagePortMain.<anonymous> (file:///usr/lib/code/out/vs/workbench/api/node/extensionHostProcess.js:806:8082)
	at MessagePortMain.emit (node:events:519:28)
	at MessagePortMain._internalPort.emit (node:electron/js2c/utility_init:2:2959)
	at Object.callbackTrampoline (node:internal/async_hooks:130:17)
2026-05-18 01:34:42.858 [error] Error: not found: gfortran
	at h (/home/amar/.vscode-oss/extensions/fortran-lang.linter-gfortran-4.0.0-universal/dist/extension.js:1:631191)
	at m.sync (/home/amar/.vscode-oss/extensions/fortran-lang.linter-gfortran-4.0.0-universal/dist/extension.js:1:632242)
	at get compilerExe (/home/amar/.vscode-oss/extensions/fortran-lang.linter-gfortran-4.0.0-universal/dist/extension.js:1:88853)
	at n.FortranLintingProvider.doBuild (/home/amar/.vscode-oss/extensions/fortran-lang.linter-gfortran-4.0.0-universal/dist/extension.js:1:92015)
	at n.FortranLintingProvider.doLint (/home/amar/.vscode-oss/extensions/fortran-lang.linter-gfortran-4.0.0-universal/dist/extension.js:1:91487)
	at up.value (file:///usr/lib/code/out/vs/workbench/api/node/extensionHostProcess.js:642:134301)
	at E._deliver (file:///usr/lib/code/out/vs/workbench/api/node/extensionHostProcess.js:403:3244)
	at E._deliverQueue (file:///usr/lib/code/out/vs/workbench/api/node/extensionHostProcess.js:403:3333)
	at E.fire (file:///usr/lib/code/out/vs/workbench/api/node/extensionHostProcess.js:403:3667)
	at Ew.$acceptModelSaved (file:///usr/lib/code/out/vs/workbench/api/node/extensionHostProcess.js:531:109503)
	at i._doInvokeHandler (file:///usr/lib/code/out/vs/workbench/api/node/extensionHostProcess.js:407:110293)
	at i._invokeHandler (file:///usr/lib/code/out/vs/workbench/api/node/extensionHostProcess.js:407:110041)
	at i._receiveRequest (file:///usr/lib/code/out/vs/workbench/api/node/extensionHostProcess.js:407:108823)
	at i._receiveOneMessage (file:///usr/lib/code/out/vs/workbench/api/node/extensionHostProcess.js:407:107661)
	at up.value (file:///usr/lib/code/out/vs/workbench/api/node/extensionHostProcess.js:407:105736)
	at E._deliver (file:///usr/lib/code/out/vs/workbench/api/node/extensionHostProcess.js:403:3244)
	at E.fire (file:///usr/lib/code/out/vs/workbench/api/node/extensionHostProcess.js:403:3562)
	at ls.fire (file:///usr/lib/code/out/vs/workbench/api/node/extensionHostProcess.js:405:8437)
	at up.value (file:///usr/lib/code/out/vs/workbench/api/node/extensionHostProcess.js:806:9911)
	at E._deliver (file:///usr/lib/code/out/vs/workbench/api/node/extensionHostProcess.js:403:3244)
	at E.fire (file:///usr/lib/code/out/vs/workbench/api/node/extensionHostProcess.js:403:3562)
	at ls.fire (file:///usr/lib/code/out/vs/workbench/api/node/extensionHostProcess.js:405:8437)
	at MessagePortMain.<anonymous> (file:///usr/lib/code/out/vs/workbench/api/node/extensionHostProcess.js:806:8082)
	at MessagePortMain.emit (node:events:519:28)
	at MessagePortMain._internalPort.emit (node:electron/js2c/utility_init:2:2959)
	at Object.callbackTrampoline (node:internal/async_hooks:130:17)
2026-05-18 01:34:49.853 [error] Error: not found: gfortran
	at h (/home/amar/.vscode-oss/extensions/fortran-lang.linter-gfortran-4.0.0-universal/dist/extension.js:1:631191)
	at m.sync (/home/amar/.vscode-oss/extensions/fortran-lang.linter-gfortran-4.0.0-universal/dist/extension.js:1:632242)
	at get compilerExe (/home/amar/.vscode-oss/extensions/fortran-lang.linter-gfortran-4.0.0-universal/dist/extension.js:1:88853)
	at n.FortranLintingProvider.doBuild (/home/amar/.vscode-oss/extensions/fortran-lang.linter-gfortran-4.0.0-universal/dist/extension.js:1:92015)
	at n.FortranLintingProvider.doLint (/home/amar/.vscode-oss/extensions/fortran-lang.linter-gfortran-4.0.0-universal/dist/extension.js:1:91487)
	at up.value (file:///usr/lib/code/out/vs/workbench/api/node/extensionHostProcess.js:642:134301)
	at E._deliver (file:///usr/lib/code/out/vs/workbench/api/node/extensionHostProcess.js:403:3244)
	at E._deliverQueue (file:///usr/lib/code/out/vs/workbench/api/node/extensionHostProcess.js:403:3333)
	at E.fire (file:///usr/lib/code/out/vs/workbench/api/node/extensionHostProcess.js:403:3667)
	at Ew.$acceptModelSaved (file:///usr/lib/code/out/vs/workbench/api/node/extensionHostProcess.js:531:109503)
	at i._doInvokeHandler (file:///usr/lib/code/out/vs/workbench/api/node/extensionHostProcess.js:407:110293)
	at i._invokeHandler (file:///usr/lib/code/out/vs/workbench/api/node/extensionHostProcess.js:407:110041)
	at i._receiveRequest (file:///usr/lib/code/out/vs/workbench/api/node/extensionHostProcess.js:407:108823)
	at i._receiveOneMessage (file:///usr/lib/code/out/vs/workbench/api/node/extensionHostProcess.js:407:107661)
	at up.value (file:///usr/lib/code/out/vs/workbench/api/node/extensionHostProcess.js:407:105736)
	at E._deliver (file:///usr/lib/code/out/vs/workbench/api/node/extensionHostProcess.js:403:3244)
	at E.fire (file:///usr/lib/code/out/vs/workbench/api/node/extensionHostProcess.js:403:3562)
	at ls.fire (file:///usr/lib/code/out/vs/workbench/api/node/extensionHostProcess.js:405:8437)
	at up.value (file:///usr/lib/code/out/vs/workbench/api/node/extensionHostProcess.js:806:9911)
	at E._deliver (file:///usr/lib/code/out/vs/workbench/api/node/extensionHostProcess.js:403:3244)
	at E.fire (file:///usr/lib/code/out/vs/workbench/api/node/extensionHostProcess.js:403:3562)
	at ls.fire (file:///usr/lib/code/out/vs/workbench/api/node/extensionHostProcess.js:405:8437)
	at MessagePortMain.<anonymous> (file:///usr/lib/code/out/vs/workbench/api/node/extensionHostProcess.js:806:8082)
	at MessagePortMain.emit (node:events:519:28)
	at MessagePortMain._internalPort.emit (node:electron/js2c/utility_init:2:2959)
	at Object.callbackTrampoline (node:internal/async_hooks:130:17)
2026-05-18 01:34:59.488 [error] Error: not found: gfortran
	at h (/home/amar/.vscode-oss/extensions/fortran-lang.linter-gfortran-4.0.0-universal/dist/extension.js:1:631191)
	at m.sync (/home/amar/.vscode-oss/extensions/fortran-lang.linter-gfortran-4.0.0-universal/dist/extension.js:1:632242)
	at get compilerExe (/home/amar/.vscode-oss/extensions/fortran-lang.linter-gfortran-4.0.0-universal/dist/extension.js:1:88853)
	at n.FortranLintingProvider.doBuild (/home/amar/.vscode-oss/extensions/fortran-lang.linter-gfortran-4.0.0-universal/dist/extension.js:1:92015)
	at n.FortranLintingProvider.doLint (/home/amar/.vscode-oss/extensions/fortran-lang.linter-gfortran-4.0.0-universal/dist/extension.js:1:91487)
	at up.value (file:///usr/lib/code/out/vs/workbench/api/node/extensionHostProcess.js:642:134301)
	at E._deliver (file:///usr/lib/code/out/vs/workbench/api/node/extensionHostProcess.js:403:3244)
	at E._deliverQueue (file:///usr/lib/code/out/vs/workbench/api/node/extensionHostProcess.js:403:3333)
	at E.fire (file:///usr/lib/code/out/vs/workbench/api/node/extensionHostProcess.js:403:3667)
	at Ew.$acceptModelSaved (file:///usr/lib/code/out/vs/workbench/api/node/extensionHostProcess.js:531:109503)
	at i._doInvokeHandler (file:///usr/lib/code/out/vs/workbench/api/node/extensionHostProcess.js:407:110293)
	at i._invokeHandler (file:///usr/lib/code/out/vs/workbench/api/node/extensionHostProcess.js:407:110041)
	at i._receiveRequest (file:///usr/lib/code/out/vs/workbench/api/node/extensionHostProcess.js:407:108823)
	at i._receiveOneMessage (file:///usr/lib/code/out/vs/workbench/api/node/extensionHostProcess.js:407:107661)
	at up.value (file:///usr/lib/code/out/vs/workbench/api/node/extensionHostProcess.js:407:105736)
	at E._deliver (file:///usr/lib/code/out/vs/workbench/api/node/extensionHostProcess.js:403:3244)
	at E.fire (file:///usr/lib/code/out/vs/workbench/api/node/extensionHostProcess.js:403:3562)
	at ls.fire (file:///usr/lib/code/out/vs/workbench/api/node/extensionHostProcess.js:405:8437)
	at up.value (file:///usr/lib/code/out/vs/workbench/api/node/extensionHostProcess.js:806:9911)
	at E._deliver (file:///usr/lib/code/out/vs/workbench/api/node/extensionHostProcess.js:403:3244)
	at E.fire (file:///usr/lib/code/out/vs/workbench/api/node/extensionHostProcess.js:403:3562)
	at ls.fire (file:///usr/lib/code/out/vs/workbench/api/node/extensionHostProcess.js:405:8437)
	at MessagePortMain.<anonymous> (file:///usr/lib/code/out/vs/workbench/api/node/extensionHostProcess.js:806:8082)
	at MessagePortMain.emit (node:events:519:28)
	at MessagePortMain._internalPort.emit (node:electron/js2c/utility_init:2:2959)
	at Object.callbackTrampoline (node:internal/async_hooks:130:17)
2026-05-18 01:42:22.607 [error] ExtensionError: Error in extension cschlosser.doxdocgen: FAILED to handle event
	at up.value (file:///usr/lib/code/out/vs/workbench/api/node/extensionHostProcess.js:642:134325)
	at E._deliver (file:///usr/lib/code/out/vs/workbench/api/node/extensionHostProcess.js:403:3244)
	at E._deliverQueue (file:///usr/lib/code/out/vs/workbench/api/node/extensionHostProcess.js:403:3333)
	at E.fire (file:///usr/lib/code/out/vs/workbench/api/node/extensionHostProcess.js:403:3667)
	at Ew.$acceptModelChanged (file:///usr/lib/code/out/vs/workbench/api/node/extensionHostProcess.js:531:110464)
	at i._doInvokeHandler (file:///usr/lib/code/out/vs/workbench/api/node/extensionHostProcess.js:407:110293)
	at i._invokeHandler (file:///usr/lib/code/out/vs/workbench/api/node/extensionHostProcess.js:407:110041)
	at i._receiveRequest (file:///usr/lib/code/out/vs/workbench/api/node/extensionHostProcess.js:407:108823)
	at i._receiveOneMessage (file:///usr/lib/code/out/vs/workbench/api/node/extensionHostProcess.js:407:107661)
	at up.value (file:///usr/lib/code/out/vs/workbench/api/node/extensionHostProcess.js:407:105736)
	at E._deliver (file:///usr/lib/code/out/vs/workbench/api/node/extensionHostProcess.js:403:3244)
	at E.fire (file:///usr/lib/code/out/vs/workbench/api/node/extensionHostProcess.js:403:3562)
	at ls.fire (file:///usr/lib/code/out/vs/workbench/api/node/extensionHostProcess.js:405:8437)
	at up.value (file:///usr/lib/code/out/vs/workbench/api/node/extensionHostProcess.js:806:9911)
	at E._deliver (file:///usr/lib/code/out/vs/workbench/api/node/extensionHostProcess.js:403:3244)
	at E.fire (file:///usr/lib/code/out/vs/workbench/api/node/extensionHostProcess.js:403:3562)
	at ls.fire (file:///usr/lib/code/out/vs/workbench/api/node/extensionHostProcess.js:405:8437)
	at MessagePortMain.<anonymous> (file:///usr/lib/code/out/vs/workbench/api/node/extensionHostProcess.js:806:8082)
	at MessagePortMain.emit (node:events:519:28)
	at MessagePortMain._internalPort.emit (node:electron/js2c/utility_init:2:2959)
	at Object.callbackTrampoline (node:internal/async_hooks:130:17)
