2026-05-18 01:30:31.623 [info] Python-envs extension version: 1.30.0
2026-05-18 01:30:31.623 [info] 
=== Python Envs Configuration Levels ===
2026-05-18 01:30:31.623 [info] {
  "section": "Python Envs Configuration Levels",
  "defaultEnvManager": {
    "workspaceFolderValue": "undefined",
    "workspaceValue": "undefined",
    "globalValue": "undefined",
    "defaultValue": "ms-python.python:venv"
  },
  "defaultPackageManager": {
    "workspaceFolderValue": "undefined",
    "workspaceValue": "undefined",
    "globalValue": "undefined",
    "defaultValue": "ms-python.python:pip"
  }
}
2026-05-18 01:30:31.623 [info] [pet] Starting Python Locator /home/amar/.vscode-oss/extensions/ms-python.python-2026.4.0-universal/python-env-tools/bin/pet server
2026-05-18 01:30:31.623 [info] Registering pyenv manager (environments will be discovered lazily)
2026-05-18 01:30:31.624 [info] Registering pipenv manager (environments will be discovered lazily)
2026-05-18 01:30:31.624 [info] Registering poetry manager (environments will be discovered lazily)
2026-05-18 01:30:31.624 [error] [pet] Process error: A system error occurred (spawn /home/amar/.vscode-oss/extensions/ms-python.python-2026.4.0-universal/python-env-tools/bin/pet ENOENT)
2026-05-18 01:30:31.627 [warning] [pet] Restarting Python Environment Tools (attempt 1/3, waiting 1000ms)
2026-05-18 01:30:32.648 [info] [pet] Starting Python Locator /home/amar/.vscode-oss/extensions/ms-python.python-2026.4.0-universal/python-env-tools/bin/pet server
2026-05-18 01:30:32.648 [info] [pet] Python Environment Tools restarted successfully
2026-05-18 01:30:32.654 [info] [pet] configure: Sending configuration update: {"workspaceDirectories":["/home/amar/Code"],"environmentDirectories":["/home/amar/Code/.venv","/home/amar/Code/*/.venv"],"pipenvExecutable":"pipenv","poetryExecutable":"poetry","cacheDirectory":"/home/amar/.config/Code - OSS/User/globalStorage/ms-python.vscode-python-envs/pythonLocator"}
2026-05-18 01:30:32.655 [error] [pet] Process error: A system error occurred (spawn /home/amar/.vscode-oss/extensions/ms-python.python-2026.4.0-universal/python-env-tools/bin/pet ENOENT)
2026-05-18 01:31:02.656 [warning] [pet] Configure request timed out (attempt 1/2), will retry on next request without killing process
2026-05-18 01:31:02.657 [error] [pet] Error refreshing Request 'configure' timed out after 30000ms
2026-05-18 01:31:02.657 [warning] [pet] Restarting Python Environment Tools (attempt 2/3, waiting 2000ms)
2026-05-18 01:31:02.658 [info] Conda not found, turning off conda features. [M: Request 'configure' timed out after 30000ms
	at Timeout.<anonymous> (/home/amar/.vscode-oss/extensions/ms-python.vscode-python-envs-1.30.0-universal/dist/extension.js:2:551628)
	at listOnTimeout (node:internal/timers:585:17)
	at process.processTimers (node:internal/timers:521:7)] {
  method: 'configure'
}
2026-05-18 01:31:02.660 [info] [interpreterSelection] Applying initial environment selection for 1 workspace folder(s)
2026-05-18 01:31:04.666 [info] [pet] Starting Python Locator /home/amar/.vscode-oss/extensions/ms-python.python-2026.4.0-universal/python-env-tools/bin/pet server
2026-05-18 01:31:04.666 [info] [pet] Python Environment Tools restarted successfully
2026-05-18 01:31:04.668 [info] [pet] configure: Sending configuration update: {"workspaceDirectories":["/home/amar/Code"],"environmentDirectories":["/home/amar/Code/.venv","/home/amar/Code/*/.venv"],"pipenvExecutable":"pipenv","poetryExecutable":"poetry","cacheDirectory":"/home/amar/.config/Code - OSS/User/globalStorage/ms-python.vscode-python-envs/pythonLocator"}
2026-05-18 01:31:04.669 [error] [pet] Process error: A system error occurred (spawn /home/amar/.vscode-oss/extensions/ms-python.python-2026.4.0-universal/python-env-tools/bin/pet ENOENT)
2026-05-18 01:31:34.669 [warning] [pet] Configure request timed out (attempt 1/2), will retry on next request without killing process
2026-05-18 01:31:34.670 [error] [pet] Error refreshing Request 'configure' timed out after 30000ms
2026-05-18 01:31:34.670 [error] [venv] Background initialization failed: [M: Request 'configure' timed out after 30000ms
	at Timeout.<anonymous> (/home/amar/.vscode-oss/extensions/ms-python.vscode-python-envs-1.30.0-universal/dist/extension.js:2:551628)
	at listOnTimeout (node:internal/timers:585:17)
	at process.processTimers (node:internal/timers:521:7)] {
  method: 'configure'
}
2026-05-18 01:31:34.672 [warning] [pet] Restarting Python Environment Tools (attempt 3/3, waiting 4000ms)
2026-05-18 01:31:38.680 [info] [pet] Starting Python Locator /home/amar/.vscode-oss/extensions/ms-python.python-2026.4.0-universal/python-env-tools/bin/pet server
2026-05-18 01:31:38.680 [info] [pet] Python Environment Tools restarted successfully
2026-05-18 01:31:38.682 [info] [pet] configure: Sending configuration update: {"workspaceDirectories":["/home/amar/Code"],"environmentDirectories":["/home/amar/Code/.venv","/home/amar/Code/*/.venv"],"pipenvExecutable":"pipenv","poetryExecutable":"poetry","cacheDirectory":"/home/amar/.config/Code - OSS/User/globalStorage/ms-python.vscode-python-envs/pythonLocator"}
2026-05-18 01:31:38.682 [error] [pet] Process error: A system error occurred (spawn /home/amar/.vscode-oss/extensions/ms-python.python-2026.4.0-universal/python-env-tools/bin/pet ENOENT)
2026-05-18 01:32:08.682 [warning] [pet] Configure request timed out (attempt 1/2), will retry on next request without killing process
2026-05-18 01:32:08.682 [error] [pet] Error refreshing Request 'configure' timed out after 30000ms
2026-05-18 01:32:08.684 [warning] [pet] Server mode exhausted, falling back to JSON CLI for refresh
2026-05-18 01:32:08.694 [info] [pet] JSON CLI fallback refresh: /home/amar/.vscode-oss/extensions/ms-python.python-2026.4.0-universal/python-env-tools/bin/pet find --json /home/amar/Code --cache-directory /home/amar/.config/Code - OSS/User/globalStorage/ms-python.vscode-python-envs/pythonLocator --pipenv-executable pipenv --poetry-executable poetry --environment-directories /home/amar/Code/.venv --environment-directories /home/amar/Code/*/.venv
2026-05-18 01:32:08.696 [error] [pet] JSON CLI fallback refresh failed: A system error occurred (spawn /home/amar/.vscode-oss/extensions/ms-python.python-2026.4.0-universal/python-env-tools/bin/pet ENOENT)
2026-05-18 01:32:08.698 [warning] [pet] Server mode exhausted, falling back to JSON CLI for refresh
2026-05-18 01:32:08.707 [info] [pet] JSON CLI fallback refresh: /home/amar/.vscode-oss/extensions/ms-python.python-2026.4.0-universal/python-env-tools/bin/pet find --json /home/amar/Code --cache-directory /home/amar/.config/Code - OSS/User/globalStorage/ms-python.vscode-python-envs/pythonLocator --pipenv-executable pipenv --poetry-executable poetry --environment-directories /home/amar/Code/.venv --environment-directories /home/amar/Code/*/.venv
2026-05-18 01:32:08.709 [error] [system] Background initialization failed: [Error: spawn /home/amar/.vscode-oss/extensions/ms-python.python-2026.4.0-universal/python-env-tools/bin/pet ENOENT
	at ChildProcess._handle.onexit (node:internal/child_process:285:19)
	at onErrorNT (node:internal/child_process:483:16)
	at process.processTicksAndRejections (node:internal/process/task_queues:89:21)] {
  errno: -2,
  code: 'ENOENT',
  syscall: 'spawn /home/amar/.vscode-oss/extensions/ms-python.python-2026.4.0-universal/python-env-tools/bin/pet',
  path: '/home/amar/.vscode-oss/extensions/ms-python.python-2026.4.0-universal/python-env-tools/bin/pet',
  spawnargs: [
    'find',
    '--json',
    '/home/amar/Code',
    '--cache-directory',
    '/home/amar/.config/Code - OSS/User/globalStorage/ms-python.vscode-python-envs/pythonLocator',
    '--pipenv-executable',
    'pipenv',
    '--poetry-executable',
    'poetry',
    '--environment-directories',
    '/home/amar/Code/.venv',
    '--environment-directories',
    '/home/amar/Code/*/.venv'
  ]
}
2026-05-18 01:32:08.709 [info] [SYS_GET] uri=/home/amar/Code, normalizedKey=/home/amar/Code, project=/home/amar/Code, projectKey=/home/amar/Code, mapKeys=[], directHit=false, projectHit=false, fallbackToGlobal=true, globalEnv=none
2026-05-18 01:32:08.711 [error] [pet] JSON CLI fallback refresh failed: A system error occurred (spawn /home/amar/.vscode-oss/extensions/ms-python.python-2026.4.0-universal/python-env-tools/bin/pet ENOENT)
2026-05-18 01:32:08.711 [error] [venv] Background initialization failed: [Error: spawn /home/amar/.vscode-oss/extensions/ms-python.python-2026.4.0-universal/python-env-tools/bin/pet ENOENT
	at ChildProcess._handle.onexit (node:internal/child_process:285:19)
	at onErrorNT (node:internal/child_process:483:16)
	at process.processTicksAndRejections (node:internal/process/task_queues:89:21)] {
  errno: -2,
  code: 'ENOENT',
  syscall: 'spawn /home/amar/.vscode-oss/extensions/ms-python.python-2026.4.0-universal/python-env-tools/bin/pet',
  path: '/home/amar/.vscode-oss/extensions/ms-python.python-2026.4.0-universal/python-env-tools/bin/pet',
  spawnargs: [
    'find',
    '--json',
    '/home/amar/Code',
    '--cache-directory',
    '/home/amar/.config/Code - OSS/User/globalStorage/ms-python.vscode-python-envs/pythonLocator',
    '--pipenv-executable',
    'pipenv',
    '--poetry-executable',
    'poetry',
    '--environment-directories',
    '/home/amar/Code/.venv',
    '--environment-directories',
    '/home/amar/Code/*/.venv'
  ]
}
2026-05-18 01:32:08.716 [info] [interpreterSelection] Code: none (source: autoDiscovery)
2026-05-18 01:32:08.717 [warning] [pet] Server mode exhausted, falling back to JSON CLI for refresh
2026-05-18 01:32:08.726 [info] [pet] JSON CLI fallback refresh: /home/amar/.vscode-oss/extensions/ms-python.python-2026.4.0-universal/python-env-tools/bin/pet find --json /home/amar/Code --cache-directory /home/amar/.config/Code - OSS/User/globalStorage/ms-python.vscode-python-envs/pythonLocator --pipenv-executable pipenv --poetry-executable poetry --environment-directories /home/amar/Code/.venv --environment-directories /home/amar/Code/*/.venv
2026-05-18 01:32:08.727 [error] [pet] JSON CLI fallback refresh failed: A system error occurred (spawn /home/amar/.vscode-oss/extensions/ms-python.python-2026.4.0-universal/python-env-tools/bin/pet ENOENT)
2026-05-18 01:32:08.727 [error] [interpreterSelection] Failed to set global environment: Error: spawn /home/amar/.vscode-oss/extensions/ms-python.python-2026.4.0-universal/python-env-tools/bin/pet ENOENT
2026-05-18 01:32:08.733 [warning] [pet] Server mode exhausted, falling back to JSON CLI for refresh
2026-05-18 01:32:08.742 [info] [pet] JSON CLI fallback refresh: /home/amar/.vscode-oss/extensions/ms-python.python-2026.4.0-universal/python-env-tools/bin/pet find --json /home/amar/Code --cache-directory /home/amar/.config/Code - OSS/User/globalStorage/ms-python.vscode-python-envs/pythonLocator --pipenv-executable pipenv --poetry-executable poetry --environment-directories /home/amar/Code/.venv --environment-directories /home/amar/Code/*/.venv
2026-05-18 01:32:08.742 [error] [pet] JSON CLI fallback refresh failed: A system error occurred (spawn /home/amar/.vscode-oss/extensions/ms-python.python-2026.4.0-universal/python-env-tools/bin/pet ENOENT)
2026-05-18 01:32:08.743 [error] [venv] Background initialization failed: [Error: spawn /home/amar/.vscode-oss/extensions/ms-python.python-2026.4.0-universal/python-env-tools/bin/pet ENOENT
	at ChildProcess._handle.onexit (node:internal/child_process:285:19)
	at onErrorNT (node:internal/child_process:483:16)
	at process.processTicksAndRejections (node:internal/process/task_queues:89:21)] {
  errno: -2,
  code: 'ENOENT',
  syscall: 'spawn /home/amar/.vscode-oss/extensions/ms-python.python-2026.4.0-universal/python-env-tools/bin/pet',
  path: '/home/amar/.vscode-oss/extensions/ms-python.python-2026.4.0-universal/python-env-tools/bin/pet',
  spawnargs: [
    'find',
    '--json',
    '/home/amar/Code',
    '--cache-directory',
    '/home/amar/.config/Code - OSS/User/globalStorage/ms-python.vscode-python-envs/pythonLocator',
    '--pipenv-executable',
    'pipenv',
    '--poetry-executable',
    'poetry',
    '--environment-directories',
    '/home/amar/Code/.venv',
    '--environment-directories',
    '/home/amar/Code/*/.venv'
  ]
}
2026-05-18 01:32:08.744 [warning] [pet] Server mode exhausted, falling back to JSON CLI for refresh
2026-05-18 01:32:08.751 [info] [pet] JSON CLI fallback refresh: /home/amar/.vscode-oss/extensions/ms-python.python-2026.4.0-universal/python-env-tools/bin/pet find --json /home/amar/Code --cache-directory /home/amar/.config/Code - OSS/User/globalStorage/ms-python.vscode-python-envs/pythonLocator --pipenv-executable pipenv --poetry-executable poetry --environment-directories /home/amar/Code/.venv --environment-directories /home/amar/Code/*/.venv
2026-05-18 01:32:08.752 [error] [pet] JSON CLI fallback refresh failed: A system error occurred (spawn /home/amar/.vscode-oss/extensions/ms-python.python-2026.4.0-universal/python-env-tools/bin/pet ENOENT)
2026-05-18 01:32:08.753 [error] [venv] Background initialization failed: [Error: spawn /home/amar/.vscode-oss/extensions/ms-python.python-2026.4.0-universal/python-env-tools/bin/pet ENOENT
	at ChildProcess._handle.onexit (node:internal/child_process:285:19)
	at onErrorNT (node:internal/child_process:483:16)
	at process.processTicksAndRejections (node:internal/process/task_queues:89:21)] {
  errno: -2,
  code: 'ENOENT',
  syscall: 'spawn /home/amar/.vscode-oss/extensions/ms-python.python-2026.4.0-universal/python-env-tools/bin/pet',
  path: '/home/amar/.vscode-oss/extensions/ms-python.python-2026.4.0-universal/python-env-tools/bin/pet',
  spawnargs: [
    'find',
    '--json',
    '/home/amar/Code',
    '--cache-directory',
    '/home/amar/.config/Code - OSS/User/globalStorage/ms-python.vscode-python-envs/pythonLocator',
    '--pipenv-executable',
    'pipenv',
    '--poetry-executable',
    'poetry',
    '--environment-directories',
    '/home/amar/Code/.venv',
    '--environment-directories',
    '/home/amar/Code/*/.venv'
  ]
}
2026-05-18 01:32:08.757 [warning] [pet] Server mode exhausted, falling back to JSON CLI for refresh
2026-05-18 01:32:08.766 [info] [pet] JSON CLI fallback refresh: /home/amar/.vscode-oss/extensions/ms-python.python-2026.4.0-universal/python-env-tools/bin/pet find --json /home/amar/Code --cache-directory /home/amar/.config/Code - OSS/User/globalStorage/ms-python.vscode-python-envs/pythonLocator --pipenv-executable pipenv --poetry-executable poetry --environment-directories /home/amar/Code/.venv --environment-directories /home/amar/Code/*/.venv
2026-05-18 01:32:08.767 [error] [pet] JSON CLI fallback refresh failed: A system error occurred (spawn /home/amar/.vscode-oss/extensions/ms-python.python-2026.4.0-universal/python-env-tools/bin/pet ENOENT)
2026-05-18 01:32:08.768 [error] [venv] Background initialization failed: [Error: spawn /home/amar/.vscode-oss/extensions/ms-python.python-2026.4.0-universal/python-env-tools/bin/pet ENOENT
	at ChildProcess._handle.onexit (node:internal/child_process:285:19)
	at onErrorNT (node:internal/child_process:483:16)
	at process.processTicksAndRejections (node:internal/process/task_queues:89:21)] {
  errno: -2,
  code: 'ENOENT',
  syscall: 'spawn /home/amar/.vscode-oss/extensions/ms-python.python-2026.4.0-universal/python-env-tools/bin/pet',
  path: '/home/amar/.vscode-oss/extensions/ms-python.python-2026.4.0-universal/python-env-tools/bin/pet',
  spawnargs: [
    'find',
    '--json',
    '/home/amar/Code',
    '--cache-directory',
    '/home/amar/.config/Code - OSS/User/globalStorage/ms-python.vscode-python-envs/pythonLocator',
    '--pipenv-executable',
    'pipenv',
    '--poetry-executable',
    'poetry',
    '--environment-directories',
    '/home/amar/Code/.venv',
    '--environment-directories',
    '/home/amar/Code/*/.venv'
  ]
}
2026-05-18 01:32:08.772 [warning] [pet] Server mode exhausted, falling back to JSON CLI for refresh
2026-05-18 01:32:08.780 [info] [pet] JSON CLI fallback refresh: /home/amar/.vscode-oss/extensions/ms-python.python-2026.4.0-universal/python-env-tools/bin/pet find --json /home/amar/Code --cache-directory /home/amar/.config/Code - OSS/User/globalStorage/ms-python.vscode-python-envs/pythonLocator --pipenv-executable pipenv --poetry-executable poetry --environment-directories /home/amar/Code/.venv --environment-directories /home/amar/Code/*/.venv
2026-05-18 01:32:08.781 [error] [pet] JSON CLI fallback refresh failed: A system error occurred (spawn /home/amar/.vscode-oss/extensions/ms-python.python-2026.4.0-universal/python-env-tools/bin/pet ENOENT)
2026-05-18 01:32:08.782 [error] [venv] Background initialization failed: [Error: spawn /home/amar/.vscode-oss/extensions/ms-python.python-2026.4.0-universal/python-env-tools/bin/pet ENOENT
	at ChildProcess._handle.onexit (node:internal/child_process:285:19)
	at onErrorNT (node:internal/child_process:483:16)
	at process.processTicksAndRejections (node:internal/process/task_queues:89:21)] {
  errno: -2,
  code: 'ENOENT',
  syscall: 'spawn /home/amar/.vscode-oss/extensions/ms-python.python-2026.4.0-universal/python-env-tools/bin/pet',
  path: '/home/amar/.vscode-oss/extensions/ms-python.python-2026.4.0-universal/python-env-tools/bin/pet',
  spawnargs: [
    'find',
    '--json',
    '/home/amar/Code',
    '--cache-directory',
    '/home/amar/.config/Code - OSS/User/globalStorage/ms-python.vscode-python-envs/pythonLocator',
    '--pipenv-executable',
    'pipenv',
    '--poetry-executable',
    'poetry',
    '--environment-directories',
    '/home/amar/Code/.venv',
    '--environment-directories',
    '/home/amar/Code/*/.venv'
  ]
}
2026-05-18 01:32:08.784 [warning] [pet] Server mode exhausted, falling back to JSON CLI for refresh
2026-05-18 01:32:08.792 [info] [pet] JSON CLI fallback refresh: /home/amar/.vscode-oss/extensions/ms-python.python-2026.4.0-universal/python-env-tools/bin/pet find --json /home/amar/Code --cache-directory /home/amar/.config/Code - OSS/User/globalStorage/ms-python.vscode-python-envs/pythonLocator --pipenv-executable pipenv --poetry-executable poetry --environment-directories /home/amar/Code/.venv --environment-directories /home/amar/Code/*/.venv
2026-05-18 01:32:08.793 [error] [pet] JSON CLI fallback refresh failed: A system error occurred (spawn /home/amar/.vscode-oss/extensions/ms-python.python-2026.4.0-universal/python-env-tools/bin/pet ENOENT)
2026-05-18 01:32:08.804 [info] Refreshing pyenv environments
2026-05-18 01:32:08.806 [warning] [pet] Server mode exhausted, falling back to JSON CLI for refresh
2026-05-18 01:32:08.815 [info] [pet] JSON CLI fallback refresh: /home/amar/.vscode-oss/extensions/ms-python.python-2026.4.0-universal/python-env-tools/bin/pet find --json /home/amar/Code --cache-directory /home/amar/.config/Code - OSS/User/globalStorage/ms-python.vscode-python-envs/pythonLocator --pipenv-executable pipenv --poetry-executable poetry --environment-directories /home/amar/Code/.venv --environment-directories /home/amar/Code/*/.venv
2026-05-18 01:32:08.816 [error] [pet] JSON CLI fallback refresh failed: A system error occurred (spawn /home/amar/.vscode-oss/extensions/ms-python.python-2026.4.0-universal/python-env-tools/bin/pet ENOENT)
2026-05-18 01:32:08.817 [error] Pyenv lazy initialization failed [Error: spawn /home/amar/.vscode-oss/extensions/ms-python.python-2026.4.0-universal/python-env-tools/bin/pet ENOENT
	at ChildProcess._handle.onexit (node:internal/child_process:285:19)
	at onErrorNT (node:internal/child_process:483:16)
	at process.processTicksAndRejections (node:internal/process/task_queues:89:21)] {
  errno: -2,
  code: 'ENOENT',
  syscall: 'spawn /home/amar/.vscode-oss/extensions/ms-python.python-2026.4.0-universal/python-env-tools/bin/pet',
  path: '/home/amar/.vscode-oss/extensions/ms-python.python-2026.4.0-universal/python-env-tools/bin/pet',
  spawnargs: [
    'find',
    '--json',
    '/home/amar/Code',
    '--cache-directory',
    '/home/amar/.config/Code - OSS/User/globalStorage/ms-python.vscode-python-envs/pythonLocator',
    '--pipenv-executable',
    'pipenv',
    '--poetry-executable',
    'poetry',
    '--environment-directories',
    '/home/amar/Code/.venv',
    '--environment-directories',
    '/home/amar/Code/*/.venv'
  ]
}
2026-05-18 01:32:08.823 [info] Pipenv not found via settings, cache, or PATH
2026-05-18 01:32:08.824 [info] Refreshing pipenv environments
2026-05-18 01:32:08.825 [warning] [pet] Server mode exhausted, falling back to JSON CLI for refresh
2026-05-18 01:32:08.833 [info] [pet] JSON CLI fallback refresh: /home/amar/.vscode-oss/extensions/ms-python.python-2026.4.0-universal/python-env-tools/bin/pet find --json /home/amar/Code --cache-directory /home/amar/.config/Code - OSS/User/globalStorage/ms-python.vscode-python-envs/pythonLocator --pipenv-executable pipenv --poetry-executable poetry --environment-directories /home/amar/Code/.venv --environment-directories /home/amar/Code/*/.venv
2026-05-18 01:32:08.834 [error] [pet] JSON CLI fallback refresh failed: A system error occurred (spawn /home/amar/.vscode-oss/extensions/ms-python.python-2026.4.0-universal/python-env-tools/bin/pet ENOENT)
2026-05-18 01:32:08.835 [error] Pipenv lazy initialization failed [Error: spawn /home/amar/.vscode-oss/extensions/ms-python.python-2026.4.0-universal/python-env-tools/bin/pet ENOENT
	at ChildProcess._handle.onexit (node:internal/child_process:285:19)
	at onErrorNT (node:internal/child_process:483:16)
	at process.processTicksAndRejections (node:internal/process/task_queues:89:21)] {
  errno: -2,
  code: 'ENOENT',
  syscall: 'spawn /home/amar/.vscode-oss/extensions/ms-python.python-2026.4.0-universal/python-env-tools/bin/pet',
  path: '/home/amar/.vscode-oss/extensions/ms-python.python-2026.4.0-universal/python-env-tools/bin/pet',
  spawnargs: [
    'find',
    '--json',
    '/home/amar/Code',
    '--cache-directory',
    '/home/amar/.config/Code - OSS/User/globalStorage/ms-python.vscode-python-envs/pythonLocator',
    '--pipenv-executable',
    'pipenv',
    '--poetry-executable',
    'poetry',
    '--environment-directories',
    '/home/amar/Code/.venv',
    '--environment-directories',
    '/home/amar/Code/*/.venv'
  ]
}
2026-05-18 01:32:08.844 [info] Refreshing poetry environments
2026-05-18 01:32:08.845 [warning] [pet] Server mode exhausted, falling back to JSON CLI for refresh
2026-05-18 01:32:08.853 [info] [pet] JSON CLI fallback refresh: /home/amar/.vscode-oss/extensions/ms-python.python-2026.4.0-universal/python-env-tools/bin/pet find --json /home/amar/Code --cache-directory /home/amar/.config/Code - OSS/User/globalStorage/ms-python.vscode-python-envs/pythonLocator --pipenv-executable pipenv --poetry-executable poetry --environment-directories /home/amar/Code/.venv --environment-directories /home/amar/Code/*/.venv
2026-05-18 01:32:08.854 [error] [pet] JSON CLI fallback refresh failed: A system error occurred (spawn /home/amar/.vscode-oss/extensions/ms-python.python-2026.4.0-universal/python-env-tools/bin/pet ENOENT)
2026-05-18 01:32:08.855 [error] Poetry lazy initialization failed [Error: spawn /home/amar/.vscode-oss/extensions/ms-python.python-2026.4.0-universal/python-env-tools/bin/pet ENOENT
	at ChildProcess._handle.onexit (node:internal/child_process:285:19)
	at onErrorNT (node:internal/child_process:483:16)
	at process.processTicksAndRejections (node:internal/process/task_queues:89:21)] {
  errno: -2,
  code: 'ENOENT',
  syscall: 'spawn /home/amar/.vscode-oss/extensions/ms-python.python-2026.4.0-universal/python-env-tools/bin/pet',
  path: '/home/amar/.vscode-oss/extensions/ms-python.python-2026.4.0-universal/python-env-tools/bin/pet',
  spawnargs: [
    'find',
    '--json',
    '/home/amar/Code',
    '--cache-directory',
    '/home/amar/.config/Code - OSS/User/globalStorage/ms-python.vscode-python-envs/pythonLocator',
    '--pipenv-executable',
    'pipenv',
    '--poetry-executable',
    'poetry',
    '--environment-directories',
    '/home/amar/Code/.venv',
    '--environment-directories',
    '/home/amar/Code/*/.venv'
  ]
}
2026-05-18 01:32:08.855 [warning] No Python environments were found. Try running "Python Environments: Run Python Environment Tool (PET) in Terminal..." from the Command Palette to diagnose. If environments should be detected, please report this: https://github.com/microsoft/vscode-python-environments/issues/new
