2026-05-20 14:05:46.763 [info] [main] Log level: Info
2026-05-20 14:05:46.763 [info] [main] Validating found git in: "git"
2026-05-20 14:05:46.763 [info] [main] Using git "2.54.0" from "git"
2026-05-20 14:05:46.763 [info] [Model][doInitialScan] Initial repository scan started
2026-05-20 14:05:46.763 [info] > git rev-parse --show-toplevel [21ms]
2026-05-20 14:05:46.763 [info] fatal: not a git repository (or any of the parent directories): .git
2026-05-20 14:05:46.763 [info] > git rev-parse --show-toplevel [68ms]
2026-05-20 14:05:46.851 [info] > git rev-parse --git-dir --git-common-dir --show-superproject-working-tree [394ms]
2026-05-20 14:05:47.460 [info] [Model][openRepository] Opened repository (path): /home/amar/Code/http
2026-05-20 14:05:47.461 [info] [Model][openRepository] Opened repository (real path): /home/amar/Code/http
2026-05-20 14:05:47.461 [info] [Model][openRepository] Opened repository (kind): repository
2026-05-20 14:05:47.498 [info] > git rev-parse --show-toplevel [7ms]
2026-05-20 14:05:47.498 [info] fatal: not a git repository (or any of the parent directories): .git
2026-05-20 14:05:47.500 [info] > git config --get commit.template [17ms]
2026-05-20 14:05:47.501 [info] > git config --get --local core.virtualfilesystem [28ms]
2026-05-20 14:05:47.501 [warning] [Git][config] git config failed: Failed to execute git
2026-05-20 14:05:47.557 [info] > git rev-parse --show-toplevel [43ms]
2026-05-20 14:05:47.557 [info] fatal: not a git repository (or any of the parent directories): .git
2026-05-20 14:05:47.583 [info] > git for-each-ref --format=%(refname)%00%(upstream:short)%00%(objectname)%00%(upstream:track)%00%(upstream:remotename)%00%(upstream:remoteref) refs/heads/master refs/remotes/master [60ms]
2026-05-20 14:05:47.600 [info] > git rev-parse --show-toplevel [34ms]
2026-05-20 14:05:47.664 [info] > git rev-parse --git-dir --git-common-dir --show-superproject-working-tree [24ms]
2026-05-20 14:05:47.696 [info] > git status -z -uall [19ms]
2026-05-20 14:05:47.728 [info] > git for-each-ref --sort -committerdate --format %(refname)%00%(objectname)%00%(*objectname) [40ms]
2026-05-20 14:05:47.782 [info] > git for-each-ref --format=%(refname)%00%(upstream:short)%00%(objectname)%00%(upstream:track)%00%(upstream:remotename)%00%(upstream:remoteref) refs/heads/master refs/remotes/master [31ms]
2026-05-20 14:05:47.809 [info] > git config --get --local branch.master.vscode-merge-base [19ms]
2026-05-20 14:05:47.809 [warning] [Git][config] git config failed: Failed to execute git
2026-05-20 14:05:47.818 [info] > git config --get commit.template [43ms]
2026-05-20 14:05:47.918 [info] > git reflog master --grep-reflog=branch: Created from *. [101ms]
2026-05-20 14:05:47.962 [info] [Model][openRepository] Opened repository (path): /home/amar/Code/CAN
2026-05-20 14:05:47.962 [info] [Model][openRepository] Opened repository (real path): /home/amar/Code/CAN
2026-05-20 14:05:47.962 [info] [Model][openRepository] Opened repository (kind): repository
2026-05-20 14:05:48.013 [info] > git config --get --local core.virtualfilesystem [41ms]
2026-05-20 14:05:48.013 [warning] [Git][config] git config failed: Failed to execute git
2026-05-20 14:05:48.014 [info] > git fetch [53ms]
2026-05-20 14:05:48.016 [info] > git symbolic-ref --short refs/remotes/origin/HEAD [89ms]
2026-05-20 14:05:48.058 [info] > git for-each-ref --format=%(refname)%00%(upstream:short)%00%(objectname)%00%(upstream:track)%00%(upstream:remotename)%00%(upstream:remoteref) refs/heads/origin/master refs/remotes/origin/master [36ms]
2026-05-20 14:05:48.069 [info] > git rev-parse --show-toplevel [71ms]
2026-05-20 14:05:48.069 [info] fatal: not a git repository (or any of the parent directories): .git
2026-05-20 14:05:48.070 [info] > git config --get commit.template [80ms]
2026-05-20 14:05:48.070 [info] > git for-each-ref --format=%(refname)%00%(upstream:short)%00%(objectname)%00%(upstream:track)%00%(upstream:remotename)%00%(upstream:remoteref) refs/heads/master refs/remotes/master [89ms]
2026-05-20 14:05:48.106 [info] > git check-ignore -v -z --stdin [51ms]
2026-05-20 14:05:48.107 [info] > git config --add --local branch.master.vscode-merge-base origin/master [39ms]
2026-05-20 14:05:48.108 [info] > git config --get commit.template [65ms]
2026-05-20 14:05:48.120 [info] [Git][getRemotes] No remotes found in the git config file
2026-05-20 14:05:48.134 [info] > git rev-parse --show-toplevel [30ms]
2026-05-20 14:05:48.144 [info] [Git][getRemotes] No remotes found in the git config file
2026-05-20 14:05:48.161 [info] > git config --get commit.template [29ms]
2026-05-20 14:05:48.161 [info] > git for-each-ref --format=%(refname)%00%(upstream:short)%00%(objectname)%00%(upstream:track)%00%(upstream:remotename)%00%(upstream:remoteref) refs/heads/master refs/remotes/master [41ms]
2026-05-20 14:05:48.201 [info] > git for-each-ref --format=%(refname)%00%(upstream:short)%00%(objectname)%00%(upstream:track)%00%(upstream:remotename)%00%(upstream:remoteref) refs/heads/master refs/remotes/master [31ms]
2026-05-20 14:05:48.215 [info] > git rev-parse --git-dir --git-common-dir --show-superproject-working-tree [62ms]
2026-05-20 14:05:48.215 [info] > git for-each-ref --format=%(refname)%00%(upstream:short)%00%(objectname)%00%(upstream:track)%00%(upstream:remotename)%00%(upstream:remoteref) refs/heads/master refs/remotes/master [72ms]
2026-05-20 14:05:48.233 [info] > git config --get --local branch.master.vscode-merge-base [23ms]
2026-05-20 14:05:48.234 [warning] [Git][config] git config failed: Failed to execute git
2026-05-20 14:05:48.241 [info] > git config --get commit.template [43ms]
2026-05-20 14:05:48.246 [info] > git for-each-ref --format=%(refname)%00%(upstream:short)%00%(objectname)%00%(upstream:track)%00%(upstream:remotename)%00%(upstream:remoteref) refs/heads/master refs/remotes/master [14ms]
2026-05-20 14:05:48.256 [info] [Git][getRemotes] No remotes found in the git config file
2026-05-20 14:05:48.264 [info] > git reflog master --grep-reflog=branch: Created from *. [23ms]
2026-05-20 14:05:48.268 [info] > git for-each-ref --format=%(refname)%00%(upstream:short)%00%(objectname)%00%(upstream:track)%00%(upstream:remotename)%00%(upstream:remoteref) refs/heads/master refs/remotes/master [6ms]
2026-05-20 14:05:48.291 [info] > git status -z -uall [16ms]
2026-05-20 14:05:48.309 [info] [Model][openRepository] Opened repository (path): /home/amar/Code/batcheck
2026-05-20 14:05:48.309 [info] [Model][openRepository] Opened repository (real path): /home/amar/Code/batcheck
2026-05-20 14:05:48.309 [info] [Model][openRepository] Opened repository (kind): repository
2026-05-20 14:05:48.353 [info] > git status -z -uall [26ms]
2026-05-20 14:05:48.354 [info] > git config --get --local core.virtualfilesystem [38ms]
2026-05-20 14:05:48.354 [warning] [Git][config] git config failed: Failed to execute git
2026-05-20 14:05:48.356 [info] > git for-each-ref --sort -committerdate --format %(refname)%00%(objectname)%00%(*objectname) [74ms]
2026-05-20 14:05:48.389 [info] > git rev-parse --show-toplevel [37ms]
2026-05-20 14:05:48.389 [info] > git config --get commit.template [44ms]
2026-05-20 14:05:48.390 [info] > git for-each-ref --sort -committerdate --format %(refname)%00%(objectname)%00%(*objectname) [55ms]
2026-05-20 14:05:48.436 [info] > git merge-base refs/heads/master refs/remotes/origin/master [23ms]
2026-05-20 14:05:48.446 [info] > git merge-base refs/heads/master refs/remotes/origin/master [43ms]
2026-05-20 14:05:48.469 [info] > git diff --raw --numstat --diff-filter=ADMR -z --find-renames=50% 0b6eb6b7a253c89e0ffce6da3ca6171a38da9a69...refs/remotes/origin/master -- [15ms]
2026-05-20 14:05:48.470 [info] > git diff --raw --numstat --diff-filter=ADMR -z --find-renames=50% 0b6eb6b7a253c89e0ffce6da3ca6171a38da9a69...refs/remotes/origin/master -- [24ms]
2026-05-20 14:05:48.470 [info] > git rev-parse --git-dir --git-common-dir --show-superproject-working-tree [36ms]
2026-05-20 14:05:48.477 [info] > git for-each-ref --format=%(refname)%00%(upstream:short)%00%(objectname)%00%(upstream:track)%00%(upstream:remotename)%00%(upstream:remoteref) refs/heads/master refs/remotes/master [10ms]
2026-05-20 14:05:48.503 [info] > git status -z -uall [8ms]
2026-05-20 14:05:48.513 [info] > git for-each-ref --sort -committerdate --format %(refname)%00%(objectname)%00%(*objectname) [11ms]
2026-05-20 14:05:48.560 [info] [Model][openRepository] Opened repository (path): /home/amar/Code/first-contributions
2026-05-20 14:05:48.560 [info] [Model][openRepository] Opened repository (real path): /home/amar/Code/first-contributions
2026-05-20 14:05:48.560 [info] [Model][openRepository] Opened repository (kind): repository
2026-05-20 14:05:48.610 [info] > git for-each-ref --format=%(refname)%00%(upstream:short)%00%(objectname)%00%(upstream:track)%00%(upstream:remotename)%00%(upstream:remoteref) refs/heads/master refs/remotes/master [86ms]
2026-05-20 14:05:48.704 [info] > git config --get --local branch.master.vscode-merge-base [82ms]
2026-05-20 14:05:48.714 [info] > git rev-parse --show-toplevel [106ms]
2026-05-20 14:05:48.714 [info] fatal: not a git repository (or any of the parent directories): .git
2026-05-20 14:05:48.715 [info] > git config --get commit.template [117ms]
2026-05-20 14:05:48.716 [info] > git config --get commit.template [129ms]
2026-05-20 14:05:48.716 [info] > git config --get --local core.virtualfilesystem [143ms]
2026-05-20 14:05:48.716 [warning] [Git][config] git config failed: Failed to execute git
2026-05-20 14:05:48.741 [info] > git for-each-ref --format=%(refname)%00%(upstream:short)%00%(objectname)%00%(upstream:track)%00%(upstream:remotename)%00%(upstream:remoteref) refs/heads/origin/master refs/remotes/origin/master [27ms]
2026-05-20 14:05:48.818 [info] > git merge-base refs/heads/master refs/remotes/origin/master [68ms]
2026-05-20 14:05:48.826 [info] > git rev-parse --show-toplevel [87ms]
2026-05-20 14:05:48.843 [info] > git diff --raw --numstat --diff-filter=ADMR -z --find-renames=50% 8a879742d4dac74892d24b9fae776d408c4a1750...refs/remotes/origin/master -- [17ms]
2026-05-20 14:05:48.860 [info] > git for-each-ref --format=%(refname)%00%(upstream:short)%00%(objectname)%00%(upstream:track)%00%(upstream:remotename)%00%(upstream:remoteref) refs/heads/amar refs/remotes/amar [53ms]
2026-05-20 14:05:48.861 [info] > git for-each-ref --format=%(refname)%00%(upstream:short)%00%(objectname)%00%(upstream:track)%00%(upstream:remotename)%00%(upstream:remoteref) refs/heads/master refs/remotes/master [62ms]
2026-05-20 14:05:48.862 [info] > git rev-parse --git-dir --git-common-dir --show-superproject-working-tree [21ms]
2026-05-20 14:05:48.927 [info] > git status -z -uall [25ms]
2026-05-20 14:05:48.928 [info] > git status -z -uall [10ms]
2026-05-20 14:05:48.928 [info] > git for-each-ref --sort -committerdate --format %(refname)%00%(objectname)%00%(*objectname) [18ms]
2026-05-20 14:05:48.952 [info] > git for-each-ref --sort -committerdate --format %(refname)%00%(objectname)%00%(*objectname) [26ms]
2026-05-20 14:05:48.970 [info] [Model][openRepository] Opened repository (path): /home/amar/Code/helotui
2026-05-20 14:05:48.970 [info] [Model][openRepository] Opened repository (real path): /home/amar/Code/helotui
2026-05-20 14:05:48.970 [info] [Model][openRepository] Opened repository (kind): repository
2026-05-20 14:05:48.994 [info] > git config --get --local core.virtualfilesystem [16ms]
2026-05-20 14:05:48.994 [warning] [Git][config] git config failed: Failed to execute git
2026-05-20 14:05:48.994 [info] > git fetch [25ms]
2026-05-20 14:05:48.995 [info] > git config --get commit.template [44ms]
2026-05-20 14:05:48.995 [info] > git for-each-ref --format=%(refname)%00%(upstream:short)%00%(objectname)%00%(upstream:track)%00%(upstream:remotename)%00%(upstream:remoteref) refs/heads/amar refs/remotes/amar [55ms]
2026-05-20 14:05:49.013 [info] > git config --get --local branch.amar.vscode-merge-base [11ms]
2026-05-20 14:05:49.022 [info] > git rev-parse --show-toplevel [29ms]
2026-05-20 14:05:49.022 [info] fatal: not a git repository (or any of the parent directories): .git
2026-05-20 14:05:49.022 [info] > git config --get commit.template [36ms]
2026-05-20 14:05:49.037 [info] > git config --get commit.template [25ms]
2026-05-20 14:05:49.045 [info] [Git][getRemotes] No remotes found in the git config file
2026-05-20 14:05:49.047 [info] > git for-each-ref --format=%(refname)%00%(upstream:short)%00%(objectname)%00%(upstream:track)%00%(upstream:remotename)%00%(upstream:remoteref) refs/heads/amar refs/remotes/amar [19ms]
2026-05-20 14:05:49.047 [info] > git for-each-ref --format=%(refname)%00%(upstream:short)%00%(objectname)%00%(upstream:track)%00%(upstream:remotename)%00%(upstream:remoteref) refs/heads/origin/main refs/remotes/origin/main [26ms]
2026-05-20 14:05:49.063 [info] [Git][getRemotes] No remotes found in the git config file
2026-05-20 14:05:49.065 [info] > git for-each-ref --format=%(refname)%00%(upstream:short)%00%(objectname)%00%(upstream:track)%00%(upstream:remotename)%00%(upstream:remoteref) refs/heads/master refs/remotes/master [20ms]
2026-05-20 14:05:49.066 [warning] [Git][getBranch] No such branch: master
2026-05-20 14:05:49.077 [info] > git rev-parse --show-toplevel [41ms]
2026-05-20 14:05:49.077 [info] fatal: not a git repository (or any of the parent directories): .git
2026-05-20 14:05:49.080 [info] [Model][doInitialScan] Initial repository scan completed - repositories (5), closed repositories (0), parent repositories (0), unsafe repositories (0)
2026-05-20 14:05:49.125 [info] > git show --textconv :Readme.md [34ms]
2026-05-20 14:05:49.126 [info] > git ls-files --stage -- Readme.md [25ms]
2026-05-20 14:05:49.137 [info] > git for-each-ref --format=%(refname)%00%(upstream:short)%00%(objectname)%00%(upstream:track)%00%(upstream:remotename)%00%(upstream:remoteref) refs/heads/master refs/remotes/master [63ms]
2026-05-20 14:05:49.137 [warning] [Git][getBranch] No such branch: master
2026-05-20 14:05:49.138 [error] [GitHistoryProvider][resolveHEADMergeBase] Failed to resolve merge base for master: Error: No such branch: master.
2026-05-20 14:05:49.138 [info] > git for-each-ref --format=%(refname)%00%(upstream:short)%00%(objectname)%00%(upstream:track)%00%(upstream:remotename)%00%(upstream:remoteref) refs/heads/master refs/remotes/master [75ms]
2026-05-20 14:05:49.138 [warning] [Git][getBranch] No such branch: master
2026-05-20 14:05:49.140 [info] > git merge-base refs/heads/amar refs/remotes/origin/amar [86ms]
2026-05-20 14:05:49.153 [info] > git diff --raw --numstat --diff-filter=ADMR -z --find-renames=50% 2c3c1f1979d0459a43d31f3424d0f4a2bf354246...refs/remotes/origin/amar -- [5ms]
2026-05-20 14:05:49.154 [info] > git cat-file -s 68898a0697762640e08ccb34d4569e8addc45876 [18ms]
2026-05-20 14:05:49.155 [info] > git rev-parse --show-toplevel [33ms]
2026-05-20 14:05:49.155 [info] fatal: not a git repository (or any of the parent directories): .git
2026-05-20 14:05:49.155 [info] > git config --get commit.template [42ms]
2026-05-20 14:05:49.182 [info] [Git][getRemotes] No remotes found in the git config file
2026-05-20 14:05:49.183 [info] > git status -z -uall [19ms]
2026-05-20 14:05:49.185 [info] > git for-each-ref --format=%(refname)%00%(upstream:short)%00%(objectname)%00%(upstream:track)%00%(upstream:remotename)%00%(upstream:remoteref) refs/heads/master refs/remotes/master [3ms]
2026-05-20 14:05:49.185 [warning] [Git][getBranch] No such branch: master
2026-05-20 14:05:49.202 [info] > git for-each-ref --sort -committerdate --format %(refname)%00%(objectname)%00%(*objectname) [28ms]
2026-05-20 14:05:49.212 [info] > git status -z -uall [19ms]
2026-05-20 14:05:49.212 [info] > git for-each-ref --sort -committerdate --format %(refname)%00%(objectname)%00%(*objectname) [10ms]
2026-05-20 14:05:49.234 [info] > git check-ignore -v -z --stdin [9ms]
2026-05-20 14:05:49.250 [info] > git blame --root --incremental 0b6eb6b7a253c89e0ffce6da3ca6171a38da9a69 -- Readme.md [5ms]
2026-05-20 14:05:49.532 [info] > git check-ignore -v -z --stdin [3ms]
2026-05-20 14:05:49.691 [info] > git check-ignore -v -z --stdin [31ms]
2026-05-20 14:05:49.692 [info] > git check-ignore -v -z --stdin [25ms]
2026-05-20 14:05:49.693 [info] > git check-ignore -v -z --stdin [19ms]
2026-05-20 14:05:49.693 [info] > git check-ignore -v -z --stdin [12ms]
2026-05-20 14:05:49.693 [info] > git check-ignore -v -z --stdin [4ms]
2026-05-20 14:05:50.292 [info] > git ls-files --stage -- Readme.md [3ms]
2026-05-20 14:05:50.302 [info] > git cat-file -s 68898a0697762640e08ccb34d4569e8addc45876 [3ms]
2026-05-20 14:05:50.314 [info] > git show --textconv :Readme.md [2ms]
2026-05-20 14:05:51.530 [info] > git fetch [4071ms]
2026-05-20 14:05:51.551 [info] > git config --get commit.template [9ms]
2026-05-20 14:05:51.552 [info] > git for-each-ref --format=%(refname)%00%(upstream:short)%00%(objectname)%00%(upstream:track)%00%(upstream:remotename)%00%(upstream:remoteref) refs/heads/master refs/remotes/master [2ms]
2026-05-20 14:05:51.567 [info] > git status -z -uall [8ms]
2026-05-20 14:05:51.569 [info] > git for-each-ref --sort -committerdate --format %(refname)%00%(objectname)%00%(*objectname) [3ms]
2026-05-20 14:05:52.461 [info] > git ls-files --stage -- Readme.md [2ms]
2026-05-20 14:05:52.472 [info] > git cat-file -s 68898a0697762640e08ccb34d4569e8addc45876 [4ms]
2026-05-20 14:05:52.486 [info] > git show --textconv :Readme.md [3ms]
2026-05-20 14:05:54.247 [info] > git fetch [5688ms]
2026-05-20 14:05:54.256 [info] > git fetch [5947ms]
2026-05-20 14:05:54.264 [info] > git config --get commit.template [8ms]
2026-05-20 14:05:54.272 [info] > git config --get commit.template [9ms]
2026-05-20 14:05:54.279 [info] > git for-each-ref --format=%(refname)%00%(upstream:short)%00%(objectname)%00%(upstream:track)%00%(upstream:remotename)%00%(upstream:remoteref) refs/heads/amar refs/remotes/amar [8ms]
2026-05-20 14:05:54.280 [info] > git for-each-ref --format=%(refname)%00%(upstream:short)%00%(objectname)%00%(upstream:track)%00%(upstream:remotename)%00%(upstream:remoteref) refs/heads/master refs/remotes/master [2ms]
2026-05-20 14:05:54.296 [info] > git status -z -uall [9ms]
2026-05-20 14:05:54.312 [info] > git status -z -uall [8ms]
2026-05-20 14:05:54.313 [info] > git for-each-ref --sort -committerdate --format %(refname)%00%(objectname)%00%(*objectname) [18ms]
2026-05-20 14:05:54.316 [info] > git for-each-ref --sort -committerdate --format %(refname)%00%(objectname)%00%(*objectname) [5ms]
2026-05-20 14:06:17.103 [info] > git rev-parse --show-toplevel [3ms]
2026-05-20 14:06:17.103 [info] fatal: not a git repository (or any of the parent directories): .git
2026-05-20 14:06:58.571 [info] > git rev-parse --show-toplevel [4ms]
2026-05-20 14:06:58.571 [info] fatal: not a git repository (or any of the parent directories): .git
2026-05-20 14:07:02.133 [info] > git rev-parse --show-toplevel [5ms]
2026-05-20 14:07:02.133 [info] fatal: not a git repository (or any of the parent directories): .git
2026-05-20 14:07:21.901 [info] > git rev-parse --show-toplevel [3ms]
2026-05-20 14:07:21.901 [info] fatal: not a git repository (or any of the parent directories): .git
2026-05-20 14:08:11.424 [info] > git rev-parse --show-toplevel [9ms]
2026-05-20 14:08:11.424 [info] fatal: not a git repository (or any of the parent directories): .git
2026-05-20 14:08:48.233 [info] > git fetch [6ms]
2026-05-20 14:08:48.251 [info] [Git][getRemotes] No remotes found in the git config file
2026-05-20 14:08:48.253 [info] > git config --get commit.template [12ms]
2026-05-20 14:08:48.254 [info] > git for-each-ref --format=%(refname)%00%(upstream:short)%00%(objectname)%00%(upstream:track)%00%(upstream:remotename)%00%(upstream:remoteref) refs/heads/master refs/remotes/master [3ms]
2026-05-20 14:08:48.273 [info] > git status -z -uall [10ms]
2026-05-20 14:08:48.276 [info] > git for-each-ref --sort -committerdate --format %(refname)%00%(objectname)%00%(*objectname) [4ms]
2026-05-20 14:08:49.159 [info] > git fetch [7ms]
2026-05-20 14:08:49.168 [info] [Git][getRemotes] No remotes found in the git config file
2026-05-20 14:08:49.175 [info] > git config --get commit.template [8ms]
2026-05-20 14:08:49.177 [info] > git for-each-ref --format=%(refname)%00%(upstream:short)%00%(objectname)%00%(upstream:track)%00%(upstream:remotename)%00%(upstream:remoteref) refs/heads/master refs/remotes/master [3ms]
2026-05-20 14:08:49.177 [warning] [Git][getBranch] No such branch: master
2026-05-20 14:08:49.192 [info] > git status -z -uall [7ms]
2026-05-20 14:08:49.193 [info] > git for-each-ref --sort -committerdate --format %(refname)%00%(objectname)%00%(*objectname) [2ms]
2026-05-20 14:08:49.324 [info] > git config --get commit.template [2ms]
2026-05-20 14:08:49.333 [info] [Git][getRemotes] No remotes found in the git config file
2026-05-20 14:08:49.335 [info] > git for-each-ref --format=%(refname)%00%(upstream:short)%00%(objectname)%00%(upstream:track)%00%(upstream:remotename)%00%(upstream:remoteref) refs/heads/master refs/remotes/master [2ms]
2026-05-20 14:08:49.356 [info] > git status -z -uall [12ms]
2026-05-20 14:08:49.357 [info] > git for-each-ref --sort -committerdate --format %(refname)%00%(objectname)%00%(*objectname) [5ms]
2026-05-20 14:08:50.250 [info] [Git][getRemotes] No remotes found in the git config file
2026-05-20 14:08:50.251 [info] > git config --get commit.template [8ms]
2026-05-20 14:08:50.252 [info] > git for-each-ref --format=%(refname)%00%(upstream:short)%00%(objectname)%00%(upstream:track)%00%(upstream:remotename)%00%(upstream:remoteref) refs/heads/master refs/remotes/master [2ms]
2026-05-20 14:08:50.252 [warning] [Git][getBranch] No such branch: master
2026-05-20 14:08:50.266 [info] > git status -z -uall [7ms]
2026-05-20 14:08:50.268 [info] > git for-each-ref --sort -committerdate --format %(refname)%00%(objectname)%00%(*objectname) [2ms]
2026-05-20 14:09:00.109 [info] > git fetch [8523ms]
2026-05-20 14:09:00.131 [info] > git config --get commit.template [14ms]
2026-05-20 14:09:00.133 [info] > git for-each-ref --format=%(refname)%00%(upstream:short)%00%(objectname)%00%(upstream:track)%00%(upstream:remotename)%00%(upstream:remoteref) refs/heads/master refs/remotes/master [5ms]
2026-05-20 14:09:00.155 [info] > git status -z -uall [12ms]
2026-05-20 14:09:00.160 [info] > git for-each-ref --sort -committerdate --format %(refname)%00%(objectname)%00%(*objectname) [6ms]
2026-05-20 14:09:54.319 [info] > git fetch [9423ms]
2026-05-20 14:09:54.328 [info] > git fetch [9418ms]
2026-05-20 14:09:54.337 [info] > git config --get commit.template [10ms]
2026-05-20 14:09:54.353 [info] > git config --get commit.template [17ms]
2026-05-20 14:09:54.354 [info] > git for-each-ref --format=%(refname)%00%(upstream:short)%00%(objectname)%00%(upstream:track)%00%(upstream:remotename)%00%(upstream:remoteref) refs/heads/amar refs/remotes/amar [10ms]
2026-05-20 14:09:54.355 [info] > git for-each-ref --format=%(refname)%00%(upstream:short)%00%(objectname)%00%(upstream:track)%00%(upstream:remotename)%00%(upstream:remoteref) refs/heads/master refs/remotes/master [2ms]
2026-05-20 14:09:54.383 [info] > git status -z -uall [21ms]
2026-05-20 14:09:54.383 [info] > git status -z -uall [7ms]
2026-05-20 14:09:54.385 [info] > git for-each-ref --sort -committerdate --format %(refname)%00%(objectname)%00%(*objectname) [16ms]
2026-05-20 14:09:54.388 [info] > git for-each-ref --sort -committerdate --format %(refname)%00%(objectname)%00%(*objectname) [5ms]
2026-05-20 14:11:48.297 [info] > git fetch [7ms]
2026-05-20 14:11:48.317 [info] [Git][getRemotes] No remotes found in the git config file
2026-05-20 14:11:48.318 [info] > git config --get commit.template [9ms]
2026-05-20 14:11:48.319 [info] > git for-each-ref --format=%(refname)%00%(upstream:short)%00%(objectname)%00%(upstream:track)%00%(upstream:remotename)%00%(upstream:remoteref) refs/heads/master refs/remotes/master [3ms]
2026-05-20 14:11:48.334 [info] > git status -z -uall [8ms]
2026-05-20 14:11:48.336 [info] > git for-each-ref --sort -committerdate --format %(refname)%00%(objectname)%00%(*objectname) [3ms]
2026-05-20 14:11:49.212 [info] > git fetch [8ms]
2026-05-20 14:11:49.221 [info] [Git][getRemotes] No remotes found in the git config file
2026-05-20 14:11:49.228 [info] > git config --get commit.template [8ms]
2026-05-20 14:11:49.229 [info] > git for-each-ref --format=%(refname)%00%(upstream:short)%00%(objectname)%00%(upstream:track)%00%(upstream:remotename)%00%(upstream:remoteref) refs/heads/master refs/remotes/master [2ms]
2026-05-20 14:11:49.229 [warning] [Git][getBranch] No such branch: master
2026-05-20 14:11:49.245 [info] > git status -z -uall [9ms]
2026-05-20 14:11:49.246 [info] > git for-each-ref --sort -committerdate --format %(refname)%00%(objectname)%00%(*objectname) [3ms]
2026-05-20 14:11:49.389 [info] [Git][getRemotes] No remotes found in the git config file
2026-05-20 14:11:49.398 [info] > git config --get commit.template [11ms]
2026-05-20 14:11:49.399 [info] > git for-each-ref --format=%(refname)%00%(upstream:short)%00%(objectname)%00%(upstream:track)%00%(upstream:remotename)%00%(upstream:remoteref) refs/heads/master refs/remotes/master [2ms]
2026-05-20 14:11:49.415 [info] > git status -z -uall [9ms]
2026-05-20 14:11:49.417 [info] > git for-each-ref --sort -committerdate --format %(refname)%00%(objectname)%00%(*objectname) [3ms]
2026-05-20 14:11:50.303 [info] [Git][getRemotes] No remotes found in the git config file
2026-05-20 14:11:50.304 [info] > git config --get commit.template [9ms]
2026-05-20 14:11:50.306 [info] > git for-each-ref --format=%(refname)%00%(upstream:short)%00%(objectname)%00%(upstream:track)%00%(upstream:remotename)%00%(upstream:remoteref) refs/heads/master refs/remotes/master [3ms]
2026-05-20 14:11:50.306 [warning] [Git][getBranch] No such branch: master
2026-05-20 14:11:50.322 [info] > git status -z -uall [9ms]
2026-05-20 14:11:50.324 [info] > git for-each-ref --sort -committerdate --format %(refname)%00%(objectname)%00%(*objectname) [3ms]
2026-05-20 14:12:08.299 [info] > git fetch [8122ms]
2026-05-20 14:12:08.310 [info] > git config --get commit.template [3ms]
2026-05-20 14:12:08.318 [info] > git for-each-ref --format=%(refname)%00%(upstream:short)%00%(objectname)%00%(upstream:track)%00%(upstream:remotename)%00%(upstream:remoteref) refs/heads/master refs/remotes/master [1ms]
2026-05-20 14:12:08.334 [info] > git status -z -uall [9ms]
2026-05-20 14:12:08.336 [info] > git for-each-ref --sort -committerdate --format %(refname)%00%(objectname)%00%(*objectname) [3ms]
2026-05-20 14:13:04.087 [info] > git fetch [9689ms]
2026-05-20 14:13:04.089 [info] > git fetch [9683ms]
2026-05-20 14:13:04.110 [info] > git config --get commit.template [11ms]
2026-05-20 14:13:04.127 [info] > git for-each-ref --format=%(refname)%00%(upstream:short)%00%(objectname)%00%(upstream:track)%00%(upstream:remotename)%00%(upstream:remoteref) refs/heads/amar refs/remotes/amar [9ms]
2026-05-20 14:13:04.128 [info] > git config --get commit.template [18ms]
2026-05-20 14:13:04.144 [info] > git for-each-ref --format=%(refname)%00%(upstream:short)%00%(objectname)%00%(upstream:track)%00%(upstream:remotename)%00%(upstream:remoteref) refs/heads/master refs/remotes/master [19ms]
2026-05-20 14:13:04.145 [info] > git status -z -uall [9ms]
2026-05-20 14:13:04.149 [info] > git for-each-ref --sort -committerdate --format %(refname)%00%(objectname)%00%(*objectname) [6ms]
2026-05-20 14:13:04.173 [info] > git status -z -uall [8ms]
2026-05-20 14:13:04.176 [info] > git for-each-ref --sort -committerdate --format %(refname)%00%(objectname)%00%(*objectname) [5ms]
2026-05-20 14:14:48.641 [info] > git fetch [9ms]
2026-05-20 14:14:48.664 [info] [Git][getRemotes] No remotes found in the git config file
2026-05-20 14:14:48.665 [info] > git config --get commit.template [11ms]
2026-05-20 14:14:48.667 [info] > git for-each-ref --format=%(refname)%00%(upstream:short)%00%(objectname)%00%(upstream:track)%00%(upstream:remotename)%00%(upstream:remoteref) refs/heads/master refs/remotes/master [3ms]
2026-05-20 14:14:48.684 [info] > git status -z -uall [9ms]
2026-05-20 14:14:48.685 [info] > git for-each-ref --sort -committerdate --format %(refname)%00%(objectname)%00%(*objectname) [4ms]
2026-05-20 14:14:49.265 [info] > git fetch [8ms]
2026-05-20 14:14:49.281 [info] [Git][getRemotes] No remotes found in the git config file
2026-05-20 14:14:49.282 [info] > git config --get commit.template [9ms]
2026-05-20 14:14:49.283 [info] > git for-each-ref --format=%(refname)%00%(upstream:short)%00%(objectname)%00%(upstream:track)%00%(upstream:remotename)%00%(upstream:remoteref) refs/heads/master refs/remotes/master [2ms]
2026-05-20 14:14:49.283 [warning] [Git][getBranch] No such branch: master
2026-05-20 14:14:49.301 [info] > git status -z -uall [10ms]
2026-05-20 14:14:49.302 [info] > git for-each-ref --sort -committerdate --format %(refname)%00%(objectname)%00%(*objectname) [3ms]
2026-05-20 14:14:49.725 [info] [Git][getRemotes] No remotes found in the git config file
2026-05-20 14:14:49.732 [info] > git config --get commit.template [9ms]
2026-05-20 14:14:49.734 [info] > git for-each-ref --format=%(refname)%00%(upstream:short)%00%(objectname)%00%(upstream:track)%00%(upstream:remotename)%00%(upstream:remoteref) refs/heads/master refs/remotes/master [3ms]
2026-05-20 14:14:49.751 [info] > git status -z -uall [11ms]
2026-05-20 14:14:49.753 [info] > git for-each-ref --sort -committerdate --format %(refname)%00%(objectname)%00%(*objectname) [3ms]
2026-05-20 14:14:50.350 [info] [Git][getRemotes] No remotes found in the git config file
2026-05-20 14:14:50.356 [info] > git config --get commit.template [8ms]
2026-05-20 14:14:50.357 [info] > git for-each-ref --format=%(refname)%00%(upstream:short)%00%(objectname)%00%(upstream:track)%00%(upstream:remotename)%00%(upstream:remoteref) refs/heads/master refs/remotes/master [2ms]
2026-05-20 14:14:50.357 [warning] [Git][getBranch] No such branch: master
2026-05-20 14:14:50.373 [info] > git status -z -uall [9ms]
2026-05-20 14:14:50.374 [info] > git for-each-ref --sort -committerdate --format %(refname)%00%(objectname)%00%(*objectname) [3ms]
2026-05-20 14:15:18.354 [info] > git fetch [5286ms]
2026-05-20 14:15:18.375 [info] > git config --get commit.template [11ms]
2026-05-20 14:15:18.377 [info] > git for-each-ref --format=%(refname)%00%(upstream:short)%00%(objectname)%00%(upstream:track)%00%(upstream:remotename)%00%(upstream:remoteref) refs/heads/master refs/remotes/master [3ms]
2026-05-20 14:15:18.398 [info] > git status -z -uall [12ms]
2026-05-20 14:15:18.402 [info] > git for-each-ref --sort -committerdate --format %(refname)%00%(objectname)%00%(*objectname) [5ms]
2026-05-20 14:16:09.338 [info] > git fetch [5174ms]
2026-05-20 14:16:09.351 [info] > git config --get commit.template [1ms]
2026-05-20 14:16:09.363 [info] > git for-each-ref --format=%(refname)%00%(upstream:short)%00%(objectname)%00%(upstream:track)%00%(upstream:remotename)%00%(upstream:remoteref) refs/heads/amar refs/remotes/amar [3ms]
2026-05-20 14:16:09.380 [info] > git status -z -uall [8ms]
2026-05-20 14:16:09.383 [info] > git for-each-ref --sort -committerdate --format %(refname)%00%(objectname)%00%(*objectname) [4ms]
2026-05-20 14:16:09.719 [info] > git fetch [5530ms]
2026-05-20 14:16:09.742 [info] > git config --get commit.template [12ms]
2026-05-20 14:16:09.744 [info] > git for-each-ref --format=%(refname)%00%(upstream:short)%00%(objectname)%00%(upstream:track)%00%(upstream:remotename)%00%(upstream:remoteref) refs/heads/master refs/remotes/master [4ms]
2026-05-20 14:16:09.762 [info] > git status -z -uall [9ms]
2026-05-20 14:16:09.765 [info] > git for-each-ref --sort -committerdate --format %(refname)%00%(objectname)%00%(*objectname) [4ms]
2026-05-20 14:18:19.457 [info] > git fetch [14ms]
2026-05-20 14:18:19.459 [info] > git fetch [28ms]
2026-05-20 14:18:19.479 [info] > git config --get commit.template [11ms]
2026-05-20 14:18:19.480 [info] > git config --get commit.template [3ms]
2026-05-20 14:18:19.487 [info] [Git][getRemotes] No remotes found in the git config file
2026-05-20 14:18:19.495 [info] [Git][getRemotes] No remotes found in the git config file
2026-05-20 14:18:19.497 [info] > git for-each-ref --format=%(refname)%00%(upstream:short)%00%(objectname)%00%(upstream:track)%00%(upstream:remotename)%00%(upstream:remoteref) refs/heads/master refs/remotes/master [10ms]
2026-05-20 14:18:19.497 [warning] [Git][getBranch] No such branch: master
2026-05-20 14:18:19.514 [info] > git status -z -uall [9ms]
2026-05-20 14:18:19.515 [info] > git for-each-ref --format=%(refname)%00%(upstream:short)%00%(objectname)%00%(upstream:track)%00%(upstream:remotename)%00%(upstream:remoteref) refs/heads/master refs/remotes/master [20ms]
2026-05-20 14:18:19.531 [info] > git status -z -uall [10ms]
2026-05-20 14:18:19.531 [info] > git for-each-ref --sort -committerdate --format %(refname)%00%(objectname)%00%(*objectname) [18ms]
2026-05-20 14:18:19.534 [info] > git for-each-ref --sort -committerdate --format %(refname)%00%(objectname)%00%(*objectname) [5ms]
2026-05-20 14:18:24.460 [info] > git fetch [5005ms]
2026-05-20 14:18:24.483 [info] > git config --get commit.template [12ms]
2026-05-20 14:18:24.484 [info] > git for-each-ref --format=%(refname)%00%(upstream:short)%00%(objectname)%00%(upstream:track)%00%(upstream:remotename)%00%(upstream:remoteref) refs/heads/master refs/remotes/master [3ms]
2026-05-20 14:18:24.500 [info] > git status -z -uall [8ms]
2026-05-20 14:18:24.503 [info] > git for-each-ref --sort -committerdate --format %(refname)%00%(objectname)%00%(*objectname) [4ms]
2026-05-20 14:19:29.172 [info] > git fetch [5027ms]
2026-05-20 14:19:29.183 [info] > git fetch [5048ms]
2026-05-20 14:19:29.192 [info] > git config --get commit.template [9ms]
2026-05-20 14:19:29.207 [info] > git config --get commit.template [16ms]
2026-05-20 14:19:29.209 [info] > git for-each-ref --format=%(refname)%00%(upstream:short)%00%(objectname)%00%(upstream:track)%00%(upstream:remotename)%00%(upstream:remoteref) refs/heads/master refs/remotes/master [11ms]
2026-05-20 14:19:29.211 [info] > git for-each-ref --format=%(refname)%00%(upstream:short)%00%(objectname)%00%(upstream:track)%00%(upstream:remotename)%00%(upstream:remoteref) refs/heads/amar refs/remotes/amar [5ms]
2026-05-20 14:19:29.227 [info] > git status -z -uall [8ms]
2026-05-20 14:19:29.243 [info] > git for-each-ref --sort -committerdate --format %(refname)%00%(objectname)%00%(*objectname) [17ms]
2026-05-20 14:19:29.246 [info] > git status -z -uall [11ms]
2026-05-20 14:19:29.247 [info] > git for-each-ref --sort -committerdate --format %(refname)%00%(objectname)%00%(*objectname) [5ms]
2026-05-20 14:21:58.076 [info] > git fetch [15ms]
2026-05-20 14:21:58.078 [info] > git fetch [29ms]
2026-05-20 14:21:58.104 [info] > git config --get commit.template [14ms]
2026-05-20 14:21:58.105 [info] > git config --get commit.template [4ms]
2026-05-20 14:21:58.113 [info] [Git][getRemotes] No remotes found in the git config file
2026-05-20 14:21:58.121 [info] [Git][getRemotes] No remotes found in the git config file
2026-05-20 14:21:58.122 [info] > git for-each-ref --format=%(refname)%00%(upstream:short)%00%(objectname)%00%(upstream:track)%00%(upstream:remotename)%00%(upstream:remoteref) refs/heads/master refs/remotes/master [9ms]
2026-05-20 14:21:58.147 [info] > git status -z -uall [14ms]
2026-05-20 14:21:58.147 [info] > git for-each-ref --sort -committerdate --format %(refname)%00%(objectname)%00%(*objectname) [4ms]
2026-05-20 14:21:58.150 [info] > git for-each-ref --format=%(refname)%00%(upstream:short)%00%(objectname)%00%(upstream:track)%00%(upstream:remotename)%00%(upstream:remoteref) refs/heads/master refs/remotes/master [29ms]
2026-05-20 14:21:58.150 [warning] [Git][getBranch] No such branch: master
2026-05-20 14:21:58.169 [info] > git status -z -uall [12ms]
2026-05-20 14:21:58.171 [info] > git for-each-ref --sort -committerdate --format %(refname)%00%(objectname)%00%(*objectname) [5ms]
2026-05-20 14:22:03.160 [info] > git fetch [5088ms]
2026-05-20 14:22:03.179 [info] > git config --get commit.template [11ms]
2026-05-20 14:22:03.181 [info] > git for-each-ref --format=%(refname)%00%(upstream:short)%00%(objectname)%00%(upstream:track)%00%(upstream:remotename)%00%(upstream:remoteref) refs/heads/master refs/remotes/master [3ms]
2026-05-20 14:22:03.197 [info] > git status -z -uall [8ms]
2026-05-20 14:22:03.200 [info] > git for-each-ref --sort -committerdate --format %(refname)%00%(objectname)%00%(*objectname) [4ms]
2026-05-20 14:22:34.083 [info] > git fetch [4820ms]
2026-05-20 14:22:34.084 [info] > git fetch [4829ms]
2026-05-20 14:22:34.104 [info] > git config --get commit.template [10ms]
2026-05-20 14:22:34.106 [info] > git config --get commit.template [3ms]
2026-05-20 14:22:34.122 [info] > git for-each-ref --format=%(refname)%00%(upstream:short)%00%(objectname)%00%(upstream:track)%00%(upstream:remotename)%00%(upstream:remoteref) refs/heads/amar refs/remotes/amar [9ms]
2026-05-20 14:22:34.141 [info] > git for-each-ref --format=%(refname)%00%(upstream:short)%00%(objectname)%00%(upstream:track)%00%(upstream:remotename)%00%(upstream:remoteref) refs/heads/master refs/remotes/master [21ms]
2026-05-20 14:22:34.142 [info] > git status -z -uall [9ms]
2026-05-20 14:22:34.162 [info] > git status -z -uall [10ms]
2026-05-20 14:22:34.163 [info] > git for-each-ref --sort -committerdate --format %(refname)%00%(objectname)%00%(*objectname) [23ms]
2026-05-20 14:22:34.166 [info] > git for-each-ref --sort -committerdate --format %(refname)%00%(objectname)%00%(*objectname) [5ms]
2026-05-20 14:25:15.695 [info] > git fetch [14ms]
2026-05-20 14:25:15.697 [info] > git fetch [29ms]
2026-05-20 14:25:15.724 [info] > git config --get commit.template [4ms]
2026-05-20 14:25:15.725 [info] > git config --get commit.template [14ms]
2026-05-20 14:25:15.735 [info] [Git][getRemotes] No remotes found in the git config file
2026-05-20 14:25:15.742 [info] [Git][getRemotes] No remotes found in the git config file
2026-05-20 14:25:15.743 [info] > git for-each-ref --format=%(refname)%00%(upstream:short)%00%(objectname)%00%(upstream:track)%00%(upstream:remotename)%00%(upstream:remoteref) refs/heads/master refs/remotes/master [9ms]
2026-05-20 14:25:15.743 [warning] [Git][getBranch] No such branch: master
2026-05-20 14:25:15.759 [info] > git status -z -uall [9ms]
2026-05-20 14:25:15.760 [info] > git for-each-ref --format=%(refname)%00%(upstream:short)%00%(objectname)%00%(upstream:track)%00%(upstream:remotename)%00%(upstream:remoteref) refs/heads/master refs/remotes/master [18ms]
2026-05-20 14:25:15.777 [info] > git status -z -uall [9ms]
2026-05-20 14:25:15.777 [info] > git for-each-ref --sort -committerdate --format %(refname)%00%(objectname)%00%(*objectname) [20ms]
2026-05-20 14:25:15.781 [info] > git for-each-ref --sort -committerdate --format %(refname)%00%(objectname)%00%(*objectname) [4ms]
2026-05-20 14:25:21.178 [info] > git fetch [5485ms]
2026-05-20 14:25:21.200 [info] > git config --get commit.template [11ms]
2026-05-20 14:25:21.202 [info] > git for-each-ref --format=%(refname)%00%(upstream:short)%00%(objectname)%00%(upstream:track)%00%(upstream:remotename)%00%(upstream:remoteref) refs/heads/master refs/remotes/master [4ms]
2026-05-20 14:25:21.224 [info] > git status -z -uall [11ms]
2026-05-20 14:25:21.226 [info] > git for-each-ref --sort -committerdate --format %(refname)%00%(objectname)%00%(*objectname) [4ms]
2026-05-20 14:25:38.989 [info] > git fetch [4802ms]
2026-05-20 14:25:39.002 [info] > git fetch [4824ms]
2026-05-20 14:25:39.015 [info] > git config --get commit.template [15ms]
2026-05-20 14:25:39.026 [info] > git config --get commit.template [13ms]
2026-05-20 14:25:39.038 [info] > git for-each-ref --format=%(refname)%00%(upstream:short)%00%(objectname)%00%(upstream:track)%00%(upstream:remotename)%00%(upstream:remoteref) refs/heads/master refs/remotes/master [13ms]
2026-05-20 14:25:39.057 [info] > git status -z -uall [11ms]
2026-05-20 14:25:39.058 [info] > git for-each-ref --format=%(refname)%00%(upstream:short)%00%(objectname)%00%(upstream:track)%00%(upstream:remotename)%00%(upstream:remoteref) refs/heads/amar refs/remotes/amar [21ms]
2026-05-20 14:25:39.060 [info] > git for-each-ref --sort -committerdate --format %(refname)%00%(objectname)%00%(*objectname) [4ms]
2026-05-20 14:25:39.090 [info] > git status -z -uall [13ms]
2026-05-20 14:25:39.093 [info] > git for-each-ref --sort -committerdate --format %(refname)%00%(objectname)%00%(*objectname) [6ms]
2026-05-20 14:28:15.798 [info] > git fetch [9ms]
2026-05-20 14:28:15.807 [info] > git fetch [10ms]
2026-05-20 14:28:15.821 [info] [Git][getRemotes] No remotes found in the git config file
2026-05-20 14:28:15.823 [info] > git config --get commit.template [17ms]
2026-05-20 14:28:15.824 [info] > git for-each-ref --format=%(refname)%00%(upstream:short)%00%(objectname)%00%(upstream:track)%00%(upstream:remotename)%00%(upstream:remoteref) refs/heads/master refs/remotes/master [3ms]
2026-05-20 14:28:15.824 [warning] [Git][getBranch] No such branch: master
2026-05-20 14:28:15.840 [info] > git config --get commit.template [25ms]
2026-05-20 14:28:15.847 [info] [Git][getRemotes] No remotes found in the git config file
2026-05-20 14:28:15.848 [info] > git status -z -uall [16ms]
2026-05-20 14:28:15.849 [info] > git for-each-ref --sort -committerdate --format %(refname)%00%(objectname)%00%(*objectname) [10ms]
2026-05-20 14:28:15.852 [info] > git for-each-ref --format=%(refname)%00%(upstream:short)%00%(objectname)%00%(upstream:track)%00%(upstream:remotename)%00%(upstream:remoteref) refs/heads/master refs/remotes/master [5ms]
2026-05-20 14:28:15.870 [info] > git status -z -uall [10ms]
2026-05-20 14:28:15.874 [info] > git for-each-ref --sort -committerdate --format %(refname)%00%(objectname)%00%(*objectname) [5ms]
2026-05-20 14:28:16.888 [info] > git config --get commit.template [2ms]
2026-05-20 14:28:16.898 [info] [Git][getRemotes] No remotes found in the git config file
2026-05-20 14:28:16.900 [info] > git for-each-ref --format=%(refname)%00%(upstream:short)%00%(objectname)%00%(upstream:track)%00%(upstream:remotename)%00%(upstream:remoteref) refs/heads/master refs/remotes/master [2ms]
2026-05-20 14:28:16.900 [warning] [Git][getBranch] No such branch: master
2026-05-20 14:28:16.917 [info] > git status -z -uall [8ms]
2026-05-20 14:28:16.919 [info] > git for-each-ref --sort -committerdate --format %(refname)%00%(objectname)%00%(*objectname) [2ms]
2026-05-20 14:28:26.292 [info] > git fetch [5050ms]
2026-05-20 14:28:26.312 [info] > git config --get commit.template [9ms]
2026-05-20 14:28:26.314 [info] > git for-each-ref --format=%(refname)%00%(upstream:short)%00%(objectname)%00%(upstream:track)%00%(upstream:remotename)%00%(upstream:remoteref) refs/heads/master refs/remotes/master [3ms]
2026-05-20 14:28:26.332 [info] > git status -z -uall [8ms]
2026-05-20 14:28:26.334 [info] > git for-each-ref --sort -committerdate --format %(refname)%00%(objectname)%00%(*objectname) [3ms]
2026-05-20 14:29:03.078 [info] > git fetch [5194ms]
2026-05-20 14:29:03.089 [info] > git fetch [5193ms]
2026-05-20 14:29:03.097 [info] > git config --get commit.template [9ms]
2026-05-20 14:29:03.105 [info] > git config --get commit.template [8ms]
2026-05-20 14:29:03.113 [info] > git for-each-ref --format=%(refname)%00%(upstream:short)%00%(objectname)%00%(upstream:track)%00%(upstream:remotename)%00%(upstream:remoteref) refs/heads/master refs/remotes/master [9ms]
2026-05-20 14:29:03.127 [info] > git status -z -uall [8ms]
2026-05-20 14:29:03.128 [info] > git for-each-ref --format=%(refname)%00%(upstream:short)%00%(objectname)%00%(upstream:track)%00%(upstream:remotename)%00%(upstream:remoteref) refs/heads/amar refs/remotes/amar [17ms]
2026-05-20 14:29:03.144 [info] > git status -z -uall [9ms]
2026-05-20 14:29:03.144 [info] > git for-each-ref --sort -committerdate --format %(refname)%00%(objectname)%00%(*objectname) [18ms]
2026-05-20 14:29:03.149 [info] > git for-each-ref --sort -committerdate --format %(refname)%00%(objectname)%00%(*objectname) [6ms]
2026-05-20 15:07:20.797 [info] > git fetch [32ms]
2026-05-20 15:07:20.799 [info] > git fetch [45ms]
2026-05-20 15:07:20.827 [info] > git config --get commit.template [4ms]
2026-05-20 15:07:20.827 [info] > git config --get commit.template [16ms]
2026-05-20 15:07:20.836 [info] [Git][getRemotes] No remotes found in the git config file
2026-05-20 15:07:20.846 [info] [Git][getRemotes] No remotes found in the git config file
2026-05-20 15:07:20.849 [info] > git for-each-ref --format=%(refname)%00%(upstream:short)%00%(objectname)%00%(upstream:track)%00%(upstream:remotename)%00%(upstream:remoteref) refs/heads/master refs/remotes/master [3ms]
2026-05-20 15:07:20.849 [warning] [Git][getBranch] No such branch: master
2026-05-20 15:07:20.869 [info] > git for-each-ref --format=%(refname)%00%(upstream:short)%00%(objectname)%00%(upstream:track)%00%(upstream:remotename)%00%(upstream:remoteref) refs/heads/master refs/remotes/master [32ms]
2026-05-20 15:07:20.885 [info] > git status -z -uall [26ms]
2026-05-20 15:07:20.885 [info] > git status -z -uall [8ms]
2026-05-20 15:07:20.886 [info] > git for-each-ref --sort -committerdate --format %(refname)%00%(objectname)%00%(*objectname) [18ms]
2026-05-20 15:07:20.891 [info] > git for-each-ref --sort -committerdate --format %(refname)%00%(objectname)%00%(*objectname) [7ms]
2026-05-20 15:07:21.946 [info] [Git][getRemotes] No remotes found in the git config file
2026-05-20 15:07:21.947 [info] > git config --get commit.template [9ms]
2026-05-20 15:07:21.948 [info] > git for-each-ref --format=%(refname)%00%(upstream:short)%00%(objectname)%00%(upstream:track)%00%(upstream:remotename)%00%(upstream:remoteref) refs/heads/master refs/remotes/master [3ms]
2026-05-20 15:07:21.963 [info] > git status -z -uall [8ms]
2026-05-20 15:07:21.965 [info] > git for-each-ref --sort -committerdate --format %(refname)%00%(objectname)%00%(*objectname) [3ms]
2026-05-20 15:07:25.524 [info] > git fetch [4729ms]
2026-05-20 15:07:25.535 [info] > git fetch [4750ms]
2026-05-20 15:07:25.536 [info] > git fetch [4760ms]
2026-05-20 15:07:25.552 [info] > git config --get commit.template [17ms]
2026-05-20 15:07:25.553 [info] > git config --get commit.template [9ms]
2026-05-20 15:07:25.561 [info] > git config --get commit.template [10ms]
2026-05-20 15:07:25.579 [info] > git for-each-ref --format=%(refname)%00%(upstream:short)%00%(objectname)%00%(upstream:track)%00%(upstream:remotename)%00%(upstream:remoteref) refs/heads/master refs/remotes/master [12ms]
2026-05-20 15:07:25.579 [info] > git for-each-ref --format=%(refname)%00%(upstream:short)%00%(objectname)%00%(upstream:track)%00%(upstream:remotename)%00%(upstream:remoteref) refs/heads/amar refs/remotes/amar [19ms]
2026-05-20 15:07:25.580 [info] > git for-each-ref --format=%(refname)%00%(upstream:short)%00%(objectname)%00%(upstream:track)%00%(upstream:remotename)%00%(upstream:remoteref) refs/heads/master refs/remotes/master [4ms]
2026-05-20 15:07:25.629 [info] > git status -z -uall [41ms]
2026-05-20 15:07:25.629 [info] > git status -z -uall [25ms]
2026-05-20 15:07:25.630 [info] > git status -z -uall [11ms]
2026-05-20 15:07:25.630 [info] > git for-each-ref --sort -committerdate --format %(refname)%00%(objectname)%00%(*objectname) [35ms]
2026-05-20 15:07:25.637 [info] > git for-each-ref --sort -committerdate --format %(refname)%00%(objectname)%00%(*objectname) [9ms]
2026-05-20 15:07:25.640 [info] > git for-each-ref --sort -committerdate --format %(refname)%00%(objectname)%00%(*objectname) [28ms]
2026-05-20 16:18:14.144 [info] > git fetch [32ms]
2026-05-20 16:18:14.145 [info] > git fetch [44ms]
2026-05-20 16:18:14.163 [info] > git config --get commit.template [10ms]
2026-05-20 16:18:14.164 [info] > git config --get commit.template [4ms]
2026-05-20 16:18:14.164 [info] [Git][getRemotes] No remotes found in the git config file
2026-05-20 16:18:14.172 [info] [Git][getRemotes] No remotes found in the git config file
2026-05-20 16:18:14.180 [info] > git for-each-ref --format=%(refname)%00%(upstream:short)%00%(objectname)%00%(upstream:track)%00%(upstream:remotename)%00%(upstream:remoteref) refs/heads/master refs/remotes/master [9ms]
2026-05-20 16:18:14.180 [warning] [Git][getBranch] No such branch: master
2026-05-20 16:18:14.197 [info] > git status -z -uall [10ms]
2026-05-20 16:18:14.198 [info] > git for-each-ref --format=%(refname)%00%(upstream:short)%00%(objectname)%00%(upstream:track)%00%(upstream:remotename)%00%(upstream:remoteref) refs/heads/master refs/remotes/master [19ms]
2026-05-20 16:18:14.212 [info] > git status -z -uall [8ms]
2026-05-20 16:18:14.213 [info] > git for-each-ref --sort -committerdate --format %(refname)%00%(objectname)%00%(*objectname) [19ms]
2026-05-20 16:18:14.215 [info] > git for-each-ref --sort -committerdate --format %(refname)%00%(objectname)%00%(*objectname) [4ms]
2026-05-20 16:18:18.145 [info] > git fetch [4011ms]
2026-05-20 16:18:18.156 [info] > git fetch [4033ms]
2026-05-20 16:18:18.157 [info] > git fetch [4014ms]
2026-05-20 16:18:18.174 [info] > git config --get commit.template [18ms]
2026-05-20 16:18:18.176 [info] > git config --get commit.template [9ms]
2026-05-20 16:18:18.187 [info] > git config --get commit.template [14ms]
2026-05-20 16:18:18.207 [info] > git for-each-ref --format=%(refname)%00%(upstream:short)%00%(objectname)%00%(upstream:track)%00%(upstream:remotename)%00%(upstream:remoteref) refs/heads/master refs/remotes/master [11ms]
2026-05-20 16:18:18.207 [info] > git for-each-ref --format=%(refname)%00%(upstream:short)%00%(objectname)%00%(upstream:track)%00%(upstream:remotename)%00%(upstream:remoteref) refs/heads/master refs/remotes/master [22ms]
2026-05-20 16:18:18.209 [info] > git for-each-ref --format=%(refname)%00%(upstream:short)%00%(objectname)%00%(upstream:track)%00%(upstream:remotename)%00%(upstream:remoteref) refs/heads/amar refs/remotes/amar [4ms]
2026-05-20 16:18:18.264 [info] > git status -z -uall [45ms]
2026-05-20 16:18:18.264 [info] > git status -z -uall [27ms]
2026-05-20 16:18:18.265 [info] > git for-each-ref --sort -committerdate --format %(refname)%00%(objectname)%00%(*objectname) [36ms]
2026-05-20 16:18:18.270 [info] > git status -z -uall [15ms]
2026-05-20 16:18:18.271 [info] > git for-each-ref --sort -committerdate --format %(refname)%00%(objectname)%00%(*objectname) [7ms]
2026-05-20 16:18:18.277 [info] > git for-each-ref --sort -committerdate --format %(refname)%00%(objectname)%00%(*objectname) [31ms]
2026-05-20 16:18:19.917 [info] > git config --get commit.template [5ms]
2026-05-20 16:18:19.929 [info] [Git][getRemotes] No remotes found in the git config file
2026-05-20 16:18:19.933 [info] > git for-each-ref --format=%(refname)%00%(upstream:short)%00%(objectname)%00%(upstream:track)%00%(upstream:remotename)%00%(upstream:remoteref) refs/heads/master refs/remotes/master [4ms]
2026-05-20 16:18:19.955 [info] > git status -z -uall [11ms]
2026-05-20 16:18:19.958 [info] > git for-each-ref --sort -committerdate --format %(refname)%00%(objectname)%00%(*objectname) [4ms]
