2026-05-15 23:31:34.755 [info] [main] Log level: Info
2026-05-15 23:31:34.756 [info] [main] Validating found git in: "git"
2026-05-15 23:31:34.756 [info] [main] Using git "2.54.0" from "git"
2026-05-15 23:31:34.756 [info] [Model][doInitialScan] Initial repository scan started
2026-05-15 23:31:34.756 [info] > git rev-parse --show-toplevel [3ms]
2026-05-15 23:31:34.756 [info] fatal: not a git repository (or any of the parent directories): .git
2026-05-15 23:31:34.756 [info] > git rev-parse --show-toplevel [5ms]
2026-05-15 23:31:34.756 [info] > git rev-parse --git-dir --git-common-dir --show-superproject-working-tree [20ms]
2026-05-15 23:31:35.346 [info] [Model][openRepository] Opened repository (path): /home/amar/Code/rustbaby/trykaro
2026-05-15 23:31:35.346 [info] [Model][openRepository] Opened repository (real path): /home/amar/Code/rustbaby/trykaro
2026-05-15 23:31:35.346 [info] [Model][openRepository] Opened repository (kind): repository
2026-05-15 23:31:35.357 [info] [Model][doInitialScan] Initial repository scan completed - repositories (1), closed repositories (0), parent repositories (0), unsafe repositories (0)
2026-05-15 23:31:35.386 [info] > git fetch [40ms]
2026-05-15 23:31:35.861 [info] > git config --get --local core.virtualfilesystem [468ms]
2026-05-15 23:31:35.861 [warning] [Git][config] git config failed: Failed to execute git
2026-05-15 23:31:35.863 [info] > git config --get commit.template [498ms]
2026-05-15 23:31:35.863 [info] > git config --get --local core.virtualfilesystem [507ms]
2026-05-15 23:31:35.863 [warning] [Git][config] git config failed: Failed to execute git
2026-05-15 23:31:35.972 [info] > git rev-parse --show-toplevel [188ms]
2026-05-15 23:31:35.973 [info] fatal: not a git repository (or any of the parent directories): .git
2026-05-15 23:31:35.974 [info] > git config --get commit.template [195ms]
2026-05-15 23:31:36.016 [info] [Git][getRemotes] No remotes found in the git config file
2026-05-15 23:31:36.077 [info] > git check-ignore -v -z --stdin [93ms]
2026-05-15 23:31:36.094 [info] [Git][getRemotes] No remotes found in the git config file
2026-05-15 23:31:36.107 [info] > git for-each-ref --format=%(refname)%00%(upstream:short)%00%(objectname)%00%(upstream:track)%00%(upstream:remotename)%00%(upstream:remoteref) refs/heads/master refs/remotes/master [92ms]
2026-05-15 23:31:36.108 [warning] [Git][getBranch] No such branch: master
2026-05-15 23:31:36.162 [info] > git for-each-ref --format=%(refname)%00%(upstream:short)%00%(objectname)%00%(upstream:track)%00%(upstream:remotename)%00%(upstream:remoteref) refs/heads/master refs/remotes/master [38ms]
2026-05-15 23:31:36.163 [warning] [Git][getBranch] No such branch: master
2026-05-15 23:31:36.164 [error] [GitHistoryProvider][resolveHEADMergeBase] Failed to resolve merge base for master: Error: No such branch: master.
2026-05-15 23:31:36.165 [info] > git for-each-ref --format=%(refname)%00%(upstream:short)%00%(objectname)%00%(upstream:track)%00%(upstream:remotename)%00%(upstream:remoteref) refs/heads/master refs/remotes/master [71ms]
2026-05-15 23:31:36.165 [warning] [Git][getBranch] No such branch: master
2026-05-15 23:31:36.200 [info] > git config --get commit.template [39ms]
2026-05-15 23:31:36.233 [info] [Git][getRemotes] No remotes found in the git config file
2026-05-15 23:31:36.247 [info] > git for-each-ref --format=%(refname)%00%(upstream:short)%00%(objectname)%00%(upstream:track)%00%(upstream:remotename)%00%(upstream:remoteref) refs/heads/master refs/remotes/master [14ms]
2026-05-15 23:31:36.247 [warning] [Git][getBranch] No such branch: master
2026-05-15 23:31:36.273 [info] > git status -z -uall [17ms]
2026-05-15 23:31:36.273 [info] > git for-each-ref --sort -committerdate --format %(refname)%00%(objectname)%00%(*objectname) [7ms]
2026-05-15 23:31:37.484 [info] [Git][getRemotes] No remotes found in the git config file
2026-05-15 23:31:37.485 [info] > git config --get commit.template [9ms]
2026-05-15 23:31:37.486 [info] > git for-each-ref --format=%(refname)%00%(upstream:short)%00%(objectname)%00%(upstream:track)%00%(upstream:remotename)%00%(upstream:remoteref) refs/heads/master refs/remotes/master [2ms]
2026-05-15 23:31:37.486 [warning] [Git][getBranch] No such branch: master
2026-05-15 23:31:37.501 [info] > git status -z -uall [8ms]
2026-05-15 23:31:37.503 [info] > git for-each-ref --sort -committerdate --format %(refname)%00%(objectname)%00%(*objectname) [3ms]
2026-05-15 23:31:48.507 [info] > git rev-parse --show-toplevel [4ms]
2026-05-15 23:31:48.507 [info] fatal: not a git repository (or any of the parent directories): .git
2026-05-15 23:31:48.831 [info] > git rev-parse --show-toplevel [3ms]
2026-05-15 23:31:48.831 [info] fatal: not a git repository (or any of the parent directories): .git
